******************************************************************************
                  TI ARM Linker PC v18.12.4                    
******************************************************************************
>> Linked Tue Jan 28 13:45:22 2020

OUTPUT FILE NAME:   <EE319H_Final_Project.out>
ENTRY POINT SYMBOL: "_c_int00"  address: 000030b1


MEMORY CONFIGURATION

         name            origin    length      used     unused   attr    fill
----------------------  --------  ---------  --------  --------  ----  --------
  FLASH                 00000000   00040000  00006fac  00039054  R  X
  SRAM                  20000000   00008000  0000208e  00005f72  RW X


SEGMENT ALLOCATION MAP

run origin  load origin   length   init length attrs members
----------  ----------- ---------- ----------- ----- -------
00000000    00000000    00006fb8   00006fb8    r-x
  00000000    00000000    0000003c   0000003c    r-- .resetVecs
  00000040    00000040    00004e0a   00004e0a    r-x .text
  00004e4c    00004e4c    00001f6e   00001f6e    r-- .const
  00006dc0    00006dc0    000001f8   000001f8    r-- .cinit
20000000    20000000    00000360   00000000    rw-
  20000000    20000000    00000360   00000000    rw- .vecs
20000400    20000400    00001d30   00000000    rw-
  20000400    20000400    0000162c   00000000    rw- .bss
  20001a2c    20001a2c    00000402   00000000    rw- .data
  20001e30    20001e30    00000300   00000000    rw- .stack


SECTION ALLOCATION MAP

 output                                  attributes/
section   page    origin      length       input sections
--------  ----  ----------  ----------   ----------------
.text      0    00000040    00004e0a     
                  00000040    00000430     sysbios.aem4f : BIOS.obj (.text:ti_sysbios_family_arm_m3_Hwi_excDumpRegs__I)
                  00000470    0000034c     ti.targets.arm.rtsarm.aem4f : System.oem4f (.text:xdc_runtime_System_doPrint__I)
                  000007bc    00000004     driverlib.lib : ssi.obj (.text:SSIIntClear)
                  000007c0    000001f4     sysbios.aem4f : BIOS.obj (.text:ti_sysbios_family_arm_m3_Hwi_excHandlerMax__I)
                  000009b4    00000004     rtsv7M4_T_le_v4SPD16_eabi.lib : exit.c.obj (.text:abort:abort)
                  000009b8    00000174     sysbios.aem4f : BIOS.obj (.text:ti_sysbios_family_arm_m3_Hwi_excBusFault__I)
                  00000b2c    00000004     bigtime_pem4f.oem4f (.text:ti_sysbios_BIOS_RtsGateProxy_enter__E)
                  00000b30    00000164     sysbios.aem4f : BIOS.obj (.text:ti_sysbios_family_arm_m3_Hwi_excUsageFault__I)
                  00000c94    00000004     bigtime_pem4f.oem4f (.text:ti_sysbios_BIOS_RtsGateProxy_leave__E)
                  00000c98    00000154     sysbios.aem4f : BIOS.obj (.text:ti_sysbios_knl_Semaphore_pend__E)
                  00000dec    00000150     drivers_tivaware.aem4f : GPIOTiva.oem4f (.text:GPIO_setConfig)
                  00000f3c    00000004     sysbios.aem4f : BIOS.obj (.text:ti_sysbios_family_arm_lm4_Timer_masterEnable__I)
                  00000f40    00000148                   : BIOS.obj (.text:ti_sysbios_family_arm_m3_Hwi_excMemFault__I)
                  00001088    00000130     driverlib.lib : gpio.obj (.text:GPIOPadConfigSet)
                  000011b8    00000118     ti.targets.arm.rtsarm.aem4f : Error.oem4f (.text:xdc_runtime_Error_policyDefault__E)
                  000012d0    00000108     sysbios.aem4f : BIOS.obj (.text:ti_sysbios_family_arm_lm4_Timer_start__E)
                  000013d8    00000100     Boot.aem4f : Boot_sysctl.oem4f (.text:ti_catalog_arm_cortexm4_tiva_ce_Boot_sysCtlClockSetI__I)
                  000014d8    00000100     ti.targets.arm.rtsarm.aem4f : Core-mem.oem4f (.text:xdc_runtime_Core_createObject__I)
                  000015d8    000000f8                                 : Startup.oem4f (.text:xdc_runtime_Startup_startMods__I)
                  000016d0    000000f8     bigtime_pem4f.oem4f (.text:xdc_runtime_System_printfExtend__I)
                  000017c8    000000f4     sysbios.aem4f : m3_Hwi_asm.obj (.text:ti_sysbios_family_arm_m3_Hwi_dispatch__I)
                  000018bc    000000d8     drivers_tivaware.aem4f : SPITivaDMA.oem4f (.text:SPITivaDMA_open)
                  00001994    00000004     bigtime_pem4f.oem4f (.text:ti_sysbios_family_arm_m3_Hwi_destruct)
                  00001998    000000d4     sysbios.aem4f : BIOS.obj (.text:ti_sysbios_heaps_HeapMem_alloc__E)
                  00001a6c    000000cc     ti.targets.arm.rtsarm.aem4f : Core-smem.oem4f (.text:xdc_runtime_Core_constructObject__I)
                  00001b38    000000c0     drivers_tivaware.aem4f : SPITivaDMA.oem4f (.text:SPITivaDMA_configDMA)
                  00001bf8    000000bc     EK_TM4C123GXL.obj (.text:EK_TM4C123GXL_initSPI)
                  00001cb4    00000004     bigtime_pem4f.oem4f (.text:ti_sysbios_family_arm_m3_TaskSupport_Module__startupDone__S)
                  00001cb8    000000bc     sysbios.aem4f : BIOS.obj (.text:ti_sysbios_family_arm_m3_Hwi_excDebugMon__I)
                  00001d74    00000004     bigtime_pem4f.oem4f (.text:ti_sysbios_heaps_HeapMem_Module_GateProxy_enter__E)
                  00001d78    000000bc     sysbios.aem4f : BIOS.obj (.text:ti_sysbios_family_arm_m3_Hwi_excHardFault__I)
                  00001e34    00000004     bigtime_pem4f.oem4f (.text:ti_sysbios_heaps_HeapMem_Module_GateProxy_leave__E)
                  00001e38    000000b4     sysbios.aem4f : BIOS.obj (.text:ti_sysbios_knl_Task_checkStacks__E)
                  00001eec    00000004     bigtime_pem4f.oem4f (.text:ti_sysbios_knl_Clock_TimerProxy_getMaxTicks__E)
                  00001ef0    000000ac     sysbios.aem4f : BIOS.obj (.text:ti_sysbios_family_arm_lm4_Timer_enableTiva__I)
                  00001f9c    000000a4     drivers_tivaware.aem4f : SPITivaDMA.oem4f (.text:SPITivaDMA_initHw)
                  00002040    000000a0     auto_init.aem4f : auto_init.oem4f (.text)
                  000020e0    000000a0     ti.targets.arm.rtsarm.aem4f : Text.oem4f (.text:xdc_runtime_Text_putMod__E)
                  00002180    0000009c     rtsv7M4_T_le_v4SPD16_eabi.lib : memcpy_t2.asm.obj (.text)
                  0000221c    0000009a     ti.targets.arm.rtsarm.aem4f : Text.oem4f (.text:xdc_runtime_Text_putSite__E)
                  000022b6    00000002     drivers_tivaware.aem4f : SPITivaDMA.oem4f (.text:SPITivaDMA_serviceISR)
                  000022b8    00000098     Boot.aem4f : Boot.oem4f (.text:ti_catalog_arm_cortexm4_tiva_ce_Boot_sysCtlClockSet__E)
                  00002350    00000094     sysbios.aem4f : BIOS.obj (.text:ti_sysbios_family_arm_m3_Hwi_Instance_init__E)
                  000023e4    00000004     bigtime_pem4f.oem4f (.text:ti_sysbios_knl_Queue_destruct)
                  000023e8    00000094     sysbios.aem4f : BIOS.obj (.text:ti_sysbios_family_arm_m3_Hwi_initNVIC__E)
                  0000247c    00000004     bigtime_pem4f.oem4f (.text:ti_sysbios_knl_Semaphore_destruct)
                  00002480    00000094     sysbios.aem4f : BIOS.obj (.text:ti_sysbios_knl_Task_postInit__I)
                  00002514    0000008c     drivers_tivaware.aem4f : GPIOTiva.oem4f (.text:GPIO_init)
                  000025a0    0000008c     sysbios.aem4f : m3_TaskSupport_asm.obj (.text:ti_sysbios_family_arm_m3_TaskSupport_buildTaskStack)
                  0000262c    00000088     EK_TM4C123GXL.obj (.text:EK_TM4C123GXL_initDMA)
                  000026b4    00000004     ti.targets.arm.rtsarm.aem4f : Error.oem4f (.text:xdc_runtime_Error_getSite__E)
                  000026b8    00000084     sysbios.aem4f : BIOS.obj (.text:ti_sysbios_family_arm_m3_Hwi_postInit__I)
                  0000273c    00000084     driverlib.lib : udma.obj (.text:uDMAChannelTransferSet)
                  000027c0    0000007c     sysbios.aem4f : BIOS.obj (.text:ti_sysbios_heaps_HeapMem_free__E)
                  0000283c    0000007a     rtsv7M4_T_le_v4SPD16_eabi.lib : memset_t2.asm.obj (.text)
                  000028b6    00000002                                   : _lock.c.obj (.text:_nop)
                  000028b8    00000070     sysbios.aem4f : BIOS.obj (.text:ti_sysbios_knl_Clock_workFunc__E)
                  00002928    00000070                   : BIOS.obj (.text:ti_sysbios_knl_Task_exit__E)
                  00002998    0000006d     ti.targets.arm.rtsarm.aem4f : System.oem4f (.text:xdc_runtime_System_formatNum__I)
                  00002a05    00000001     --HOLE-- [fill = 0]
                  00002a06    00000002     rtsv7M4_T_le_v4SPD16_eabi.lib : div0.asm.obj (.text)
                  00002a08    0000006c     sysbios.aem4f : BIOS.obj (.text:ti_sysbios_knl_Swi_restoreHwi__E)
                  00002a74    0000006c     ti.targets.arm.rtsarm.aem4f : Error.oem4f (.text:xdc_runtime_Error_print__E)
                  00002ae0    0000006c                                 : Memory.oem4f (.text:xdc_runtime_Memory_alloc__E)
                  00002b4c    00000068     rtsv7M4_T_le_v4SPD16_eabi.lib : copy_decompress_lzss.c.obj (.text:decompress:lzss:__TI_decompress_lzss)
                  00002bb4    00000066     ti.targets.arm.rtsarm.aem4f : Core-mem.oem4f (.text:xdc_runtime_Core_deleteObject__I)
                  00002c1a    00000002     bigtime_pem4f.oem4f (.text:ti_sysbios_BIOS_nullFunc__I)
                  00002c1c    00000064     drivers_tivaware.aem4f : GPIOTiva.oem4f (.text:GPIO_hwiIntFxn)
                  00002c80    00000064     sysbios.aem4f : BIOS.obj (.text:ti_sysbios_family_arm_lm4_Timer_Module_startup__E)
                  00002ce4    00000064     bigtime_pem4f.oem4f (.text:ti_sysbios_family_arm_m3_Hwi_create)
                  00002d48    00000064     sysbios.aem4f : BIOS.obj (.text:ti_sysbios_family_arm_m3_Hwi_dispatchC__I)
                  00002dac    00000004     bigtime_pem4f.oem4f (.text:xdc_runtime_System_Module_GateProxy_enter__E)
                  00002db0    00000064     sysbios.aem4f : BIOS.obj (.text:ti_sysbios_knl_Semaphore_post__E)
                  00002e14    00000062     drivers_tivaware.aem4f : SPITivaDMA.oem4f (.text:SPITivaDMA_transfer)
                  00002e76    00000002     bigtime_pem4f.oem4f (.text:xdc_runtime_Startup_reset__I)
                  00002e78    00000060     sysbios.aem4f : BIOS.obj (.text:ti_sysbios_knl_Task_schedule__I)
                  00002ed8    0000005c                   : BIOS.obj (.text:ti_sysbios_knl_Swi_run__I)
                  00002f34    00000004     bigtime_pem4f.oem4f (.text:xdc_runtime_System_Module_GateProxy_leave__E)
                  00002f38    0000005c     sysbios.aem4f : BIOS.obj (.text:ti_sysbios_knl_Swi_schedule__I)
                  00002f94    00000004     ti.targets.arm.rtsarm.aem4f : System.oem4f (.text:xdc_runtime_System_aprintf_va__F)
                  00002f98    0000005c     sysbios.aem4f : BIOS.obj (.text:ti_sysbios_knl_Task_Module_startup__E)
                  00002ff4    00000004     ti.targets.arm.rtsarm.aem4f : System.oem4f (.text:xdc_runtime_System_printf_va__F)
                  00002ff8    0000005c     sysbios.aem4f : BIOS.obj (.text:ti_sysbios_knl_Task_startCore__E)
                  00003054    0000005b     ti.targets.arm.rtsarm.aem4f : Text.oem4f (.text:xdc_runtime_Text_putLab__E)
                  000030af    00000001     --HOLE-- [fill = 0]
                  000030b0    00000058     boot.aem4f : boot.oem4f (.text)
                  00003108    00000058     rtsv7M4_T_le_v4SPD16_eabi.lib : hostwrite.c.obj (.text:HOSTwrite)
                  00003160    00000058     start.obj (.text:main)
                  000031b8    00000058     bigtime_pem4f.oem4f (.text:ti_sysbios_family_arm_m3_Hwi_construct)
                  00003210    00000058     sysbios.aem4f : m3_Hwi_asm_switch.obj (.text:ti_sysbios_family_arm_m3_Hwi_initStacks__E)
                  00003268    00000056     driverlib.lib : gpio.obj (.text:GPIOIntTypeSet)
                  000032be    00000002     --HOLE-- [fill = 0]
                  000032c0    00000054     ILI9341.obj (.text:ILI9341_initGeneral)
                  00003314    00000004     --HOLE-- [fill = 0]
                  00003318    00000054     sysbios.aem4f : BIOS.obj (.text:ti_sysbios_family_arm_lm4_Timer_initDevice__I)
                  0000336c    00000054     ti.targets.arm.rtsarm.aem4f : Assert.oem4f (.text:xdc_runtime_Assert_raise__I)
                  000033c0    00000050     drivers_tivaware.aem4f : GPIOTiva.oem4f (.text:GPIO_setCallback)
                  00003410    00000050     driverlib.lib : sysctl.obj (.text:SysCtlPeripheralReset)
                  00003460    00000050     sysbios.aem4f : BIOS.obj (.text:ti_sysbios_family_arm_m3_Hwi_Module_startup__E)
                  000034b0    00000050     ti.targets.arm.rtsarm.aem4f : Startup.oem4f (.text:xdc_runtime_Startup_exec__E)
                  00003500    00000050                                 : Text.oem4f (.text:xdc_runtime_Text_visitRope2__I)
                  00003550    0000004c     rtsv7M4_T_le_v4SPD16_eabi.lib : cpy_tbl.c.obj (.text:copy_in)
                  0000359c    00000004     --HOLE-- [fill = 0]
                  000035a0    0000004c     sysbios.aem4f : BIOS.obj (.text:ti_sysbios_heaps_HeapMem_getStats__E)
                  000035ec    00000004     --HOLE-- [fill = 0]
                  000035f0    0000004c                   : BIOS.obj (.text:ti_sysbios_knl_Swi_runLoop__I)
                  0000363c    00000004     --HOLE-- [fill = 0]
                  00003640    0000004c                   : BIOS.obj (.text:ti_sysbios_knl_Task_allBlockedFunction__I)
                  0000368c    00000048     driverlib.lib : gpio.obj (.text:GPIOPinConfigure)
                  000036d4    00000004     --HOLE-- [fill = 0]
                  000036d8    00000048     sysbios.aem4f : BIOS.obj (.text:ti_sysbios_family_arm_lm4_Timer_enableTimers__I)
                  00003720    00000048                   : BIOS.obj (.text:ti_sysbios_family_arm_m3_Hwi_disableInterrupt__E)
                  00003768    00000048                   : BIOS.obj (.text:ti_sysbios_family_arm_m3_Hwi_enableInterrupt__E)
                  000037b0    00000048                   : BIOS.obj (.text:ti_sysbios_family_arm_m3_Hwi_excReserved__I)
                  000037f8    00000046     ti.targets.arm.rtsarm.aem4f : Core-params.oem4f (.text:xdc_runtime_Core_assignParams__I)
                  0000383e    00000044     drivers_tivaware.aem4f : SPITivaDMA.oem4f (.text:SPITivaDMA_hwiFxn)
                  00003882    00000006     driverlib.lib : gpio.obj (.text:GPIOIntClear)
                  00003888    00000044     sysbios.aem4f : BIOS.obj (.text:ti_sysbios_family_arm_lm4_Timer_isrStub__E)
                  000038cc    00000004     --HOLE-- [fill = 0]
                  000038d0    00000044                   : BIOS.obj (.text:ti_sysbios_family_arm_m3_Hwi_getStackInfo__E)
                  00003914    00000004     --HOLE-- [fill = 0]
                  00003918    00000044                   : BIOS.obj (.text:ti_sysbios_knl_Swi_post__E)
                  0000395c    00000044     ti.targets.arm.rtsarm.aem4f : Error.oem4f (.text:xdc_runtime_Error_setX__E)
                  000039a0    00000044                                 : SysMin.oem4f (.text:xdc_runtime_SysMin_flush__E)
                  000039e4    00000044                                 : Text.oem4f (.text:xdc_runtime_Text_xprintf__I)
                  00003a28    00000042     drivers_tivaware.aem4f : SPITivaDMA.oem4f (.text:SPITivaDMA_transferCancel)
                  00003a6a    00000002     --HOLE-- [fill = 0]
                  00003a6c    00000040     EK_TM4C123GXL.obj (.text:EK_TM4C123GXL_initGeneral)
                  00003aac    00000040     rtsv7M4_T_le_v4SPD16_eabi.lib : u_divt2.asm.obj (.text)
                  00003aec    00000004     --HOLE-- [fill = 0]
                  00003af0    00000040     sysbios.aem4f : BIOS.obj (.text:ti_sysbios_family_arm_lm4_Timer_startup__E)
                  00003b30    00000040                   : BIOS.obj (.text:ti_sysbios_heaps_HeapMem_Instance_init__E)
                  00003b70    0000003c     drivers_tivaware.aem4f : SPITivaDMA.oem4f (.text:SPITivaDMA_close)
                  00003bac    0000003c     driverlib.lib : ssi.obj (.text:SSIConfigSetExpClk)
                  00003be8    0000003c     EK_TM4C123GXL.obj (.text:dmaErrorHwi)
                  00003c24    00000004     --HOLE-- [fill = 0]
                  00003c28    0000003c     sysbios.aem4f : BIOS.obj (.text:ti_sysbios_family_arm_m3_Hwi_excSvCall__I)
                  00003c64    00000004     --HOLE-- [fill = 0]
                  00003c68    0000003c                   : BIOS.obj (.text:ti_sysbios_heaps_HeapMem_init__I)
                  00003ca4    00000004     --HOLE-- [fill = 0]
                  00003ca8    0000003c                   : BIOS.obj (.text:ti_sysbios_knl_Swi_restore__E)
                  00003ce4    00000038     drivers_tivaware.aem4f : SPI.oem4f (.text:SPI_init)
                  00003d1c    00000038     rtsv7M4_T_le_v4SPD16_eabi.lib : trgmsg.c.obj (.text:__TI_writemsg)
                  00003d54    00000004     --HOLE-- [fill = 0]
                  00003d58    00000038     sysbios.aem4f : BIOS.obj (.text:ti_sysbios_family_arm_m3_Hwi_excNoIsr__I)
                  00003d90    00000038                   : BIOS.obj (.text:ti_sysbios_knl_Task_processVitalTaskFlag__I)
                  00003dc8    00000038     ti.targets.arm.rtsarm.aem4f : SysMin.oem4f (.text:xdc_runtime_SysMin_putch__E)
                  00003e00    00000038                                 : System.oem4f (.text:xdc_runtime_System_atexit__E)
                  00003e38    00000034     driverlib.lib : sysctl.obj (.text:SysCtlPeripheralEnable)
                  00003e6c    00000034     rtsv7M4_T_le_v4SPD16_eabi.lib : trgmsg.c.obj (.text:__TI_readmsg)
                  00003ea0    00000034     sysbios.aem4f : BIOS.obj (.text:ti_sysbios_family_arm_m3_Hwi_Instance_finalize__E)
                  00003ed4    00000004     --HOLE-- [fill = 0]
                  00003ed8    00000034                   : BIOS.obj (.text:ti_sysbios_family_arm_m3_Hwi_excNmi__I)
                  00003f0c    00000004     --HOLE-- [fill = 0]
                  00003f10    00000034                   : BIOS.obj (.text:ti_sysbios_hal_Hwi_checkStack)
                  00003f44    00000034     ti.targets.arm.rtsarm.aem4f : Core-label.oem4f (.text:xdc_runtime_Core_assignLabel__I)
                  00003f78    00000033                                 : Text.oem4f (.text:xdc_runtime_Text_printVisFxn__I)
                  00003fab    00000005     --HOLE-- [fill = 0]
                  00003fb0    00000032     sysbios.aem4f : BIOS.obj (.text:ti_sysbios_hal_Hwi_initStack)
                  00003fe2    00000002     --HOLE-- [fill = 0]
                  00003fe4    00000030     EK_TM4C123GXL.obj (.text:EK_TM4C123GXL_initGPIO)
                  00004014    00000030     drivers_tivaware.aem4f : SPI.oem4f (.text:SPI_open)
                  00004044    00000030     bigtime_pem4f.oem4f (.text:ti_sysbios_BIOS_atExitFunc__I)
                  00004074    00000004     --HOLE-- [fill = 0]
                  00004078    00000030     sysbios.aem4f : BIOS.obj (.text:ti_sysbios_family_arm_lm4_Timer_stop__E)
                  000040a8    00000030                   : BIOS.obj (.text:ti_sysbios_family_arm_m3_TaskSupport_start__E)
                  000040d8    00000030     bigtime_pem4f.oem4f (.text:ti_sysbios_gates_GateHwi_Object__create__S)
                  00004108    00000030     bigtime_pem4f.oem4f (.text:ti_sysbios_gates_GateMutex_Object__create__S)
                  00004138    00000030     sysbios.aem4f : BIOS.obj (.text:ti_sysbios_gates_GateMutex_enter__E)
                  00004168    00000030     bigtime_pem4f.oem4f (.text:ti_sysbios_heaps_HeapMem_Object__create__S)
                  00004198    00000030     bigtime_pem4f.oem4f (.text:ti_sysbios_knl_Semaphore_construct)
                  000041c8    00000030     sysbios.aem4f : BIOS.obj (.text:ti_sysbios_knl_Semaphore_pendTimeout__I)
                  000041f8    00000030                   : BIOS.obj (.text:ti_sysbios_knl_Task_unblockI__E)
                  00004228    00000030     ti.targets.arm.rtsarm.aem4f : SysMin.oem4f (.text:xdc_runtime_SysMin_abort__E)
                  00004258    00000030                                 : System.oem4f (.text:xdc_runtime_System_processAtExit__E)
                  00004288    0000002c     bigtime_pem4f.oem4f (.text:ti_sysbios_knl_Clock_doTick__I)
                  000042b4    0000002c     bigtime_pem4f.oem4f (.text:ti_sysbios_knl_Queue_construct)
                  000042e0    0000002c     sysbios.aem4f : BIOS.obj (.text:ti_sysbios_knl_Task_restore__E)
                  0000430c    0000002c     driverlib.lib : udma.obj (.text:uDMAChannelAssign)
                  00004338    0000002c     ti.targets.arm.rtsarm.aem4f : Text.oem4f (.text:xdc_runtime_Text_cordText__E)
                  00004364    0000002a     driverlib.lib : gpio.obj (.text:GPIODirModeSet)
                  0000438e    0000002a     ti.targets.arm.rtsarm.aem4f : System.oem4f (.text:xdc_runtime_System_putchar__I)
                  000043b8    00000028     sysbios.aem4f : BIOS.obj (.text:ti_sysbios_knl_Swi_Module_startup__E)
                  000043e0    00000026                   : m3_Hwi_asm.obj (.text:ti_sysbios_family_arm_m3_Hwi_pendSV__I)
                  00004406    00000026     ti.targets.arm.rtsarm.aem4f : System.oem4f (.text:xdc_runtime_System_avprintf__E)
                  0000442c    00000024     bigtime_pem4f.oem4f (.text:ti_sysbios_BIOS_errorRaiseHook__I)
                  00004450    00000024     bigtime_pem4f.oem4f (.text:ti_sysbios_BIOS_registerRTSLock__I)
                  00004474    00000024     bigtime_pem4f.oem4f (.text:ti_sysbios_BIOS_removeRTSLock__I)
                  00004498    00000024     bigtime_pem4f.oem4f (.text:ti_sysbios_BIOS_startFunc__I)
                  000044bc    00000024     bigtime_pem4f.oem4f (.text:ti_sysbios_gates_GateMutex_Object__delete__S)
                  000044e0    00000024     sysbios.aem4f : BIOS.obj (.text:ti_sysbios_knl_Clock_Module_startup__E)
                  00004504    00000004     --HOLE-- [fill = 0]
                  00004508    00000024                   : BIOS.obj (.text:ti_sysbios_knl_Semaphore_Instance_init__E)
                  0000452c    00000004     --HOLE-- [fill = 0]
                  00004530    00000024                   : BIOS.obj (.text:ti_sysbios_knl_Task_restoreHwi__E)
                  00004554    00000024     driverlib.lib : udma.obj (.text:uDMAChannelControlSet)
                  00004578    00000024     ti.targets.arm.rtsarm.aem4f : System.oem4f (.text:xdc_runtime_System_vprintf__E)
                  0000459c    00000004     --HOLE-- [fill = 0]
                  000045a0    00000022     sysbios.aem4f : BIOS.obj (.text:ti_sysbios_family_arm_lm4_Timer_write__I)
                  000045c2    00000022     bigtime_pem4f.oem4f (.text:xdc_runtime_SysMin_output__I)
                  000045e4    00000020     bigtime_pem4f.oem4f (.text:ti_sysbios_BIOS_rtsLock__I)
                  00004604    00000004     --HOLE-- [fill = 0]
                  00004608    00000020     sysbios.aem4f : BIOS.obj (.text:ti_sysbios_family_arm_m3_Hwi_clearInterrupt__E)
                  00004628    00000020                   : m3_Hwi_asm.obj (.text:ti_sysbios_family_arm_m3_Hwi_excHandlerAsm__I)
                  00004648    00000020                   : BIOS.obj (.text:ti_sysbios_family_arm_m3_Hwi_excHandler__I)
                  00004668    00000020     bigtime_pem4f.oem4f (.text:ti_sysbios_gates_GateHwi_Object__delete__S)
                  00004688    00000020     bigtime_pem4f.oem4f (.text:ti_sysbios_heaps_HeapMem_Object__delete__S)
                  000046a8    00000020     sysbios.aem4f : BIOS.obj (.text:ti_sysbios_knl_Idle_run__E)
                  000046c8    00000020     bigtime_pem4f.oem4f (.text:ti_sysbios_knl_Semaphore_Object__destruct__S)
                  000046e8    00000020     ti.targets.arm.rtsarm.aem4f : Registry.oem4f (.text:xdc_runtime_Registry_findById__E)
                  00004708    00000020                                 : SysMin.oem4f (.text:xdc_runtime_SysMin_Module_startup__E)
                  00004728    0000001e     sysbios.aem4f : m3_Hwi_asm_switch.obj (.text:ti_sysbios_family_xxx_Hwi_switchAndRunFunc)
                  00004746    0000001c     drivers_tivaware.aem4f : GPIOTiva.oem4f (.text:getGpioIntIndex)
                  00004762    00000002     --HOLE-- [fill = 0]
                  00004764    0000001c     bigtime_pem4f.oem4f (.text:ti_sysbios_family_arm_m3_Hwi_Object__destruct__S)
                  00004780    0000001c     sysbios.aem4f : BIOS.obj (.text:ti_sysbios_gates_GateMutex_Instance_init__E)
                  0000479c    0000001c     bigtime_pem4f.oem4f (.text:ti_sysbios_knl_Queue_Object__destruct__S)
                  000047b8    0000001c     sysbios.aem4f : BIOS.obj (.text:ti_sysbios_knl_Queue_put__E)
                  000047d4    00000004     --HOLE-- [fill = 0]
                  000047d8    0000001c                   : BIOS.obj (.text:ti_sysbios_knl_Task_enter__I)
                  000047f4    0000001c     ti.targets.arm.rtsarm.aem4f : Error.oem4f (.text:xdc_runtime_Error_raiseX__E)
                  00004810    0000001c                                 : Memory.oem4f (.text:xdc_runtime_Memory_valloc__E)
                  0000482c    0000001c                                 : SysMin.oem4f (.text:xdc_runtime_SysMin_exit__E)
                  00004848    0000001c                                 : System.oem4f (.text:xdc_runtime_System_abort__E)
                  00004864    0000001a     bigtime_pem4f.oem4f (.text:ti_sysbios_family_arm_m3_Hwi_Handle__label__S)
                  0000487e    0000001a     bigtime_pem4f.oem4f (.text:ti_sysbios_gates_GateHwi_Handle__label__S)
                  00004898    0000001a     bigtime_pem4f.oem4f (.text:ti_sysbios_gates_GateMutex_Handle__label__S)
                  000048b2    0000001a     bigtime_pem4f.oem4f (.text:ti_sysbios_heaps_HeapMem_Handle__label__S)
                  000048cc    0000001a     bigtime_pem4f.oem4f (.text:ti_sysbios_knl_Swi_Handle__label__S)
                  000048e6    0000001a     bigtime_pem4f.oem4f (.text:ti_sysbios_knl_Task_Handle__label__S)
                  00004900    0000001a     bigtime_pem4f.oem4f (.text:xdc_runtime_System_aprintf__E)
                  0000491a    0000001a     bigtime_pem4f.oem4f (.text:xdc_runtime_System_printf__E)
                  00004934    00000018     rtsv7M4_T_le_v4SPD16_eabi.lib : args_main.c.obj (.text:_args_main)
                  0000494c    00000018     bigtime_pem4f.oem4f (.text:ti_sysbios_BIOS_rtsUnlock__I)
                  00004964    00000018     bigtime_pem4f.oem4f (.text:ti_sysbios_family_arm_lm4_Timer_Module__startupDone__F)
                  0000497c    00000018     bigtime_pem4f.oem4f (.text:ti_sysbios_family_arm_m3_Hwi_Module__startupDone__F)
                  00004994    00000018     sysbios.aem4f : m3_TaskSupport_asm.obj (.text:ti_sysbios_family_arm_m3_TaskSupport_swap__E)
                  000049ac    00000004     --HOLE-- [fill = 0]
                  000049b0    00000018                   : BIOS.obj (.text:ti_sysbios_gates_GateMutex_leave__E)
                  000049c8    00000018     driverlib.lib : udma.obj (.text:uDMAChannelDisable)
                  000049e0    00000018                   : udma.obj (.text:uDMAChannelEnable)
                  000049f8    00000018                   : udma.obj (.text:uDMAChannelIsEnabled)
                  00004a10    00000018     ti.targets.arm.rtsarm.aem4f : Error.oem4f (.text:xdc_runtime_Error_check__E)
                  00004a28    00000018                                 : System.oem4f (.text:xdc_runtime_System_exit__E)
                  00004a40    00000018                                 : Text.oem4f (.text:xdc_runtime_Text_ropeText__E)
                  00004a58    00000016     bigtime_pem4f.oem4f (.text:ti_sysbios_BIOS_exitFunc__I)
                  00004a6e    00000016     EK_TM4C123GXL.obj (.text:ti_sysbios_family_arm_m3_Hwi_Params_init)
                  00004a84    00000014     rtsv7M4_T_le_v4SPD16_eabi.lib : strlen.c.obj (.text:strlen)
                  00004a98    00000014     bigtime_pem4f.oem4f (.text:ti_sysbios_family_arm_m3_Hwi_Object__get__S)
                  00004aac    00000004     --HOLE-- [fill = 0]
                  00004ab0    00000014     sysbios.aem4f : BIOS.obj (.text:ti_sysbios_family_arm_m3_Hwi_switchFromBootStack__E)
                  00004ac4    00000014     bigtime_pem4f.oem4f (.text:ti_sysbios_heaps_HeapMem_Object__get__S)
                  00004ad8    00000014     bigtime_pem4f.oem4f (.text:ti_sysbios_knl_Swi_Object__get__S)
                  00004aec    00000012     driverlib.lib : gpio.obj (.text:GPIOPinTypeGPIOInput)
                  00004afe    00000012                   : gpio.obj (.text:GPIOPinTypeSSI)
                  00004b10    00000012                   : ssi.obj (.text:SSIDataGetNonBlocking)
                  00004b22    00000006                   : gpio.obj (.text:GPIOPinWrite)
                  00004b28    00000012     sysbios.aem4f : BIOS.obj (.text:ti_sysbios_hal_Hwi_Module_startup__E)
                  00004b3a    00000012     bigtime_pem4f.oem4f (.text:xdc_runtime_Startup_exec__I)
                  00004b4c    00000004     --HOLE-- [fill = 0]
                  00004b50    00000010     sysbios.aem4f : BIOS.obj (.text:ti_sysbios_BIOS_getCpuFreq__E)
                  00004b60    00000010                   : BIOS.obj (.text:ti_sysbios_BIOS_setThreadType__E)
                  00004b70    00000010                   : BIOS.obj (.text:ti_sysbios_BIOS_start__E)
                  00004b80    00000010                   : m3_TaskSupport_asm.obj (.text:ti_sysbios_family_arm_m3_TaskSupport_glue)
                  00004b90    00000010                   : BIOS.obj (.text:ti_sysbios_gates_GateMutex_Instance_finalize__E)
                  00004ba0    00000010                   : BIOS.obj (.text:ti_sysbios_knl_Semaphore_Instance_finalize__E)
                  00004bb0    00000010                   : BIOS.obj (.text:ti_sysbios_knl_Swi_disable__E)
                  00004bc0    00000010     bigtime_pem4f.oem4f (.text:ti_sysbios_knl_Task_Object__get__S)
                  00004bd0    00000010     sysbios.aem4f : BIOS.obj (.text:ti_sysbios_knl_Task_disable__E)
                  00004be0    00000010     driverlib.lib : udma.obj (.text:uDMAEnable)
                  00004bf0    00000010     ti.targets.arm.rtsarm.aem4f : Gate.oem4f (.text:xdc_runtime_Gate_leaveSystem__E)
                  00004c00    00000010                                 : Memory.oem4f (.text:xdc_runtime_Memory_free__E)
                  00004c10    00000010                                 : SysMin.oem4f (.text:xdc_runtime_SysMin_ready__E)
                  00004c20    00000010                                 : System.oem4f (.text:xdc_runtime_System_vsnprintf__E)
                  00004c30    00000010     bigtime_pem4f.oem4f (.text:xdc_runtime_Text_visitRope__I)
                  00004c40    0000000e     driverlib.lib : gpio.obj (.text:GPIOIntStatus)
                  00004c4e    0000000e     rtsv7M4_T_le_v4SPD16_eabi.lib : copy_decompress_none.c.obj (.text:decompress:none:__TI_decompress_none)
                  00004c5c    00000004     --HOLE-- [fill = 0]
                  00004c60    0000000e     sysbios.aem4f : BIOS.obj (.text:ti_sysbios_knl_Idle_loop__E)
                  00004c6e    00000002     --HOLE-- [fill = 0]
                  00004c70    0000000e                   : BIOS.obj (.text:ti_sysbios_knl_Queue_empty__E)
                  00004c7e    00000002     --HOLE-- [fill = 0]
                  00004c80    0000000c     bigtime_pem4f.oem4f (.text:.bootCodeSection:ti_catalog_arm_cortexm4_tiva_ce_Boot_init__I)
                  00004c8c    0000000c     rtsv7M4_T_le_v4SPD16_eabi.lib : _lock.c.obj (.text:_register_lock)
                  00004c98    0000000c                                   : _lock.c.obj (.text:_register_unlock)
                  00004ca4    0000000c                                   : copy_zero_init.c.obj (.text:decompress:ZI:__TI_zero_init)
                  00004cb0    0000000c     sysbios.aem4f : BIOS.obj (.text:ti_sysbios_family_arm_lm4_Timer_getMaxTicks__E)
                  00004cbc    0000000c     bigtime_pem4f.oem4f (.text:ti_sysbios_family_arm_m3_Hwi_Params__init__S)
                  00004cc8    0000000c     sysbios.aem4f : BIOS.obj (.text:ti_sysbios_family_arm_m3_Hwi_disableFxn__E)
                  00004cd4    00000004     --HOLE-- [fill = 0]
                  00004cd8    0000000c                   : BIOS.obj (.text:ti_sysbios_family_arm_m3_TaskSupport_checkStack__E)
                  00004ce4    00000004     --HOLE-- [fill = 0]
                  00004ce8    0000000c                   : BIOS.obj (.text:ti_sysbios_gates_GateHwi_enter__E)
                  00004cf4    0000000c     bigtime_pem4f.oem4f (.text:ti_sysbios_knl_Queue_Object__get__S)
                  00004d00    0000000c     bigtime_pem4f.oem4f (.text:ti_sysbios_knl_Semaphore_Params__init__S)
                  00004d0c    0000000c     driverlib.lib : udma.obj (.text:uDMAControlBaseSet)
                  00004d18    0000000c                   : udma.obj (.text:uDMAErrorStatusClear)
                  00004d24    0000000c                   : udma.obj (.text:uDMAErrorStatusGet)
                  00004d30    0000000c                   : udma.obj (.text:uDMAIntStatus)
                  00004d3c    0000000c     ti.targets.arm.rtsarm.aem4f : Error.oem4f (.text:xdc_runtime_Error_init__E)
                  00004d48    0000000c                                 : Gate.oem4f (.text:xdc_runtime_Gate_enterSystem__E)
                  00004d54    0000000c                                 : Memory.oem4f (.text:xdc_runtime_Memory_calloc__E)
                  00004d60    0000000c                                 : Memory.oem4f (.text:xdc_runtime_Memory_getMaxDefaultTypeAlign__E)
                  00004d6c    0000000a     drivers_tivaware.aem4f : SPITivaDMA.oem4f (.text:SPITivaDMA_init)
                  00004d76    0000000a     driverlib.lib : ssi.obj (.text:SSIDMADisable)
                  00004d80    0000000a                   : ssi.obj (.text:SSIDisable)
                  00004d8a    0000000a                   : ssi.obj (.text:SSIEnable)
                  00004d94    0000000a                   : ssi.obj (.text:SSIIntDisable)
                  00004d9e    0000000a     bigtime_pem4f.oem4f (.text:xdc_runtime_IHeap_alloc)
                  00004da8    0000000a     bigtime_pem4f.oem4f (.text:xdc_runtime_IHeap_free)
                  00004db2    00000008     driverlib.lib : ssi.obj (.text:SSIDMAEnable)
                  00004dba    00000008                   : ssi.obj (.text:SSIIntEnable)
                  00004dc2    00000008     sysbios.aem4f : BIOS.obj (.text:ti_sysbios_family_arm_lm4_Timer_masterDisable__I)
                  00004dca    00000006     drivers_tivaware.aem4f : SPITivaDMA.oem4f (.text:SPITivaDMA_control)
                  00004dd0    00000008     sysbios.aem4f : BIOS.obj (.text:ti_sysbios_family_arm_m3_Hwi_doSwiRestore__I)
                  00004dd8    00000008                   : BIOS.obj (.text:ti_sysbios_family_arm_m3_Hwi_startup__E)
                  00004de0    00000006     drivers_tivaware.aem4f : SPITivaDMA.oem4f (.text:SPITivaDMA_transferCallback)
                  00004de6    00000006     Boot.aem4f : Boot_sysctl.oem4f (.text:ti_catalog_arm_cortexm4_tiva_ce_Boot_sysCtlDelayI__I)
                  00004dec    00000004     --HOLE-- [fill = 0]
                  00004df0    00000006     sysbios.aem4f : BIOS.obj (.text:ti_sysbios_family_arm_m3_Hwi_doTaskRestore__I)
                  00004df6    00000002     --HOLE-- [fill = 0]
                  00004df8    00000006                   : BIOS.obj (.text:ti_sysbios_family_arm_m3_Hwi_restoreFxn__E)
                  00004dfe    00000002     --HOLE-- [fill = 0]
                  00004e00    00000006                   : BIOS.obj (.text:ti_sysbios_gates_GateHwi_leave__E)
                  00004e06    00000002     --HOLE-- [fill = 0]
                  00004e08    00000006                   : BIOS.obj (.text:ti_sysbios_heaps_HeapMem_isBlocking__E)
                  00004e0e    00000002     --HOLE-- [fill = 0]
                  00004e10    00000006                   : BIOS.obj (.text:ti_sysbios_knl_Queue_Instance_init__E)
                  00004e16    00000002     --HOLE-- [fill = 0]
                  00004e18    00000006                   : BIOS.obj (.text:ti_sysbios_knl_Swi_startup__E)
                  00004e1e    00000006     ti.targets.arm.rtsarm.aem4f : System.oem4f (.text:xdc_runtime_System_Module_startup__E)
                  00004e24    00000004     --HOLE-- [fill = 0]
                  00004e28    00000004     sysbios.aem4f : BIOS.obj (.text:ti_sysbios_gates_GateHwi_query__E)
                  00004e2c    00000004     --HOLE-- [fill = 0]
                  00004e30    00000004                   : BIOS.obj (.text:ti_sysbios_gates_GateMutex_query__E)
                  00004e34    00000004     --HOLE-- [fill = 0]
                  00004e38    00000004                   : BIOS.obj (.text:ti_sysbios_knl_Task_startup__E)
                  00004e3c    00000004     --HOLE-- [fill = 0]
                  00004e40    00000002                   : BIOS.obj (.text:ti_sysbios_gates_GateHwi_Instance_init__E)
                  00004e42    00000006     --HOLE-- [fill = 0]
                  00004e48    00000002                   : BIOS.obj (.text:ti_sysbios_knl_Clock_logTick__E)

.const     0    00004e4c    00001f6e     
                  00004e4c    00001861     bigtime_pem4f.oem4f (.const:xdc_runtime_Text_charTab__A)
                  000066ad    00000001     bigtime_pem4f.oem4f (.const:xdc_runtime_Error_policy__C)
                  000066ae    000000bc     bigtime_pem4f.oem4f (.const:xdc_runtime_Text_nodeTab__A)
                  0000676a    00000002     bigtime_pem4f.oem4f (.const:ti_catalog_arm_cortexm4_tiva_ce_Boot_Module__id__C)
                  0000676c    00000090     driverlib.lib : gpio.obj (.const:g_pui32GPIOBaseAddrs)
                  000067fc    00000078     EK_TM4C123GXL.obj (.const:spiTivaDMAHWAttrs)
                  00006874    00000064     drivers_tivaware.aem4f : SPITivaDMA.oem4f (.const)
                  000068d8    00000054                            : GPIOTiva.oem4f (.const:.string)
                  0000692c    00000048     bigtime_pem4f.oem4f (.const:.string)
                  00006974    00000048     drivers_tivaware.aem4f : GPIOTiva.oem4f (.const:gpioBaseAddresses)
                  000069bc    00000030     EK_TM4C123GXL.obj (.const:SPI_config)
                  000069ec    00000030     bigtime_pem4f.oem4f (.const:ti_sysbios_family_arm_m3_Hwi_Object__PARAMS__C)
                  00006a1c    00000028     bigtime_pem4f.oem4f (.const:ti_sysbios_heaps_HeapMem_Module__FXNS__C)
                  00006a44    00000024     bigtime_pem4f.oem4f (.const:ti_sysbios_gates_GateHwi_Module__FXNS__C)
                  00006a68    00000024     bigtime_pem4f.oem4f (.const:ti_sysbios_gates_GateMutex_Module__FXNS__C)
                  00006a8c    00000024     bigtime_pem4f.oem4f (.const:ti_sysbios_heaps_HeapMem_Object__PARAMS__C)
                  00006ab0    00000024     bigtime_pem4f.oem4f (.const:ti_sysbios_knl_Semaphore_Object__PARAMS__C)
                  00006ad4    00000020     drivers_tivaware.aem4f : SPI.oem4f (.const)
                  00006af4    00000020     bigtime_pem4f.oem4f (.const:ti_sysbios_family_arm_m3_Hwi_Object__DESC__C)
                  00006b14    00000020     bigtime_pem4f.oem4f (.const:ti_sysbios_gates_GateHwi_Object__DESC__C)
                  00006b34    00000020     bigtime_pem4f.oem4f (.const:ti_sysbios_gates_GateMutex_Object__DESC__C)
                  00006b54    00000020     bigtime_pem4f.oem4f (.const:ti_sysbios_heaps_HeapMem_Object__DESC__C)
                  00006b74    00000020     bigtime_pem4f.oem4f (.const:ti_sysbios_knl_Queue_Object__DESC__C)
                  00006b94    00000020     bigtime_pem4f.oem4f (.const:ti_sysbios_knl_Semaphore_Object__DESC__C)
                  00006bb4    00000020     bigtime_pem4f.oem4f (.const:xdc_runtime_Startup_sfxnTab__A)
                  00006bd4    00000018     bigtime_pem4f.oem4f (.const:ti_sysbios_gates_GateHwi_Object__PARAMS__C)
                  00006bec    00000018     bigtime_pem4f.oem4f (.const:ti_sysbios_gates_GateMutex_Object__PARAMS__C)
                  00006c04    00000018     bigtime_pem4f.oem4f (.const:ti_sysbios_knl_Queue_Object__PARAMS__C)
                  00006c1c    00000014     EK_TM4C123GXL.obj (.const:GPIOTiva_config)
                  00006c30    00000014     bigtime_pem4f.oem4f (.const:xdc_runtime_Startup_firstFxns__A)
                  00006c44    00000010     bigtime_pem4f.oem4f (.const:xdc_runtime_Startup_sfxnRts__A)
                  00006c54    00000008     bigtime_pem4f.oem4f (.const:ti_sysbios_family_arm_m3_Hwi_excHookFuncs__A)
                  00006c5c    00000008     bigtime_pem4f.oem4f (.const:ti_sysbios_knl_Idle_funcList__C)
                  00006c64    00000008     bigtime_pem4f.oem4f (.const:xdc_runtime_Startup_firstFxns__C)
                  00006c6c    00000008     bigtime_pem4f.oem4f (.const:xdc_runtime_Startup_lastFxns__C)
                  00006c74    00000004     bigtime_pem4f.oem4f (.const:ti_catalog_arm_cortexm4_tiva_ce_Boot_A_mustUseEnhancedClockMode__C)
                  00006c78    00000004     bigtime_pem4f.oem4f (.const:ti_catalog_arm_cortexm4_tiva_ce_Boot_Module__diagsEnabled__C)
                  00006c7c    00000004     bigtime_pem4f.oem4f (.const:ti_catalog_arm_cortexm4_tiva_ce_Boot_Module__diagsIncluded__C)
                  00006c80    00000004     bigtime_pem4f.oem4f (.const:ti_catalog_arm_cortexm4_tiva_ce_Boot_Module__diagsMask__C)
                  00006c84    00000004     bigtime_pem4f.oem4f (.const:ti_sysbios_family_arm_lm4_Timer_enableFunc__C)
                  00006c88    00000004     bigtime_pem4f.oem4f (.const:ti_sysbios_family_arm_lm4_Timer_numTimerDevices__C)
                  00006c8c    00000004     bigtime_pem4f.oem4f (.const:ti_sysbios_family_arm_lm4_Timer_startupNeeded__C)
                  00006c90    00000004     bigtime_pem4f.oem4f (.const:ti_sysbios_family_arm_m3_Hwi_E_NMI__C)
                  00006c94    00000004     bigtime_pem4f.oem4f (.const:ti_sysbios_family_arm_m3_Hwi_E_alreadyDefined__C)
                  00006c98    00000004     bigtime_pem4f.oem4f (.const:ti_sysbios_family_arm_m3_Hwi_E_busFault__C)
                  00006c9c    00000004     bigtime_pem4f.oem4f (.const:ti_sysbios_family_arm_m3_Hwi_E_debugMon__C)
                  00006ca0    00000004     bigtime_pem4f.oem4f (.const:ti_sysbios_family_arm_m3_Hwi_E_hardFault__C)
                  00006ca4    00000004     bigtime_pem4f.oem4f (.const:ti_sysbios_family_arm_m3_Hwi_E_memFault__C)
                  00006ca8    00000004     bigtime_pem4f.oem4f (.const:ti_sysbios_family_arm_m3_Hwi_E_noIsr__C)
                  00006cac    00000004     bigtime_pem4f.oem4f (.const:ti_sysbios_family_arm_m3_Hwi_E_reserved__C)
                  00006cb0    00000004     bigtime_pem4f.oem4f (.const:ti_sysbios_family_arm_m3_Hwi_E_svCall__C)
                  00006cb4    00000004     bigtime_pem4f.oem4f (.const:ti_sysbios_family_arm_m3_Hwi_E_usageFault__C)
                  00006cb8    00000004     bigtime_pem4f.oem4f (.const:ti_sysbios_family_arm_m3_Hwi_NUM_INTERRUPTS__C)
                  00006cbc    00000004     bigtime_pem4f.oem4f (.const:ti_sysbios_family_arm_m3_Hwi_Object__count__C)
                  00006cc0    00000004     bigtime_pem4f.oem4f (.const:ti_sysbios_family_arm_m3_Hwi_ccr__C)
                  00006cc4    00000004     bigtime_pem4f.oem4f (.const:ti_sysbios_family_arm_m3_Hwi_excHandlerFunc__C)
                  00006cc8    00000004     bigtime_pem4f.oem4f (.const:ti_sysbios_family_arm_m3_Hwi_excHookFuncs__C)
                  00006ccc    00000004     bigtime_pem4f.oem4f (.const:ti_sysbios_family_arm_m3_Hwi_nullIsrFunc__C)
                  00006cd0    00000004     bigtime_pem4f.oem4f (.const:ti_sysbios_family_arm_m3_Hwi_priGroup__C)
                  00006cd4    00000004     bigtime_pem4f.oem4f (.const:ti_sysbios_gates_GateMutex_Instance_State_sem__O)
                  00006cd8    00000004     bigtime_pem4f.oem4f (.const:ti_sysbios_hal_Hwi_E_stackOverflow__C)
                  00006cdc    00000004     bigtime_pem4f.oem4f (.const:ti_sysbios_heaps_HeapMem_E_memory__C)
                  00006ce0    00000004     bigtime_pem4f.oem4f (.const:ti_sysbios_heaps_HeapMem_Module__gateObj__C)
                  00006ce4    00000004     bigtime_pem4f.oem4f (.const:ti_sysbios_heaps_HeapMem_Object__count__C)
                  00006ce8    00000004     bigtime_pem4f.oem4f (.const:ti_sysbios_heaps_HeapMem_reqAlign__C)
                  00006cec    00000004     bigtime_pem4f.oem4f (.const:ti_sysbios_knl_Clock_Module_State_clockQ__O)
                  00006cf0    00000004     bigtime_pem4f.oem4f (.const:ti_sysbios_knl_Idle_funcList__A)
                  00006cf4    00000004     bigtime_pem4f.oem4f (.const:ti_sysbios_knl_Semaphore_Instance_State_pendQ__O)
                  00006cf8    00000004     bigtime_pem4f.oem4f (.const:ti_sysbios_knl_Swi_Object__count__C)
                  00006cfc    00000004     bigtime_pem4f.oem4f (.const:ti_sysbios_knl_Task_E_spOutOfBounds__C)
                  00006d00    00000004     bigtime_pem4f.oem4f (.const:ti_sysbios_knl_Task_E_stackOverflow__C)
                  00006d04    00000004     bigtime_pem4f.oem4f (.const:ti_sysbios_knl_Task_Module_State_inactiveQ__O)
                  00006d08    00000004     bigtime_pem4f.oem4f (.const:ti_sysbios_knl_Task_Object__count__C)
                  00006d0c    00000004     bigtime_pem4f.oem4f (.const:ti_sysbios_knl_Task_allBlockedFunc__C)
                  00006d10    00000004     bigtime_pem4f.oem4f (.const:ti_sysbios_knl_Task_numConstructedTasks__C)
                  00006d14    00000004     bigtime_pem4f.oem4f (.const:xdc_runtime_Assert_E_assertFailed__C)
                  00006d18    00000004     bigtime_pem4f.oem4f (.const:xdc_runtime_Core_A_initializedParams__C)
                  00006d1c    00000004     bigtime_pem4f.oem4f (.const:xdc_runtime_Core_Module__diagsEnabled__C)
                  00006d20    00000004     bigtime_pem4f.oem4f (.const:xdc_runtime_Core_Module__diagsIncluded__C)
                  00006d24    00000004     bigtime_pem4f.oem4f (.const:xdc_runtime_Core_Module__diagsMask__C)
                  00006d28    00000004     bigtime_pem4f.oem4f (.const:xdc_runtime_Error_E_memory__C)
                  00006d2c    00000004     bigtime_pem4f.oem4f (.const:xdc_runtime_Error_Module__diagsEnabled__C)
                  00006d30    00000004     bigtime_pem4f.oem4f (.const:xdc_runtime_Error_Module__diagsIncluded__C)
                  00006d34    00000004     bigtime_pem4f.oem4f (.const:xdc_runtime_Error_Module__diagsMask__C)
                  00006d38    00000004     bigtime_pem4f.oem4f (.const:xdc_runtime_Error_Module__loggerFxn8__C)
                  00006d3c    00000004     bigtime_pem4f.oem4f (.const:xdc_runtime_Error_Module__loggerObj__C)
                  00006d40    00000004     bigtime_pem4f.oem4f (.const:xdc_runtime_Error_policyFxn__C)
                  00006d44    00000004     bigtime_pem4f.oem4f (.const:xdc_runtime_Error_raiseHook__C)
                  00006d48    00000004     bigtime_pem4f.oem4f (.const:xdc_runtime_IGateProvider_Interface__BASE__C)
                  00006d4c    00000004     bigtime_pem4f.oem4f (.const:xdc_runtime_IHeap_Interface__BASE__C)
                  00006d50    00000004     bigtime_pem4f.oem4f (.const:xdc_runtime_IModule_Interface__BASE__C)
                  00006d54    00000004     bigtime_pem4f.oem4f (.const:xdc_runtime_Log_L_error__C)
                  00006d58    00000004     bigtime_pem4f.oem4f (.const:xdc_runtime_Memory_defaultHeapInstance__C)
                  00006d5c    00000004     bigtime_pem4f.oem4f (.const:xdc_runtime_Startup_execImpl__C)
                  00006d60    00000004     bigtime_pem4f.oem4f (.const:xdc_runtime_Startup_maxPasses__C)
                  00006d64    00000004     bigtime_pem4f.oem4f (.const:xdc_runtime_Startup_sfxnRts__C)
                  00006d68    00000004     bigtime_pem4f.oem4f (.const:xdc_runtime_Startup_sfxnTab__C)
                  00006d6c    00000004     bigtime_pem4f.oem4f (.const:xdc_runtime_SysMin_bufSize__C)
                  00006d70    00000004     bigtime_pem4f.oem4f (.const:xdc_runtime_SysMin_outputFunc__C)
                  00006d74    00000004     bigtime_pem4f.oem4f (.const:xdc_runtime_System_Module__gateObj__C)
                  00006d78    00000004     bigtime_pem4f.oem4f (.const:xdc_runtime_System_abortFxn__C)
                  00006d7c    00000004     bigtime_pem4f.oem4f (.const:xdc_runtime_System_exitFxn__C)
                  00006d80    00000004     bigtime_pem4f.oem4f (.const:xdc_runtime_System_extendFxn__C)
                  00006d84    00000004     bigtime_pem4f.oem4f (.const:xdc_runtime_System_maxAtexitHandlers__C)
                  00006d88    00000004     bigtime_pem4f.oem4f (.const:xdc_runtime_Text_charTab__C)
                  00006d8c    00000004     bigtime_pem4f.oem4f (.const:xdc_runtime_Text_nameEmpty__C)
                  00006d90    00000004     bigtime_pem4f.oem4f (.const:xdc_runtime_Text_nameStatic__C)
                  00006d94    00000004     bigtime_pem4f.oem4f (.const:xdc_runtime_Text_nameUnknown__C)
                  00006d98    00000004     bigtime_pem4f.oem4f (.const:xdc_runtime_Text_nodeTab__C)
                  00006d9c    00000004     bigtime_pem4f.oem4f (.const:xdc_runtime_Text_visitRopeFxn__C)
                  00006da0    00000002     bigtime_pem4f.oem4f (.const:ti_sysbios_family_arm_m3_Hwi_Module__id__C)
                  00006da2    00000002     bigtime_pem4f.oem4f (.const:ti_sysbios_hal_Hwi_Module__id__C)
                  00006da4    00000002     bigtime_pem4f.oem4f (.const:ti_sysbios_heaps_HeapMem_Module__id__C)
                  00006da6    00000002     bigtime_pem4f.oem4f (.const:ti_sysbios_knl_Task_Module__id__C)
                  00006da8    00000002     bigtime_pem4f.oem4f (.const:xdc_runtime_Core_Module__id__C)
                  00006daa    00000002     bigtime_pem4f.oem4f (.const:xdc_runtime_Error_Module__loggerDefined__C)
                  00006dac    00000002     bigtime_pem4f.oem4f (.const:xdc_runtime_Error_maxDepth__C)
                  00006dae    00000002     bigtime_pem4f.oem4f (.const:xdc_runtime_Memory_Module__id__C)
                  00006db0    00000002     bigtime_pem4f.oem4f (.const:xdc_runtime_SysMin_flushAtExit__C)
                  00006db2    00000002     bigtime_pem4f.oem4f (.const:xdc_runtime_Text_charCnt__C)
                  00006db4    00000002     bigtime_pem4f.oem4f (.const:xdc_runtime_Text_isLoaded__C)
                  00006db6    00000002     bigtime_pem4f.oem4f (.const:xdc_runtime_Text_registryModsLastId__C)
                  00006db8    00000002     bigtime_pem4f.oem4f (.const:xdc_runtime_Text_unnamedModsLastId__C)

.cinit     0    00006dc0    000001f8     
                  00006dc0    000001c3     (.cinit..data.load) [load image, compression = lzss]
                  00006f83    00000001     --HOLE-- [fill = 0]
                  00006f84    0000000c     (__TI_handler_table)
                  00006f90    00000008     (.cinit..bss.load) [load image, compression = zero_init]
                  00006f98    00000008     (.cinit..vecs.load) [load image, compression = zero_init]
                  00006fa0    00000018     (__TI_cinit_table)

.init_array 
*          0    00000000    00000000     UNINITIALIZED

.resetVecs 
*          0    00000000    0000003c     
                  00000000    0000003c     bigtime_pem4f.oem4f (.resetVecs)

.bss       0    20000400    0000162c     UNINITIALIZED
                  20000400    00000800     (.common:ti_sysbios_heaps_HeapMem_Instance_State_0_buf__A)
                  20000c00    00000400     (.common:xdc_runtime_SysMin_Module_State_0_outbuf__A)
                  20001000    00000360     (.common:ti_sysbios_family_arm_m3_Hwi_dispatchTable)
                  20001360    00000090     drivers_tivaware.aem4f : GPIOTiva.oem4f (.bss:gpioCallbackInfo)
                  200013f0    00000008     (.common:parmbuf)
                  200013f8    00000004     (.common:gpioInterruptVectors)
                  200013fc    00000004     (.common:spi)
                  20001400    00000200     EK_TM4C123GXL.obj (.bss:dmaControlTable)
                  20001600    00000200     bigtime_pem4f.oem4f (.bss:taskStackSection)
                  20001800    00000120     rtsv7M4_T_le_v4SPD16_eabi.lib : trgmsg.c.obj (.bss:_CIOBUF_)
                  20001920    000000e4     (.common:spiTivaDMAObjects)
                  20001a04    0000001c     EK_TM4C123GXL.obj (.bss:dmaHwiStruct)
                  20001a20    0000000c     (.common:spiTivaDMAscratchBuf)

.data      0    20001a2c    00000402     UNINITIALIZED
                  20001a2c    00000080     bigtime_pem4f.oem4f (.data:ti_sysbios_knl_Swi_Module_State_0_readyQ__A)
                  20001aac    00000080     bigtime_pem4f.oem4f (.data:ti_sysbios_knl_Task_Module_State_0_readyQ__A)
                  20001b2c    0000004c     bigtime_pem4f.oem4f (.data:ti_sysbios_knl_Task_Object__table__V)
                  20001b78    00000044     bigtime_pem4f.oem4f (.data:ti_sysbios_knl_Task_Module__state__V)
                  20001bbc    00000040     bigtime_pem4f.oem4f (.data:ti_sysbios_family_arm_lm4_Timer_Object__table__V)
                  20001bfc    00000038     bigtime_pem4f.oem4f (.data:ti_sysbios_gates_GateMutex_Object__table__V)
                  20001c34    00000034     bigtime_pem4f.oem4f (.data:ti_sysbios_family_arm_m3_Hwi_Module__state__V)
                  20001c68    00000030     bigtime_pem4f.oem4f (.data:ti_sysbios_family_arm_lm4_Timer_Module_State_0_device__A)
                  20001c98    00000030     bigtime_pem4f.oem4f (.data:ti_sysbios_knl_Swi_Object__table__V)
                  20001cc8    0000002c     bigtime_pem4f.oem4f (.data:ti_sysbios_knl_Clock_Module__state__V)
                  20001cf4    00000024     bigtime_pem4f.oem4f (.data:ti_sysbios_BIOS_Module__state__V)
                  20001d18    0000001c     bigtime_pem4f.oem4f (.data:ti_sysbios_knl_Swi_Module__state__V)
                  20001d34    00000018     bigtime_pem4f.oem4f (.data:ti_sysbios_family_arm_lm4_Timer_Module_State_0_handles__A)
                  20001d4c    00000018     bigtime_pem4f.oem4f (.data:ti_sysbios_family_arm_m3_Hwi_Object__table__V)
                  20001d64    00000018     bigtime_pem4f.oem4f (.data:ti_sysbios_heaps_HeapMem_Object__table__V)
                  20001d7c    00000014     EK_TM4C123GXL.obj (.data:gpioPinConfigs)
                  20001d90    0000000c     bigtime_pem4f.oem4f (.data:ti_sysbios_family_arm_lm4_Timer_Module__state__V)
                  20001d9c    0000000c     bigtime_pem4f.oem4f (.data:xdc_runtime_SysMin_Module__state__V)
                  20001da8    00000008     rtsv7M4_T_le_v4SPD16_eabi.lib : _lock.c.obj (.data:$O1$$)
                  20001db0    00000008     EK_TM4C123GXL.obj (.data:gpioCallbackFunctions)
                  20001db8    00000008     bigtime_pem4f.oem4f (.data:ti_sysbios_family_arm_m3_Hwi_Module__root__V)
                  20001dc0    00000008     bigtime_pem4f.oem4f (.data:ti_sysbios_gates_GateHwi_Module__root__V)
                  20001dc8    00000008     bigtime_pem4f.oem4f (.data:ti_sysbios_gates_GateMutex_Module__root__V)
                  20001dd0    00000008     bigtime_pem4f.oem4f (.data:ti_sysbios_heaps_HeapMem_Module__root__V)
                  20001dd8    00000008     bigtime_pem4f.oem4f (.data:ti_sysbios_knl_Queue_Module__root__V)
                  20001de0    00000008     bigtime_pem4f.oem4f (.data:ti_sysbios_knl_Semaphore_Module__root__V)
                  20001de8    00000008     bigtime_pem4f.oem4f (.data:xdc_runtime_Registry_Module__state__V)
                  20001df0    00000008     bigtime_pem4f.oem4f (.data:xdc_runtime_Startup_Module__state__V)
                  20001df8    00000008     bigtime_pem4f.oem4f (.data:xdc_runtime_System_Module_State_0_atexitHandlers__A)
                  20001e00    00000008     bigtime_pem4f.oem4f (.data:xdc_runtime_System_Module__state__V)
                  20001e08    00000005     drivers_tivaware.aem4f : GPIOTiva.oem4f (.data)
                  20001e0d    00000001     EK_TM4C123GXL.obj (.data)
                  20001e0e    00000002     bigtime_pem4f.oem4f (.data:ti_sysbios_family_arm_m3_Hwi_Module_State_0_excActive__A)
                  20001e10    00000004     drivers_tivaware.aem4f : SPI.oem4f (.data)
                  20001e14    00000004     rtsv7M4_T_le_v4SPD16_eabi.lib : stkdepth_vars.c.obj (.data)
                  20001e18    00000004     bigtime_pem4f.oem4f (.data:ti_sysbios_family_arm_m3_Hwi_Module_State_0_excContext__A)
                  20001e1c    00000004     bigtime_pem4f.oem4f (.data:ti_sysbios_family_arm_m3_Hwi_Module_State_0_excStack__A)
                  20001e20    00000004     bigtime_pem4f.oem4f (.data:ti_sysbios_gates_GateHwi_Object__table__V)
                  20001e24    00000004     bigtime_pem4f.oem4f (.data:ti_sysbios_knl_Task_Module_State_0_idleTask__A)
                  20001e28    00000004     bigtime_pem4f.oem4f (.data:xdc_runtime_Memory_Module__state__V)
                  20001e2c    00000002     bigtime_pem4f.oem4f (.data:xdc_runtime_Error_Module__state__V)

.stack     0    20001e30    00000300     UNINITIALIZED
                  20001e30    00000300     --HOLE--

.bootVecs 
*          0    00000000    00000008     DSECT
                  00000000    00000008     boot.aem4f : boot.oem4f (.bootVecs)

.vecs      0    20000000    00000360     UNINITIALIZED
                  20000000    00000360     bigtime_pem4f.oem4f (.vecs)

xdc.meta   0    00000000    000000ec     COPY SECTION
                  00000000    000000ec     bigtime_pem4f.oem4f (xdc.meta)

MODULE SUMMARY

       Module                       code    ro data   rw data
       ------                       ----    -------   -------
    .\
       EK_TM4C123GXL.obj            518     188       809    
       ILI9341.obj                  84      0         4      
       start.obj                    88      0         0      
    +--+----------------------------+-------+---------+---------+
       Total:                       690     188       813    
                                                             
    C:\Users\Allen\workspace_CCS\EE319H_Final_Project\Debug\configPkg\package\cfg\
       bigtime_pem4f.oem4f          1690    7486      6288   
    +--+----------------------------+-------+---------+---------+
       Total:                       1690    7486      6288   
                                                             
    C:/ti/tirtos_tivac_2_16_00_08/products/TivaWare_C_Series-2.1.1.71b/driverlib/ccs/Debug/driverlib.lib
       gpio.obj                     566     144       0      
       udma.obj                     348     0         0      
       ssi.obj                      138     0         0      
       sysctl.obj                   132     0         0      
    +--+----------------------------+-------+---------+---------+
       Total:                       1184    144       0      
                                                             
    C:/ti/tirtos_tivac_2_16_00_08/products/tidrivers_tivac_2_16_00_08/packages/ti/drivers/lib/drivers_tivaware.aem4f
       GPIOTiva.oem4f               684     156       153    
       SPITivaDMA.oem4f             888     100       0      
       SPI.oem4f                    104     32        4      
    +--+----------------------------+-------+---------+---------+
       Total:                       1676    288       157    
                                                             
    C:\Users\Allen\workspace_CCS\EE319H_Final_Project\src\sysbios\sysbios.aem4f
       BIOS.obj                     8454    0         0      
       m3_Hwi_asm.obj               314     0         0      
       m3_TaskSupport_asm.obj       180     0         0      
       m3_Hwi_asm_switch.obj        118     0         0      
    +--+----------------------------+-------+---------+---------+
       Total:                       9066    0         0      
                                                             
    C:\ti\ccs930\ccs\tools\compiler\ti-cgt-arm_18.12.4.LTS\lib\rtsv7M4_T_le_v4SPD16_eabi.lib
       trgmsg.c.obj                 108     0         288    
       memcpy_t2.asm.obj            156     0         0      
       memset_t2.asm.obj            122     0         0      
       copy_decompress_lzss.c.obj   104     0         0      
       hostwrite.c.obj              88      0         0      
       cpy_tbl.c.obj                76      0         0      
       u_divt2.asm.obj              64      0         0      
       _lock.c.obj                  26      0         8      
       args_main.c.obj              24      0         0      
       strlen.c.obj                 20      0         0      
       copy_decompress_none.c.obj   14      0         0      
       copy_zero_init.c.obj         12      0         0      
       hostopen.c.obj               0       0         8      
       exit.c.obj                   4       0         0      
       stkdepth_vars.c.obj          0       0         4      
       div0.asm.obj                 2       0         0      
    +--+----------------------------+-------+---------+---------+
       Total:                       820     0         308    
                                                             
    C:\ti\tirtos_tivac_2_16_00_08\products\bios_6_45_01_29\packages\ti\catalog\arm\cortexm4\tiva\ce\lib\Boot.aem4f
       Boot_sysctl.oem4f            262     0         0      
       Boot.oem4f                   152     0         0      
    +--+----------------------------+-------+---------+---------+
       Total:                       414     0         0      
                                                             
    C:\ti\tirtos_tivac_2_16_00_08\products\bios_6_45_01_29\packages\ti\targets\arm\rtsarm\lib\auto_init.aem4f
       auto_init.oem4f              160     0         0      
    +--+----------------------------+-------+---------+---------+
       Total:                       160     0         0      
                                                             
    C:\ti\tirtos_tivac_2_16_00_08\products\bios_6_45_01_29\packages\ti\targets\arm\rtsarm\lib\boot.aem4f
       boot.oem4f                   88      0         0      
    +--+----------------------------+-------+---------+---------+
       Total:                       88      0         0      
                                                             
    C:\ti\tirtos_tivac_2_16_00_08\products\bios_6_45_01_29\packages\ti\targets\arm\rtsarm\lib\ti.targets.arm.rtsarm.aem4f
       System.oem4f                 1255    0         0      
       Text.oem4f                   672     0         0      
       Error.oem4f                  524     0         0      
       Core-mem.oem4f               358     0         0      
       Startup.oem4f                328     0         0      
       SysMin.oem4f                 248     0         0      
       Core-smem.oem4f              204     0         0      
       Memory.oem4f                 176     0         0      
       Assert.oem4f                 84      0         0      
       Core-params.oem4f            70      0         0      
       Core-label.oem4f             52      0         0      
       Registry.oem4f               32      0         0      
       Gate.oem4f                   28      0         0      
    +--+----------------------------+-------+---------+---------+
       Total:                       4031    0         0      
                                                             
       Stack:                       0       0         768    
       Linker Generated:            0       503       0      
    +--+----------------------------+-------+---------+---------+
       Grand Total:                 19819   8609      8334   


LINKER GENERATED COPY TABLES

__TI_cinit_table @ 00006fa0 records: 3, size/record: 8, table size: 24
	.data: load addr=00006dc0, load size=000001c3 bytes, run addr=20001a2c, run size=00000402 bytes, compression=lzss
	.bss: load addr=00006f90, load size=00000008 bytes, run addr=20000400, run size=0000162c bytes, compression=zero_init
	.vecs: load addr=00006f98, load size=00000008 bytes, run addr=20000000, run size=00000360 bytes, compression=zero_init


LINKER GENERATED HANDLER TABLE

__TI_handler_table @ 00006f84 records: 3, size/record: 4, table size: 12
	index: 0, handler: __TI_decompress_lzss
	index: 1, handler: __TI_decompress_none
	index: 2, handler: __TI_zero_init


GLOBAL SYMBOLS: SORTED ALPHABETICALLY BY Name 

address   name                                                              
-------   ----                                                              
000009b5  C$$EXIT                                                           
00003d4b  C$$IO$$                                                           
0000262d  EK_TM4C123GXL_initDMA                                             
00003fe5  EK_TM4C123GXL_initGPIO                                            
00003a6d  EK_TM4C123GXL_initGeneral                                         
00001bf9  EK_TM4C123GXL_initSPI                                             
00004365  GPIODirModeSet                                                    
00003883  GPIOIntClear                                                      
00004c41  GPIOIntStatus                                                     
00003269  GPIOIntTypeSet                                                    
00001089  GPIOPadConfigSet                                                  
0000368d  GPIOPinConfigure                                                  
00004aed  GPIOPinTypeGPIOInput                                              
00004aff  GPIOPinTypeSSI                                                    
00004b23  GPIOPinWrite                                                      
00006c1c  GPIOTiva_config                                                   
00002c1d  GPIO_hwiIntFxn                                                    
00002515  GPIO_init                                                         
000033c1  GPIO_setCallback                                                  
00000ded  GPIO_setConfig                                                    
00003109  HOSTwrite                                                         
000032c1  ILI9341_initGeneral                                               
UNDEFED   SHT$$INIT_ARRAY$$Base                                             
UNDEFED   SHT$$INIT_ARRAY$$Limit                                            
00003b71  SPITivaDMA_close                                                  
00004dcb  SPITivaDMA_control                                                
00006874  SPITivaDMA_fxnTable                                               
0000383f  SPITivaDMA_hwiFxn                                                 
00004d6d  SPITivaDMA_init                                                   
000018bd  SPITivaDMA_open                                                   
000022b7  SPITivaDMA_serviceISR                                             
00002e15  SPITivaDMA_transfer                                               
00003a29  SPITivaDMA_transferCancel                                         
000069bc  SPI_config                                                        
00006ad4  SPI_defaultParams                                                 
00003ce5  SPI_init                                                          
00004015  SPI_open                                                          
00003bad  SSIConfigSetExpClk                                                
00004d77  SSIDMADisable                                                     
00004db3  SSIDMAEnable                                                      
00004b11  SSIDataGetNonBlocking                                             
00004d81  SSIDisable                                                        
00004d8b  SSIEnable                                                         
000007bd  SSIIntClear                                                       
00004d95  SSIIntDisable                                                     
00004dbb  SSIIntEnable                                                      
00003e39  SysCtlPeripheralEnable                                            
00003411  SysCtlPeripheralReset                                             
00000000  __ASM__                                                           
20001800  __CIOBUF_                                                         
0000006a  __ISA__                                                           
0000007d  __PLAT__                                                          
20002130  __STACK_END                                                       
00000300  __STACK_SIZE                                                      
0000009e  __TARG__                                                          
00006fa0  __TI_CINIT_Base                                                   
00006fb8  __TI_CINIT_Limit                                                  
00006f84  __TI_Handler_Table_Base                                           
00006f90  __TI_Handler_Table_Limit                                          
00002041  __TI_auto_init                                                    
00002b4d  __TI_decompress_lzss                                              
00004c4f  __TI_decompress_none                                              
ffffffff  __TI_pprof_out_hndl                                               
ffffffff  __TI_prof_data_size                                               
ffffffff  __TI_prof_data_start                                              
00003e6d  __TI_readmsg                                                      
00006dc0  __TI_static_base__                                                
00003d1d  __TI_writemsg                                                     
00004ca5  __TI_zero_init                                                    
000000c4  __TRDR__                                                          
00002a07  __aeabi_idiv0                                                     
00002a07  __aeabi_ldiv0                                                     
0000283d  __aeabi_memclr                                                    
0000283d  __aeabi_memclr4                                                   
0000283d  __aeabi_memclr8                                                   
00002181  __aeabi_memcpy                                                    
00002181  __aeabi_memcpy4                                                   
00002181  __aeabi_memcpy8                                                   
0000283f  __aeabi_memset                                                    
0000283f  __aeabi_memset4                                                   
0000283f  __aeabi_memset8                                                   
00003aad  __aeabi_uidiv                                                     
00003aad  __aeabi_uidivmod                                                  
ffffffff  __binit__                                                         
ffffffff  __c_args__                                                        
20001e30  __stack                                                           
00004935  _args_main                                                        
000030b1  _c_int00                                                          
20001da8  _lock                                                             
000028b7  _nop                                                              
00004c8d  _register_lock                                                    
00004c99  _register_unlock                                                  
20001dac  _unlock                                                           
000009b5  abort                                                             
ffffffff  binit                                                             
00003551  copy_in                                                           
20001db0  gpioCallbackFunctions                                             
20001d7c  gpioPinConfigs                                                    
00003161  main                                                              
20001e14  main_func_sp                                                      
00002181  memcpy                                                            
00002845  memset                                                            
00004bd1  osi_TaskDisable                                                   
00004b71  osi_start                                                         
200013f0  parmbuf                                                           
200013fc  spi                                                               
000067fc  spiTivaDMAHWAttrs                                                 
20001920  spiTivaDMAObjects                                                 
20001a20  spiTivaDMAscratchBuf                                              
00004a85  strlen                                                            
00006c74  ti_catalog_arm_cortexm4_tiva_ce_Boot_A_mustUseEnhancedClockMode__C
00006c78  ti_catalog_arm_cortexm4_tiva_ce_Boot_Module__diagsEnabled__C      
00006c7c  ti_catalog_arm_cortexm4_tiva_ce_Boot_Module__diagsIncluded__C     
00006c80  ti_catalog_arm_cortexm4_tiva_ce_Boot_Module__diagsMask__C         
0000676a  ti_catalog_arm_cortexm4_tiva_ce_Boot_Module__id__C                
00004c81  ti_catalog_arm_cortexm4_tiva_ce_Boot_init__I                      
000013d9  ti_catalog_arm_cortexm4_tiva_ce_Boot_sysCtlClockSetI__I           
000022b9  ti_catalog_arm_cortexm4_tiva_ce_Boot_sysCtlClockSet__E            
00004de7  ti_catalog_arm_cortexm4_tiva_ce_Boot_sysCtlDelayI__I              
20001cf4  ti_sysbios_BIOS_Module__state__V                                  
00004899  ti_sysbios_BIOS_RtsGateProxy_Handle__label__S                     
000044bd  ti_sysbios_BIOS_RtsGateProxy_Object__delete__S                    
00000b2d  ti_sysbios_BIOS_RtsGateProxy_enter__E                             
00000c95  ti_sysbios_BIOS_RtsGateProxy_leave__E                             
00004e31  ti_sysbios_BIOS_RtsGateProxy_query__E                             
00004045  ti_sysbios_BIOS_atExitFunc__I                                     
0000442d  ti_sysbios_BIOS_errorRaiseHook__I                                 
00004a59  ti_sysbios_BIOS_exitFunc__I                                       
00004b51  ti_sysbios_BIOS_getCpuFreq__E                                     
00002c1b  ti_sysbios_BIOS_nullFunc__I                                       
00004451  ti_sysbios_BIOS_registerRTSLock__I                                
00004475  ti_sysbios_BIOS_removeRTSLock__I                                  
000045e5  ti_sysbios_BIOS_rtsLock__I                                        
0000494d  ti_sysbios_BIOS_rtsUnlock__I                                      
00004b61  ti_sysbios_BIOS_setThreadType__E                                  
00004499  ti_sysbios_BIOS_startFunc__I                                      
00004b71  ti_sysbios_BIOS_start__E                                          
20001c68  ti_sysbios_family_arm_lm4_Timer_Module_State_0_device__A          
20001d34  ti_sysbios_family_arm_lm4_Timer_Module_State_0_handles__A         
00004965  ti_sysbios_family_arm_lm4_Timer_Module__startupDone__F            
00004965  ti_sysbios_family_arm_lm4_Timer_Module__startupDone__S            
20001d90  ti_sysbios_family_arm_lm4_Timer_Module__state__V                  
00002c81  ti_sysbios_family_arm_lm4_Timer_Module_startup__E                 
20001bbc  ti_sysbios_family_arm_lm4_Timer_Object__table__V                  
00006c84  ti_sysbios_family_arm_lm4_Timer_enableFunc__C                     
000036d9  ti_sysbios_family_arm_lm4_Timer_enableTimers__I                   
00001ef1  ti_sysbios_family_arm_lm4_Timer_enableTiva__I                     
00004cb1  ti_sysbios_family_arm_lm4_Timer_getMaxTicks__E                    
00003319  ti_sysbios_family_arm_lm4_Timer_initDevice__I                     
00003889  ti_sysbios_family_arm_lm4_Timer_isrStub__E                        
00004dc3  ti_sysbios_family_arm_lm4_Timer_masterDisable__I                  
00000f3d  ti_sysbios_family_arm_lm4_Timer_masterEnable__I                   
00006c88  ti_sysbios_family_arm_lm4_Timer_numTimerDevices__C                
000012d1  ti_sysbios_family_arm_lm4_Timer_start__E                          
00006c8c  ti_sysbios_family_arm_lm4_Timer_startupNeeded__C                  
00003af1  ti_sysbios_family_arm_lm4_Timer_startup__E                        
00004079  ti_sysbios_family_arm_lm4_Timer_stop__E                           
000045a1  ti_sysbios_family_arm_lm4_Timer_write__I                          
00006c90  ti_sysbios_family_arm_m3_Hwi_E_NMI__C                             
00006c94  ti_sysbios_family_arm_m3_Hwi_E_alreadyDefined__C                  
00006c98  ti_sysbios_family_arm_m3_Hwi_E_busFault__C                        
00006c9c  ti_sysbios_family_arm_m3_Hwi_E_debugMon__C                        
00006ca0  ti_sysbios_family_arm_m3_Hwi_E_hardFault__C                       
00006ca4  ti_sysbios_family_arm_m3_Hwi_E_memFault__C                        
00006ca8  ti_sysbios_family_arm_m3_Hwi_E_noIsr__C                           
00006cac  ti_sysbios_family_arm_m3_Hwi_E_reserved__C                        
00006cb0  ti_sysbios_family_arm_m3_Hwi_E_svCall__C                          
00006cb4  ti_sysbios_family_arm_m3_Hwi_E_usageFault__C                      
00004865  ti_sysbios_family_arm_m3_Hwi_Handle__label__S                     
00003ea1  ti_sysbios_family_arm_m3_Hwi_Instance_finalize__E                 
00002351  ti_sysbios_family_arm_m3_Hwi_Instance_init__E                     
20001e0e  ti_sysbios_family_arm_m3_Hwi_Module_State_0_excActive__A          
20001e18  ti_sysbios_family_arm_m3_Hwi_Module_State_0_excContext__A         
20001e1c  ti_sysbios_family_arm_m3_Hwi_Module_State_0_excStack__A           
00006da0  ti_sysbios_family_arm_m3_Hwi_Module__id__C                        
20001db8  ti_sysbios_family_arm_m3_Hwi_Module__root__V                      
0000497d  ti_sysbios_family_arm_m3_Hwi_Module__startupDone__F               
0000497d  ti_sysbios_family_arm_m3_Hwi_Module__startupDone__S               
20001c34  ti_sysbios_family_arm_m3_Hwi_Module__state__V                     
00003461  ti_sysbios_family_arm_m3_Hwi_Module_startup__E                    
00006cb8  ti_sysbios_family_arm_m3_Hwi_NUM_INTERRUPTS__C                    
00006af4  ti_sysbios_family_arm_m3_Hwi_Object__DESC__C                      
000069ec  ti_sysbios_family_arm_m3_Hwi_Object__PARAMS__C                    
00006cbc  ti_sysbios_family_arm_m3_Hwi_Object__count__C                     
00004765  ti_sysbios_family_arm_m3_Hwi_Object__destruct__S                  
00004a99  ti_sysbios_family_arm_m3_Hwi_Object__get__S                       
20001d4c  ti_sysbios_family_arm_m3_Hwi_Object__table__V                     
00004cbd  ti_sysbios_family_arm_m3_Hwi_Params__init__S                      
00006cc0  ti_sysbios_family_arm_m3_Hwi_ccr__C                               
00004609  ti_sysbios_family_arm_m3_Hwi_clearInterrupt__E                    
000031b9  ti_sysbios_family_arm_m3_Hwi_construct                            
[...]
00004b71  osi_start                                                         
00004b71  ti_sysbios_BIOS_start__E                                          
00004b81  ti_sysbios_family_arm_m3_TaskSupport_glue                         
00004b91  ti_sysbios_gates_GateMutex_Instance_finalize__E                   
00004ba1  ti_sysbios_knl_Semaphore_Instance_finalize__E                     
00004bb1  ti_sysbios_knl_Swi_disable__E                                     
00004bc1  ti_sysbios_knl_Task_Object__get__S                                
00004bd1  osi_TaskDisable                                                   
00004bd1  ti_sysbios_knl_Task_disable__E                                    
00004be1  uDMAEnable                                                        
00004bf1  xdc_runtime_Gate_leaveSystem__E                                   
00004c01  xdc_runtime_Memory_free__E                                        
00004c11  xdc_runtime_SysMin_ready__E                                       
00004c11  xdc_runtime_System_SupportProxy_ready__E                          
00004c21  xdc_runtime_System_vsnprintf__E                                   
00004c31  xdc_runtime_Text_visitRope__I                                     
00004c41  GPIOIntStatus                                                     
00004c4f  __TI_decompress_none                                              
00004c61  ti_sysbios_knl_Idle_loop__E                                       
00004c71  ti_sysbios_knl_Queue_empty__E                                     
00004c81  ti_catalog_arm_cortexm4_tiva_ce_Boot_init__I                      
00004c8d  _register_lock                                                    
00004c99  _register_unlock                                                  
00004ca5  __TI_zero_init                                                    
00004cb1  ti_sysbios_family_arm_lm4_Timer_getMaxTicks__E                    
00004cbd  ti_sysbios_family_arm_m3_Hwi_Params__init__S                      
00004cbd  ti_sysbios_hal_Hwi_HwiProxy_Params__init__S                       
00004cc9  ti_sysbios_family_arm_m3_Hwi_disableFxn__E                        
00004cc9  ti_sysbios_hal_Hwi_HwiProxy_disable__E                            
00004cd9  ti_sysbios_family_arm_m3_TaskSupport_checkStack__E                
00004cd9  ti_sysbios_knl_Task_SupportProxy_checkStack__E                    
00004ce9  ti_sysbios_gates_GateHwi_enter__E                                 
00004cf5  ti_sysbios_knl_Queue_Object__get__S                               
00004d01  ti_sysbios_knl_Semaphore_Params__init__S                          
00004d0d  uDMAControlBaseSet                                                
00004d19  uDMAErrorStatusClear                                              
00004d25  uDMAErrorStatusGet                                                
00004d31  uDMAIntStatus                                                     
00004d3d  xdc_runtime_Error_init__E                                         
00004d49  xdc_runtime_Gate_enterSystem__E                                   
00004d55  xdc_runtime_Memory_calloc__E                                      
00004d61  xdc_runtime_Memory_getMaxDefaultTypeAlign__E                      
00004d6d  SPITivaDMA_init                                                   
00004d77  SSIDMADisable                                                     
00004d81  SSIDisable                                                        
00004d8b  SSIEnable                                                         
00004d95  SSIIntDisable                                                     
00004d9f  xdc_runtime_Memory_HeapProxy_alloc__E                             
00004da9  xdc_runtime_Memory_HeapProxy_free__E                              
00004db3  SSIDMAEnable                                                      
00004dbb  SSIIntEnable                                                      
00004dc3  ti_sysbios_family_arm_lm4_Timer_masterDisable__I                  
00004dcb  SPITivaDMA_control                                                
00004dd1  ti_sysbios_family_arm_m3_Hwi_doSwiRestore__I                      
00004dd9  ti_sysbios_family_arm_m3_Hwi_startup__E                           
00004dd9  ti_sysbios_hal_Hwi_HwiProxy_startup__E                            
00004dd9  ti_sysbios_hal_Hwi_startup__E                                     
00004de7  ti_catalog_arm_cortexm4_tiva_ce_Boot_sysCtlDelayI__I              
00004df1  ti_sysbios_family_arm_m3_Hwi_doTaskRestore__I                     
00004df9  ti_sysbios_family_arm_m3_Hwi_restoreFxn__E                        
00004df9  ti_sysbios_hal_Hwi_HwiProxy_restore__E                            
00004e01  ti_sysbios_gates_GateHwi_leave__E                                 
00004e09  ti_sysbios_heaps_HeapMem_isBlocking__E                            
00004e11  ti_sysbios_knl_Queue_Instance_init__E                             
00004e19  ti_sysbios_knl_Swi_startup__E                                     
00004e1f  xdc_runtime_System_Module_startup__E                              
00004e29  ti_sysbios_gates_GateHwi_query__E                                 
00004e29  xdc_runtime_Main_Module_GateProxy_query__E                        
00004e29  xdc_runtime_System_Module_GateProxy_query__E                      
00004e31  ti_sysbios_BIOS_RtsGateProxy_query__E                             
00004e31  ti_sysbios_gates_GateMutex_query__E                               
00004e31  ti_sysbios_heaps_HeapMem_Module_GateProxy_query__E                
00004e39  ti_sysbios_knl_Task_startup__E                                    
00004e41  ti_sysbios_gates_GateHwi_Instance_init__E                         
00004e49  ti_sysbios_knl_Clock_logTick__E                                   
00004e4c  xdc_runtime_Text_charTab__A                                       
000066ad  xdc_runtime_Error_policy__C                                       
000066ae  xdc_runtime_Text_nodeTab__A                                       
0000676a  ti_catalog_arm_cortexm4_tiva_ce_Boot_Module__id__C                
000067fc  spiTivaDMAHWAttrs                                                 
00006874  SPITivaDMA_fxnTable                                               
000069bc  SPI_config                                                        
000069ec  ti_sysbios_family_arm_m3_Hwi_Object__PARAMS__C                    
00006a1c  ti_sysbios_heaps_HeapMem_Module__FXNS__C                          
00006a44  ti_sysbios_gates_GateHwi_Module__FXNS__C                          
00006a68  ti_sysbios_gates_GateMutex_Module__FXNS__C                        
00006a8c  ti_sysbios_heaps_HeapMem_Object__PARAMS__C                        
00006ab0  ti_sysbios_knl_Semaphore_Object__PARAMS__C                        
00006ad4  SPI_defaultParams                                                 
00006af4  ti_sysbios_family_arm_m3_Hwi_Object__DESC__C                      
00006b14  ti_sysbios_gates_GateHwi_Object__DESC__C                          
00006b34  ti_sysbios_gates_GateMutex_Object__DESC__C                        
00006b54  ti_sysbios_heaps_HeapMem_Object__DESC__C                          
00006b74  ti_sysbios_knl_Queue_Object__DESC__C                              
00006b94  ti_sysbios_knl_Semaphore_Object__DESC__C                          
00006bb4  xdc_runtime_Startup_sfxnTab__A                                    
00006bd4  ti_sysbios_gates_GateHwi_Object__PARAMS__C                        
00006bec  ti_sysbios_gates_GateMutex_Object__PARAMS__C                      
00006c04  ti_sysbios_knl_Queue_Object__PARAMS__C                            
00006c1c  GPIOTiva_config                                                   
00006c30  xdc_runtime_Startup_firstFxns__A                                  
00006c44  xdc_runtime_Startup_sfxnRts__A                                    
00006c54  ti_sysbios_family_arm_m3_Hwi_excHookFuncs__A                      
00006c5c  ti_sysbios_knl_Idle_funcList__C                                   
00006c64  xdc_runtime_Startup_firstFxns__C                                  
00006c6c  xdc_runtime_Startup_lastFxns__C                                   
00006c74  ti_catalog_arm_cortexm4_tiva_ce_Boot_A_mustUseEnhancedClockMode__C
00006c78  ti_catalog_arm_cortexm4_tiva_ce_Boot_Module__diagsEnabled__C      
00006c7c  ti_catalog_arm_cortexm4_tiva_ce_Boot_Module__diagsIncluded__C     
00006c80  ti_catalog_arm_cortexm4_tiva_ce_Boot_Module__diagsMask__C         
00006c84  ti_sysbios_family_arm_lm4_Timer_enableFunc__C                     
00006c88  ti_sysbios_family_arm_lm4_Timer_numTimerDevices__C                
00006c8c  ti_sysbios_family_arm_lm4_Timer_startupNeeded__C                  
00006c90  ti_sysbios_family_arm_m3_Hwi_E_NMI__C                             
00006c94  ti_sysbios_family_arm_m3_Hwi_E_alreadyDefined__C                  
00006c98  ti_sysbios_family_arm_m3_Hwi_E_busFault__C                        
00006c9c  ti_sysbios_family_arm_m3_Hwi_E_debugMon__C                        
00006ca0  ti_sysbios_family_arm_m3_Hwi_E_hardFault__C                       
00006ca4  ti_sysbios_family_arm_m3_Hwi_E_memFault__C                        
00006ca8  ti_sysbios_family_arm_m3_Hwi_E_noIsr__C                           
00006cac  ti_sysbios_family_arm_m3_Hwi_E_reserved__C                        
00006cb0  ti_sysbios_family_arm_m3_Hwi_E_svCall__C                          
00006cb4  ti_sysbios_family_arm_m3_Hwi_E_usageFault__C                      
00006cb8  ti_sysbios_family_arm_m3_Hwi_NUM_INTERRUPTS__C                    
00006cbc  ti_sysbios_family_arm_m3_Hwi_Object__count__C                     
00006cc0  ti_sysbios_family_arm_m3_Hwi_ccr__C                               
00006cc4  ti_sysbios_family_arm_m3_Hwi_excHandlerFunc__C                    
00006cc8  ti_sysbios_family_arm_m3_Hwi_excHookFuncs__C                      
00006ccc  ti_sysbios_family_arm_m3_Hwi_nullIsrFunc__C                       
00006cd0  ti_sysbios_family_arm_m3_Hwi_priGroup__C                          
00006cd4  ti_sysbios_gates_GateMutex_Instance_State_sem__O                  
00006cd8  ti_sysbios_hal_Hwi_E_stackOverflow__C                             
00006cdc  ti_sysbios_heaps_HeapMem_E_memory__C                              
00006ce0  ti_sysbios_heaps_HeapMem_Module__gateObj__C                       
00006ce4  ti_sysbios_heaps_HeapMem_Object__count__C                         
00006ce8  ti_sysbios_heaps_HeapMem_reqAlign__C                              
00006cec  ti_sysbios_knl_Clock_Module_State_clockQ__O                       
00006cf0  ti_sysbios_knl_Idle_funcList__A                                   
00006cf4  ti_sysbios_knl_Semaphore_Instance_State_pendQ__O                  
00006cf8  ti_sysbios_knl_Swi_Object__count__C                               
00006cfc  ti_sysbios_knl_Task_E_spOutOfBounds__C                            
00006d00  ti_sysbios_knl_Task_E_stackOverflow__C                            
00006d04  ti_sysbios_knl_Task_Module_State_inactiveQ__O                     
00006d08  ti_sysbios_knl_Task_Object__count__C                              
00006d0c  ti_sysbios_knl_Task_allBlockedFunc__C                             
00006d10  ti_sysbios_knl_Task_numConstructedTasks__C                        
00006d14  xdc_runtime_Assert_E_assertFailed__C                              
00006d18  xdc_runtime_Core_A_initializedParams__C                           
00006d1c  xdc_runtime_Core_Module__diagsEnabled__C                          
00006d20  xdc_runtime_Core_Module__diagsIncluded__C                         
00006d24  xdc_runtime_Core_Module__diagsMask__C                             
00006d28  xdc_runtime_Error_E_memory__C                                     
00006d2c  xdc_runtime_Error_Module__diagsEnabled__C                         
00006d30  xdc_runtime_Error_Module__diagsIncluded__C                        
00006d34  xdc_runtime_Error_Module__diagsMask__C                            
00006d38  xdc_runtime_Error_Module__loggerFxn8__C                           
00006d3c  xdc_runtime_Error_Module__loggerObj__C                            
00006d40  xdc_runtime_Error_policyFxn__C                                    
00006d44  xdc_runtime_Error_raiseHook__C                                    
00006d48  xdc_runtime_IGateProvider_Interface__BASE__C                      
00006d4c  xdc_runtime_IHeap_Interface__BASE__C                              
00006d50  xdc_runtime_IModule_Interface__BASE__C                            
00006d54  xdc_runtime_Log_L_error__C                                        
00006d58  xdc_runtime_Memory_defaultHeapInstance__C                         
00006d5c  xdc_runtime_Startup_execImpl__C                                   
00006d60  xdc_runtime_Startup_maxPasses__C                                  
00006d64  xdc_runtime_Startup_sfxnRts__C                                    
00006d68  xdc_runtime_Startup_sfxnTab__C                                    
00006d6c  xdc_runtime_SysMin_bufSize__C                                     
00006d70  xdc_runtime_SysMin_outputFunc__C                                  
00006d74  xdc_runtime_System_Module__gateObj__C                             
00006d78  xdc_runtime_System_abortFxn__C                                    
00006d7c  xdc_runtime_System_exitFxn__C                                     
00006d80  xdc_runtime_System_extendFxn__C                                   
00006d84  xdc_runtime_System_maxAtexitHandlers__C                           
00006d88  xdc_runtime_Text_charTab__C                                       
00006d8c  xdc_runtime_Text_nameEmpty__C                                     
00006d90  xdc_runtime_Text_nameStatic__C                                    
00006d94  xdc_runtime_Text_nameUnknown__C                                   
00006d98  xdc_runtime_Text_nodeTab__C                                       
00006d9c  xdc_runtime_Text_visitRopeFxn__C                                  
00006da0  ti_sysbios_family_arm_m3_Hwi_Module__id__C                        
00006da2  ti_sysbios_hal_Hwi_Module__id__C                                  
00006da4  ti_sysbios_heaps_HeapMem_Module__id__C                            
00006da6  ti_sysbios_knl_Task_Module__id__C                                 
00006da8  xdc_runtime_Core_Module__id__C                                    
00006daa  xdc_runtime_Error_Module__loggerDefined__C                        
00006dac  xdc_runtime_Error_maxDepth__C                                     
00006dae  xdc_runtime_Memory_Module__id__C                                  
00006db0  xdc_runtime_SysMin_flushAtExit__C                                 
00006db2  xdc_runtime_Text_charCnt__C                                       
00006db4  xdc_runtime_Text_isLoaded__C                                      
00006db6  xdc_runtime_Text_registryModsLastId__C                            
00006db8  xdc_runtime_Text_unnamedModsLastId__C                             
00006dc0  __TI_static_base__                                                
00006f84  __TI_Handler_Table_Base                                           
00006f90  __TI_Handler_Table_Limit                                          
00006fa0  __TI_CINIT_Base                                                   
00006fb8  __TI_CINIT_Limit                                                  
20000000  ti_sysbios_family_arm_m3_Hwi_ramVectors                           
20000400  ti_sysbios_heaps_HeapMem_Instance_State_0_buf__A                  
20000c00  xdc_runtime_SysMin_Module_State_0_outbuf__A                       
20001000  ti_sysbios_family_arm_m3_Hwi_dispatchTable                        
200013f0  parmbuf                                                           
200013fc  spi                                                               
20001600  ti_sysbios_knl_Task_Instance_State_0_stack__A                     
20001800  __CIOBUF_                                                         
20001920  spiTivaDMAObjects                                                 
20001a20  spiTivaDMAscratchBuf                                              
20001a2c  ti_sysbios_knl_Swi_Module_State_0_readyQ__A                       
20001aac  ti_sysbios_knl_Task_Module_State_0_readyQ__A                      
20001b2c  ti_sysbios_knl_Task_Object__table__V                              
20001b78  ti_sysbios_knl_Task_Module__state__V                              
20001bbc  ti_sysbios_family_arm_lm4_Timer_Object__table__V                  
20001bfc  ti_sysbios_gates_GateMutex_Object__table__V                       
20001c34  ti_sysbios_family_arm_m3_Hwi_Module__state__V                     
20001c68  ti_sysbios_family_arm_lm4_Timer_Module_State_0_device__A          
20001c98  ti_sysbios_knl_Swi_Object__table__V                               
20001cc8  ti_sysbios_knl_Clock_Module__state__V                             
20001cf4  ti_sysbios_BIOS_Module__state__V                                  
20001d18  ti_sysbios_knl_Swi_Module__state__V                               
20001d34  ti_sysbios_family_arm_lm4_Timer_Module_State_0_handles__A         
20001d4c  ti_sysbios_family_arm_m3_Hwi_Object__table__V                     
20001d64  ti_sysbios_heaps_HeapMem_Object__table__V                         
20001d7c  gpioPinConfigs                                                    
20001d90  ti_sysbios_family_arm_lm4_Timer_Module__state__V                  
20001d9c  xdc_runtime_SysMin_Module__state__V                               
20001da8  _lock                                                             
20001dac  _unlock                                                           
20001db0  gpioCallbackFunctions                                             
20001db8  ti_sysbios_family_arm_m3_Hwi_Module__root__V                      
20001dc0  ti_sysbios_gates_GateHwi_Module__root__V                          
20001dc8  ti_sysbios_gates_GateMutex_Module__root__V                        
20001dd0  ti_sysbios_heaps_HeapMem_Module__root__V                          
20001dd8  ti_sysbios_knl_Queue_Module__root__V                              
20001de0  ti_sysbios_knl_Semaphore_Module__root__V                          
20001de8  xdc_runtime_Registry_Module__state__V                             
20001df0  xdc_runtime_Startup_Module__state__V                              
20001df8  xdc_runtime_System_Module_State_0_atexitHandlers__A               
20001e00  xdc_runtime_System_Module__state__V                               
20001e0e  ti_sysbios_family_arm_m3_Hwi_Module_State_0_excActive__A          
20001e14  main_func_sp                                                      
20001e18  ti_sysbios_family_arm_m3_Hwi_Module_State_0_excContext__A         
20001e1c  ti_sysbios_family_arm_m3_Hwi_Module_State_0_excStack__A           
20001e20  ti_sysbios_gates_GateHwi_Object__table__V                         
20001e24  ti_sysbios_knl_Task_Module_State_0_idleTask__A                    
20001e28  xdc_runtime_Memory_Module__state__V                               
20001e2c  xdc_runtime_Error_Module__state__V                                
20001e30  __stack                                                           
20002130  __STACK_END                                                       
e000e000  ti_sysbios_family_arm_m3_Hwi_nvic                                 
ffffffff  __TI_pprof_out_hndl                                               
ffffffff  __TI_prof_data_size                                               
ffffffff  __TI_prof_data_start                                              
ffffffff  __binit__                                                         
ffffffff  __c_args__                                                        
ffffffff  binit                                                             
UNDEFED   SHT$$INIT_ARRAY$$Base                                             
UNDEFED   SHT$$INIT_ARRAY$$Limit                                            

[546 symbols]
