******************************************************************************
                  TI ARM Linker PC v19.6.0                     
******************************************************************************
>> Linked Tue Apr  7 01:03:25 2020

OUTPUT FILE NAME:   <SlaveController.out>
ENTRY POINT SYMBOL: "_c_int00"  address: 00006edd


MEMORY CONFIGURATION

         name            origin    length      used     unused   attr    fill
----------------------  --------  ---------  --------  --------  ----  --------
  FLASH                 00000000   00040000  0000bf0e  000340f2  R  X
  SRAM                  20000000   00008000  00004b24  000034dc  RW X


SEGMENT ALLOCATION MAP

run origin  load origin   length   init length attrs members
----------  ----------- ---------- ----------- ----- -------
00000000    00000000    0000bf18   0000bf18    r-x
  00000000    00000000    0000003c   0000003c    r-- .resetVecs
  00000040    00000040    00009a2a   00009a2a    r-x .text
  00009a6c    00009a6c    00002250   00002250    r-- .const
  0000bcc0    0000bcc0    00000258   00000258    r-- .cinit
20000000    20000000    00000360   00000000    rw-
  20000000    20000000    00000360   00000000    rw- .vecs
20000400    20000400    000047c8   00000000    rw-
  20000400    20000400    00003f3a   00000000    rw- .bss
  2000433c    2000433c    0000058a   00000000    rw- .data
  200048c8    200048c8    00000300   00000000    rw- .stack


SECTION ALLOCATION MAP

 output                                  attributes/
section   page    origin      length       input sections
--------  ----  ----------  ----------   ----------------
.text      0    00000040    00009a2a     
                  00000040    00000430     sysbios.aem4f : BIOS.obj (.text:ti_sysbios_family_arm_m3_Hwi_excDumpRegs__I)
                  00000470    0000034c     ti.targets.arm.rtsarm.aem4f : System.oem4f (.text:xdc_runtime_System_doPrint__I)
                  000007bc    00000324     ti.mw.fatfs.aem4f : ff.oem4f (.text:find_volume)
                  00000ae0    000002b8     sysbios.aem4f : BIOS.obj (.text:ti_sysbios_knl_Semaphore_pend__E)
                  00000d98    000002a0     rtsv7M4_T_le_v4SPD16_eabi.lib : mktime.c.obj (.text:__mktime32)
                  00001038    0000026c     sysbios.aem4f : BIOS.obj (.text:ti_sysbios_heaps_HeapMem_free__E)
                  000012a4    00000004     driverlib.lib : ssi.obj (.text:SSIIntClear)
                  000012a8    00000250     sysbios.aem4f : BIOS.obj (.text:ti_sysbios_heaps_HeapMem_alloc__E)
                  000014f8    00000234                   : BIOS.obj (.text:ti_sysbios_knl_Task_Instance_finalize__E)
                  0000172c    0000020c     drivers_tivaware.aem4f : UARTTiva.oem4f (.text:UARTTiva_open)
                  00001938    000001f4                            : SDSPITiva.oem4f (.text:SDSPITiva_diskInitialize)
                  00001b2c    00000004     driverlib.lib : uart.obj (.text:UARTIntClear)
                  00001b30    000001f4     sysbios.aem4f : BIOS.obj (.text:ti_sysbios_family_arm_m3_Hwi_excHandlerMax__I)
                  00001d24    00000004     rtsv7M4_T_le_v4SPD16_eabi.lib : exit.c.obj (.text:abort:abort)
                  00001d28    000001d8     sysbios.aem4f : BIOS.obj (.text:ti_sysbios_knl_Task_sleep__E)
                  00001f00    000001c0                   : BIOS.obj (.text:ti_sysbios_knl_Task_Instance_init__E)
                  000020c0    000001a4     ti.mw.fatfs.aem4f : ff.oem4f (.text:f_write)
                  00002264    00000178                       : ff.oem4f (.text:f_read)
                  000023dc    00000004                       : ffosal.oem4f (.text:ff_rel_grant)
                  000023e0    00000174     sysbios.aem4f : BIOS.obj (.text:ti_sysbios_family_arm_m3_Hwi_excBusFault__I)
                  00002554    00000164     ti.mw.fatfs.aem4f : ff.oem4f (.text:f_open)
                  000026b8    00000164     sysbios.aem4f : BIOS.obj (.text:ti_sysbios_family_arm_m3_Hwi_excUsageFault__I)
                  0000281c    0000015a     ti.mw.fatfs.aem4f : ff.oem4f (.text:f_lseek)
                  00002976    00000002     drivers_tivaware.aem4f : SPITivaDMA.oem4f (.text:SPITivaDMA_serviceISR)
                  00002978    00000150                            : GPIOTiva.oem4f (.text:GPIO_setConfig)
                  00002ac8    00000148     sysbios.aem4f : BIOS.obj (.text:ti_sysbios_family_arm_m3_Hwi_excMemFault__I)
                  00002c10    0000013c                   : BIOS.obj (.text:ti_sysbios_heaps_HeapMem_Instance_init__E)
                  00002d4c    00000134     rtsv7M4_T_le_v4SPD16_eabi.lib : localtim.c.obj (.text:__localtime32)
                  00002e80    00000130     driverlib.lib : gpio.obj (.text:GPIOPadConfigSet)
                  00002fb0    00000123     ti.mw.fatfs.aem4f : ff.oem4f (.text:create_name)
                  000030d3    00000001     --HOLE-- [fill = 0]
                  000030d4    00000004                       : diskio.oem4f (.text:get_fattime)
                  000030d8    0000011c     sysbios.aem4f : BIOS.obj (.text:ti_sysbios_knl_Clock_Instance_init__E)
                  000031f4    00000118     ti.targets.arm.rtsarm.aem4f : Error.oem4f (.text:xdc_runtime_Error_policyDefault__E)
                  0000330c    00000108     drivers_tivaware.aem4f : SDSPITiva.oem4f (.text:SDSPITiva_open)
                  00003414    00000004     SlaveController_pem4f.oem4f (.text:ti_sysbios_BIOS_RtsGateProxy_enter__E)
                  00003418    00000108     sysbios.aem4f : BIOS.obj (.text:ti_sysbios_family_arm_lm4_Timer_start__E)
                  00003520    00000100     SRAM.obj (.text:SRAM_writeMemory_specifiedAddress)
                  00003620    00000100     Boot.aem4f : Boot_sysctl.oem4f (.text:ti_catalog_arm_cortexm4_tiva_ce_Boot_sysCtlClockSetI__I)
                  00003720    00000100     ti.targets.arm.rtsarm.aem4f : Core-mem.oem4f (.text:xdc_runtime_Core_createObject__I)
                  00003820    000000fe     ti.mw.fatfs.aem4f : ff.oem4f (.text:f_rename)
                  0000391e    000000fa                       : ff.oem4f (.text:dir_next)
                  00003a18    000000f8     ti.targets.arm.rtsarm.aem4f : Startup.oem4f (.text:xdc_runtime_Startup_startMods__I)
                  00003b10    000000f8     SlaveController_pem4f.oem4f (.text:xdc_runtime_System_printfExtend__I)
                  00003c08    000000f4     drivers_tivaware.aem4f : SDSPITiva.oem4f (.text:SDSPITiva_diskIOctrl)
                  00003cfc    000000f4     sysbios.aem4f : m3_Hwi_asm.obj (.text:ti_sysbios_family_arm_m3_Hwi_dispatch__I)
                  00003df0    000000ec     ti.mw.fatfs.aem4f : ff.oem4f (.text:put_fat)
                  00003edc    00000004     SlaveController_pem4f.oem4f (.text:ti_sysbios_BIOS_RtsGateProxy_leave__E)
                  00003ee0    000000ec     sysbios.aem4f : BIOS.obj (.text:ti_sysbios_knl_Semaphore_post__E)
                  00003fcc    000000e8     drivers_tivaware.aem4f : SDSPITiva.oem4f (.text:SDSPITiva_diskWrite)
                  000040b4    000000d8                            : SPITivaDMA.oem4f (.text:SPITivaDMA_open)
                  0000418c    00000004     sysbios.aem4f : BIOS.obj (.text:ti_sysbios_family_arm_lm4_Timer_masterEnable__I)
                  00004190    000000d8                   : BIOS.obj (.text:ti_sysbios_family_arm_lm4_TimestampProvider_get32__E)
                  00004268    000000d6     ti.mw.fatfs.aem4f : ff.oem4f (.text:get_fat)
                  0000433e    00000002     rtsv7M4_T_le_v4SPD16_eabi.lib : _lock.c.obj (.text:_nop)
                  00004340    000000cc     ti.targets.arm.rtsarm.aem4f : Core-smem.oem4f (.text:xdc_runtime_Core_constructObject__I)
                  0000440c    000000c6     drivers_tivaware.aem4f : SDSPITiva.oem4f (.text:send_cmd)
                  000044d2    00000002     rtsv7M4_T_le_v4SPD16_eabi.lib : div0.asm.obj (.text)
                  000044d4    000000c4     start.obj (.text:main)
                  00004598    000000c0     drivers_tivaware.aem4f : SDSPITiva.oem4f (.text:SDSPITiva_diskRead)
                  00004658    000000c0                            : SPITivaDMA.oem4f (.text:SPITivaDMA_configDMA)
                  00004718    000000bc     EK_TM4C123GXL.obj (.text:EK_TM4C123GXL_initSPI)
                  000047d4    00000004     SlaveController_pem4f.oem4f (.text:ti_sysbios_family_arm_m3_Hwi_destruct)
                  000047d8    000000bc     sysbios.aem4f : BIOS.obj (.text:ti_sysbios_family_arm_m3_Hwi_excDebugMon__I)
                  00004894    00000004     SlaveController_pem4f.oem4f (.text:ti_sysbios_family_arm_m3_TaskSupport_Module__startupDone__S)
                  00004898    000000bc     sysbios.aem4f : BIOS.obj (.text:ti_sysbios_family_arm_m3_Hwi_excHardFault__I)
                  00004954    000000b8     rtsv7M4_T_le_v4SPD16_eabi.lib : add_device.c.obj (.text:add_device)
                  00004a0c    000000b8     ti.mw.fatfs.aem4f : ffcio.oem4f (.text:ffcio_open)
                  00004ac4    000000b4                       : ff.oem4f (.text:sync_fs)
                  00004b78    000000b4     sysbios.aem4f : BIOS.obj (.text:ti_sysbios_gates_GateMutex_enter__E)
                  00004c2c    00000004     SlaveController_pem4f.oem4f (.text:ti_sysbios_heaps_HeapMem_Module_GateProxy_enter__E)
                  00004c30    000000b4     sysbios.aem4f : BIOS.obj (.text:ti_sysbios_knl_Task_checkStacks__E)
                  00004ce4    000000ac     drivers_tivaware.aem4f : UARTTiva.oem4f (.text:readTaskBlocking)
                  00004d90    000000ac     sysbios.aem4f : BIOS.obj (.text:ti_sysbios_family_arm_lm4_Timer_enableTiva__I)
                  00004e3c    000000a8     ti.mw.fatfs.aem4f : ff.oem4f (.text:create_chain)
                  00004ee4    000000a4     drivers_tivaware.aem4f : SPITivaDMA.oem4f (.text:SPITivaDMA_initHw)
                  00004f88    000000a4     ti.mw.fatfs.aem4f : ff.oem4f (.text:f_unlink)
                  0000502c    00000004     SlaveController_pem4f.oem4f (.text:ti_sysbios_heaps_HeapMem_Module_GateProxy_leave__E)
                  00005030    000000a4     sysbios.aem4f : BIOS.obj (.text:ti_sysbios_knl_Clock_Instance_finalize__E)
                  000050d4    000000a0     auto_init.aem4f : auto_init.oem4f (.text)
                  00005174    000000a0     drivers_tivaware.aem4f : SDSPITiva.oem4f (.text:rcvr_datablock)
                  00005214    000000a0     ti.targets.arm.rtsarm.aem4f : Text.oem4f (.text:xdc_runtime_Text_putMod__E)
                  000052b4    0000009c     ti.mw.fatfs.aem4f : ff.oem4f (.text:f_sync)
                  00005350    0000009c     rtsv7M4_T_le_v4SPD16_eabi.lib : memcpy_t2.asm.obj (.text)
                  000053ec    00000004     SlaveController_pem4f.oem4f (.text:ti_sysbios_knl_Clock_TimerProxy_getMaxTicks__E)
                  000053f0    0000009c     sysbios.aem4f : BIOS.obj (.text:ti_sysbios_knl_Semaphore_Instance_init__E)
                  0000548c    0000009a     ti.targets.arm.rtsarm.aem4f : Text.oem4f (.text:xdc_runtime_Text_putSite__E)
                  00005526    0000009a     drivers_tivaware.aem4f : SDSPITiva.oem4f (.text:xmit_datablock)
                  000055c0    00000098                            : UARTTiva.oem4f (.text:UARTTiva_readPolling)
                  00005658    00000098     Boot.aem4f : Boot.oem4f (.text:ti_catalog_arm_cortexm4_tiva_ce_Boot_sysCtlClockSet__E)
                  000056f0    00000096     rtsv7M4_T_le_v4SPD16_eabi.lib : ull_div_t2.asm.obj (.text)
                  00005786    00000002     SlaveController_pem4f.oem4f (.text:ti_sysbios_BIOS_nullFunc__I)
                  00005788    00000094     SRAM.obj (.text:SRAM_init)
                  0000581c    00000094     drivers_tivaware.aem4f : UARTTiva.oem4f (.text:UARTTiva_write)
                  000058b0    00000094     sysbios.aem4f : BIOS.obj (.text:ti_sysbios_family_arm_m3_Hwi_Instance_init__E)
                  00005944    00000004     SlaveController_pem4f.oem4f (.text:ti_sysbios_knl_Clock_TimerProxy_getPeriod__E)
                  00005948    00000094     sysbios.aem4f : BIOS.obj (.text:ti_sysbios_family_arm_m3_Hwi_initNVIC__E)
                  000059dc    00000004     SlaveController_pem4f.oem4f (.text:ti_sysbios_knl_Clock_destruct)
                  000059e0    00000094     sysbios.aem4f : BIOS.obj (.text:ti_sysbios_knl_Task_postInit__I)
                  00005a74    0000008c     drivers_tivaware.aem4f : GPIOTiva.oem4f (.text:GPIO_init)
                  00005b00    0000008c                            : UARTTiva.oem4f (.text:UARTTiva_control)
                  00005b8c    0000008c     sysbios.aem4f : m3_TaskSupport_asm.obj (.text:ti_sysbios_family_arm_m3_TaskSupport_buildTaskStack)
                  00005c18    0000008a     drivers_tivaware.aem4f : UARTTiva.oem4f (.text:readIsrTextBlocking)
                  00005ca2    00000002     SlaveController_pem4f.oem4f (.text:xdc_runtime_Startup_reset__I)
                  00005ca4    00000088     EK_TM4C123GXL.obj (.text:EK_TM4C123GXL_initDMA)
                  00005d2c    00000088     UART.obj (.text:UART_start)
                  00005db4    00000004     SlaveController_pem4f.oem4f (.text:ti_sysbios_knl_Queue_destruct)
                  00005db8    00000084     sysbios.aem4f : BIOS.obj (.text:ti_sysbios_family_arm_m3_Hwi_postInit__I)
                  00005e3c    00000084     driverlib.lib : udma.obj (.text:uDMAChannelTransferSet)
                  00005ec0    00000082     drivers_tivaware.aem4f : UARTTiva.oem4f (.text:readIsrTextCallback)
                  00005f42    0000007e     ti.mw.fatfs.aem4f : ff.oem4f (.text:dir_sdi)
                  00005fc0    0000007c                       : ff.oem4f (.text:f_mount)
                  0000603c    0000007a     start.obj (.text:_Z5startjj)
                  000060b6    0000007a     drivers_tivaware.aem4f : UARTTiva.oem4f (.text:readTaskCallback)
                  00006130    0000007a     rtsv7M4_T_le_v4SPD16_eabi.lib : memset_t2.asm.obj (.text)
                  000061aa    00000002     --HOLE-- [fill = 0]
                  000061ac    00000074     ti.mw.fatfs.aem4f : ff.oem4f (.text:check_fs)
                  00006220    00000074     sysbios.aem4f : BIOS.obj (.text:ti_sysbios_knl_Clock_start__E)
                  00006294    00000004     SlaveController_pem4f.oem4f (.text:ti_sysbios_knl_Semaphore_destruct)
                  00006298    00000070     sysbios.aem4f : BIOS.obj (.text:ti_sysbios_knl_Clock_workFunc__E)
                  00006308    00000070                   : BIOS.obj (.text:ti_sysbios_knl_Task_exit__E)
                  00006378    0000006e     rtsv7M4_T_le_v4SPD16_eabi.lib : ll_div_t2.asm.obj (.text)
                  000063e6    00000002     --HOLE-- [fill = 0]
                  000063e8    0000006d     ti.targets.arm.rtsarm.aem4f : System.oem4f (.text:xdc_runtime_System_formatNum__I)
                  00006455    00000003     --HOLE-- [fill = 0]
                  00006458    0000006c     SRAM.obj (.text:SRAM_readMemory)
                  000064c4    00000004     ti.targets.arm.rtsarm.aem4f : Error.oem4f (.text:xdc_runtime_Error_getSite__E)
                  000064c8    0000006c     sysbios.aem4f : BIOS.obj (.text:ti_sysbios_knl_Swi_restoreHwi__E)
                  00006534    0000006c     drivers_tivaware.aem4f : UARTTiva.oem4f (.text:writeData)
                  000065a0    0000006c     ti.targets.arm.rtsarm.aem4f : Error.oem4f (.text:xdc_runtime_Error_print__E)
                  0000660c    0000006c                                 : Memory.oem4f (.text:xdc_runtime_Memory_alloc__E)
                  00006678    00000068     rtsv7M4_T_le_v4SPD16_eabi.lib : hostlseek.c.obj (.text:HOSTlseek)
                  000066e0    00000068                                   : hostrename.c.obj (.text:HOSTrename)
                  00006748    00000068                                   : copy_decompress_lzss.c.obj (.text:decompress:lzss:__TI_decompress_lzss)
                  000067b0    00000066     ti.targets.arm.rtsarm.aem4f : Core-mem.oem4f (.text:xdc_runtime_Core_deleteObject__I)
                  00006816    00000002     --HOLE-- [fill = 0]
                  00006818    00000064     drivers_tivaware.aem4f : GPIOTiva.oem4f (.text:GPIO_hwiIntFxn)
                  0000687c    00000064     ti.mw.fatfs.aem4f : ff.oem4f (.text:follow_path)
                  000068e0    00000064     sysbios.aem4f : BIOS.obj (.text:ti_sysbios_family_arm_lm4_Timer_Module_startup__E)
                  00006944    00000064     SlaveController_pem4f.oem4f (.text:ti_sysbios_family_arm_m3_Hwi_create)
                  000069a8    00000064     sysbios.aem4f : BIOS.obj (.text:ti_sysbios_family_arm_m3_Hwi_dispatchC__I)
                  00006a0c    00000062     drivers_tivaware.aem4f : SPITivaDMA.oem4f (.text:SPITivaDMA_transfer)
                  00006a6e    00000002     --HOLE-- [fill = 0]
                  00006a70    00000060     rtsv7M4_T_le_v4SPD16_eabi.lib : hostopen.c.obj (.text:HOSTopen)
                  00006ad0    00000060     sysbios.aem4f : BIOS.obj (.text:ti_sysbios_knl_Task_schedule__I)
                  00006b30    0000005e     drivers_tivaware.aem4f : UARTTiva.oem4f (.text:readIsrBinaryBlocking)
                  00006b8e    0000005e     ti.mw.fatfs.aem4f : ff.oem4f (.text:remove_chain)
                  00006bec    0000005c     EK_TM4C123GXL.obj (.text:EK_TM4C123GXL_initSDSPI)
                  00006c48    0000005c     SRAM.obj (.text:SRAM_readSFDP)
                  00006ca4    00000004     SlaveController_pem4f.oem4f (.text:xdc_runtime_System_Module_GateProxy_enter__E)
                  00006ca8    0000005c     sysbios.aem4f : BIOS.obj (.text:ti_sysbios_knl_Swi_run__I)
                  00006d04    00000004     SlaveController_pem4f.oem4f (.text:xdc_runtime_System_Module_GateProxy_leave__E)
                  00006d08    0000005c     sysbios.aem4f : BIOS.obj (.text:ti_sysbios_knl_Swi_schedule__I)
                  00006d64    00000004     ti.targets.arm.rtsarm.aem4f : System.oem4f (.text:xdc_runtime_System_aprintf_va__F)
                  00006d68    0000005c     sysbios.aem4f : BIOS.obj (.text:ti_sysbios_knl_Task_Module_startup__E)
                  00006dc4    00000004     ti.targets.arm.rtsarm.aem4f : System.oem4f (.text:xdc_runtime_System_printf_va__F)
                  00006dc8    0000005c     sysbios.aem4f : BIOS.obj (.text:ti_sysbios_knl_Task_startCore__E)
                  00006e24    0000005c     drivers_tivaware.aem4f : SDSPITiva.oem4f (.text:wait_ready)
                  00006e80    0000005b     ti.targets.arm.rtsarm.aem4f : Text.oem4f (.text:xdc_runtime_Text_putLab__E)
                  00006edb    00000001     --HOLE-- [fill = 0]
                  00006edc    00000058     boot.aem4f : boot.oem4f (.text)
                  00006f34    00000058     rtsv7M4_T_le_v4SPD16_eabi.lib : hostread.c.obj (.text:HOSTread)
                  00006f8c    00000058                                   : hostwrite.c.obj (.text:HOSTwrite)
                  00006fe4    00000058     tirtosport.aem4f : SemaphoreP_tirtos.oem4f (.text:SemaphoreP_create)
                  0000703c    00000058     SlaveController_pem4f.oem4f (.text:ti_sysbios_family_arm_m3_Hwi_construct)
                  00007094    00000058     sysbios.aem4f : m3_Hwi_asm_switch.obj (.text:ti_sysbios_family_arm_m3_Hwi_initStacks__E)
                  000070ec    00000056     driverlib.lib : gpio.obj (.text:GPIOIntTypeSet)
                  00007142    00000056     ti.mw.fatfs.aem4f : ff.oem4f (.text:dir_read)
                  00007198    00000054     drivers_tivaware.aem4f : UARTTiva.oem4f (.text:readIsrBinaryCallback)
                  000071ec    00000054     ti.mw.fatfs.aem4f : ff.oem4f (.text:sync_window)
                  00007240    00000054     sysbios.aem4f : BIOS.obj (.text:ti_sysbios_family_arm_lm4_Timer_initDevice__I)
                  00007294    00000054     SlaveController_pem4f.oem4f (.text:ti_sysbios_knl_Task_construct)
                  000072e8    00000054     ti.targets.arm.rtsarm.aem4f : Assert.oem4f (.text:xdc_runtime_Assert_raise__I)
                  0000733c    00000050     drivers_tivaware.aem4f : GPIOTiva.oem4f (.text:GPIO_setCallback)
                  0000738c    00000050     driverlib.lib : sysctl.obj (.text:SysCtlPeripheralReset)
                  000073dc    00000050     drivers_tivaware.aem4f : UARTTiva.oem4f (.text:UARTTiva_writeCancel)
                  0000742c    00000004     --HOLE-- [fill = 0]
                  00007430    00000050     sysbios.aem4f : BIOS.obj (.text:ti_sysbios_family_arm_m3_Hwi_Module_startup__E)
                  00007480    00000050     ti.targets.arm.rtsarm.aem4f : Startup.oem4f (.text:xdc_runtime_Startup_exec__E)
                  000074d0    00000050                                 : Text.oem4f (.text:xdc_runtime_Text_visitRope2__I)
                  00007520    0000004c     drivers_tivaware.aem4f : UARTTiva.oem4f (.text:UARTTiva_close)
                  0000756c    0000004c     rtsv7M4_T_le_v4SPD16_eabi.lib : cpy_tbl.c.obj (.text:copy_in)
                  000075b8    0000004c     SlaveController_pem4f.oem4f (.text:ti_mw_fatfs_startup)
                  00007604    00000004     --HOLE-- [fill = 0]
                  00007608    0000004c     sysbios.aem4f : BIOS.obj (.text:ti_sysbios_heaps_HeapMem_getStats__E)
                  00007654    00000004     --HOLE-- [fill = 0]
                  00007658    0000004c                   : BIOS.obj (.text:ti_sysbios_knl_Swi_runLoop__I)
                  000076a4    00000004     --HOLE-- [fill = 0]
                  000076a8    0000004c                   : BIOS.obj (.text:ti_sysbios_knl_Task_allBlockedFunction__I)
                  000076f4    00000048     driverlib.lib : gpio.obj (.text:GPIOPinConfigure)
                  0000773c    00000048     ti.mw.fatfs.aem4f : ff.oem4f (.text:dir_find)
                  00007784    00000004     --HOLE-- [fill = 0]
                  00007788    00000048     sysbios.aem4f : BIOS.obj (.text:ti_sysbios_family_arm_lm4_Timer_enableTimers__I)
                  000077d0    00000048                   : BIOS.obj (.text:ti_sysbios_family_arm_m3_Hwi_disableInterrupt__E)
                  00007818    00000048                   : BIOS.obj (.text:ti_sysbios_family_arm_m3_Hwi_enableInterrupt__E)
                  00007860    00000048                   : BIOS.obj (.text:ti_sysbios_family_arm_m3_Hwi_excReserved__I)
                  000078a8    00000046     drivers_tivaware.aem4f : RingBuf.oem4f (.text:RingBuf_put)
                  000078ee    00000046     ti.targets.arm.rtsarm.aem4f : Core-params.oem4f (.text:xdc_runtime_Core_assignParams__I)
                  00007934    00000044     rtsv7M4_T_le_v4SPD16_eabi.lib : hostclose.c.obj (.text:HOSTclose)
                  00007978    00000044                                   : hostunlink.c.obj (.text:HOSTunlink)
                  000079bc    00000044     drivers_tivaware.aem4f : SPITivaDMA.oem4f (.text:SPITivaDMA_hwiFxn)
                  00007a00    00000044     ti.mw.fatfs.aem4f : ff.oem4f (.text:dir_alloc)
                  00007a44    00000044     drivers_tivaware.aem4f : SDSPITiva.oem4f (.text:send_initial_clock_train)
                  00007a88    00000044     sysbios.aem4f : BIOS.obj (.text:ti_sysbios_family_arm_lm4_Timer_isrStub__E)
                  00007acc    00000004     --HOLE-- [fill = 0]
                  00007ad0    00000044                   : BIOS.obj (.text:ti_sysbios_family_arm_m3_Hwi_getStackInfo__E)
                  00007b14    00000004     --HOLE-- [fill = 0]
                  00007b18    00000044                   : BIOS.obj (.text:ti_sysbios_knl_Swi_post__E)
                  00007b5c    00000044     ti.targets.arm.rtsarm.aem4f : Error.oem4f (.text:xdc_runtime_Error_setX__E)
                  00007ba0    00000044                                 : SysMin.oem4f (.text:xdc_runtime_SysMin_flush__E)
                  00007be4    00000044                                 : Text.oem4f (.text:xdc_runtime_Text_xprintf__I)
                  00007c28    00000042     drivers_tivaware.aem4f : SPITivaDMA.oem4f (.text:SPITivaDMA_transferCancel)
                  00007c6a    00000042     driverlib.lib : uart.obj (.text:UARTConfigSetExpClk)
                  00007cac    00000042     drivers_tivaware.aem4f : UARTTiva.oem4f (.text:UARTTiva_hwiIntFxn)
                  00007cee    00000042                            : UARTTiva.oem4f (.text:UARTTiva_writePolling)
                  00007d30    00000040     EK_TM4C123GXL.obj (.text:EK_TM4C123GXL_initGeneral)
                  00007d70    00000040     drivers_tivaware.aem4f : RingBuf.oem4f (.text:RingBuf_get)
                  00007db0    00000040                            : SDSPITiva.oem4f (.text:SDSPITiva_close)
                  00007df0    00000040     SRAM.obj (.text:SRAM_transferSPICS)
                  00007e30    00000040     SRAM.obj (.text:SRAM_writeCommandCS)
                  00007e70    00000040     drivers_tivaware.aem4f : UARTTiva.oem4f (.text:UARTTiva_read)
                  00007eb0    00000040     ti.mw.fatfs.aem4f : ff.oem4f (.text:get_ldnumber)
                  00007ef0    00000040     rtsv7M4_T_le_v4SPD16_eabi.lib : u_divt2.asm.obj (.text)
                  00007f30    00000040     sysbios.aem4f : BIOS.obj (.text:ti_sysbios_family_arm_lm4_Timer_startup__E)
                  00007f70    0000003c     drivers_tivaware.aem4f : SPITivaDMA.oem4f (.text:SPITivaDMA_close)
                  00007fac    0000003c     driverlib.lib : ssi.obj (.text:SSIConfigSetExpClk)
                  00007fe8    0000003c     EK_TM4C123GXL.obj (.text:dmaErrorHwi)
                  00008024    00000004     --HOLE-- [fill = 0]
                  00008028    0000003c     sysbios.aem4f : BIOS.obj (.text:ti_sysbios_family_arm_m3_Hwi_excSvCall__I)
                  00008064    00000004     --HOLE-- [fill = 0]
                  00008068    0000003c                   : BIOS.obj (.text:ti_sysbios_heaps_HeapMem_init__I)
                  000080a4    00000004     --HOLE-- [fill = 0]
                  000080a8    0000003c                   : BIOS.obj (.text:ti_sysbios_knl_Swi_restore__E)
                  000080e4    00000038     drivers_tivaware.aem4f : SDSPI.oem4f (.text:SDSPI_init)
                  0000811c    00000038                            : SPI.oem4f (.text:SPI_init)
                  00008154    00000038                            : UART.oem4f (.text:UART_init)
                  0000818c    00000038     rtsv7M4_T_le_v4SPD16_eabi.lib : trgmsg.c.obj (.text:__TI_writemsg)
                  000081c4    00000038     ti.mw.fatfs.aem4f : ff.oem4f (.text:dir_register)
                  000081fc    00000004     --HOLE-- [fill = 0]
                  00008200    00000038     sysbios.aem4f : BIOS.obj (.text:ti_sysbios_family_arm_m3_Hwi_excNoIsr__I)
                  00008238    00000038                   : BIOS.obj (.text:ti_sysbios_knl_Task_processVitalTaskFlag__I)
                  00008270    00000038     ti.targets.arm.rtsarm.aem4f : SysMin.oem4f (.text:xdc_runtime_SysMin_putch__E)
                  000082a8    00000038                                 : System.oem4f (.text:xdc_runtime_System_atexit__E)
                  000082e0    00000036     drivers_tivaware.aem4f : UARTTiva.oem4f (.text:UARTTiva_readCancel)
                  00008316    00000036     ti.mw.fatfs.aem4f : ff.oem4f (.text:move_window)
                  0000834c    00000036     rtsv7M4_T_le_v4SPD16_eabi.lib : strncpy.c.obj (.text:strncpy)
                  00008382    00000036     SlaveController_pem4f.oem4f (.text:ti_mw_fatfs_getFatTime)
                  000083b8    00000034     EK_TM4C123GXL.obj (.text:EK_TM4C123GXL_initUART)
                  000083ec    00000034     driverlib.lib : sysctl.obj (.text:SysCtlPeripheralEnable)
                  00008420    00000034     rtsv7M4_T_le_v4SPD16_eabi.lib : trgmsg.c.obj (.text:__TI_readmsg)
                  00008454    00000034     ti.mw.fatfs.aem4f : ff.oem4f (.text:dir_remove)
                  00008488    00000034                       : ffcio.oem4f (.text:ffcio_lseek)
                  000084bc    00000004     --HOLE-- [fill = 0]
                  000084c0    00000034     sysbios.aem4f : BIOS.obj (.text:ti_sysbios_family_arm_m3_Hwi_Instance_finalize__E)
                  000084f4    00000004     --HOLE-- [fill = 0]
                  000084f8    00000034                   : BIOS.obj (.text:ti_sysbios_family_arm_m3_Hwi_excNmi__I)
                  0000852c    00000004     --HOLE-- [fill = 0]
                  00008530    00000034                   : BIOS.obj (.text:ti_sysbios_hal_Hwi_checkStack)
                  00008564    00000034     SlaveController_pem4f.oem4f (.text:ti_sysbios_knl_Clock_construct)
                  00008598    00000034     ti.mw.fatfs.aem4f : ff.oem4f (.text:validate)
                  000085cc    00000034     ti.targets.arm.rtsarm.aem4f : Core-label.oem4f (.text:xdc_runtime_Core_assignLabel__I)
                  00008600    00000033                                 : Text.oem4f (.text:xdc_runtime_Text_printVisFxn__I)
                  00008633    00000005     --HOLE-- [fill = 0]
                  00008638    00000032     sysbios.aem4f : BIOS.obj (.text:ti_sysbios_hal_Hwi_initStack)
                  0000866a    00000002     --HOLE-- [fill = 0]
                  0000866c    00000030     EK_TM4C123GXL.obj (.text:EK_TM4C123GXL_initGPIO)
                  0000869c    00000030     drivers_tivaware.aem4f : SPI.oem4f (.text:SPI_open)
                  000086cc    00000030                            : UART.oem4f (.text:UART_open)
                  000086fc    00000030     rtsv7M4_T_le_v4SPD16_eabi.lib : getdevice.c.obj (.text:finddevice)
                  0000872c    00000030     SlaveController_pem4f.oem4f (.text:ti_sysbios_BIOS_atExitFunc__I)
                  0000875c    00000004     --HOLE-- [fill = 0]
                  00008760    00000030     sysbios.aem4f : BIOS.obj (.text:ti_sysbios_family_arm_lm4_Timer_stop__E)
                  00008790    00000030                   : BIOS.obj (.text:ti_sysbios_family_arm_m3_TaskSupport_start__E)
                  000087c0    00000030     SlaveController_pem4f.oem4f (.text:ti_sysbios_gates_GateHwi_Object__create__S)
                  000087f0    00000030     SlaveController_pem4f.oem4f (.text:ti_sysbios_gates_GateMutex_Object__create__S)
                  00008820    00000030     SlaveController_pem4f.oem4f (.text:ti_sysbios_heaps_HeapMem_Object__create__S)
                  00008850    00000030     SlaveController_pem4f.oem4f (.text:ti_sysbios_knl_Semaphore_construct)
                  00008880    00000030     sysbios.aem4f : BIOS.obj (.text:ti_sysbios_knl_Semaphore_pendTimeout__I)
                  000088b0    00000030                   : BIOS.obj (.text:ti_sysbios_knl_Task_unblockI__E)
                  000088e0    00000030     ti.targets.arm.rtsarm.aem4f : SysMin.oem4f (.text:xdc_runtime_SysMin_abort__E)
                  00008910    00000030                                 : System.oem4f (.text:xdc_runtime_System_processAtExit__E)
                  00008940    0000002c     ti.mw.fatfs.aem4f : diskio.oem4f (.text:disk_register)
                  0000896c    0000002c     SlaveController_pem4f.oem4f (.text:ti_sysbios_knl_Clock_doTick__I)
                  00008998    0000002c     SlaveController_pem4f.oem4f (.text:ti_sysbios_knl_Queue_construct)
                  000089c4    00000004     --HOLE-- [fill = 0]
                  000089c8    0000002c     sysbios.aem4f : BIOS.obj (.text:ti_sysbios_knl_Task_restore__E)
                  000089f4    0000002c     driverlib.lib : udma.obj (.text:uDMAChannelAssign)
                  00008a20    0000002c     ti.targets.arm.rtsarm.aem4f : Text.oem4f (.text:xdc_runtime_Text_cordText__E)
                  00008a4c    0000002a     driverlib.lib : gpio.obj (.text:GPIODirModeSet)
                  00008a76    0000002a     ti.targets.arm.rtsarm.aem4f : System.oem4f (.text:xdc_runtime_System_putchar__I)
                  00008aa0    00000028     ti.mw.fatfs.aem4f : diskio.oem4f (.text:disk_unregister)
                  00008ac8    00000028     SlaveController_pem4f.oem4f (.text:ti_sysbios_BIOS_startFunc__I)
                  00008af0    00000028     sysbios.aem4f : BIOS.obj (.text:ti_sysbios_knl_Swi_Module_startup__E)
                  00008b18    00000026                   : m3_Hwi_asm.obj (.text:ti_sysbios_family_arm_m3_Hwi_pendSV__I)
                  00008b3e    00000026     ti.targets.arm.rtsarm.aem4f : System.oem4f (.text:xdc_runtime_System_avprintf__E)
                  00008b64    00000024     ti.mw.fatfs.aem4f : diskio.oem4f (.text:disk_ioctl)
                  00008b88    00000024                       : diskio.oem4f (.text:disk_read)
                  00008bac    00000024                       : ff.oem4f (.text:f_close)
                  00008bd0    00000024                       : ffcio.oem4f (.text:ffcio_close)
                  00008bf4    00000024     SlaveController_pem4f.oem4f (.text:ti_sysbios_BIOS_errorRaiseHook__I)
                  00008c18    00000024     SlaveController_pem4f.oem4f (.text:ti_sysbios_BIOS_registerRTSLock__I)
                  00008c3c    00000024     SlaveController_pem4f.oem4f (.text:ti_sysbios_BIOS_removeRTSLock__I)
                  00008c60    00000024     SlaveController_pem4f.oem4f (.text:ti_sysbios_gates_GateMutex_Object__delete__S)
                  00008c84    00000004     --HOLE-- [fill = 0]
                  00008c88    00000024     sysbios.aem4f : BIOS.obj (.text:ti_sysbios_knl_Clock_Module_startup__E)
                  00008cac    00000004     --HOLE-- [fill = 0]
                  00008cb0    00000024                   : BIOS.obj (.text:ti_sysbios_knl_Task_restoreHwi__E)
                  00008cd4    00000024     driverlib.lib : udma.obj (.text:uDMAChannelControlSet)
                  00008cf8    00000024     ti.targets.arm.rtsarm.aem4f : System.oem4f (.text:xdc_runtime_System_vprintf__E)
                  00008d1c    00000004     --HOLE-- [fill = 0]
                  00008d20    00000022     sysbios.aem4f : BIOS.obj (.text:ti_sysbios_family_arm_lm4_Timer_write__I)
                  00008d42    00000022     SlaveController_pem4f.oem4f (.text:xdc_runtime_SysMin_output__I)
                  00008d64    00000020     ti.mw.fatfs.aem4f : diskio.oem4f (.text:disk_write)
                  00008d84    00000020                       : ffcio.oem4f (.text:ffcio_read)
                  00008da4    00000020                       : ffcio.oem4f (.text:ffcio_write)
                  00008dc4    00000020     SlaveController_pem4f.oem4f (.text:ti_sysbios_BIOS_rtsLock__I)
                  00008de4    00000004     --HOLE-- [fill = 0]
                  00008de8    00000020     sysbios.aem4f : BIOS.obj (.text:ti_sysbios_family_arm_m3_Hwi_clearInterrupt__E)
                  00008e08    00000020                   : m3_Hwi_asm.obj (.text:ti_sysbios_family_arm_m3_Hwi_excHandlerAsm__I)
                  00008e28    00000020                   : BIOS.obj (.text:ti_sysbios_family_arm_m3_Hwi_excHandler__I)
                  00008e48    00000020     SlaveController_pem4f.oem4f (.text:ti_sysbios_gates_GateHwi_Object__delete__S)
                  00008e68    00000020     SlaveController_pem4f.oem4f (.text:ti_sysbios_heaps_HeapMem_Object__delete__S)
                  00008e88    00000020     SlaveController_pem4f.oem4f (.text:ti_sysbios_knl_Clock_Object__destruct__S)
                  00008ea8    00000020     sysbios.aem4f : BIOS.obj (.text:ti_sysbios_knl_Idle_run__E)
                  00008ec8    00000020     SlaveController_pem4f.oem4f (.text:ti_sysbios_knl_Semaphore_Object__destruct__S)
                  00008ee8    00000020     ti.targets.arm.rtsarm.aem4f : Registry.oem4f (.text:xdc_runtime_Registry_findById__E)
                  00008f08    00000020                                 : SysMin.oem4f (.text:xdc_runtime_SysMin_Module_startup__E)
                  00008f28    0000001e     ti.mw.fatfs.aem4f : ff.oem4f (.text:ld_clust)
                  00008f46    0000001e     sysbios.aem4f : m3_Hwi_asm_switch.obj (.text:ti_sysbios_family_xxx_Hwi_switchAndRunFunc)
                  00008f64    0000001c     driverlib.lib : uart.obj (.text:UARTDisable)
                  00008f80    0000001c     ti.mw.fatfs.aem4f : diskio.oem4f (.text:disk_initialize)
                  00008f9c    0000001c                       : diskio.oem4f (.text:disk_status)
                  00008fb8    0000001c     drivers_tivaware.aem4f : GPIOTiva.oem4f (.text:getGpioIntIndex)
                  00008fd4    0000001c     ti.mw.fatfs.aem4f : ff.oem4f (.text:mem_cmp)
                  00008ff0    0000001c     sysbios.aem4f : BIOS.obj (.text:ti_sysbios_family_arm_lm4_Seconds_get__E)
                  0000900c    0000001c     SlaveController_pem4f.oem4f (.text:ti_sysbios_family_arm_m3_Hwi_Object__destruct__S)
                  00009028    0000001c     sysbios.aem4f : BIOS.obj (.text:ti_sysbios_gates_GateMutex_Instance_init__E)
                  00009044    0000001c     SlaveController_pem4f.oem4f (.text:ti_sysbios_knl_Queue_Object__destruct__S)
                  00009060    0000001c     sysbios.aem4f : BIOS.obj (.text:ti_sysbios_knl_Queue_put__E)
                  0000907c    00000004     --HOLE-- [fill = 0]
                  00009080    0000001c                   : BIOS.obj (.text:ti_sysbios_knl_Task_enter__I)
                  0000909c    0000001c     ti.targets.arm.rtsarm.aem4f : Error.oem4f (.text:xdc_runtime_Error_raiseX__E)
                  000090b8    0000001c                                 : Memory.oem4f (.text:xdc_runtime_Memory_valloc__E)
                  000090d4    0000001c                                 : SysMin.oem4f (.text:xdc_runtime_SysMin_exit__E)
                  000090f0    0000001c                                 : System.oem4f (.text:xdc_runtime_System_abort__E)
                  0000910c    0000001a     SlaveController_pem4f.oem4f (.text:ti_sysbios_family_arm_m3_Hwi_Handle__label__S)
                  00009126    0000001a     SlaveController_pem4f.oem4f (.text:ti_sysbios_gates_GateHwi_Handle__label__S)
                  00009140    0000001a     SlaveController_pem4f.oem4f (.text:ti_sysbios_gates_GateMutex_Handle__label__S)
                  0000915a    0000001a     SlaveController_pem4f.oem4f (.text:ti_sysbios_heaps_HeapMem_Handle__label__S)
                  00009174    0000001a     SlaveController_pem4f.oem4f (.text:ti_sysbios_knl_Swi_Handle__label__S)
                  0000918e    0000001a     SlaveController_pem4f.oem4f (.text:ti_sysbios_knl_Task_Handle__label__S)
                  000091a8    0000001a     ti.mw.fatfs.aem4f : ff.oem4f (.text:unlock_fs)
                  000091c2    0000001a     SlaveController_pem4f.oem4f (.text:xdc_runtime_System_aprintf__E)
                  000091dc    0000001a     SlaveController_pem4f.oem4f (.text:xdc_runtime_System_printf__E)
                  000091f6    00000018     driverlib.lib : gpio.obj (.text:GPIOPinTypeGPIOOutput)
                  0000920e    00000002     --HOLE-- [fill = 0]
                  00009210    00000018     drivers_tivaware.aem4f : UART.oem4f (.text:UART_Params_init)
                  00009228    00000018     rtsv7M4_T_le_v4SPD16_eabi.lib : args_main.c.obj (.text:_args_main)
                  00009240    00000018     ti.mw.fatfs.aem4f : ff.oem4f (.text:clust2sect)
                  00009258    00000018                       : ffosal.oem4f (.text:ff_cre_syncobj)
                  00009270    00000018     rtsv7M4_T_le_v4SPD16_eabi.lib : strcmp.c.obj (.text:strcmp)
                  00009288    00000018     SlaveController_pem4f.oem4f (.text:ti_sysbios_BIOS_rtsUnlock__I)
                  000092a0    00000018     SlaveController_pem4f.oem4f (.text:ti_sysbios_family_arm_lm4_Timer_Module__startupDone__F)
                  000092b8    00000018     SlaveController_pem4f.oem4f (.text:ti_sysbios_family_arm_m3_Hwi_Module__startupDone__F)
                  000092d0    00000018     sysbios.aem4f : m3_TaskSupport_asm.obj (.text:ti_sysbios_family_arm_m3_TaskSupport_swap__E)
                  000092e8    00000018                   : BIOS.obj (.text:ti_sysbios_gates_GateMutex_leave__E)
                  00009300    00000018                   : BIOS.obj (.text:ti_sysbios_knl_Task_sleepTimeout__I)
                  00009318    00000018     SlaveController_pem4f.oem4f (.text:time)
                  00009330    00000018     driverlib.lib : udma.obj (.text:uDMAChannelDisable)
                  00009348    00000018                   : udma.obj (.text:uDMAChannelEnable)
                  00009360    00000018                   : udma.obj (.text:uDMAChannelIsEnabled)
                  00009378    00000018     ti.targets.arm.rtsarm.aem4f : Error.oem4f (.text:xdc_runtime_Error_check__E)
                  00009390    00000018                                 : System.oem4f (.text:xdc_runtime_System_exit__E)
                  000093a8    00000018                                 : Text.oem4f (.text:xdc_runtime_Text_ropeText__E)
                  000093c0    00000016     tirtosport.aem4f : SemaphoreP_tirtos.oem4f (.text:SemaphoreP_delete)
                  000093d6    00000016     start.obj (.text:_ZN30_INTERNAL_9_start_cpp_c81e5b2e31ti_sysbios_knl_Task_Params_initEP26ti_sysbios_knl_Task_Params)
                  000093ec    00000016     ti.mw.fatfs.aem4f : ff.oem4f (.text:mem_cpy)
                  00009402    00000016     SlaveController_pem4f.oem4f (.text:ti_sysbios_BIOS_exitFunc__I)
                  00009418    00000016     EK_TM4C123GXL.obj (.text:ti_sysbios_family_arm_m3_Hwi_Params_init)
                  0000942e    00000002     --HOLE-- [fill = 0]
                  00009430    00000014     drivers_tivaware.aem4f : SPI.oem4f (.text:SPI_Params_init)
                  00009444    00000014     driverlib.lib : uart.obj (.text:UARTEnable)
                  00009458    00000014     ti.mw.fatfs.aem4f : ffosal.oem4f (.text:ff_req_grant)
                  0000946c    00000014                       : ff.oem4f (.text:mem_set)
                  00009480    00000014     rtsv7M4_T_le_v4SPD16_eabi.lib : strcpy.c.obj (.text:strcpy)
                  00009494    00000014                                   : strlen.c.obj (.text:strlen)
                  000094a8    00000014     SlaveController_pem4f.oem4f (.text:ti_sysbios_family_arm_m3_Hwi_Object__get__S)
                  000094bc    00000004     --HOLE-- [fill = 0]
                  000094c0    00000014     sysbios.aem4f : BIOS.obj (.text:ti_sysbios_family_arm_m3_Hwi_switchFromBootStack__E)
                  000094d4    00000014     SlaveController_pem4f.oem4f (.text:ti_sysbios_heaps_HeapMem_Object__get__S)
                  000094e8    00000014     SlaveController_pem4f.oem4f (.text:ti_sysbios_knl_Swi_Object__get__S)
                  000094fc    00000012     driverlib.lib : gpio.obj (.text:GPIOPinTypeGPIOInput)
                  0000950e    00000012                   : gpio.obj (.text:GPIOPinTypeSSI)
                  00009520    00000012                   : gpio.obj (.text:GPIOPinTypeUART)
                  00009532    00000012     drivers_tivaware.aem4f : RingBuf.oem4f (.text:RingBuf_construct)
                  00009544    00000012                            : SDSPITiva.oem4f (.text:SDSPITiva_init)
                  00009556    00000012     SRAM.obj (.text:SRAM_writeCommand)
                  00009568    00000012     driverlib.lib : ssi.obj (.text:SSIDataGetNonBlocking)
                  0000957a    00000012     tirtosport.aem4f : SemaphoreP_tirtos.oem4f (.text:SemaphoreP_pend)
                  0000958c    00000012     ti.mw.fatfs.aem4f : ff.oem4f (.text:chk_chr)
                  0000959e    00000012                       : ffcio.oem4f (.text:ffcio_rename)
                  000095b0    00000012                       : ffcio.oem4f (.text:ffcio_unlink)
                  000095c2    00000006     driverlib.lib : gpio.obj (.text:GPIOIntClear)
                  000095c8    00000012     sysbios.aem4f : BIOS.obj (.text:ti_sysbios_hal_Hwi_Module_startup__E)
                  000095da    00000012     SlaveController_pem4f.oem4f (.text:xdc_runtime_Startup_exec__I)
                  000095ec    00000010     drivers_tivaware.aem4f : SDSPITiva.oem4f (.text:SDSPITiva_diskStatus)
                  000095fc    00000010                            : UARTTiva.oem4f (.text:readBlockingTimeout)
                  0000960c    00000010     ti.mw.fatfs.aem4f : ff.oem4f (.text:st_clust)
                  0000961c    00000004     --HOLE-- [fill = 0]
                  00009620    00000010     sysbios.aem4f : BIOS.obj (.text:ti_sysbios_BIOS_getCpuFreq__E)
                  00009630    00000010                   : BIOS.obj (.text:ti_sysbios_BIOS_setThreadType__E)
                  00009640    00000010                   : BIOS.obj (.text:ti_sysbios_BIOS_start__E)
                  00009650    00000010                   : BIOS.obj (.text:ti_sysbios_family_arm_lm4_TimestampProvider_rolloverFunc__E)
                  00009660    00000010                   : m3_TaskSupport_asm.obj (.text:ti_sysbios_family_arm_m3_TaskSupport_glue)
                  00009670    00000010                   : BIOS.obj (.text:ti_sysbios_gates_GateMutex_Instance_finalize__E)
                  00009680    00000010                   : BIOS.obj (.text:ti_sysbios_knl_Semaphore_Instance_finalize__E)
                  00009690    00000010                   : BIOS.obj (.text:ti_sysbios_knl_Swi_disable__E)
                  000096a0    00000010     SlaveController_pem4f.oem4f (.text:ti_sysbios_knl_Task_Object__get__S)
                  000096b0    00000010     sysbios.aem4f : BIOS.obj (.text:ti_sysbios_knl_Task_disable__E)
                  000096c0    00000010     driverlib.lib : udma.obj (.text:uDMAEnable)
                  000096d0    00000010     ti.targets.arm.rtsarm.aem4f : Gate.oem4f (.text:xdc_runtime_Gate_leaveSystem__E)
                  000096e0    00000010                                 : Memory.oem4f (.text:xdc_runtime_Memory_free__E)
                  000096f0    00000010                                 : SysMin.oem4f (.text:xdc_runtime_SysMin_ready__E)
                  00009700    00000010                                 : System.oem4f (.text:xdc_runtime_System_vsnprintf__E)
                  00009710    00000010     SlaveController_pem4f.oem4f (.text:xdc_runtime_Text_visitRope__I)
                  00009720    0000000e     driverlib.lib : gpio.obj (.text:GPIOIntStatus)
                  0000972e    0000000e                   : uart.obj (.text:UARTCharGetNonBlocking)
                  0000973c    0000000e                   : uart.obj (.text:UARTCharPutNonBlocking)
                  0000974a    0000000e     rtsv7M4_T_le_v4SPD16_eabi.lib : copy_decompress_none.c.obj (.text:decompress:none:__TI_decompress_none)
                  00009758    0000000e     sysbios.aem4f : BIOS.obj (.text:ti_sysbios_knl_Idle_loop__E)
                  00009766    00000002     --HOLE-- [fill = 0]
                  00009768    0000000e                   : BIOS.obj (.text:ti_sysbios_knl_Queue_empty__E)
                  00009776    00000002     --HOLE-- [fill = 0]
                  00009778    0000000c     SlaveController_pem4f.oem4f (.text:.bootCodeSection:ti_catalog_arm_cortexm4_tiva_ce_Boot_init__I)
                  00009784    0000000c     drivers_tivaware.aem4f : RingBuf.oem4f (.text:RingBuf_peek)
                  00009790    0000000c     driverlib.lib : ssi.obj (.text:SSIDataGet)
                  0000979c    0000000c                   : uart.obj (.text:UARTFlowControlSet)
                  000097a8    0000000c     drivers_tivaware.aem4f : UARTTiva.oem4f (.text:UARTTiva_init)
                  000097b4    0000000c     rtsv7M4_T_le_v4SPD16_eabi.lib : _lock.c.obj (.text:_register_lock)
                  000097c0    0000000c                                   : _lock.c.obj (.text:_register_unlock)
                  000097cc    0000000c                                   : copy_zero_init.c.obj (.text:decompress:ZI:__TI_zero_init)
                  000097d8    0000000c     Utils.obj (.text:sleep)
                  000097e4    00000004     --HOLE-- [fill = 0]
                  000097e8    0000000c     sysbios.aem4f : BIOS.obj (.text:ti_sysbios_family_arm_lm4_Timer_getMaxTicks__E)
                  000097f4    00000004     --HOLE-- [fill = 0]
                  000097f8    0000000c                   : BIOS.obj (.text:ti_sysbios_family_arm_lm4_TimestampProvider_startTimer__E)
                  00009804    0000000c     SlaveController_pem4f.oem4f (.text:ti_sysbios_family_arm_m3_Hwi_Params__init__S)
                  00009810    0000000c     sysbios.aem4f : BIOS.obj (.text:ti_sysbios_family_arm_m3_Hwi_disableFxn__E)
                  0000981c    00000004     --HOLE-- [fill = 0]
                  00009820    0000000c                   : BIOS.obj (.text:ti_sysbios_family_arm_m3_TaskSupport_checkStack__E)
                  0000982c    00000004     --HOLE-- [fill = 0]
                  00009830    0000000c                   : BIOS.obj (.text:ti_sysbios_family_arm_m3_TaskSupport_getStackAlignment__E)
                  0000983c    00000004     --HOLE-- [fill = 0]
                  00009840    0000000c                   : BIOS.obj (.text:ti_sysbios_gates_GateHwi_enter__E)
                  0000984c    0000000c     SlaveController_pem4f.oem4f (.text:ti_sysbios_knl_Clock_Params__init__S)
                  00009858    0000000c     SlaveController_pem4f.oem4f (.text:ti_sysbios_knl_Queue_Object__get__S)
                  00009864    0000000c     SlaveController_pem4f.oem4f (.text:ti_sysbios_knl_Semaphore_Params__init__S)
                  00009870    0000000c     SlaveController_pem4f.oem4f (.text:ti_sysbios_knl_Task_Params__init__S)
                  0000987c    0000000c     driverlib.lib : udma.obj (.text:uDMAControlBaseSet)
                  00009888    0000000c                   : udma.obj (.text:uDMAErrorStatusClear)
                  00009894    0000000c                   : udma.obj (.text:uDMAErrorStatusGet)
                  000098a0    0000000c                   : udma.obj (.text:uDMAIntStatus)
                  000098ac    0000000c     ti.targets.arm.rtsarm.aem4f : Error.oem4f (.text:xdc_runtime_Error_init__E)
                  000098b8    0000000c                                 : Gate.oem4f (.text:xdc_runtime_Gate_enterSystem__E)
                  000098c4    0000000c                                 : Memory.oem4f (.text:xdc_runtime_Memory_calloc__E)
                  000098d0    0000000c                                 : Memory.oem4f (.text:xdc_runtime_Memory_getMaxDefaultTypeAlign__E)
                  000098dc    0000000a     drivers_tivaware.aem4f : SPITivaDMA.oem4f (.text:SPITivaDMA_init)
                  000098e6    0000000a                            : SPI.oem4f (.text:SPI_transfer)
                  000098f0    0000000a     SRAM.obj (.text:SRAM_transferSPI)
                  000098fa    0000000a     driverlib.lib : ssi.obj (.text:SSIDMADisable)
                  00009904    0000000a                   : ssi.obj (.text:SSIDataPut)
                  0000990e    0000000a                   : ssi.obj (.text:SSIDisable)
                  00009918    0000000a                   : ssi.obj (.text:SSIEnable)
                  00009922    0000000a                   : ssi.obj (.text:SSIIntDisable)
                  0000992c    0000000a     tirtosport.aem4f : SemaphoreP_tirtos.oem4f (.text:SemaphoreP_post)
                  00009936    0000000a     driverlib.lib : uart.obj (.text:UARTCharGet)
                  00009940    0000000a                   : uart.obj (.text:UARTCharPut)
                  0000994a    0000000a                   : uart.obj (.text:UARTIntDisable)
                  00009954    0000000a                   : uart.obj (.text:UARTIntStatus)
                  0000995e    0000000a     ti.mw.fatfs.aem4f : ffosal.oem4f (.text:ff_del_syncobj)
                  00009968    0000000a     SlaveController_pem4f.oem4f (.text:xdc_runtime_IHeap_alloc)
                  00009972    0000000a     SlaveController_pem4f.oem4f (.text:xdc_runtime_IHeap_free)
                  0000997c    00000008     driverlib.lib : ssi.obj (.text:SSIDMAEnable)
                  00009984    00000008                   : ssi.obj (.text:SSIIntEnable)
                  0000998c    00000008                   : uart.obj (.text:UARTIntEnable)
                  00009994    00000008                   : uart.obj (.text:UARTRxErrorGet)
                  0000999c    00000008     drivers_tivaware.aem4f : UARTTiva.oem4f (.text:readSemCallback)
                  000099a4    00000008     sysbios.aem4f : BIOS.obj (.text:ti_sysbios_family_arm_lm4_Timer_masterDisable__I)
                  000099ac    00000004     --HOLE-- [fill = 0]
                  000099b0    00000008                   : BIOS.obj (.text:ti_sysbios_family_arm_m3_Hwi_doSwiRestore__I)
                  000099b8    00000008                   : BIOS.obj (.text:ti_sysbios_family_arm_m3_Hwi_startup__E)
                  000099c0    00000008     drivers_tivaware.aem4f : UARTTiva.oem4f (.text:writeSemCallback)
                  000099c8    00000006     driverlib.lib : gpio.obj (.text:GPIOPinWrite)
                  000099ce    00000006     drivers_tivaware.aem4f : SDSPITiva.oem4f (.text:SDSPITiva_control)
                  000099d4    00000006                            : SPITivaDMA.oem4f (.text:SPITivaDMA_control)
                  000099da    00000006                            : SPITivaDMA.oem4f (.text:SPITivaDMA_transferCallback)
                  000099e0    00000006     driverlib.lib : uart.obj (.text:UARTFIFOLevelSet)
                  000099e6    00000006                   : uart.obj (.text:UARTRxErrorClear)
                  000099ec    00000006     ti.mw.fatfs.aem4f : ff.oem4f (.text:lock_fs)
                  000099f2    00000006     Boot.aem4f : Boot_sysctl.oem4f (.text:ti_catalog_arm_cortexm4_tiva_ce_Boot_sysCtlDelayI__I)
                  000099f8    00000006     sysbios.aem4f : BIOS.obj (.text:ti_sysbios_family_arm_lm4_TimestampProvider_Module_startup__E)
                  000099fe    00000002     --HOLE-- [fill = 0]
                  00009a00    00000006                   : BIOS.obj (.text:ti_sysbios_family_arm_m3_Hwi_doTaskRestore__I)
                  00009a06    00000002     --HOLE-- [fill = 0]
                  00009a08    00000006                   : BIOS.obj (.text:ti_sysbios_family_arm_m3_Hwi_restoreFxn__E)
                  00009a0e    00000002     --HOLE-- [fill = 0]
                  00009a10    00000006                   : BIOS.obj (.text:ti_sysbios_gates_GateHwi_leave__E)
                  00009a16    00000002     --HOLE-- [fill = 0]
                  00009a18    00000006                   : BIOS.obj (.text:ti_sysbios_heaps_HeapMem_isBlocking__E)
                  00009a1e    00000002     --HOLE-- [fill = 0]
                  00009a20    00000006                   : BIOS.obj (.text:ti_sysbios_knl_Clock_stop__E)
                  00009a26    00000002     --HOLE-- [fill = 0]
                  00009a28    00000006                   : BIOS.obj (.text:ti_sysbios_knl_Queue_Instance_init__E)
                  00009a2e    00000002     --HOLE-- [fill = 0]
                  00009a30    00000006                   : BIOS.obj (.text:ti_sysbios_knl_Swi_startup__E)
                  00009a36    00000006     ti.targets.arm.rtsarm.aem4f : System.oem4f (.text:xdc_runtime_System_Module_startup__E)
                  00009a3c    00000004     --HOLE-- [fill = 0]
                  00009a40    00000004     sysbios.aem4f : BIOS.obj (.text:ti_sysbios_family_arm_lm4_Timer_getPeriod__E)
                  00009a44    00000004     --HOLE-- [fill = 0]
                  00009a48    00000004                   : BIOS.obj (.text:ti_sysbios_gates_GateHwi_query__E)
                  00009a4c    00000004     --HOLE-- [fill = 0]
                  00009a50    00000004                   : BIOS.obj (.text:ti_sysbios_gates_GateMutex_query__E)
                  00009a54    00000004     --HOLE-- [fill = 0]
                  00009a58    00000004                   : BIOS.obj (.text:ti_sysbios_knl_Task_startup__E)
                  00009a5c    00000004     --HOLE-- [fill = 0]
                  00009a60    00000002                   : BIOS.obj (.text:ti_sysbios_gates_GateHwi_Instance_init__E)
                  00009a62    00000006     --HOLE-- [fill = 0]
                  00009a68    00000002                   : BIOS.obj (.text:ti_sysbios_knl_Clock_logTick__E)

.const     0    00009a6c    00002250     
                  00009a6c    00001885     SlaveController_pem4f.oem4f (.const:xdc_runtime_Text_charTab__A)
                  0000b2f1    00000001     SlaveController_pem4f.oem4f (.const:xdc_runtime_Error_policy__C)
                  0000b2f2    000000cc     SlaveController_pem4f.oem4f (.const:xdc_runtime_Text_nodeTab__A)
                  0000b3be    00000002     SlaveController_pem4f.oem4f (.const:ti_catalog_arm_cortexm4_tiva_ce_Boot_Module__id__C)
                  0000b3c0    00000090     driverlib.lib : gpio.obj (.const:g_pui32GPIOBaseAddrs)
                  0000b450    00000078     EK_TM4C123GXL.obj (.const:spiTivaDMAHWAttrs)
                  0000b4c8    00000064     drivers_tivaware.aem4f : SPITivaDMA.oem4f (.const)
                  0000b52c    00000060     rtsv7M4_T_le_v4SPD16_eabi.lib : mktime.c.obj (.const:$O1$$)
                  0000b58c    00000054     drivers_tivaware.aem4f : GPIOTiva.oem4f (.const:.string)
                  0000b5e0    0000004c                            : UARTTiva.oem4f (.const)
                  0000b62c    00000048     SlaveController_pem4f.oem4f (.const:.string)
                  0000b674    00000048     drivers_tivaware.aem4f : GPIOTiva.oem4f (.const:gpioBaseAddresses)
                  0000b6bc    0000003c     SlaveController_pem4f.oem4f (.const:ti_sysbios_knl_Task_Object__PARAMS__C)
                  0000b6f8    00000030     EK_TM4C123GXL.obj (.const:SPI_config)
                  0000b728    00000030     SlaveController_pem4f.oem4f (.const:ti_sysbios_family_arm_m3_Hwi_Object__PARAMS__C)
                  0000b758    00000028     drivers_tivaware.aem4f : UARTTiva.oem4f (.const:UARTTiva_fxnTable)
                  0000b780    00000028     SlaveController_pem4f.oem4f (.const:ti_sysbios_heaps_HeapMem_Module__FXNS__C)
                  0000b7a8    00000024     drivers_tivaware.aem4f : UART.oem4f (.const:UART_defaultParams)
                  0000b7cc    00000024     EK_TM4C123GXL.obj (.const:sdspiTivaHWattrs)
                  0000b7f0    00000024     SlaveController_pem4f.oem4f (.const:ti_sysbios_gates_GateHwi_Module__FXNS__C)
                  0000b814    00000024     SlaveController_pem4f.oem4f (.const:ti_sysbios_gates_GateMutex_Module__FXNS__C)
                  0000b838    00000024     SlaveController_pem4f.oem4f (.const:ti_sysbios_heaps_HeapMem_Object__PARAMS__C)
                  0000b85c    00000024     SlaveController_pem4f.oem4f (.const:ti_sysbios_knl_Clock_Object__PARAMS__C)
                  0000b880    00000024     SlaveController_pem4f.oem4f (.const:ti_sysbios_knl_Semaphore_Object__PARAMS__C)
                  0000b8a4    00000024     SlaveController_pem4f.oem4f (.const:xdc_runtime_Startup_sfxnTab__A)
                  0000b8c8    00000020     drivers_tivaware.aem4f : SPI.oem4f (.const)
                  0000b8e8    00000020     SlaveController_pem4f.oem4f (.const:ti_sysbios_family_arm_m3_Hwi_Object__DESC__C)
                  0000b908    00000020     SlaveController_pem4f.oem4f (.const:ti_sysbios_gates_GateHwi_Object__DESC__C)
                  0000b928    00000020     SlaveController_pem4f.oem4f (.const:ti_sysbios_gates_GateMutex_Object__DESC__C)
                  0000b948    00000020     SlaveController_pem4f.oem4f (.const:ti_sysbios_heaps_HeapMem_Object__DESC__C)
                  0000b968    00000020     SlaveController_pem4f.oem4f (.const:ti_sysbios_knl_Clock_Object__DESC__C)
                  0000b988    00000020     SlaveController_pem4f.oem4f (.const:ti_sysbios_knl_Queue_Object__DESC__C)
                  0000b9a8    00000020     SlaveController_pem4f.oem4f (.const:ti_sysbios_knl_Semaphore_Object__DESC__C)
                  0000b9c8    00000020     SlaveController_pem4f.oem4f (.const:ti_sysbios_knl_Task_Object__DESC__C)
                  0000b9e8    00000018     EK_TM4C123GXL.obj (.const:SDSPI_config)
                  0000ba00    00000018     EK_TM4C123GXL.obj (.const:UART_config)
                  0000ba18    00000018     SlaveController_pem4f.oem4f (.const:ti_sysbios_gates_GateHwi_Object__PARAMS__C)
                  0000ba30    00000018     SlaveController_pem4f.oem4f (.const:ti_sysbios_gates_GateMutex_Object__PARAMS__C)
                  0000ba48    00000018     SlaveController_pem4f.oem4f (.const:ti_sysbios_knl_Queue_Object__PARAMS__C)
                  0000ba60    00000018     EK_TM4C123GXL.obj (.const:uartTivaHWAttrs)
                  0000ba78    00000014     EK_TM4C123GXL.obj (.const:GPIOTiva_config)
                  0000ba8c    00000014     SlaveController_pem4f.oem4f (.const:xdc_runtime_Startup_firstFxns__A)
                  0000baa0    00000012     SlaveController_pem4f.oem4f (.const:xdc_runtime_Startup_sfxnRts__A)
                  0000bab2    00000002     SlaveController_pem4f.oem4f (.const:ti_sysbios_family_arm_lm4_TimestampProvider_useClockTimer__C)
                  0000bab4    00000010     drivers_tivaware.aem4f : SDSPITiva.oem4f (.const)
                  0000bac4    00000008     SlaveController_pem4f.oem4f (.const:ti_sysbios_family_arm_m3_Hwi_excHookFuncs__A)
                  0000bacc    00000008     SlaveController_pem4f.oem4f (.const:ti_sysbios_knl_Idle_funcList__C)
                  0000bad4    00000008     SlaveController_pem4f.oem4f (.const:xdc_runtime_Startup_firstFxns__C)
                  0000badc    00000008     SlaveController_pem4f.oem4f (.const:xdc_runtime_Startup_lastFxns__C)
                  0000bae4    00000004     SlaveController_pem4f.oem4f (.const:ti_catalog_arm_cortexm4_tiva_ce_Boot_A_mustUseEnhancedClockMode__C)
                  0000bae8    00000004     SlaveController_pem4f.oem4f (.const:ti_catalog_arm_cortexm4_tiva_ce_Boot_Module__diagsEnabled__C)
                  0000baec    00000004     SlaveController_pem4f.oem4f (.const:ti_catalog_arm_cortexm4_tiva_ce_Boot_Module__diagsIncluded__C)
                  0000baf0    00000004     SlaveController_pem4f.oem4f (.const:ti_catalog_arm_cortexm4_tiva_ce_Boot_Module__diagsMask__C)
                  0000baf4    00000004     SlaveController_pem4f.oem4f (.const:ti_sysbios_family_arm_lm4_Timer_enableFunc__C)
                  0000baf8    00000004     SlaveController_pem4f.oem4f (.const:ti_sysbios_family_arm_lm4_Timer_numTimerDevices__C)
                  0000bafc    00000004     SlaveController_pem4f.oem4f (.const:ti_sysbios_family_arm_lm4_Timer_startupNeeded__C)
                  0000bb00    00000004     SlaveController_pem4f.oem4f (.const:ti_sysbios_family_arm_m3_Hwi_E_NMI__C)
                  0000bb04    00000004     SlaveController_pem4f.oem4f (.const:ti_sysbios_family_arm_m3_Hwi_E_alreadyDefined__C)
                  0000bb08    00000004     SlaveController_pem4f.oem4f (.const:ti_sysbios_family_arm_m3_Hwi_E_busFault__C)
                  0000bb0c    00000004     SlaveController_pem4f.oem4f (.const:ti_sysbios_family_arm_m3_Hwi_E_debugMon__C)
                  0000bb10    00000004     SlaveController_pem4f.oem4f (.const:ti_sysbios_family_arm_m3_Hwi_E_hardFault__C)
                  0000bb14    00000004     SlaveController_pem4f.oem4f (.const:ti_sysbios_family_arm_m3_Hwi_E_memFault__C)
                  0000bb18    00000004     SlaveController_pem4f.oem4f (.const:ti_sysbios_family_arm_m3_Hwi_E_noIsr__C)
                  0000bb1c    00000004     SlaveController_pem4f.oem4f (.const:ti_sysbios_family_arm_m3_Hwi_E_reserved__C)
                  0000bb20    00000004     SlaveController_pem4f.oem4f (.const:ti_sysbios_family_arm_m3_Hwi_E_svCall__C)
                  0000bb24    00000004     SlaveController_pem4f.oem4f (.const:ti_sysbios_family_arm_m3_Hwi_E_usageFault__C)
                  0000bb28    00000004     SlaveController_pem4f.oem4f (.const:ti_sysbios_family_arm_m3_Hwi_NUM_INTERRUPTS__C)
                  0000bb2c    00000004     SlaveController_pem4f.oem4f (.const:ti_sysbios_family_arm_m3_Hwi_Object__count__C)
                  0000bb30    00000004     SlaveController_pem4f.oem4f (.const:ti_sysbios_family_arm_m3_Hwi_ccr__C)
                  0000bb34    00000004     SlaveController_pem4f.oem4f (.const:ti_sysbios_family_arm_m3_Hwi_excHandlerFunc__C)
                  0000bb38    00000004     SlaveController_pem4f.oem4f (.const:ti_sysbios_family_arm_m3_Hwi_excHookFuncs__C)
                  0000bb3c    00000004     SlaveController_pem4f.oem4f (.const:ti_sysbios_family_arm_m3_Hwi_nullIsrFunc__C)
                  0000bb40    00000004     SlaveController_pem4f.oem4f (.const:ti_sysbios_family_arm_m3_Hwi_priGroup__C)
                  0000bb44    00000004     SlaveController_pem4f.oem4f (.const:ti_sysbios_family_arm_m3_TaskSupport_stackAlignment__C)
                  0000bb48    00000004     SlaveController_pem4f.oem4f (.const:ti_sysbios_gates_GateMutex_A_badContext__C)
                  0000bb4c    00000004     SlaveController_pem4f.oem4f (.const:ti_sysbios_gates_GateMutex_Instance_State_sem__O)
                  0000bb50    00000004     SlaveController_pem4f.oem4f (.const:ti_sysbios_gates_GateMutex_Module__diagsEnabled__C)
                  0000bb54    00000004     SlaveController_pem4f.oem4f (.const:ti_sysbios_gates_GateMutex_Module__diagsIncluded__C)
                  0000bb58    00000004     SlaveController_pem4f.oem4f (.const:ti_sysbios_gates_GateMutex_Module__diagsMask__C)
                  0000bb5c    00000004     SlaveController_pem4f.oem4f (.const:ti_sysbios_hal_Hwi_E_stackOverflow__C)
                  0000bb60    00000004     SlaveController_pem4f.oem4f (.const:ti_sysbios_heaps_HeapMem_A_align__C)
                  0000bb64    00000004     SlaveController_pem4f.oem4f (.const:ti_sysbios_heaps_HeapMem_A_heapSize__C)
                  0000bb68    00000004     SlaveController_pem4f.oem4f (.const:ti_sysbios_heaps_HeapMem_A_invalidFree__C)
                  0000bb6c    00000004     SlaveController_pem4f.oem4f (.const:ti_sysbios_heaps_HeapMem_A_zeroBlock__C)
                  0000bb70    00000004     SlaveController_pem4f.oem4f (.const:ti_sysbios_heaps_HeapMem_E_memory__C)
                  0000bb74    00000004     SlaveController_pem4f.oem4f (.const:ti_sysbios_heaps_HeapMem_Module__diagsEnabled__C)
                  0000bb78    00000004     SlaveController_pem4f.oem4f (.const:ti_sysbios_heaps_HeapMem_Module__diagsIncluded__C)
                  0000bb7c    00000004     SlaveController_pem4f.oem4f (.const:ti_sysbios_heaps_HeapMem_Module__diagsMask__C)
                  0000bb80    00000004     SlaveController_pem4f.oem4f (.const:ti_sysbios_heaps_HeapMem_Module__gateObj__C)
                  0000bb84    00000004     SlaveController_pem4f.oem4f (.const:ti_sysbios_heaps_HeapMem_Object__count__C)
                  0000bb88    00000004     SlaveController_pem4f.oem4f (.const:ti_sysbios_heaps_HeapMem_reqAlign__C)
                  0000bb8c    00000004     SlaveController_pem4f.oem4f (.const:ti_sysbios_knl_Clock_A_badThreadType__C)
                  0000bb90    00000004     SlaveController_pem4f.oem4f (.const:ti_sysbios_knl_Clock_Module_State_clockQ__O)
                  0000bb94    00000004     SlaveController_pem4f.oem4f (.const:ti_sysbios_knl_Clock_Module__diagsEnabled__C)
                  0000bb98    00000004     SlaveController_pem4f.oem4f (.const:ti_sysbios_knl_Clock_Module__diagsIncluded__C)
                  0000bb9c    00000004     SlaveController_pem4f.oem4f (.const:ti_sysbios_knl_Clock_Module__diagsMask__C)
                  0000bba0    00000004     SlaveController_pem4f.oem4f (.const:ti_sysbios_knl_Idle_funcList__A)
                  0000bba4    00000004     SlaveController_pem4f.oem4f (.const:ti_sysbios_knl_Semaphore_A_badContext__C)
                  0000bba8    00000004     SlaveController_pem4f.oem4f (.const:ti_sysbios_knl_Semaphore_A_noEvents__C)
                  0000bbac    00000004     SlaveController_pem4f.oem4f (.const:ti_sysbios_knl_Semaphore_A_overflow__C)
                  0000bbb0    00000004     SlaveController_pem4f.oem4f (.const:ti_sysbios_knl_Semaphore_A_pendTaskDisabled__C)
                  0000bbb4    00000004     SlaveController_pem4f.oem4f (.const:ti_sysbios_knl_Semaphore_Instance_State_pendQ__O)
                  0000bbb8    00000004     SlaveController_pem4f.oem4f (.const:ti_sysbios_knl_Semaphore_Module__diagsEnabled__C)
                  0000bbbc    00000004     SlaveController_pem4f.oem4f (.const:ti_sysbios_knl_Semaphore_Module__diagsIncluded__C)
                  0000bbc0    00000004     SlaveController_pem4f.oem4f (.const:ti_sysbios_knl_Semaphore_Module__diagsMask__C)
                  0000bbc4    00000004     SlaveController_pem4f.oem4f (.const:ti_sysbios_knl_Swi_Object__count__C)
                  0000bbc8    00000004     SlaveController_pem4f.oem4f (.const:ti_sysbios_knl_Task_A_badPriority__C)
                  0000bbcc    00000004     SlaveController_pem4f.oem4f (.const:ti_sysbios_knl_Task_A_badTaskState__C)
                  0000bbd0    00000004     SlaveController_pem4f.oem4f (.const:ti_sysbios_knl_Task_A_badThreadType__C)
                  0000bbd4    00000004     SlaveController_pem4f.oem4f (.const:ti_sysbios_knl_Task_A_badTimeout__C)
                  0000bbd8    00000004     SlaveController_pem4f.oem4f (.const:ti_sysbios_knl_Task_A_noPendElem__C)
                  0000bbdc    00000004     SlaveController_pem4f.oem4f (.const:ti_sysbios_knl_Task_A_sleepTaskDisabled__C)
                  0000bbe0    00000004     SlaveController_pem4f.oem4f (.const:ti_sysbios_knl_Task_E_spOutOfBounds__C)
                  0000bbe4    00000004     SlaveController_pem4f.oem4f (.const:ti_sysbios_knl_Task_E_stackOverflow__C)
                  0000bbe8    00000004     SlaveController_pem4f.oem4f (.const:ti_sysbios_knl_Task_Module_State_inactiveQ__O)
                  0000bbec    00000004     SlaveController_pem4f.oem4f (.const:ti_sysbios_knl_Task_Module__diagsEnabled__C)
                  0000bbf0    00000004     SlaveController_pem4f.oem4f (.const:ti_sysbios_knl_Task_Module__diagsIncluded__C)
                  0000bbf4    00000004     SlaveController_pem4f.oem4f (.const:ti_sysbios_knl_Task_Module__diagsMask__C)
                  0000bbf8    00000004     SlaveController_pem4f.oem4f (.const:ti_sysbios_knl_Task_Object__count__C)
                  0000bbfc    00000004     SlaveController_pem4f.oem4f (.const:ti_sysbios_knl_Task_allBlockedFunc__C)
                  0000bc00    00000004     SlaveController_pem4f.oem4f (.const:ti_sysbios_knl_Task_defaultStackHeap__C)
                  0000bc04    00000004     SlaveController_pem4f.oem4f (.const:ti_sysbios_knl_Task_defaultStackSize__C)
                  0000bc08    00000004     SlaveController_pem4f.oem4f (.const:ti_sysbios_knl_Task_numConstructedTasks__C)
                  0000bc0c    00000004     SlaveController_pem4f.oem4f (.const:xdc_runtime_Assert_E_assertFailed__C)
                  0000bc10    00000004     SlaveController_pem4f.oem4f (.const:xdc_runtime_Core_A_initializedParams__C)
                  0000bc14    00000004     SlaveController_pem4f.oem4f (.const:xdc_runtime_Core_Module__diagsEnabled__C)
                  0000bc18    00000004     SlaveController_pem4f.oem4f (.const:xdc_runtime_Core_Module__diagsIncluded__C)
                  0000bc1c    00000004     SlaveController_pem4f.oem4f (.const:xdc_runtime_Core_Module__diagsMask__C)
                  0000bc20    00000004     SlaveController_pem4f.oem4f (.const:xdc_runtime_Error_E_memory__C)
                  0000bc24    00000004     SlaveController_pem4f.oem4f (.const:xdc_runtime_Error_Module__diagsEnabled__C)
                  0000bc28    00000004     SlaveController_pem4f.oem4f (.const:xdc_runtime_Error_Module__diagsIncluded__C)
                  0000bc2c    00000004     SlaveController_pem4f.oem4f (.const:xdc_runtime_Error_Module__diagsMask__C)
                  0000bc30    00000004     SlaveController_pem4f.oem4f (.const:xdc_runtime_Error_Module__loggerFxn8__C)
                  0000bc34    00000004     SlaveController_pem4f.oem4f (.const:xdc_runtime_Error_Module__loggerObj__C)
                  0000bc38    00000004     SlaveController_pem4f.oem4f (.const:xdc_runtime_Error_policyFxn__C)
                  0000bc3c    00000004     SlaveController_pem4f.oem4f (.const:xdc_runtime_Error_raiseHook__C)
                  0000bc40    00000004     SlaveController_pem4f.oem4f (.const:xdc_runtime_IGateProvider_Interface__BASE__C)
                  0000bc44    00000004     SlaveController_pem4f.oem4f (.const:xdc_runtime_IHeap_Interface__BASE__C)
                  0000bc48    00000004     SlaveController_pem4f.oem4f (.const:xdc_runtime_IModule_Interface__BASE__C)
                  0000bc4c    00000004     SlaveController_pem4f.oem4f (.const:xdc_runtime_Log_L_error__C)
                  0000bc50    00000004     SlaveController_pem4f.oem4f (.const:xdc_runtime_Memory_defaultHeapInstance__C)
                  0000bc54    00000004     SlaveController_pem4f.oem4f (.const:xdc_runtime_Startup_execImpl__C)
                  0000bc58    00000004     SlaveController_pem4f.oem4f (.const:xdc_runtime_Startup_lastFxns__A)
                  0000bc5c    00000004     SlaveController_pem4f.oem4f (.const:xdc_runtime_Startup_maxPasses__C)
                  0000bc60    00000004     SlaveController_pem4f.oem4f (.const:xdc_runtime_Startup_sfxnRts__C)
                  0000bc64    00000004     SlaveController_pem4f.oem4f (.const:xdc_runtime_Startup_sfxnTab__C)
                  0000bc68    00000004     SlaveController_pem4f.oem4f (.const:xdc_runtime_SysMin_bufSize__C)
                  0000bc6c    00000004     SlaveController_pem4f.oem4f (.const:xdc_runtime_SysMin_outputFunc__C)
                  0000bc70    00000004     SlaveController_pem4f.oem4f (.const:xdc_runtime_System_Module__gateObj__C)
                  0000bc74    00000004     SlaveController_pem4f.oem4f (.const:xdc_runtime_System_abortFxn__C)
                  0000bc78    00000004     SlaveController_pem4f.oem4f (.const:xdc_runtime_System_exitFxn__C)
                  0000bc7c    00000004     SlaveController_pem4f.oem4f (.const:xdc_runtime_System_extendFxn__C)
                  0000bc80    00000004     SlaveController_pem4f.oem4f (.const:xdc_runtime_System_maxAtexitHandlers__C)
                  0000bc84    00000004     SlaveController_pem4f.oem4f (.const:xdc_runtime_Text_charTab__C)
                  0000bc88    00000004     SlaveController_pem4f.oem4f (.const:xdc_runtime_Text_nameEmpty__C)
                  0000bc8c    00000004     SlaveController_pem4f.oem4f (.const:xdc_runtime_Text_nameStatic__C)
                  0000bc90    00000004     SlaveController_pem4f.oem4f (.const:xdc_runtime_Text_nameUnknown__C)
                  0000bc94    00000004     SlaveController_pem4f.oem4f (.const:xdc_runtime_Text_nodeTab__C)
                  0000bc98    00000004     SlaveController_pem4f.oem4f (.const:xdc_runtime_Text_visitRopeFxn__C)
                  0000bc9c    00000002     SlaveController_pem4f.oem4f (.const:ti_sysbios_family_arm_m3_Hwi_Module__id__C)
                  0000bc9e    00000002     SlaveController_pem4f.oem4f (.const:ti_sysbios_gates_GateMutex_Module__id__C)
                  0000bca0    00000002     SlaveController_pem4f.oem4f (.const:ti_sysbios_hal_Hwi_Module__id__C)
                  0000bca2    00000002     SlaveController_pem4f.oem4f (.const:ti_sysbios_heaps_HeapMem_Module__id__C)
                  0000bca4    00000002     SlaveController_pem4f.oem4f (.const:ti_sysbios_knl_Clock_Module__id__C)
                  0000bca6    00000002     SlaveController_pem4f.oem4f (.const:ti_sysbios_knl_Semaphore_Module__id__C)
                  0000bca8    00000002     SlaveController_pem4f.oem4f (.const:ti_sysbios_knl_Task_Module__id__C)
                  0000bcaa    00000002     SlaveController_pem4f.oem4f (.const:xdc_runtime_Core_Module__id__C)
                  0000bcac    00000002     SlaveController_pem4f.oem4f (.const:xdc_runtime_Error_Module__loggerDefined__C)
                  0000bcae    00000002     SlaveController_pem4f.oem4f (.const:xdc_runtime_Error_maxDepth__C)
                  0000bcb0    00000002     SlaveController_pem4f.oem4f (.const:xdc_runtime_Memory_Module__id__C)
                  0000bcb2    00000002     SlaveController_pem4f.oem4f (.const:xdc_runtime_SysMin_flushAtExit__C)
                  0000bcb4    00000002     SlaveController_pem4f.oem4f (.const:xdc_runtime_Text_charCnt__C)
                  0000bcb6    00000002     SlaveController_pem4f.oem4f (.const:xdc_runtime_Text_isLoaded__C)
                  0000bcb8    00000002     SlaveController_pem4f.oem4f (.const:xdc_runtime_Text_registryModsLastId__C)
                  0000bcba    00000002     SlaveController_pem4f.oem4f (.const:xdc_runtime_Text_unnamedModsLastId__C)

.cinit     0    0000bcc0    00000258     
                  0000bcc0    00000222     (.cinit..data.load) [load image, compression = lzss]
                  0000bee2    00000002     --HOLE-- [fill = 0]
                  0000bee4    0000000c     (__TI_handler_table)
                  0000bef0    00000008     (.cinit..bss.load) [load image, compression = zero_init]
                  0000bef8    00000008     (.cinit..vecs.load) [load image, compression = zero_init]
                  0000bf00    00000018     (__TI_cinit_table)

.init_array 
*          0    00000000    00000000     UNINITIALIZED

.resetVecs 
*          0    00000000    0000003c     
                  00000000    0000003c     SlaveController_pem4f.oem4f (.resetVecs)

.bss       0    20000400    00003f3a     UNINITIALIZED
                  20000400    00001f40     (.common:st)
                  20002340    00001000     (.common:ti_sysbios_heaps_HeapMem_Instance_State_0_buf__A)
                  20003340    00000360     (.common:ti_sysbios_family_arm_m3_Hwi_dispatchTable)
                  200036a0    00000240     (.common:sdspiTivaObjects)
                  200038e0    00000200     SlaveController_pem4f.oem4f (.bss:taskStackSection)
                  20003ae0    00000120     rtsv7M4_T_le_v4SPD16_eabi.lib : trgmsg.c.obj (.bss:_CIOBUF_)
                  20003c00    00000200     EK_TM4C123GXL.obj (.bss:dmaControlTable)
                  20003e00    0000012c     (.common:SRAM_txBuffer)
                  20003f2c    000000e4     (.common:spiTivaDMAObjects)
                  20004010    000000cc     (.common:uartTivaObjects)
                  200040dc    00000090     drivers_tivaware.aem4f : GPIOTiva.oem4f (.bss:gpioCallbackInfo)
                  2000416c    00000080     (.common:xdc_runtime_SysMin_Module_State_0_outbuf__A)
                  200041ec    00000050     (.common:ts)
                  2000423c    00000028     ti.mw.fatfs.aem4f : ffcio.oem4f (.bss:filTable)
                  20004264    00000024     (.common:uartParams)
                  20004288    00000020     (.common:SRAM_spi_params)
                  200042a8    00000020     (.common:uartTivaRingBuffer)
                  200042c8    0000001c     EK_TM4C123GXL.obj (.bss:dmaHwiStruct)
                  200042e4    00000014     (.common:SRAM_transaction)
                  200042f8    00000010     (.common:FatFs)
                  20004308    00000010     (.common:sdspiHandles)
                  20004318    00000008     (.common:parmbuf)
                  20004320    0000000c     (.common:spiTivaDMAscratchBuf)
                  2000432c    00000004     (.common:SRAM_spi)
                  20004330    00000004     (.common:gpioInterruptVectors)
                  20004334    00000004     (.common:uart)
                  20004338    00000002     (.common:Fsid)

.data      0    2000433c    0000058a     UNINITIALIZED
[...]
00009a49  xdc_runtime_System_Module_GateProxy_query__E                      
00009a51  ti_sysbios_BIOS_RtsGateProxy_query__E                             
00009a51  ti_sysbios_gates_GateMutex_query__E                               
00009a51  ti_sysbios_heaps_HeapMem_Module_GateProxy_query__E                
00009a59  ti_sysbios_knl_Task_startup__E                                    
00009a61  ti_sysbios_gates_GateHwi_Instance_init__E                         
00009a69  ti_sysbios_knl_Clock_logTick__E                                   
00009a6c  xdc_runtime_Text_charTab__A                                       
0000b2f1  xdc_runtime_Error_policy__C                                       
0000b2f2  xdc_runtime_Text_nodeTab__A                                       
0000b3be  ti_catalog_arm_cortexm4_tiva_ce_Boot_Module__id__C                
0000b450  spiTivaDMAHWAttrs                                                 
0000b4c8  SPITivaDMA_fxnTable                                               
0000b6bc  ti_sysbios_knl_Task_Object__PARAMS__C                             
0000b6f8  SPI_config                                                        
0000b728  ti_sysbios_family_arm_m3_Hwi_Object__PARAMS__C                    
0000b758  UARTTiva_fxnTable                                                 
0000b780  ti_sysbios_heaps_HeapMem_Module__FXNS__C                          
0000b7a8  UART_defaultParams                                                
0000b7cc  sdspiTivaHWattrs                                                  
0000b7f0  ti_sysbios_gates_GateHwi_Module__FXNS__C                          
0000b814  ti_sysbios_gates_GateMutex_Module__FXNS__C                        
0000b838  ti_sysbios_heaps_HeapMem_Object__PARAMS__C                        
0000b85c  ti_sysbios_knl_Clock_Object__PARAMS__C                            
0000b880  ti_sysbios_knl_Semaphore_Object__PARAMS__C                        
0000b8a4  xdc_runtime_Startup_sfxnTab__A                                    
0000b8c8  SPI_defaultParams                                                 
0000b8e8  ti_sysbios_family_arm_m3_Hwi_Object__DESC__C                      
0000b908  ti_sysbios_gates_GateHwi_Object__DESC__C                          
0000b928  ti_sysbios_gates_GateMutex_Object__DESC__C                        
0000b948  ti_sysbios_heaps_HeapMem_Object__DESC__C                          
0000b968  ti_sysbios_knl_Clock_Object__DESC__C                              
0000b988  ti_sysbios_knl_Queue_Object__DESC__C                              
0000b9a8  ti_sysbios_knl_Semaphore_Object__DESC__C                          
0000b9c8  ti_sysbios_knl_Task_Object__DESC__C                               
0000b9e8  SDSPI_config                                                      
0000ba00  UART_config                                                       
0000ba18  ti_sysbios_gates_GateHwi_Object__PARAMS__C                        
0000ba30  ti_sysbios_gates_GateMutex_Object__PARAMS__C                      
0000ba48  ti_sysbios_knl_Queue_Object__PARAMS__C                            
0000ba60  uartTivaHWAttrs                                                   
0000ba78  GPIOTiva_config                                                   
0000ba8c  xdc_runtime_Startup_firstFxns__A                                  
0000baa0  xdc_runtime_Startup_sfxnRts__A                                    
0000bab2  ti_sysbios_family_arm_lm4_TimestampProvider_useClockTimer__C      
0000bab4  SDSPITiva_fxnTable                                                
0000bac4  ti_sysbios_family_arm_m3_Hwi_excHookFuncs__A                      
0000bacc  ti_sysbios_knl_Idle_funcList__C                                   
0000bad4  xdc_runtime_Startup_firstFxns__C                                  
0000badc  xdc_runtime_Startup_lastFxns__C                                   
0000bae4  ti_catalog_arm_cortexm4_tiva_ce_Boot_A_mustUseEnhancedClockMode__C
0000bae8  ti_catalog_arm_cortexm4_tiva_ce_Boot_Module__diagsEnabled__C      
0000baec  ti_catalog_arm_cortexm4_tiva_ce_Boot_Module__diagsIncluded__C     
0000baf0  ti_catalog_arm_cortexm4_tiva_ce_Boot_Module__diagsMask__C         
0000baf4  ti_sysbios_family_arm_lm4_Timer_enableFunc__C                     
0000baf8  ti_sysbios_family_arm_lm4_Timer_numTimerDevices__C                
0000bafc  ti_sysbios_family_arm_lm4_Timer_startupNeeded__C                  
0000bb00  ti_sysbios_family_arm_m3_Hwi_E_NMI__C                             
0000bb04  ti_sysbios_family_arm_m3_Hwi_E_alreadyDefined__C                  
0000bb08  ti_sysbios_family_arm_m3_Hwi_E_busFault__C                        
0000bb0c  ti_sysbios_family_arm_m3_Hwi_E_debugMon__C                        
0000bb10  ti_sysbios_family_arm_m3_Hwi_E_hardFault__C                       
0000bb14  ti_sysbios_family_arm_m3_Hwi_E_memFault__C                        
0000bb18  ti_sysbios_family_arm_m3_Hwi_E_noIsr__C                           
0000bb1c  ti_sysbios_family_arm_m3_Hwi_E_reserved__C                        
0000bb20  ti_sysbios_family_arm_m3_Hwi_E_svCall__C                          
0000bb24  ti_sysbios_family_arm_m3_Hwi_E_usageFault__C                      
0000bb28  ti_sysbios_family_arm_m3_Hwi_NUM_INTERRUPTS__C                    
0000bb2c  ti_sysbios_family_arm_m3_Hwi_Object__count__C                     
0000bb30  ti_sysbios_family_arm_m3_Hwi_ccr__C                               
0000bb34  ti_sysbios_family_arm_m3_Hwi_excHandlerFunc__C                    
0000bb38  ti_sysbios_family_arm_m3_Hwi_excHookFuncs__C                      
0000bb3c  ti_sysbios_family_arm_m3_Hwi_nullIsrFunc__C                       
0000bb40  ti_sysbios_family_arm_m3_Hwi_priGroup__C                          
0000bb44  ti_sysbios_family_arm_m3_TaskSupport_stackAlignment__C            
0000bb48  ti_sysbios_gates_GateMutex_A_badContext__C                        
0000bb4c  ti_sysbios_gates_GateMutex_Instance_State_sem__O                  
0000bb50  ti_sysbios_gates_GateMutex_Module__diagsEnabled__C                
0000bb54  ti_sysbios_gates_GateMutex_Module__diagsIncluded__C               
0000bb58  ti_sysbios_gates_GateMutex_Module__diagsMask__C                   
0000bb5c  ti_sysbios_hal_Hwi_E_stackOverflow__C                             
0000bb60  ti_sysbios_heaps_HeapMem_A_align__C                               
0000bb64  ti_sysbios_heaps_HeapMem_A_heapSize__C                            
0000bb68  ti_sysbios_heaps_HeapMem_A_invalidFree__C                         
0000bb6c  ti_sysbios_heaps_HeapMem_A_zeroBlock__C                           
0000bb70  ti_sysbios_heaps_HeapMem_E_memory__C                              
0000bb74  ti_sysbios_heaps_HeapMem_Module__diagsEnabled__C                  
0000bb78  ti_sysbios_heaps_HeapMem_Module__diagsIncluded__C                 
0000bb7c  ti_sysbios_heaps_HeapMem_Module__diagsMask__C                     
0000bb80  ti_sysbios_heaps_HeapMem_Module__gateObj__C                       
0000bb84  ti_sysbios_heaps_HeapMem_Object__count__C                         
0000bb88  ti_sysbios_heaps_HeapMem_reqAlign__C                              
0000bb8c  ti_sysbios_knl_Clock_A_badThreadType__C                           
0000bb90  ti_sysbios_knl_Clock_Module_State_clockQ__O                       
0000bb94  ti_sysbios_knl_Clock_Module__diagsEnabled__C                      
0000bb98  ti_sysbios_knl_Clock_Module__diagsIncluded__C                     
0000bb9c  ti_sysbios_knl_Clock_Module__diagsMask__C                         
0000bba0  ti_sysbios_knl_Idle_funcList__A                                   
0000bba4  ti_sysbios_knl_Semaphore_A_badContext__C                          
0000bba8  ti_sysbios_knl_Semaphore_A_noEvents__C                            
0000bbac  ti_sysbios_knl_Semaphore_A_overflow__C                            
0000bbb0  ti_sysbios_knl_Semaphore_A_pendTaskDisabled__C                    
0000bbb4  ti_sysbios_knl_Semaphore_Instance_State_pendQ__O                  
0000bbb8  ti_sysbios_knl_Semaphore_Module__diagsEnabled__C                  
0000bbbc  ti_sysbios_knl_Semaphore_Module__diagsIncluded__C                 
0000bbc0  ti_sysbios_knl_Semaphore_Module__diagsMask__C                     
0000bbc4  ti_sysbios_knl_Swi_Object__count__C                               
0000bbc8  ti_sysbios_knl_Task_A_badPriority__C                              
0000bbcc  ti_sysbios_knl_Task_A_badTaskState__C                             
0000bbd0  ti_sysbios_knl_Task_A_badThreadType__C                            
0000bbd4  ti_sysbios_knl_Task_A_badTimeout__C                               
0000bbd8  ti_sysbios_knl_Task_A_noPendElem__C                               
0000bbdc  ti_sysbios_knl_Task_A_sleepTaskDisabled__C                        
0000bbe0  ti_sysbios_knl_Task_E_spOutOfBounds__C                            
0000bbe4  ti_sysbios_knl_Task_E_stackOverflow__C                            
0000bbe8  ti_sysbios_knl_Task_Module_State_inactiveQ__O                     
0000bbec  ti_sysbios_knl_Task_Module__diagsEnabled__C                       
0000bbf0  ti_sysbios_knl_Task_Module__diagsIncluded__C                      
0000bbf4  ti_sysbios_knl_Task_Module__diagsMask__C                          
0000bbf8  ti_sysbios_knl_Task_Object__count__C                              
0000bbfc  ti_sysbios_knl_Task_allBlockedFunc__C                             
0000bc00  ti_sysbios_knl_Task_defaultStackHeap__C                           
0000bc04  ti_sysbios_knl_Task_defaultStackSize__C                           
0000bc08  ti_sysbios_knl_Task_numConstructedTasks__C                        
0000bc0c  xdc_runtime_Assert_E_assertFailed__C                              
0000bc10  xdc_runtime_Core_A_initializedParams__C                           
0000bc14  xdc_runtime_Core_Module__diagsEnabled__C                          
0000bc18  xdc_runtime_Core_Module__diagsIncluded__C                         
0000bc1c  xdc_runtime_Core_Module__diagsMask__C                             
0000bc20  xdc_runtime_Error_E_memory__C                                     
0000bc24  xdc_runtime_Error_Module__diagsEnabled__C                         
0000bc28  xdc_runtime_Error_Module__diagsIncluded__C                        
0000bc2c  xdc_runtime_Error_Module__diagsMask__C                            
0000bc30  xdc_runtime_Error_Module__loggerFxn8__C                           
0000bc34  xdc_runtime_Error_Module__loggerObj__C                            
0000bc38  xdc_runtime_Error_policyFxn__C                                    
0000bc3c  xdc_runtime_Error_raiseHook__C                                    
0000bc40  xdc_runtime_IGateProvider_Interface__BASE__C                      
0000bc44  xdc_runtime_IHeap_Interface__BASE__C                              
0000bc48  xdc_runtime_IModule_Interface__BASE__C                            
0000bc4c  xdc_runtime_Log_L_error__C                                        
0000bc50  xdc_runtime_Memory_defaultHeapInstance__C                         
0000bc54  xdc_runtime_Startup_execImpl__C                                   
0000bc58  xdc_runtime_Startup_lastFxns__A                                   
0000bc5c  xdc_runtime_Startup_maxPasses__C                                  
0000bc60  xdc_runtime_Startup_sfxnRts__C                                    
0000bc64  xdc_runtime_Startup_sfxnTab__C                                    
0000bc68  xdc_runtime_SysMin_bufSize__C                                     
0000bc6c  xdc_runtime_SysMin_outputFunc__C                                  
0000bc70  xdc_runtime_System_Module__gateObj__C                             
0000bc74  xdc_runtime_System_abortFxn__C                                    
0000bc78  xdc_runtime_System_exitFxn__C                                     
0000bc7c  xdc_runtime_System_extendFxn__C                                   
0000bc80  xdc_runtime_System_maxAtexitHandlers__C                           
0000bc84  xdc_runtime_Text_charTab__C                                       
0000bc88  xdc_runtime_Text_nameEmpty__C                                     
0000bc8c  xdc_runtime_Text_nameStatic__C                                    
0000bc90  xdc_runtime_Text_nameUnknown__C                                   
0000bc94  xdc_runtime_Text_nodeTab__C                                       
0000bc98  xdc_runtime_Text_visitRopeFxn__C                                  
0000bc9c  ti_sysbios_family_arm_m3_Hwi_Module__id__C                        
0000bc9e  ti_sysbios_gates_GateMutex_Module__id__C                          
0000bca0  ti_sysbios_hal_Hwi_Module__id__C                                  
0000bca2  ti_sysbios_heaps_HeapMem_Module__id__C                            
0000bca4  ti_sysbios_knl_Clock_Module__id__C                                
0000bca6  ti_sysbios_knl_Semaphore_Module__id__C                            
0000bca8  ti_sysbios_knl_Task_Module__id__C                                 
0000bcaa  xdc_runtime_Core_Module__id__C                                    
0000bcac  xdc_runtime_Error_Module__loggerDefined__C                        
0000bcae  xdc_runtime_Error_maxDepth__C                                     
0000bcb0  xdc_runtime_Memory_Module__id__C                                  
0000bcb2  xdc_runtime_SysMin_flushAtExit__C                                 
0000bcb4  xdc_runtime_Text_charCnt__C                                       
0000bcb6  xdc_runtime_Text_isLoaded__C                                      
0000bcb8  xdc_runtime_Text_registryModsLastId__C                            
0000bcba  xdc_runtime_Text_unnamedModsLastId__C                             
0000bcc0  __TI_static_base__                                                
0000bee4  __TI_Handler_Table_Base                                           
0000bef0  __TI_Handler_Table_Limit                                          
0000bf00  __TI_CINIT_Base                                                   
0000bf18  __TI_CINIT_Limit                                                  
20000000  __start___llvm_prf_cnts                                           
20000000  __stop___llvm_prf_cnts                                            
20000000  ti_sysbios_family_arm_m3_Hwi_ramVectors                           
20000400  st                                                                
20002340  ti_sysbios_heaps_HeapMem_Instance_State_0_buf__A                  
20003340  ti_sysbios_family_arm_m3_Hwi_dispatchTable                        
200036a0  sdspiTivaObjects                                                  
200038e0  ti_sysbios_knl_Task_Instance_State_0_stack__A                     
20003ae0  __CIOBUF_                                                         
20003e00  SRAM_txBuffer                                                     
20003f2c  spiTivaDMAObjects                                                 
20004010  uartTivaObjects                                                   
2000416c  xdc_runtime_SysMin_Module_State_0_outbuf__A                       
200041ec  ts                                                                
20004264  uartParams                                                        
20004288  SRAM_spi_params                                                   
200042a8  uartTivaRingBuffer                                                
200042e4  SRAM_transaction                                                  
20004318  parmbuf                                                           
20004320  spiTivaDMAscratchBuf                                              
2000432c  SRAM_spi                                                          
20004334  uart                                                              
2000433c  ti_sysbios_family_arm_lm4_Timer_Object__table__V                  
200043bc  ti_sysbios_knl_Swi_Module_State_0_readyQ__A                       
2000443c  ti_sysbios_knl_Task_Module_State_0_readyQ__A                      
200044bc  _device                                                           
20004584  ti_sysbios_knl_Task_Object__table__V                              
200045d0  ti_sysbios_knl_Task_Module__state__V                              
20004614  ti_sysbios_gates_GateMutex_Object__table__V                       
2000464c  ti_sysbios_family_arm_m3_Hwi_Module__state__V                     
20004680  ti_sysbios_family_arm_lm4_Timer_Module_State_0_device__A          
200046b0  ti_sysbios_family_arm_m3_Hwi_Object__table__V                     
200046e0  ti_sysbios_knl_Swi_Object__table__V                               
20004710  ti_sysbios_knl_Clock_Module__state__V                             
20004760  ti_sysbios_BIOS_Module__state__V                                  
20004784  ti_sysbios_knl_Swi_Module__state__V                               
200047a0  ti_sysbios_family_arm_lm4_Timer_Module_State_0_handles__A         
200047b8  ti_sysbios_heaps_HeapMem_Object__table__V                         
200047d0  gpioPinConfigs                                                    
200047e4  _tz                                                               
200047f4  ti_sysbios_family_arm_lm4_Timer_Module__state__V                  
20004800  xdc_runtime_SysMin_Module__state__V                               
2000480c  _lock                                                             
20004810  _unlock                                                           
20004814  gpioCallbackFunctions                                             
2000481c  ti_sysbios_family_arm_lm4_Seconds_Module__state__V                
20004824  ti_sysbios_family_arm_lm4_TimestampProvider_Module__state__V      
2000482c  ti_sysbios_family_arm_m3_Hwi_Module__root__V                      
20004834  ti_sysbios_gates_GateHwi_Module__root__V                          
2000483c  ti_sysbios_gates_GateMutex_Module__root__V                        
20004844  ti_sysbios_heaps_HeapMem_Module__root__V                          
2000484c  ti_sysbios_knl_Clock_Module__root__V                              
20004854  ti_sysbios_knl_Queue_Module__root__V                              
2000485c  ti_sysbios_knl_Semaphore_Module__root__V                          
20004864  ti_sysbios_knl_Task_Module__root__V                               
2000486c  xdc_runtime_Registry_Module__state__V                             
20004874  xdc_runtime_Startup_Module__state__V                              
2000487c  xdc_runtime_System_Module_State_0_atexitHandlers__A               
20004884  xdc_runtime_System_Module__state__V                               
20004892  ti_sysbios_family_arm_m3_Hwi_Module_State_0_excActive__A          
200048a8  main_func_sp                                                      
200048b0  ti_sysbios_family_arm_m3_Hwi_Module_State_0_excContext__A         
200048b4  ti_sysbios_family_arm_m3_Hwi_Module_State_0_excStack__A           
200048b8  ti_sysbios_gates_GateHwi_Object__table__V                         
200048bc  ti_sysbios_knl_Task_Module_State_0_idleTask__A                    
200048c0  xdc_runtime_Memory_Module__state__V                               
200048c4  xdc_runtime_Error_Module__state__V                                
200048c8  __stack                                                           
20004bc8  __STACK_END                                                       
e000e000  ti_sysbios_family_arm_m3_Hwi_nvic                                 
ffffffff  __TI_pprof_out_hndl                                               
ffffffff  __TI_prof_data_size                                               
ffffffff  __TI_prof_data_start                                              
ffffffff  __binit__                                                         
ffffffff  __c_args__                                                        
ffffffff  binit                                                             
UNDEFED   SHT$$INIT_ARRAY$$Base                                             
UNDEFED   SHT$$INIT_ARRAY$$Limit                                            

[761 symbols]
