******************************************************************************
                  TI ARM Linker PC v19.6.0                     
******************************************************************************
>> Linked Fri Mar 13 10:21:25 2020

OUTPUT FILE NAME:   <SlaveController.out>
ENTRY POINT SYMBOL: "_c_int00"  address: 00006f0d


MEMORY CONFIGURATION

         name            origin    length      used     unused   attr    fill
----------------------  --------  ---------  --------  --------  ----  --------
  FLASH                 00000000   00040000  0000bff6  0003400a  R  X
  SRAM                  20000000   00008000  00003dc8  00004238  RW X


SEGMENT ALLOCATION MAP

run origin  load origin   length   init length attrs members
----------  ----------- ---------- ----------- ----- -------
00000000    00000000    0000c000   0000c000    r-x
  00000000    00000000    0000003c   0000003c    r-- .resetVecs
  00000040    00000040    00009aaa   00009aaa    r-x .text
  00009aec    00009aec    000022b0   000022b0    r-- .const
  0000bda0    0000bda0    00000260   00000260    r-- .cinit
20000000    20000000    00000360   00000000    rw-
  20000000    20000000    00000360   00000000    rw- .vecs
20000400    20000400    00003a70   00000000    rw-
  20000400    20000400    000031de   00000000    rw- .bss
  200035e0    200035e0    0000058a   00000000    rw- .data
  20003b70    20003b70    00000300   00000000    rw- .stack


SECTION ALLOCATION MAP

 output                                  attributes/
section   page    origin      length       input sections
--------  ----  ----------  ----------   ----------------
.text      0    00000040    00009aaa     
                  00000040    00000430     sysbios.aem4f : BIOS.obj (.text:ti_sysbios_family_arm_m3_Hwi_excDumpRegs__I)
                  00000470    0000034c     ti.targets.arm.rtsarm.aem4f : System.oem4f (.text:xdc_runtime_System_doPrint__I)
                  000007bc    00000324     ti.mw.fatfs.aem4f : ff.oem4f (.text:find_volume)
                  00000ae0    000002b8     sysbios.aem4f : BIOS.obj (.text:ti_sysbios_knl_Semaphore_pend__E)
                  00000d98    000002a0     rtsv7M4_T_le_v4SPD16_eabi.lib : mktime.c.obj (.text:__mktime32)
                  00001038    0000026c     sysbios.aem4f : BIOS.obj (.text:ti_sysbios_heaps_HeapMem_free__E)
                  000012a4    00000004     driverlib.lib : ssi.obj (.text:SSIIntClear)
                  000012a8    00000250     sysbios.aem4f : BIOS.obj (.text:ti_sysbios_heaps_HeapMem_alloc__E)
                  000014f8    00000234                   : BIOS.obj (.text:ti_sysbios_knl_Task_Instance_finalize__E)
                  0000172c    0000020c     drivers_tivaware.aem4f : UARTTiva.oem4f (.text:UARTTiva_open)
                  00001938    000001f4                            : SDSPITiva.oem4f (.text:SDSPITiva_diskInitialize)
                  00001b2c    00000004     driverlib.lib : uart.obj (.text:UARTIntClear)
                  00001b30    000001f4     sysbios.aem4f : BIOS.obj (.text:ti_sysbios_family_arm_m3_Hwi_excHandlerMax__I)
                  00001d24    00000004     rtsv7M4_T_le_v4SPD16_eabi.lib : exit.c.obj (.text:abort:abort)
                  00001d28    000001d8     sysbios.aem4f : BIOS.obj (.text:ti_sysbios_knl_Task_sleep__E)
                  00001f00    000001c0                   : BIOS.obj (.text:ti_sysbios_knl_Task_Instance_init__E)
                  000020c0    000001a4     ti.mw.fatfs.aem4f : ff.oem4f (.text:f_write)
                  00002264    00000178                       : ff.oem4f (.text:f_read)
                  000023dc    00000004                       : ffosal.oem4f (.text:ff_rel_grant)
                  000023e0    00000174     sysbios.aem4f : BIOS.obj (.text:ti_sysbios_family_arm_m3_Hwi_excBusFault__I)
                  00002554    00000170     ILI9341.obj (.text:_Z12ILI9341_initv)
                  000026c4    00000164     ti.mw.fatfs.aem4f : ff.oem4f (.text:f_open)
                  00002828    00000164     sysbios.aem4f : BIOS.obj (.text:ti_sysbios_family_arm_m3_Hwi_excUsageFault__I)
                  0000298c    0000015a     ti.mw.fatfs.aem4f : ff.oem4f (.text:f_lseek)
                  00002ae6    00000002     drivers_tivaware.aem4f : SPITivaDMA.oem4f (.text:SPITivaDMA_serviceISR)
                  00002ae8    00000150                            : GPIOTiva.oem4f (.text:GPIO_setConfig)
                  00002c38    00000148     sysbios.aem4f : BIOS.obj (.text:ti_sysbios_family_arm_m3_Hwi_excMemFault__I)
                  00002d80    0000013c                   : BIOS.obj (.text:ti_sysbios_heaps_HeapMem_Instance_init__E)
                  00002ebc    00000134     rtsv7M4_T_le_v4SPD16_eabi.lib : localtim.c.obj (.text:__localtime32)
                  00002ff0    00000130     driverlib.lib : gpio.obj (.text:GPIOPadConfigSet)
                  00003120    00000123     ti.mw.fatfs.aem4f : ff.oem4f (.text:create_name)
                  00003243    00000001     --HOLE-- [fill = 0]
                  00003244    00000004                       : diskio.oem4f (.text:get_fattime)
                  00003248    0000011c     sysbios.aem4f : BIOS.obj (.text:ti_sysbios_knl_Clock_Instance_init__E)
                  00003364    00000118     ti.targets.arm.rtsarm.aem4f : Error.oem4f (.text:xdc_runtime_Error_policyDefault__E)
                  0000347c    00000108     drivers_tivaware.aem4f : SDSPITiva.oem4f (.text:SDSPITiva_open)
                  00003584    00000004     SlaveController_pem4f.oem4f (.text:ti_sysbios_BIOS_RtsGateProxy_enter__E)
                  00003588    00000108     sysbios.aem4f : BIOS.obj (.text:ti_sysbios_family_arm_lm4_Timer_start__E)
                  00003690    00000100     Boot.aem4f : Boot_sysctl.oem4f (.text:ti_catalog_arm_cortexm4_tiva_ce_Boot_sysCtlClockSetI__I)
                  00003790    00000100     ti.targets.arm.rtsarm.aem4f : Core-mem.oem4f (.text:xdc_runtime_Core_createObject__I)
                  00003890    000000fe     ti.mw.fatfs.aem4f : ff.oem4f (.text:f_rename)
                  0000398e    000000fa                       : ff.oem4f (.text:dir_next)
                  00003a88    000000f8     ti.targets.arm.rtsarm.aem4f : Startup.oem4f (.text:xdc_runtime_Startup_startMods__I)
                  00003b80    000000f8     SlaveController_pem4f.oem4f (.text:xdc_runtime_System_printfExtend__I)
                  00003c78    000000f4     drivers_tivaware.aem4f : SDSPITiva.oem4f (.text:SDSPITiva_diskIOctrl)
                  00003d6c    000000f4     sysbios.aem4f : m3_Hwi_asm.obj (.text:ti_sysbios_family_arm_m3_Hwi_dispatch__I)
                  00003e60    000000ec     ti.mw.fatfs.aem4f : ff.oem4f (.text:put_fat)
                  00003f4c    00000004     SlaveController_pem4f.oem4f (.text:ti_sysbios_BIOS_RtsGateProxy_leave__E)
                  00003f50    000000ec     sysbios.aem4f : BIOS.obj (.text:ti_sysbios_knl_Semaphore_post__E)
                  0000403c    000000e8     drivers_tivaware.aem4f : SDSPITiva.oem4f (.text:SDSPITiva_diskWrite)
                  00004124    000000d8                            : SPITivaDMA.oem4f (.text:SPITivaDMA_open)
                  000041fc    00000004     sysbios.aem4f : BIOS.obj (.text:ti_sysbios_family_arm_lm4_Timer_masterEnable__I)
                  00004200    000000d8                   : BIOS.obj (.text:ti_sysbios_family_arm_lm4_TimestampProvider_get32__E)
                  000042d8    000000d6     ti.mw.fatfs.aem4f : ff.oem4f (.text:get_fat)
                  000043ae    00000002     rtsv7M4_T_le_v4SPD16_eabi.lib : _lock.c.obj (.text:_nop)
                  000043b0    000000cc     ti.targets.arm.rtsarm.aem4f : Core-smem.oem4f (.text:xdc_runtime_Core_constructObject__I)
                  0000447c    000000c8     start.obj (.text:main)
                  00004544    000000c6     drivers_tivaware.aem4f : SDSPITiva.oem4f (.text:send_cmd)
                  0000460a    00000002     rtsv7M4_T_le_v4SPD16_eabi.lib : div0.asm.obj (.text)
                  0000460c    000000c0     drivers_tivaware.aem4f : SDSPITiva.oem4f (.text:SDSPITiva_diskRead)
                  000046cc    000000c0                            : SPITivaDMA.oem4f (.text:SPITivaDMA_configDMA)
                  0000478c    000000bc     EK_TM4C123GXL.obj (.text:EK_TM4C123GXL_initSPI)
                  00004848    000000bc     sysbios.aem4f : BIOS.obj (.text:ti_sysbios_family_arm_m3_Hwi_excDebugMon__I)
                  00004904    00000004     SlaveController_pem4f.oem4f (.text:ti_sysbios_family_arm_m3_Hwi_destruct)
                  00004908    000000bc     sysbios.aem4f : BIOS.obj (.text:ti_sysbios_family_arm_m3_Hwi_excHardFault__I)
                  000049c4    000000b8     rtsv7M4_T_le_v4SPD16_eabi.lib : add_device.c.obj (.text:add_device)
                  00004a7c    000000b8     ti.mw.fatfs.aem4f : ffcio.oem4f (.text:ffcio_open)
                  00004b34    000000b4                       : ff.oem4f (.text:sync_fs)
                  00004be8    000000b4     sysbios.aem4f : BIOS.obj (.text:ti_sysbios_gates_GateMutex_enter__E)
                  00004c9c    00000004     SlaveController_pem4f.oem4f (.text:ti_sysbios_family_arm_m3_TaskSupport_Module__startupDone__S)
                  00004ca0    000000b4     sysbios.aem4f : BIOS.obj (.text:ti_sysbios_knl_Task_checkStacks__E)
                  00004d54    000000ac     drivers_tivaware.aem4f : UARTTiva.oem4f (.text:readTaskBlocking)
                  00004e00    000000ac     sysbios.aem4f : BIOS.obj (.text:ti_sysbios_family_arm_lm4_Timer_enableTiva__I)
                  00004eac    000000a8     ti.mw.fatfs.aem4f : ff.oem4f (.text:create_chain)
                  00004f54    000000a4     drivers_tivaware.aem4f : SPITivaDMA.oem4f (.text:SPITivaDMA_initHw)
                  00004ff8    000000a4     ti.mw.fatfs.aem4f : ff.oem4f (.text:f_unlink)
                  0000509c    00000004     SlaveController_pem4f.oem4f (.text:ti_sysbios_heaps_HeapMem_Module_GateProxy_enter__E)
                  000050a0    000000a4     sysbios.aem4f : BIOS.obj (.text:ti_sysbios_knl_Clock_Instance_finalize__E)
                  00005144    000000a0     auto_init.aem4f : auto_init.oem4f (.text)
                  000051e4    000000a0     drivers_tivaware.aem4f : SDSPITiva.oem4f (.text:rcvr_datablock)
                  00005284    000000a0     ti.targets.arm.rtsarm.aem4f : Text.oem4f (.text:xdc_runtime_Text_putMod__E)
                  00005324    0000009c     ti.mw.fatfs.aem4f : ff.oem4f (.text:f_sync)
                  000053c0    0000009c     rtsv7M4_T_le_v4SPD16_eabi.lib : memcpy_t2.asm.obj (.text)
                  0000545c    00000004     SlaveController_pem4f.oem4f (.text:ti_sysbios_heaps_HeapMem_Module_GateProxy_leave__E)
                  00005460    0000009c     sysbios.aem4f : BIOS.obj (.text:ti_sysbios_knl_Semaphore_Instance_init__E)
                  000054fc    0000009a     ILI9341.obj (.text:_Z16ILI9341_fillRectjjjjj)
                  00005596    00000002     SlaveController_pem4f.oem4f (.text:ti_sysbios_BIOS_nullFunc__I)
                  00005598    0000009a     ti.targets.arm.rtsarm.aem4f : Text.oem4f (.text:xdc_runtime_Text_putSite__E)
                  00005632    0000009a     drivers_tivaware.aem4f : SDSPITiva.oem4f (.text:xmit_datablock)
                  000056cc    00000098                            : UARTTiva.oem4f (.text:UARTTiva_readPolling)
                  00005764    00000098     ILI9341.obj (.text:_Z11commandListPKh)
                  000057fc    00000098     Boot.aem4f : Boot.oem4f (.text:ti_catalog_arm_cortexm4_tiva_ce_Boot_sysCtlClockSet__E)
                  00005894    00000096     rtsv7M4_T_le_v4SPD16_eabi.lib : ull_div_t2.asm.obj (.text)
                  0000592a    00000094     drivers_tivaware.aem4f : UARTTiva.oem4f (.text:UARTTiva_write)
                  000059be    00000002     SlaveController_pem4f.oem4f (.text:xdc_runtime_Startup_reset__I)
                  000059c0    00000094     sysbios.aem4f : BIOS.obj (.text:ti_sysbios_family_arm_m3_Hwi_Instance_init__E)
                  00005a54    00000004     SlaveController_pem4f.oem4f (.text:ti_sysbios_knl_Clock_TimerProxy_getMaxTicks__E)
                  00005a58    00000094     sysbios.aem4f : BIOS.obj (.text:ti_sysbios_family_arm_m3_Hwi_initNVIC__E)
                  00005aec    00000004     SlaveController_pem4f.oem4f (.text:ti_sysbios_knl_Clock_TimerProxy_getPeriod__E)
                  00005af0    00000094     sysbios.aem4f : BIOS.obj (.text:ti_sysbios_knl_Task_postInit__I)
                  00005b84    0000008c     drivers_tivaware.aem4f : GPIOTiva.oem4f (.text:GPIO_init)
                  00005c10    0000008c                            : UARTTiva.oem4f (.text:UARTTiva_control)
                  00005c9c    0000008c     sysbios.aem4f : m3_TaskSupport_asm.obj (.text:ti_sysbios_family_arm_m3_TaskSupport_buildTaskStack)
                  00005d28    0000008a     drivers_tivaware.aem4f : UARTTiva.oem4f (.text:readIsrTextBlocking)
                  00005db2    00000002     --HOLE-- [fill = 0]
                  00005db4    00000088     EK_TM4C123GXL.obj (.text:EK_TM4C123GXL_initDMA)
                  00005e3c    00000004     SlaveController_pem4f.oem4f (.text:ti_sysbios_knl_Clock_destruct)
                  00005e40    00000084     sysbios.aem4f : BIOS.obj (.text:ti_sysbios_family_arm_m3_Hwi_postInit__I)
                  00005ec4    00000084     driverlib.lib : udma.obj (.text:uDMAChannelTransferSet)
                  00005f48    00000082     drivers_tivaware.aem4f : UARTTiva.oem4f (.text:readIsrTextCallback)
                  00005fca    0000007e     ti.mw.fatfs.aem4f : ff.oem4f (.text:dir_sdi)
                  00006048    0000007c                       : ff.oem4f (.text:f_mount)
                  000060c4    0000007a     drivers_tivaware.aem4f : UARTTiva.oem4f (.text:readTaskCallback)
                  0000613e    0000007a     rtsv7M4_T_le_v4SPD16_eabi.lib : memset_t2.asm.obj (.text)
                  000061b8    00000078     UART.obj (.text:UART_start)
                  00006230    00000076     ILI9341.obj (.text:_ZN33_INTERNAL_11_ILI9341_cpp_6ff9e12f17ILI9341_setCoordsEtttt)
                  000062a6    00000002     --HOLE-- [fill = 0]
                  000062a8    00000074     ti.mw.fatfs.aem4f : ff.oem4f (.text:check_fs)
                  0000631c    00000004     SlaveController_pem4f.oem4f (.text:ti_sysbios_knl_Queue_destruct)
                  00006320    00000074     sysbios.aem4f : BIOS.obj (.text:ti_sysbios_knl_Clock_start__E)
                  00006394    00000004     SlaveController_pem4f.oem4f (.text:ti_sysbios_knl_Semaphore_destruct)
                  00006398    00000070     sysbios.aem4f : BIOS.obj (.text:ti_sysbios_knl_Clock_workFunc__E)
                  00006408    00000070                   : BIOS.obj (.text:ti_sysbios_knl_Task_exit__E)
                  00006478    0000006e     rtsv7M4_T_le_v4SPD16_eabi.lib : ll_div_t2.asm.obj (.text)
                  000064e6    00000002     --HOLE-- [fill = 0]
                  000064e8    0000006d     ti.targets.arm.rtsarm.aem4f : System.oem4f (.text:xdc_runtime_System_formatNum__I)
                  00006555    00000003     --HOLE-- [fill = 0]
                  00006558    0000006c     sysbios.aem4f : BIOS.obj (.text:ti_sysbios_knl_Swi_restoreHwi__E)
                  000065c4    0000006c     drivers_tivaware.aem4f : UARTTiva.oem4f (.text:writeData)
                  00006630    0000006c     ti.targets.arm.rtsarm.aem4f : Error.oem4f (.text:xdc_runtime_Error_print__E)
                  0000669c    0000006c                                 : Memory.oem4f (.text:xdc_runtime_Memory_alloc__E)
                  00006708    00000068     rtsv7M4_T_le_v4SPD16_eabi.lib : hostlseek.c.obj (.text:HOSTlseek)
                  00006770    00000068                                   : hostrename.c.obj (.text:HOSTrename)
                  000067d8    00000068                                   : copy_decompress_lzss.c.obj (.text:decompress:lzss:__TI_decompress_lzss)
                  00006840    00000066     ti.targets.arm.rtsarm.aem4f : Core-mem.oem4f (.text:xdc_runtime_Core_deleteObject__I)
                  000068a6    00000002     --HOLE-- [fill = 0]
                  000068a8    00000064     drivers_tivaware.aem4f : GPIOTiva.oem4f (.text:GPIO_hwiIntFxn)
                  0000690c    00000064     ti.mw.fatfs.aem4f : ff.oem4f (.text:follow_path)
                  00006970    00000064     sysbios.aem4f : BIOS.obj (.text:ti_sysbios_family_arm_lm4_Timer_Module_startup__E)
                  000069d4    00000064     SlaveController_pem4f.oem4f (.text:ti_sysbios_family_arm_m3_Hwi_create)
                  00006a38    00000064     sysbios.aem4f : BIOS.obj (.text:ti_sysbios_family_arm_m3_Hwi_dispatchC__I)
                  00006a9c    00000062     drivers_tivaware.aem4f : SPITivaDMA.oem4f (.text:SPITivaDMA_transfer)
                  00006afe    00000002     --HOLE-- [fill = 0]
                  00006b00    00000060     rtsv7M4_T_le_v4SPD16_eabi.lib : hostopen.c.obj (.text:HOSTopen)
                  00006b60    00000060     sysbios.aem4f : BIOS.obj (.text:ti_sysbios_knl_Task_schedule__I)
                  00006bc0    0000005e     drivers_tivaware.aem4f : UARTTiva.oem4f (.text:readIsrBinaryBlocking)
                  00006c1e    0000005e     ti.mw.fatfs.aem4f : ff.oem4f (.text:remove_chain)
                  00006c7c    0000005c     EK_TM4C123GXL.obj (.text:EK_TM4C123GXL_initSDSPI)
                  00006cd8    0000005c     sysbios.aem4f : BIOS.obj (.text:ti_sysbios_knl_Swi_run__I)
                  00006d34    00000004     ti.targets.arm.rtsarm.aem4f : Error.oem4f (.text:xdc_runtime_Error_getSite__E)
                  00006d38    0000005c     sysbios.aem4f : BIOS.obj (.text:ti_sysbios_knl_Swi_schedule__I)
                  00006d94    00000004     SlaveController_pem4f.oem4f (.text:xdc_runtime_System_Module_GateProxy_enter__E)
                  00006d98    0000005c     sysbios.aem4f : BIOS.obj (.text:ti_sysbios_knl_Task_Module_startup__E)
                  00006df4    00000004     SlaveController_pem4f.oem4f (.text:xdc_runtime_System_Module_GateProxy_leave__E)
                  00006df8    0000005c     sysbios.aem4f : BIOS.obj (.text:ti_sysbios_knl_Task_startCore__E)
                  00006e54    0000005c     drivers_tivaware.aem4f : SDSPITiva.oem4f (.text:wait_ready)
                  00006eb0    0000005b     ti.targets.arm.rtsarm.aem4f : Text.oem4f (.text:xdc_runtime_Text_putLab__E)
                  00006f0b    00000001     --HOLE-- [fill = 0]
                  00006f0c    00000058     boot.aem4f : boot.oem4f (.text)
                  00006f64    00000058     rtsv7M4_T_le_v4SPD16_eabi.lib : hostread.c.obj (.text:HOSTread)
                  00006fbc    00000058                                   : hostwrite.c.obj (.text:HOSTwrite)
                  00007014    00000058     tirtosport.aem4f : SemaphoreP_tirtos.oem4f (.text:SemaphoreP_create)
                  0000706c    00000058     SlaveController_pem4f.oem4f (.text:ti_sysbios_family_arm_m3_Hwi_construct)
                  000070c4    00000058     sysbios.aem4f : m3_Hwi_asm_switch.obj (.text:ti_sysbios_family_arm_m3_Hwi_initStacks__E)
                  0000711c    00000056     driverlib.lib : gpio.obj (.text:GPIOIntTypeSet)
                  00007172    00000056     ti.mw.fatfs.aem4f : ff.oem4f (.text:dir_read)
                  000071c8    00000054     drivers_tivaware.aem4f : UARTTiva.oem4f (.text:readIsrBinaryCallback)
                  0000721c    00000054     ti.mw.fatfs.aem4f : ff.oem4f (.text:sync_window)
                  00007270    00000054     sysbios.aem4f : BIOS.obj (.text:ti_sysbios_family_arm_lm4_Timer_initDevice__I)
                  000072c4    00000054     SlaveController_pem4f.oem4f (.text:ti_sysbios_knl_Task_construct)
                  00007318    00000054     ti.targets.arm.rtsarm.aem4f : Assert.oem4f (.text:xdc_runtime_Assert_raise__I)
                  0000736c    00000050     drivers_tivaware.aem4f : GPIOTiva.oem4f (.text:GPIO_setCallback)
                  000073bc    00000050     driverlib.lib : sysctl.obj (.text:SysCtlPeripheralReset)
                  0000740c    00000050     drivers_tivaware.aem4f : UARTTiva.oem4f (.text:UARTTiva_writeCancel)
                  0000745c    00000050     ILI9341.obj (.text:_ZN33_INTERNAL_11_ILI9341_cpp_6ff9e12f16ILI9341_setColorEj)
                  000074ac    00000004     ti.targets.arm.rtsarm.aem4f : System.oem4f (.text:xdc_runtime_System_aprintf_va__F)
                  000074b0    00000050     sysbios.aem4f : BIOS.obj (.text:ti_sysbios_family_arm_m3_Hwi_Module_startup__E)
                  00007500    00000050     ti.targets.arm.rtsarm.aem4f : Startup.oem4f (.text:xdc_runtime_Startup_exec__E)
                  00007550    00000050                                 : Text.oem4f (.text:xdc_runtime_Text_visitRope2__I)
                  000075a0    0000004c     drivers_tivaware.aem4f : UARTTiva.oem4f (.text:UARTTiva_close)
                  000075ec    0000004c     rtsv7M4_T_le_v4SPD16_eabi.lib : cpy_tbl.c.obj (.text:copy_in)
                  00007638    0000004c     SlaveController_pem4f.oem4f (.text:ti_mw_fatfs_startup)
                  00007684    00000004     ti.targets.arm.rtsarm.aem4f : System.oem4f (.text:xdc_runtime_System_printf_va__F)
                  00007688    0000004c     sysbios.aem4f : BIOS.obj (.text:ti_sysbios_heaps_HeapMem_getStats__E)
                  000076d4    00000004     --HOLE-- [fill = 0]
                  000076d8    0000004c                   : BIOS.obj (.text:ti_sysbios_knl_Swi_runLoop__I)
                  00007724    00000004     --HOLE-- [fill = 0]
                  00007728    0000004c                   : BIOS.obj (.text:ti_sysbios_knl_Task_allBlockedFunction__I)
                  00007774    00000048     driverlib.lib : gpio.obj (.text:GPIOPinConfigure)
                  000077bc    00000048     ti.mw.fatfs.aem4f : ff.oem4f (.text:dir_find)
                  00007804    00000004     --HOLE-- [fill = 0]
                  00007808    00000048     sysbios.aem4f : BIOS.obj (.text:ti_sysbios_family_arm_lm4_Timer_enableTimers__I)
                  00007850    00000048                   : BIOS.obj (.text:ti_sysbios_family_arm_m3_Hwi_disableInterrupt__E)
                  00007898    00000048                   : BIOS.obj (.text:ti_sysbios_family_arm_m3_Hwi_enableInterrupt__E)
                  000078e0    00000048                   : BIOS.obj (.text:ti_sysbios_family_arm_m3_Hwi_excReserved__I)
                  00007928    00000046     drivers_tivaware.aem4f : RingBuf.oem4f (.text:RingBuf_put)
                  0000796e    00000046     ti.targets.arm.rtsarm.aem4f : Core-params.oem4f (.text:xdc_runtime_Core_assignParams__I)
                  000079b4    00000044     rtsv7M4_T_le_v4SPD16_eabi.lib : hostclose.c.obj (.text:HOSTclose)
                  000079f8    00000044                                   : hostunlink.c.obj (.text:HOSTunlink)
                  00007a3c    00000044     drivers_tivaware.aem4f : SPITivaDMA.oem4f (.text:SPITivaDMA_hwiFxn)
                  00007a80    00000044     ti.mw.fatfs.aem4f : ff.oem4f (.text:dir_alloc)
                  00007ac4    00000044     drivers_tivaware.aem4f : SDSPITiva.oem4f (.text:send_initial_clock_train)
                  00007b08    00000044     sysbios.aem4f : BIOS.obj (.text:ti_sysbios_family_arm_lm4_Timer_isrStub__E)
                  00007b4c    00000004     --HOLE-- [fill = 0]
                  00007b50    00000044                   : BIOS.obj (.text:ti_sysbios_family_arm_m3_Hwi_getStackInfo__E)
                  00007b94    00000004     --HOLE-- [fill = 0]
                  00007b98    00000044                   : BIOS.obj (.text:ti_sysbios_knl_Swi_post__E)
                  00007bdc    00000044     ti.targets.arm.rtsarm.aem4f : Error.oem4f (.text:xdc_runtime_Error_setX__E)
                  00007c20    00000044                                 : SysMin.oem4f (.text:xdc_runtime_SysMin_flush__E)
                  00007c64    00000044                                 : Text.oem4f (.text:xdc_runtime_Text_xprintf__I)
                  00007ca8    00000042     drivers_tivaware.aem4f : SPITivaDMA.oem4f (.text:SPITivaDMA_transferCancel)
                  00007cea    00000042     driverlib.lib : uart.obj (.text:UARTConfigSetExpClk)
                  00007d2c    00000042     drivers_tivaware.aem4f : UARTTiva.oem4f (.text:UARTTiva_hwiIntFxn)
                  00007d6e    00000042                            : UARTTiva.oem4f (.text:UARTTiva_writePolling)
                  00007db0    00000040     EK_TM4C123GXL.obj (.text:EK_TM4C123GXL_initGeneral)
                  00007df0    00000040     drivers_tivaware.aem4f : RingBuf.oem4f (.text:RingBuf_get)
                  00007e30    00000040                            : SDSPITiva.oem4f (.text:SDSPITiva_close)
                  00007e70    00000040                            : UARTTiva.oem4f (.text:UARTTiva_read)
                  00007eb0    00000040     ILI9341.obj (.text:_ZN33_INTERNAL_11_ILI9341_cpp_6ff9e12f12writeCommandEh)
                  00007ef0    00000040     ti.mw.fatfs.aem4f : ff.oem4f (.text:get_ldnumber)
                  00007f30    00000040     rtsv7M4_T_le_v4SPD16_eabi.lib : u_divt2.asm.obj (.text)
                  00007f70    00000040     sysbios.aem4f : BIOS.obj (.text:ti_sysbios_family_arm_lm4_Timer_startup__E)
                  00007fb0    0000003c     drivers_tivaware.aem4f : SPITivaDMA.oem4f (.text:SPITivaDMA_close)
                  00007fec    0000003c     driverlib.lib : ssi.obj (.text:SSIConfigSetExpClk)
                  00008028    0000003c     EK_TM4C123GXL.obj (.text:dmaErrorHwi)
                  00008064    00000004     --HOLE-- [fill = 0]
                  00008068    0000003c     sysbios.aem4f : BIOS.obj (.text:ti_sysbios_family_arm_m3_Hwi_excSvCall__I)
                  000080a4    00000004     --HOLE-- [fill = 0]
                  000080a8    0000003c                   : BIOS.obj (.text:ti_sysbios_heaps_HeapMem_init__I)
                  000080e4    00000004     --HOLE-- [fill = 0]
                  000080e8    0000003c                   : BIOS.obj (.text:ti_sysbios_knl_Swi_restore__E)
                  00008124    00000038     drivers_tivaware.aem4f : SDSPI.oem4f (.text:SDSPI_init)
                  0000815c    00000038                            : SPI.oem4f (.text:SPI_init)
                  00008194    00000038                            : UART.oem4f (.text:UART_init)
                  000081cc    00000038     rtsv7M4_T_le_v4SPD16_eabi.lib : trgmsg.c.obj (.text:__TI_writemsg)
                  00008204    00000038     ti.mw.fatfs.aem4f : ff.oem4f (.text:dir_register)
                  0000823c    00000004     --HOLE-- [fill = 0]
                  00008240    00000038     sysbios.aem4f : BIOS.obj (.text:ti_sysbios_family_arm_m3_Hwi_excNoIsr__I)
                  00008278    00000038                   : BIOS.obj (.text:ti_sysbios_knl_Task_processVitalTaskFlag__I)
                  000082b0    00000038     ti.targets.arm.rtsarm.aem4f : SysMin.oem4f (.text:xdc_runtime_SysMin_putch__E)
                  000082e8    00000038                                 : System.oem4f (.text:xdc_runtime_System_atexit__E)
                  00008320    00000036     drivers_tivaware.aem4f : UARTTiva.oem4f (.text:UARTTiva_readCancel)
                  00008356    00000036     ti.mw.fatfs.aem4f : ff.oem4f (.text:move_window)
                  0000838c    00000036     rtsv7M4_T_le_v4SPD16_eabi.lib : strncpy.c.obj (.text:strncpy)
                  000083c2    00000036     SlaveController_pem4f.oem4f (.text:ti_mw_fatfs_getFatTime)
                  000083f8    00000034     driverlib.lib : sysctl.obj (.text:SysCtlPeripheralEnable)
                  0000842c    00000034     rtsv7M4_T_le_v4SPD16_eabi.lib : trgmsg.c.obj (.text:__TI_readmsg)
                  00008460    00000034     ti.mw.fatfs.aem4f : ff.oem4f (.text:dir_remove)
                  00008494    00000034                       : ffcio.oem4f (.text:ffcio_lseek)
                  000084c8    00000034     sysbios.aem4f : BIOS.obj (.text:ti_sysbios_family_arm_m3_Hwi_Instance_finalize__E)
                  000084fc    00000004     --HOLE-- [fill = 0]
                  00008500    00000034                   : BIOS.obj (.text:ti_sysbios_family_arm_m3_Hwi_excNmi__I)
                  00008534    00000004     --HOLE-- [fill = 0]
                  00008538    00000034                   : BIOS.obj (.text:ti_sysbios_hal_Hwi_checkStack)
                  0000856c    00000034     SlaveController_pem4f.oem4f (.text:ti_sysbios_knl_Clock_construct)
                  000085a0    00000034     ti.mw.fatfs.aem4f : ff.oem4f (.text:validate)
                  000085d4    00000034     ti.targets.arm.rtsarm.aem4f : Core-label.oem4f (.text:xdc_runtime_Core_assignLabel__I)
                  00008608    00000033                                 : Text.oem4f (.text:xdc_runtime_Text_printVisFxn__I)
                  0000863b    00000005     --HOLE-- [fill = 0]
                  00008640    00000032     sysbios.aem4f : BIOS.obj (.text:ti_sysbios_hal_Hwi_initStack)
                  00008672    00000002     --HOLE-- [fill = 0]
                  00008674    00000030     EK_TM4C123GXL.obj (.text:EK_TM4C123GXL_initGPIO)
                  000086a4    00000030     drivers_tivaware.aem4f : UART.oem4f (.text:UART_open)
                  000086d4    00000030     ILI9341.obj (.text:_ZN33_INTERNAL_11_ILI9341_cpp_6ff9e12f9writeDataEh)
                  00008704    00000030     rtsv7M4_T_le_v4SPD16_eabi.lib : getdevice.c.obj (.text:finddevice)
                  00008734    00000030     SlaveController_pem4f.oem4f (.text:ti_sysbios_BIOS_atExitFunc__I)
                  00008764    00000004     --HOLE-- [fill = 0]
                  00008768    00000030     sysbios.aem4f : BIOS.obj (.text:ti_sysbios_family_arm_lm4_Timer_stop__E)
                  00008798    00000030                   : BIOS.obj (.text:ti_sysbios_family_arm_m3_TaskSupport_start__E)
                  000087c8    00000030     SlaveController_pem4f.oem4f (.text:ti_sysbios_gates_GateHwi_Object__create__S)
                  000087f8    00000030     SlaveController_pem4f.oem4f (.text:ti_sysbios_gates_GateMutex_Object__create__S)
                  00008828    00000030     SlaveController_pem4f.oem4f (.text:ti_sysbios_heaps_HeapMem_Object__create__S)
                  00008858    00000030     SlaveController_pem4f.oem4f (.text:ti_sysbios_knl_Semaphore_construct)
                  00008888    00000030     sysbios.aem4f : BIOS.obj (.text:ti_sysbios_knl_Semaphore_pendTimeout__I)
                  000088b8    00000030                   : BIOS.obj (.text:ti_sysbios_knl_Task_unblockI__E)
                  000088e8    00000030     ti.targets.arm.rtsarm.aem4f : SysMin.oem4f (.text:xdc_runtime_SysMin_abort__E)
                  00008918    00000030                                 : System.oem4f (.text:xdc_runtime_System_processAtExit__E)
                  00008948    0000002c     EK_TM4C123GXL.obj (.text:EK_TM4C123GXL_initUART)
                  00008974    0000002c     ti.mw.fatfs.aem4f : diskio.oem4f (.text:disk_register)
                  000089a0    0000002c     SlaveController_pem4f.oem4f (.text:ti_sysbios_knl_Clock_doTick__I)
                  000089cc    0000002c     SlaveController_pem4f.oem4f (.text:ti_sysbios_knl_Queue_construct)
                  000089f8    0000002c     sysbios.aem4f : BIOS.obj (.text:ti_sysbios_knl_Task_restore__E)
                  00008a24    0000002c     driverlib.lib : udma.obj (.text:uDMAChannelAssign)
                  00008a50    0000002c     ti.targets.arm.rtsarm.aem4f : Text.oem4f (.text:xdc_runtime_Text_cordText__E)
                  00008a7c    0000002a     driverlib.lib : gpio.obj (.text:GPIODirModeSet)
                  00008aa6    0000002a     start.obj (.text:_Z8startFxnjj)
                  00008ad0    0000002a     ti.targets.arm.rtsarm.aem4f : System.oem4f (.text:xdc_runtime_System_putchar__I)
                  00008afa    00000002     --HOLE-- [fill = 0]
                  00008afc    00000028     ti.mw.fatfs.aem4f : diskio.oem4f (.text:disk_unregister)
                  00008b24    00000028     SlaveController_pem4f.oem4f (.text:ti_sysbios_BIOS_startFunc__I)
                  00008b4c    00000004     --HOLE-- [fill = 0]
                  00008b50    00000028     sysbios.aem4f : BIOS.obj (.text:ti_sysbios_knl_Swi_Module_startup__E)
                  00008b78    00000026                   : m3_Hwi_asm.obj (.text:ti_sysbios_family_arm_m3_Hwi_pendSV__I)
                  00008b9e    00000026     ti.targets.arm.rtsarm.aem4f : System.oem4f (.text:xdc_runtime_System_avprintf__E)
                  00008bc4    00000024     ti.mw.fatfs.aem4f : diskio.oem4f (.text:disk_ioctl)
                  00008be8    00000024                       : diskio.oem4f (.text:disk_read)
                  00008c0c    00000024                       : ff.oem4f (.text:f_close)
                  00008c30    00000024                       : ffcio.oem4f (.text:ffcio_close)
                  00008c54    00000024     SlaveController_pem4f.oem4f (.text:ti_sysbios_BIOS_errorRaiseHook__I)
                  00008c78    00000024     SlaveController_pem4f.oem4f (.text:ti_sysbios_BIOS_registerRTSLock__I)
                  00008c9c    00000024     SlaveController_pem4f.oem4f (.text:ti_sysbios_BIOS_removeRTSLock__I)
                  00008cc0    00000024     SlaveController_pem4f.oem4f (.text:ti_sysbios_gates_GateMutex_Object__delete__S)
                  00008ce4    00000004     --HOLE-- [fill = 0]
                  00008ce8    00000024     sysbios.aem4f : BIOS.obj (.text:ti_sysbios_knl_Clock_Module_startup__E)
                  00008d0c    00000004     --HOLE-- [fill = 0]
                  00008d10    00000024                   : BIOS.obj (.text:ti_sysbios_knl_Task_restoreHwi__E)
                  00008d34    00000024     driverlib.lib : udma.obj (.text:uDMAChannelControlSet)
                  00008d58    00000024     ti.targets.arm.rtsarm.aem4f : System.oem4f (.text:xdc_runtime_System_vprintf__E)
                  00008d7c    00000004     --HOLE-- [fill = 0]
                  00008d80    00000022     sysbios.aem4f : BIOS.obj (.text:ti_sysbios_family_arm_lm4_Timer_write__I)
                  00008da2    00000022     SlaveController_pem4f.oem4f (.text:xdc_runtime_SysMin_output__I)
                  00008dc4    00000020     ti.mw.fatfs.aem4f : diskio.oem4f (.text:disk_write)
                  00008de4    00000020                       : ffcio.oem4f (.text:ffcio_read)
                  00008e04    00000020                       : ffcio.oem4f (.text:ffcio_write)
                  00008e24    00000020     SlaveController_pem4f.oem4f (.text:ti_sysbios_BIOS_rtsLock__I)
                  00008e44    00000004     --HOLE-- [fill = 0]
                  00008e48    00000020     sysbios.aem4f : BIOS.obj (.text:ti_sysbios_family_arm_m3_Hwi_clearInterrupt__E)
                  00008e68    00000020                   : m3_Hwi_asm.obj (.text:ti_sysbios_family_arm_m3_Hwi_excHandlerAsm__I)
                  00008e88    00000020                   : BIOS.obj (.text:ti_sysbios_family_arm_m3_Hwi_excHandler__I)
                  00008ea8    00000020     SlaveController_pem4f.oem4f (.text:ti_sysbios_gates_GateHwi_Object__delete__S)
                  00008ec8    00000020     SlaveController_pem4f.oem4f (.text:ti_sysbios_heaps_HeapMem_Object__delete__S)
                  00008ee8    00000020     SlaveController_pem4f.oem4f (.text:ti_sysbios_knl_Clock_Object__destruct__S)
                  00008f08    00000020     sysbios.aem4f : BIOS.obj (.text:ti_sysbios_knl_Idle_run__E)
                  00008f28    00000020     SlaveController_pem4f.oem4f (.text:ti_sysbios_knl_Semaphore_Object__destruct__S)
                  00008f48    00000020     ti.targets.arm.rtsarm.aem4f : Registry.oem4f (.text:xdc_runtime_Registry_findById__E)
                  00008f68    00000020                                 : SysMin.oem4f (.text:xdc_runtime_SysMin_Module_startup__E)
                  00008f88    0000001e     ti.mw.fatfs.aem4f : ff.oem4f (.text:ld_clust)
                  00008fa6    0000001e     sysbios.aem4f : m3_Hwi_asm_switch.obj (.text:ti_sysbios_family_xxx_Hwi_switchAndRunFunc)
                  00008fc4    0000001c     driverlib.lib : uart.obj (.text:UARTDisable)
                  00008fe0    0000001c     ti.mw.fatfs.aem4f : diskio.oem4f (.text:disk_initialize)
                  00008ffc    0000001c                       : diskio.oem4f (.text:disk_status)
                  00009018    0000001c     drivers_tivaware.aem4f : GPIOTiva.oem4f (.text:getGpioIntIndex)
                  00009034    0000001c     ti.mw.fatfs.aem4f : ff.oem4f (.text:mem_cmp)
                  00009050    0000001c     sysbios.aem4f : BIOS.obj (.text:ti_sysbios_family_arm_lm4_Seconds_get__E)
                  0000906c    0000001c     SlaveController_pem4f.oem4f (.text:ti_sysbios_family_arm_m3_Hwi_Object__destruct__S)
                  00009088    0000001c     sysbios.aem4f : BIOS.obj (.text:ti_sysbios_gates_GateMutex_Instance_init__E)
                  000090a4    0000001c     SlaveController_pem4f.oem4f (.text:ti_sysbios_knl_Queue_Object__destruct__S)
                  000090c0    0000001c     sysbios.aem4f : BIOS.obj (.text:ti_sysbios_knl_Queue_put__E)
                  000090dc    00000004     --HOLE-- [fill = 0]
                  000090e0    0000001c                   : BIOS.obj (.text:ti_sysbios_knl_Task_enter__I)
                  000090fc    0000001c     ti.targets.arm.rtsarm.aem4f : Error.oem4f (.text:xdc_runtime_Error_raiseX__E)
                  00009118    0000001c                                 : Memory.oem4f (.text:xdc_runtime_Memory_valloc__E)
                  00009134    0000001c                                 : SysMin.oem4f (.text:xdc_runtime_SysMin_exit__E)
                  00009150    0000001c                                 : System.oem4f (.text:xdc_runtime_System_abort__E)
                  0000916c    0000001a     SlaveController_pem4f.oem4f (.text:ti_sysbios_family_arm_m3_Hwi_Handle__label__S)
                  00009186    0000001a     SlaveController_pem4f.oem4f (.text:ti_sysbios_gates_GateHwi_Handle__label__S)
                  000091a0    0000001a     SlaveController_pem4f.oem4f (.text:ti_sysbios_gates_GateMutex_Handle__label__S)
                  000091ba    0000001a     SlaveController_pem4f.oem4f (.text:ti_sysbios_heaps_HeapMem_Handle__label__S)
                  000091d4    0000001a     SlaveController_pem4f.oem4f (.text:ti_sysbios_knl_Swi_Handle__label__S)
                  000091ee    0000001a     SlaveController_pem4f.oem4f (.text:ti_sysbios_knl_Task_Handle__label__S)
                  00009208    0000001a     ti.mw.fatfs.aem4f : ff.oem4f (.text:unlock_fs)
                  00009222    0000001a     SlaveController_pem4f.oem4f (.text:xdc_runtime_System_aprintf__E)
                  0000923c    0000001a     SlaveController_pem4f.oem4f (.text:xdc_runtime_System_printf__E)
                  00009256    00000018     driverlib.lib : gpio.obj (.text:GPIOPinTypeGPIOOutput)
                  0000926e    00000002     --HOLE-- [fill = 0]
                  00009270    00000018     drivers_tivaware.aem4f : UART.oem4f (.text:UART_Params_init)
                  00009288    00000018     ILI9341.obj (.text:_Z18ILI9341_fillScreenj)
                  000092a0    00000018     ILI9341.obj (.text:_ZN33_INTERNAL_11_ILI9341_cpp_6ff9e12f8deselectEv)
                  000092b8    00000018     rtsv7M4_T_le_v4SPD16_eabi.lib : args_main.c.obj (.text:_args_main)
                  000092d0    00000018     ti.mw.fatfs.aem4f : ff.oem4f (.text:clust2sect)
                  000092e8    00000018                       : ffosal.oem4f (.text:ff_cre_syncobj)
                  00009300    00000018     rtsv7M4_T_le_v4SPD16_eabi.lib : strcmp.c.obj (.text:strcmp)
                  00009318    00000018     SlaveController_pem4f.oem4f (.text:ti_sysbios_BIOS_rtsUnlock__I)
                  00009330    00000018     SlaveController_pem4f.oem4f (.text:ti_sysbios_family_arm_lm4_Timer_Module__startupDone__F)
                  00009348    00000018     SlaveController_pem4f.oem4f (.text:ti_sysbios_family_arm_m3_Hwi_Module__startupDone__F)
                  00009360    00000018     sysbios.aem4f : m3_TaskSupport_asm.obj (.text:ti_sysbios_family_arm_m3_TaskSupport_swap__E)
                  00009378    00000018                   : BIOS.obj (.text:ti_sysbios_gates_GateMutex_leave__E)
                  00009390    00000018                   : BIOS.obj (.text:ti_sysbios_knl_Task_sleepTimeout__I)
                  000093a8    00000018     SlaveController_pem4f.oem4f (.text:time)
                  000093c0    00000018     driverlib.lib : udma.obj (.text:uDMAChannelDisable)
                  000093d8    00000018                   : udma.obj (.text:uDMAChannelEnable)
                  000093f0    00000018                   : udma.obj (.text:uDMAChannelIsEnabled)
                  00009408    00000018     ti.targets.arm.rtsarm.aem4f : Error.oem4f (.text:xdc_runtime_Error_check__E)
                  00009420    00000018                                 : System.oem4f (.text:xdc_runtime_System_exit__E)
                  00009438    00000018                                 : Text.oem4f (.text:xdc_runtime_Text_ropeText__E)
                  00009450    00000016     tirtosport.aem4f : SemaphoreP_tirtos.oem4f (.text:SemaphoreP_delete)
                  00009466    00000016     start.obj (.text:_ZN30_INTERNAL_9_start_cpp_2b5bf69b31ti_sysbios_knl_Task_Params_initEP26ti_sysbios_knl_Task_Params)
                  0000947c    00000016     ti.mw.fatfs.aem4f : ff.oem4f (.text:mem_cpy)
                  00009492    00000016     SlaveController_pem4f.oem4f (.text:ti_sysbios_BIOS_exitFunc__I)
                  000094a8    00000016     EK_TM4C123GXL.obj (.text:ti_sysbios_family_arm_m3_Hwi_Params_init)
                  000094be    00000014     driverlib.lib : uart.obj (.text:UARTEnable)
                  000094d2    00000014     ti.mw.fatfs.aem4f : ffosal.oem4f (.text:ff_req_grant)
                  000094e6    00000014                       : ff.oem4f (.text:mem_set)
                  000094fa    00000014     rtsv7M4_T_le_v4SPD16_eabi.lib : strcpy.c.obj (.text:strcpy)
                  0000950e    00000014                                   : strlen.c.obj (.text:strlen)
                  00009522    00000002     --HOLE-- [fill = 0]
                  00009524    00000014     SlaveController_pem4f.oem4f (.text:ti_sysbios_family_arm_m3_Hwi_Object__get__S)
                  00009538    00000014     sysbios.aem4f : BIOS.obj (.text:ti_sysbios_family_arm_m3_Hwi_switchFromBootStack__E)
                  0000954c    00000014     SlaveController_pem4f.oem4f (.text:ti_sysbios_heaps_HeapMem_Object__get__S)
                  00009560    00000014     SlaveController_pem4f.oem4f (.text:ti_sysbios_knl_Swi_Object__get__S)
                  00009574    00000012     driverlib.lib : gpio.obj (.text:GPIOPinTypeGPIOInput)
                  00009586    00000012                   : gpio.obj (.text:GPIOPinTypeSSI)
                  00009598    00000012                   : gpio.obj (.text:GPIOPinTypeUART)
                  000095aa    00000012     drivers_tivaware.aem4f : RingBuf.oem4f (.text:RingBuf_construct)
                  000095bc    00000012                            : SDSPITiva.oem4f (.text:SDSPITiva_init)
                  000095ce    00000012     driverlib.lib : ssi.obj (.text:SSIDataGetNonBlocking)
                  000095e0    00000012     tirtosport.aem4f : SemaphoreP_tirtos.oem4f (.text:SemaphoreP_pend)
                  000095f2    00000012     ti.mw.fatfs.aem4f : ff.oem4f (.text:chk_chr)
                  00009604    00000012                       : ffcio.oem4f (.text:ffcio_rename)
                  00009616    00000012                       : ffcio.oem4f (.text:ffcio_unlink)
                  00009628    00000012     sysbios.aem4f : BIOS.obj (.text:ti_sysbios_hal_Hwi_Module_startup__E)
                  0000963a    00000012     SlaveController_pem4f.oem4f (.text:xdc_runtime_Startup_exec__I)
                  0000964c    00000010     drivers_tivaware.aem4f : SDSPITiva.oem4f (.text:SDSPITiva_diskStatus)
                  0000965c    00000010                            : SDSPI.oem4f (.text:SDSPI_Params_init)
                  0000966c    00000010     SD.obj (.text:SD_init)
                  0000967c    00000010     ILI9341.obj (.text:_Z19beginSPITransactionv)
                  0000968c    00000010     drivers_tivaware.aem4f : UARTTiva.oem4f (.text:readBlockingTimeout)
                  0000969c    00000010     ti.mw.fatfs.aem4f : ff.oem4f (.text:st_clust)
                  000096ac    00000004     --HOLE-- [fill = 0]
                  000096b0    00000010     sysbios.aem4f : BIOS.obj (.text:ti_sysbios_BIOS_getCpuFreq__E)
                  000096c0    00000010                   : BIOS.obj (.text:ti_sysbios_BIOS_setThreadType__E)
                  000096d0    00000010                   : BIOS.obj (.text:ti_sysbios_BIOS_start__E)
                  000096e0    00000010                   : BIOS.obj (.text:ti_sysbios_family_arm_lm4_TimestampProvider_rolloverFunc__E)
                  000096f0    00000010                   : m3_TaskSupport_asm.obj (.text:ti_sysbios_family_arm_m3_TaskSupport_glue)
                  00009700    00000010                   : BIOS.obj (.text:ti_sysbios_gates_GateMutex_Instance_finalize__E)
                  00009710    00000010                   : BIOS.obj (.text:ti_sysbios_knl_Semaphore_Instance_finalize__E)
                  00009720    00000010                   : BIOS.obj (.text:ti_sysbios_knl_Swi_disable__E)
                  00009730    00000010     SlaveController_pem4f.oem4f (.text:ti_sysbios_knl_Task_Object__get__S)
                  00009740    00000010     sysbios.aem4f : BIOS.obj (.text:ti_sysbios_knl_Task_disable__E)
                  00009750    00000010     driverlib.lib : udma.obj (.text:uDMAEnable)
                  00009760    00000010     ti.targets.arm.rtsarm.aem4f : Gate.oem4f (.text:xdc_runtime_Gate_leaveSystem__E)
                  00009770    00000010                                 : Memory.oem4f (.text:xdc_runtime_Memory_free__E)
                  00009780    00000010                                 : SysMin.oem4f (.text:xdc_runtime_SysMin_ready__E)
                  00009790    00000010                                 : System.oem4f (.text:xdc_runtime_System_vsnprintf__E)
                  000097a0    00000010     SlaveController_pem4f.oem4f (.text:xdc_runtime_Text_visitRope__I)
                  000097b0    0000000e     driverlib.lib : gpio.obj (.text:GPIOIntStatus)
                  000097be    0000000e                   : uart.obj (.text:UARTCharGetNonBlocking)
                  000097cc    0000000e                   : uart.obj (.text:UARTCharPutNonBlocking)
                  000097da    0000000e     rtsv7M4_T_le_v4SPD16_eabi.lib : copy_decompress_none.c.obj (.text:decompress:none:__TI_decompress_none)
                  000097e8    0000000e     sysbios.aem4f : BIOS.obj (.text:ti_sysbios_knl_Idle_loop__E)
                  000097f6    00000002     --HOLE-- [fill = 0]
                  000097f8    0000000e                   : BIOS.obj (.text:ti_sysbios_knl_Queue_empty__E)
                  00009806    00000002     --HOLE-- [fill = 0]
                  00009808    0000000c     SlaveController_pem4f.oem4f (.text:.bootCodeSection:ti_catalog_arm_cortexm4_tiva_ce_Boot_init__I)
                  00009814    0000000c     drivers_tivaware.aem4f : RingBuf.oem4f (.text:RingBuf_peek)
                  00009820    0000000c     driverlib.lib : ssi.obj (.text:SSIDataGet)
                  0000982c    0000000c                   : uart.obj (.text:UARTFlowControlSet)
                  00009838    0000000c     drivers_tivaware.aem4f : UARTTiva.oem4f (.text:UARTTiva_init)
                  00009844    0000000c     rtsv7M4_T_le_v4SPD16_eabi.lib : _lock.c.obj (.text:_register_lock)
                  00009850    0000000c                                   : _lock.c.obj (.text:_register_unlock)
                  0000985c    0000000c                                   : copy_zero_init.c.obj (.text:decompress:ZI:__TI_zero_init)
                  00009868    0000000c     Utils.obj (.text:sleep)
                  00009874    00000004     --HOLE-- [fill = 0]
                  00009878    0000000c     sysbios.aem4f : BIOS.obj (.text:ti_sysbios_family_arm_lm4_Timer_getMaxTicks__E)
                  00009884    00000004     --HOLE-- [fill = 0]
                  00009888    0000000c                   : BIOS.obj (.text:ti_sysbios_family_arm_lm4_TimestampProvider_startTimer__E)
                  00009894    0000000c     SlaveController_pem4f.oem4f (.text:ti_sysbios_family_arm_m3_Hwi_Params__init__S)
                  000098a0    0000000c     sysbios.aem4f : BIOS.obj (.text:ti_sysbios_family_arm_m3_Hwi_disableFxn__E)
                  000098ac    00000004     --HOLE-- [fill = 0]
                  000098b0    0000000c                   : BIOS.obj (.text:ti_sysbios_family_arm_m3_TaskSupport_checkStack__E)
                  000098bc    00000004     --HOLE-- [fill = 0]
                  000098c0    0000000c                   : BIOS.obj (.text:ti_sysbios_family_arm_m3_TaskSupport_getStackAlignment__E)
                  000098cc    00000004     --HOLE-- [fill = 0]
                  000098d0    0000000c                   : BIOS.obj (.text:ti_sysbios_gates_GateHwi_enter__E)
                  000098dc    0000000c     SlaveController_pem4f.oem4f (.text:ti_sysbios_knl_Clock_Params__init__S)
                  000098e8    0000000c     SlaveController_pem4f.oem4f (.text:ti_sysbios_knl_Queue_Object__get__S)
                  000098f4    0000000c     SlaveController_pem4f.oem4f (.text:ti_sysbios_knl_Semaphore_Params__init__S)
                  00009900    0000000c     SlaveController_pem4f.oem4f (.text:ti_sysbios_knl_Task_Params__init__S)
                  0000990c    0000000c     driverlib.lib : udma.obj (.text:uDMAControlBaseSet)
                  00009918    0000000c                   : udma.obj (.text:uDMAErrorStatusClear)
                  00009924    0000000c                   : udma.obj (.text:uDMAErrorStatusGet)
                  00009930    0000000c                   : udma.obj (.text:uDMAIntStatus)
                  0000993c    0000000c     ti.targets.arm.rtsarm.aem4f : Error.oem4f (.text:xdc_runtime_Error_init__E)
                  00009948    0000000c                                 : Gate.oem4f (.text:xdc_runtime_Gate_enterSystem__E)
                  00009954    0000000c                                 : Memory.oem4f (.text:xdc_runtime_Memory_calloc__E)
                  00009960    0000000c                                 : Memory.oem4f (.text:xdc_runtime_Memory_getMaxDefaultTypeAlign__E)
                  0000996c    0000000a     drivers_tivaware.aem4f : SPITivaDMA.oem4f (.text:SPITivaDMA_init)
                  00009976    0000000a     driverlib.lib : ssi.obj (.text:SSIDMADisable)
                  00009980    0000000a                   : ssi.obj (.text:SSIDataPut)
                  0000998a    0000000a                   : ssi.obj (.text:SSIDisable)
                  00009994    0000000a                   : ssi.obj (.text:SSIEnable)
                  0000999e    0000000a                   : ssi.obj (.text:SSIIntDisable)
                  000099a8    0000000a     tirtosport.aem4f : SemaphoreP_tirtos.oem4f (.text:SemaphoreP_post)
                  000099b2    0000000a     driverlib.lib : uart.obj (.text:UARTCharGet)
                  000099bc    0000000a                   : uart.obj (.text:UARTCharPut)
                  000099c6    0000000a                   : uart.obj (.text:UARTIntDisable)
                  000099d0    0000000a                   : uart.obj (.text:UARTIntStatus)
                  000099da    0000000a     ti.mw.fatfs.aem4f : ffosal.oem4f (.text:ff_del_syncobj)
                  000099e4    0000000a     SlaveController_pem4f.oem4f (.text:xdc_runtime_IHeap_alloc)
                  000099ee    0000000a     SlaveController_pem4f.oem4f (.text:xdc_runtime_IHeap_free)
                  000099f8    00000008     driverlib.lib : ssi.obj (.text:SSIDMAEnable)
                  00009a00    00000008                   : ssi.obj (.text:SSIIntEnable)
                  00009a08    00000008                   : uart.obj (.text:UARTIntEnable)
                  00009a10    00000008                   : uart.obj (.text:UARTRxErrorGet)
                  00009a18    00000008     drivers_tivaware.aem4f : UARTTiva.oem4f (.text:readSemCallback)
                  00009a20    00000008     sysbios.aem4f : BIOS.obj (.text:ti_sysbios_family_arm_lm4_Timer_masterDisable__I)
                  00009a28    00000008                   : BIOS.obj (.text:ti_sysbios_family_arm_m3_Hwi_doSwiRestore__I)
                  00009a30    00000008                   : BIOS.obj (.text:ti_sysbios_family_arm_m3_Hwi_startup__E)
                  00009a38    00000008     drivers_tivaware.aem4f : UARTTiva.oem4f (.text:writeSemCallback)
                  00009a40    00000006     driverlib.lib : gpio.obj (.text:GPIOIntClear)
                  00009a46    00000006                   : gpio.obj (.text:GPIOPinWrite)
                  00009a4c    00000006     drivers_tivaware.aem4f : SDSPITiva.oem4f (.text:SDSPITiva_control)
                  00009a52    00000006                            : SPITivaDMA.oem4f (.text:SPITivaDMA_control)
                  00009a58    00000006                            : SPITivaDMA.oem4f (.text:SPITivaDMA_transferCallback)
                  00009a5e    00000006     driverlib.lib : uart.obj (.text:UARTFIFOLevelSet)
                  00009a64    00000006                   : uart.obj (.text:UARTRxErrorClear)
                  00009a6a    00000006     ti.mw.fatfs.aem4f : ff.oem4f (.text:lock_fs)
                  00009a70    00000006     Boot.aem4f : Boot_sysctl.oem4f (.text:ti_catalog_arm_cortexm4_tiva_ce_Boot_sysCtlDelayI__I)
                  00009a76    00000002     --HOLE-- [fill = 0]
                  00009a78    00000006     sysbios.aem4f : BIOS.obj (.text:ti_sysbios_family_arm_lm4_TimestampProvider_Module_startup__E)
                  00009a7e    00000002     --HOLE-- [fill = 0]
                  00009a80    00000006                   : BIOS.obj (.text:ti_sysbios_family_arm_m3_Hwi_doTaskRestore__I)
                  00009a86    00000002     --HOLE-- [fill = 0]
                  00009a88    00000006                   : BIOS.obj (.text:ti_sysbios_family_arm_m3_Hwi_restoreFxn__E)
                  00009a8e    00000002     --HOLE-- [fill = 0]
                  00009a90    00000006                   : BIOS.obj (.text:ti_sysbios_gates_GateHwi_leave__E)
                  00009a96    00000002     --HOLE-- [fill = 0]
                  00009a98    00000006                   : BIOS.obj (.text:ti_sysbios_heaps_HeapMem_isBlocking__E)
                  00009a9e    00000002     --HOLE-- [fill = 0]
                  00009aa0    00000006                   : BIOS.obj (.text:ti_sysbios_knl_Clock_stop__E)
                  00009aa6    00000002     --HOLE-- [fill = 0]
                  00009aa8    00000006                   : BIOS.obj (.text:ti_sysbios_knl_Queue_Instance_init__E)
                  00009aae    00000002     --HOLE-- [fill = 0]
                  00009ab0    00000006                   : BIOS.obj (.text:ti_sysbios_knl_Swi_startup__E)
                  00009ab6    00000006     ti.targets.arm.rtsarm.aem4f : System.oem4f (.text:xdc_runtime_System_Module_startup__E)
                  00009abc    00000004     --HOLE-- [fill = 0]
                  00009ac0    00000004     sysbios.aem4f : BIOS.obj (.text:ti_sysbios_family_arm_lm4_Timer_getPeriod__E)
                  00009ac4    00000004     --HOLE-- [fill = 0]
                  00009ac8    00000004                   : BIOS.obj (.text:ti_sysbios_gates_GateHwi_query__E)
                  00009acc    00000004     --HOLE-- [fill = 0]
                  00009ad0    00000004                   : BIOS.obj (.text:ti_sysbios_gates_GateMutex_query__E)
                  00009ad4    00000004     --HOLE-- [fill = 0]
                  00009ad8    00000004                   : BIOS.obj (.text:ti_sysbios_knl_Task_startup__E)
                  00009adc    00000004     --HOLE-- [fill = 0]
                  00009ae0    00000002                   : BIOS.obj (.text:ti_sysbios_gates_GateHwi_Instance_init__E)
                  00009ae2    00000006     --HOLE-- [fill = 0]
                  00009ae8    00000002                   : BIOS.obj (.text:ti_sysbios_knl_Clock_logTick__E)

.const     0    00009aec    000022b0     
                  00009aec    00001885     SlaveController_pem4f.oem4f (.const:xdc_runtime_Text_charTab__A)
                  0000b371    00000001     SlaveController_pem4f.oem4f (.const:xdc_runtime_Error_policy__C)
                  0000b372    000000cc     SlaveController_pem4f.oem4f (.const:xdc_runtime_Text_nodeTab__A)
                  0000b43e    00000002     SlaveController_pem4f.oem4f (.const:ti_catalog_arm_cortexm4_tiva_ce_Boot_Module__id__C)
                  0000b440    00000090     driverlib.lib : gpio.obj (.const:g_pui32GPIOBaseAddrs)
                  0000b4d0    0000007f     ILI9341.obj (.const:.string:cmd_ili9341)
                  0000b54f    00000001     --HOLE-- [fill = 0]
                  0000b550    00000078     EK_TM4C123GXL.obj (.const:spiTivaDMAHWAttrs)
                  0000b5c8    00000064     drivers_tivaware.aem4f : SPITivaDMA.oem4f (.const)
                  0000b62c    00000060     rtsv7M4_T_le_v4SPD16_eabi.lib : mktime.c.obj (.const:$O1$$)
                  0000b68c    00000054     drivers_tivaware.aem4f : GPIOTiva.oem4f (.const:.string)
                  0000b6e0    0000004c                            : UARTTiva.oem4f (.const)
                  0000b72c    00000048     SlaveController_pem4f.oem4f (.const:.string)
                  0000b774    00000048     drivers_tivaware.aem4f : GPIOTiva.oem4f (.const:gpioBaseAddresses)
                  0000b7bc    0000003c     SlaveController_pem4f.oem4f (.const:ti_sysbios_knl_Task_Object__PARAMS__C)
                  0000b7f8    00000030     EK_TM4C123GXL.obj (.const:SPI_config)
                  0000b828    00000030     SlaveController_pem4f.oem4f (.const:ti_sysbios_family_arm_m3_Hwi_Object__PARAMS__C)
                  0000b858    00000028     drivers_tivaware.aem4f : UARTTiva.oem4f (.const:UARTTiva_fxnTable)
                  0000b880    00000028     SlaveController_pem4f.oem4f (.const:ti_sysbios_heaps_HeapMem_Module__FXNS__C)
                  0000b8a8    00000024     drivers_tivaware.aem4f : UART.oem4f (.const:UART_defaultParams)
                  0000b8cc    00000024     EK_TM4C123GXL.obj (.const:sdspiTivaHWattrs)
                  0000b8f0    00000024     SlaveController_pem4f.oem4f (.const:ti_sysbios_gates_GateHwi_Module__FXNS__C)
                  0000b914    00000024     SlaveController_pem4f.oem4f (.const:ti_sysbios_gates_GateMutex_Module__FXNS__C)
                  0000b938    00000024     SlaveController_pem4f.oem4f (.const:ti_sysbios_heaps_HeapMem_Object__PARAMS__C)
                  0000b95c    00000024     SlaveController_pem4f.oem4f (.const:ti_sysbios_knl_Clock_Object__PARAMS__C)
                  0000b980    00000024     SlaveController_pem4f.oem4f (.const:ti_sysbios_knl_Semaphore_Object__PARAMS__C)
                  0000b9a4    00000024     SlaveController_pem4f.oem4f (.const:xdc_runtime_Startup_sfxnTab__A)
                  0000b9c8    00000020     SlaveController_pem4f.oem4f (.const:ti_sysbios_family_arm_m3_Hwi_Object__DESC__C)
                  0000b9e8    00000020     SlaveController_pem4f.oem4f (.const:ti_sysbios_gates_GateHwi_Object__DESC__C)
                  0000ba08    00000020     SlaveController_pem4f.oem4f (.const:ti_sysbios_gates_GateMutex_Object__DESC__C)
                  0000ba28    00000020     SlaveController_pem4f.oem4f (.const:ti_sysbios_heaps_HeapMem_Object__DESC__C)
                  0000ba48    00000020     SlaveController_pem4f.oem4f (.const:ti_sysbios_knl_Clock_Object__DESC__C)
                  0000ba68    00000020     SlaveController_pem4f.oem4f (.const:ti_sysbios_knl_Queue_Object__DESC__C)
                  0000ba88    00000020     SlaveController_pem4f.oem4f (.const:ti_sysbios_knl_Semaphore_Object__DESC__C)
                  0000baa8    00000020     SlaveController_pem4f.oem4f (.const:ti_sysbios_knl_Task_Object__DESC__C)
                  0000bac8    00000018     EK_TM4C123GXL.obj (.const:SDSPI_config)
                  0000bae0    00000018     EK_TM4C123GXL.obj (.const:UART_config)
                  0000baf8    00000018     SlaveController_pem4f.oem4f (.const:ti_sysbios_gates_GateHwi_Object__PARAMS__C)
                  0000bb10    00000018     SlaveController_pem4f.oem4f (.const:ti_sysbios_gates_GateMutex_Object__PARAMS__C)
                  0000bb28    00000018     SlaveController_pem4f.oem4f (.const:ti_sysbios_knl_Queue_Object__PARAMS__C)
                  0000bb40    00000018     EK_TM4C123GXL.obj (.const:uartTivaHWAttrs)
                  0000bb58    00000014     EK_TM4C123GXL.obj (.const:GPIOTiva_config)
                  0000bb6c    00000014     SlaveController_pem4f.oem4f (.const:xdc_runtime_Startup_firstFxns__A)
                  0000bb80    00000012     SlaveController_pem4f.oem4f (.const:xdc_runtime_Startup_sfxnRts__A)
                  0000bb92    00000002     SlaveController_pem4f.oem4f (.const:ti_sysbios_family_arm_lm4_TimestampProvider_useClockTimer__C)
                  0000bb94    00000010     drivers_tivaware.aem4f : SDSPITiva.oem4f (.const)
                  0000bba4    00000008     SlaveController_pem4f.oem4f (.const:ti_sysbios_family_arm_m3_Hwi_excHookFuncs__A)
                  0000bbac    00000008     SlaveController_pem4f.oem4f (.const:ti_sysbios_knl_Idle_funcList__C)
                  0000bbb4    00000008     SlaveController_pem4f.oem4f (.const:xdc_runtime_Startup_firstFxns__C)
                  0000bbbc    00000008     SlaveController_pem4f.oem4f (.const:xdc_runtime_Startup_lastFxns__C)
                  0000bbc4    00000004     SlaveController_pem4f.oem4f (.const:ti_catalog_arm_cortexm4_tiva_ce_Boot_A_mustUseEnhancedClockMode__C)
                  0000bbc8    00000004     SlaveController_pem4f.oem4f (.const:ti_catalog_arm_cortexm4_tiva_ce_Boot_Module__diagsEnabled__C)
                  0000bbcc    00000004     SlaveController_pem4f.oem4f (.const:ti_catalog_arm_cortexm4_tiva_ce_Boot_Module__diagsIncluded__C)
                  0000bbd0    00000004     SlaveController_pem4f.oem4f (.const:ti_catalog_arm_cortexm4_tiva_ce_Boot_Module__diagsMask__C)
                  0000bbd4    00000004     SlaveController_pem4f.oem4f (.const:ti_sysbios_family_arm_lm4_Timer_enableFunc__C)
                  0000bbd8    00000004     SlaveController_pem4f.oem4f (.const:ti_sysbios_family_arm_lm4_Timer_numTimerDevices__C)
                  0000bbdc    00000004     SlaveController_pem4f.oem4f (.const:ti_sysbios_family_arm_lm4_Timer_startupNeeded__C)
                  0000bbe0    00000004     SlaveController_pem4f.oem4f (.const:ti_sysbios_family_arm_m3_Hwi_E_NMI__C)
                  0000bbe4    00000004     SlaveController_pem4f.oem4f (.const:ti_sysbios_family_arm_m3_Hwi_E_alreadyDefined__C)
                  0000bbe8    00000004     SlaveController_pem4f.oem4f (.const:ti_sysbios_family_arm_m3_Hwi_E_busFault__C)
                  0000bbec    00000004     SlaveController_pem4f.oem4f (.const:ti_sysbios_family_arm_m3_Hwi_E_debugMon__C)
                  0000bbf0    00000004     SlaveController_pem4f.oem4f (.const:ti_sysbios_family_arm_m3_Hwi_E_hardFault__C)
                  0000bbf4    00000004     SlaveController_pem4f.oem4f (.const:ti_sysbios_family_arm_m3_Hwi_E_memFault__C)
                  0000bbf8    00000004     SlaveController_pem4f.oem4f (.const:ti_sysbios_family_arm_m3_Hwi_E_noIsr__C)
                  0000bbfc    00000004     SlaveController_pem4f.oem4f (.const:ti_sysbios_family_arm_m3_Hwi_E_reserved__C)
                  0000bc00    00000004     SlaveController_pem4f.oem4f (.const:ti_sysbios_family_arm_m3_Hwi_E_svCall__C)
                  0000bc04    00000004     SlaveController_pem4f.oem4f (.const:ti_sysbios_family_arm_m3_Hwi_E_usageFault__C)
                  0000bc08    00000004     SlaveController_pem4f.oem4f (.const:ti_sysbios_family_arm_m3_Hwi_NUM_INTERRUPTS__C)
                  0000bc0c    00000004     SlaveController_pem4f.oem4f (.const:ti_sysbios_family_arm_m3_Hwi_Object__count__C)
                  0000bc10    00000004     SlaveController_pem4f.oem4f (.const:ti_sysbios_family_arm_m3_Hwi_ccr__C)
                  0000bc14    00000004     SlaveController_pem4f.oem4f (.const:ti_sysbios_family_arm_m3_Hwi_excHandlerFunc__C)
                  0000bc18    00000004     SlaveController_pem4f.oem4f (.const:ti_sysbios_family_arm_m3_Hwi_excHookFuncs__C)
                  0000bc1c    00000004     SlaveController_pem4f.oem4f (.const:ti_sysbios_family_arm_m3_Hwi_nullIsrFunc__C)
                  0000bc20    00000004     SlaveController_pem4f.oem4f (.const:ti_sysbios_family_arm_m3_Hwi_priGroup__C)
                  0000bc24    00000004     SlaveController_pem4f.oem4f (.const:ti_sysbios_family_arm_m3_TaskSupport_stackAlignment__C)
                  0000bc28    00000004     SlaveController_pem4f.oem4f (.const:ti_sysbios_gates_GateMutex_A_badContext__C)
                  0000bc2c    00000004     SlaveController_pem4f.oem4f (.const:ti_sysbios_gates_GateMutex_Instance_State_sem__O)
                  0000bc30    00000004     SlaveController_pem4f.oem4f (.const:ti_sysbios_gates_GateMutex_Module__diagsEnabled__C)
                  0000bc34    00000004     SlaveController_pem4f.oem4f (.const:ti_sysbios_gates_GateMutex_Module__diagsIncluded__C)
                  0000bc38    00000004     SlaveController_pem4f.oem4f (.const:ti_sysbios_gates_GateMutex_Module__diagsMask__C)
                  0000bc3c    00000004     SlaveController_pem4f.oem4f (.const:ti_sysbios_hal_Hwi_E_stackOverflow__C)
                  0000bc40    00000004     SlaveController_pem4f.oem4f (.const:ti_sysbios_heaps_HeapMem_A_align__C)
                  0000bc44    00000004     SlaveController_pem4f.oem4f (.const:ti_sysbios_heaps_HeapMem_A_heapSize__C)
                  0000bc48    00000004     SlaveController_pem4f.oem4f (.const:ti_sysbios_heaps_HeapMem_A_invalidFree__C)
                  0000bc4c    00000004     SlaveController_pem4f.oem4f (.const:ti_sysbios_heaps_HeapMem_A_zeroBlock__C)
                  0000bc50    00000004     SlaveController_pem4f.oem4f (.const:ti_sysbios_heaps_HeapMem_E_memory__C)
                  0000bc54    00000004     SlaveController_pem4f.oem4f (.const:ti_sysbios_heaps_HeapMem_Module__diagsEnabled__C)
                  0000bc58    00000004     SlaveController_pem4f.oem4f (.const:ti_sysbios_heaps_HeapMem_Module__diagsIncluded__C)
                  0000bc5c    00000004     SlaveController_pem4f.oem4f (.const:ti_sysbios_heaps_HeapMem_Module__diagsMask__C)
                  0000bc60    00000004     SlaveController_pem4f.oem4f (.const:ti_sysbios_heaps_HeapMem_Module__gateObj__C)
                  0000bc64    00000004     SlaveController_pem4f.oem4f (.const:ti_sysbios_heaps_HeapMem_Object__count__C)
                  0000bc68    00000004     SlaveController_pem4f.oem4f (.const:ti_sysbios_heaps_HeapMem_reqAlign__C)
                  0000bc6c    00000004     SlaveController_pem4f.oem4f (.const:ti_sysbios_knl_Clock_A_badThreadType__C)
                  0000bc70    00000004     SlaveController_pem4f.oem4f (.const:ti_sysbios_knl_Clock_Module_State_clockQ__O)
                  0000bc74    00000004     SlaveController_pem4f.oem4f (.const:ti_sysbios_knl_Clock_Module__diagsEnabled__C)
                  0000bc78    00000004     SlaveController_pem4f.oem4f (.const:ti_sysbios_knl_Clock_Module__diagsIncluded__C)
                  0000bc7c    00000004     SlaveController_pem4f.oem4f (.const:ti_sysbios_knl_Clock_Module__diagsMask__C)
                  0000bc80    00000004     SlaveController_pem4f.oem4f (.const:ti_sysbios_knl_Idle_funcList__A)
                  0000bc84    00000004     SlaveController_pem4f.oem4f (.const:ti_sysbios_knl_Semaphore_A_badContext__C)
                  0000bc88    00000004     SlaveController_pem4f.oem4f (.const:ti_sysbios_knl_Semaphore_A_noEvents__C)
                  0000bc8c    00000004     SlaveController_pem4f.oem4f (.const:ti_sysbios_knl_Semaphore_A_overflow__C)
                  0000bc90    00000004     SlaveController_pem4f.oem4f (.const:ti_sysbios_knl_Semaphore_A_pendTaskDisabled__C)
                  0000bc94    00000004     SlaveController_pem4f.oem4f (.const:ti_sysbios_knl_Semaphore_Instance_State_pendQ__O)
                  0000bc98    00000004     SlaveController_pem4f.oem4f (.const:ti_sysbios_knl_Semaphore_Module__diagsEnabled__C)
                  0000bc9c    00000004     SlaveController_pem4f.oem4f (.const:ti_sysbios_knl_Semaphore_Module__diagsIncluded__C)
                  0000bca0    00000004     SlaveController_pem4f.oem4f (.const:ti_sysbios_knl_Semaphore_Module__diagsMask__C)
                  0000bca4    00000004     SlaveController_pem4f.oem4f (.const:ti_sysbios_knl_Swi_Object__count__C)
                  0000bca8    00000004     SlaveController_pem4f.oem4f (.const:ti_sysbios_knl_Task_A_badPriority__C)
                  0000bcac    00000004     SlaveController_pem4f.oem4f (.const:ti_sysbios_knl_Task_A_badTaskState__C)
                  0000bcb0    00000004     SlaveController_pem4f.oem4f (.const:ti_sysbios_knl_Task_A_badThreadType__C)
                  0000bcb4    00000004     SlaveController_pem4f.oem4f (.const:ti_sysbios_knl_Task_A_badTimeout__C)
                  0000bcb8    00000004     SlaveController_pem4f.oem4f (.const:ti_sysbios_knl_Task_A_noPendElem__C)
                  0000bcbc    00000004     SlaveController_pem4f.oem4f (.const:ti_sysbios_knl_Task_A_sleepTaskDisabled__C)
                  0000bcc0    00000004     SlaveController_pem4f.oem4f (.const:ti_sysbios_knl_Task_E_spOutOfBounds__C)
                  0000bcc4    00000004     SlaveController_pem4f.oem4f (.const:ti_sysbios_knl_Task_E_stackOverflow__C)
                  0000bcc8    00000004     SlaveController_pem4f.oem4f (.const:ti_sysbios_knl_Task_Module_State_inactiveQ__O)
                  0000bccc    00000004     SlaveController_pem4f.oem4f (.const:ti_sysbios_knl_Task_Module__diagsEnabled__C)
                  0000bcd0    00000004     SlaveController_pem4f.oem4f (.const:ti_sysbios_knl_Task_Module__diagsIncluded__C)
                  0000bcd4    00000004     SlaveController_pem4f.oem4f (.const:ti_sysbios_knl_Task_Module__diagsMask__C)
                  0000bcd8    00000004     SlaveController_pem4f.oem4f (.const:ti_sysbios_knl_Task_Object__count__C)
                  0000bcdc    00000004     SlaveController_pem4f.oem4f (.const:ti_sysbios_knl_Task_allBlockedFunc__C)
                  0000bce0    00000004     SlaveController_pem4f.oem4f (.const:ti_sysbios_knl_Task_defaultStackHeap__C)
                  0000bce4    00000004     SlaveController_pem4f.oem4f (.const:ti_sysbios_knl_Task_defaultStackSize__C)
                  0000bce8    00000004     SlaveController_pem4f.oem4f (.const:ti_sysbios_knl_Task_numConstructedTasks__C)
                  0000bcec    00000004     SlaveController_pem4f.oem4f (.const:xdc_runtime_Assert_E_assertFailed__C)
                  0000bcf0    00000004     SlaveController_pem4f.oem4f (.const:xdc_runtime_Core_A_initializedParams__C)
                  0000bcf4    00000004     SlaveController_pem4f.oem4f (.const:xdc_runtime_Core_Module__diagsEnabled__C)
                  0000bcf8    00000004     SlaveController_pem4f.oem4f (.const:xdc_runtime_Core_Module__diagsIncluded__C)
                  0000bcfc    00000004     SlaveController_pem4f.oem4f (.const:xdc_runtime_Core_Module__diagsMask__C)
                  0000bd00    00000004     SlaveController_pem4f.oem4f (.const:xdc_runtime_Error_E_memory__C)
                  0000bd04    00000004     SlaveController_pem4f.oem4f (.const:xdc_runtime_Error_Module__diagsEnabled__C)
                  0000bd08    00000004     SlaveController_pem4f.oem4f (.const:xdc_runtime_Error_Module__diagsIncluded__C)
                  0000bd0c    00000004     SlaveController_pem4f.oem4f (.const:xdc_runtime_Error_Module__diagsMask__C)
                  0000bd10    00000004     SlaveController_pem4f.oem4f (.const:xdc_runtime_Error_Module__loggerFxn8__C)
                  0000bd14    00000004     SlaveController_pem4f.oem4f (.const:xdc_runtime_Error_Module__loggerObj__C)
                  0000bd18    00000004     SlaveController_pem4f.oem4f (.const:xdc_runtime_Error_policyFxn__C)
                  0000bd1c    00000004     SlaveController_pem4f.oem4f (.const:xdc_runtime_Error_raiseHook__C)
                  0000bd20    00000004     SlaveController_pem4f.oem4f (.const:xdc_runtime_IGateProvider_Interface__BASE__C)
                  0000bd24    00000004     SlaveController_pem4f.oem4f (.const:xdc_runtime_IHeap_Interface__BASE__C)
                  0000bd28    00000004     SlaveController_pem4f.oem4f (.const:xdc_runtime_IModule_Interface__BASE__C)
                  0000bd2c    00000004     SlaveController_pem4f.oem4f (.const:xdc_runtime_Log_L_error__C)
                  0000bd30    00000004     SlaveController_pem4f.oem4f (.const:xdc_runtime_Memory_defaultHeapInstance__C)
                  0000bd34    00000004     SlaveController_pem4f.oem4f (.const:xdc_runtime_Startup_execImpl__C)
                  0000bd38    00000004     SlaveController_pem4f.oem4f (.const:xdc_runtime_Startup_lastFxns__A)
                  0000bd3c    00000004     SlaveController_pem4f.oem4f (.const:xdc_runtime_Startup_maxPasses__C)
                  0000bd40    00000004     SlaveController_pem4f.oem4f (.const:xdc_runtime_Startup_sfxnRts__C)
                  0000bd44    00000004     SlaveController_pem4f.oem4f (.const:xdc_runtime_Startup_sfxnTab__C)
                  0000bd48    00000004     SlaveController_pem4f.oem4f (.const:xdc_runtime_SysMin_bufSize__C)
                  0000bd4c    00000004     SlaveController_pem4f.oem4f (.const:xdc_runtime_SysMin_outputFunc__C)
                  0000bd50    00000004     SlaveController_pem4f.oem4f (.const:xdc_runtime_System_Module__gateObj__C)
                  0000bd54    00000004     SlaveController_pem4f.oem4f (.const:xdc_runtime_System_abortFxn__C)
                  0000bd58    00000004     SlaveController_pem4f.oem4f (.const:xdc_runtime_System_exitFxn__C)
                  0000bd5c    00000004     SlaveController_pem4f.oem4f (.const:xdc_runtime_System_extendFxn__C)
                  0000bd60    00000004     SlaveController_pem4f.oem4f (.const:xdc_runtime_System_maxAtexitHandlers__C)
                  0000bd64    00000004     SlaveController_pem4f.oem4f (.const:xdc_runtime_Text_charTab__C)
                  0000bd68    00000004     SlaveController_pem4f.oem4f (.const:xdc_runtime_Text_nameEmpty__C)
                  0000bd6c    00000004     SlaveController_pem4f.oem4f (.const:xdc_runtime_Text_nameStatic__C)
                  0000bd70    00000004     SlaveController_pem4f.oem4f (.const:xdc_runtime_Text_nameUnknown__C)
                  0000bd74    00000004     SlaveController_pem4f.oem4f (.const:xdc_runtime_Text_nodeTab__C)
                  0000bd78    00000004     SlaveController_pem4f.oem4f (.const:xdc_runtime_Text_visitRopeFxn__C)
                  0000bd7c    00000002     SlaveController_pem4f.oem4f (.const:ti_sysbios_family_arm_m3_Hwi_Module__id__C)
                  0000bd7e    00000002     SlaveController_pem4f.oem4f (.const:ti_sysbios_gates_GateMutex_Module__id__C)
                  0000bd80    00000002     SlaveController_pem4f.oem4f (.const:ti_sysbios_hal_Hwi_Module__id__C)
                  0000bd82    00000002     SlaveController_pem4f.oem4f (.const:ti_sysbios_heaps_HeapMem_Module__id__C)
                  0000bd84    00000002     SlaveController_pem4f.oem4f (.const:ti_sysbios_knl_Clock_Module__id__C)
                  0000bd86    00000002     SlaveController_pem4f.oem4f (.const:ti_sysbios_knl_Semaphore_Module__id__C)
                  0000bd88    00000002     SlaveController_pem4f.oem4f (.const:ti_sysbios_knl_Task_Module__id__C)
                  0000bd8a    00000002     SlaveController_pem4f.oem4f (.const:xdc_runtime_Core_Module__id__C)
                  0000bd8c    00000002     SlaveController_pem4f.oem4f (.const:xdc_runtime_Error_Module__loggerDefined__C)
                  0000bd8e    00000002     SlaveController_pem4f.oem4f (.const:xdc_runtime_Error_maxDepth__C)
                  0000bd90    00000002     SlaveController_pem4f.oem4f (.const:xdc_runtime_Memory_Module__id__C)
                  0000bd92    00000002     SlaveController_pem4f.oem4f (.const:xdc_runtime_SysMin_flushAtExit__C)
                  0000bd94    00000002     SlaveController_pem4f.oem4f (.const:xdc_runtime_Text_charCnt__C)
                  0000bd96    00000002     SlaveController_pem4f.oem4f (.const:xdc_runtime_Text_isLoaded__C)
                  0000bd98    00000002     SlaveController_pem4f.oem4f (.const:xdc_runtime_Text_registryModsLastId__C)
                  0000bd9a    00000002     SlaveController_pem4f.oem4f (.const:xdc_runtime_Text_unnamedModsLastId__C)

.cinit     0    0000bda0    00000260     
                  0000bda0    0000022a     (.cinit..data.load) [load image, compression = lzss]
                  0000bfca    00000002     --HOLE-- [fill = 0]
                  0000bfcc    0000000c     (__TI_handler_table)
                  0000bfd8    00000008     (.cinit..bss.load) [load image, compression = zero_init]
                  0000bfe0    00000008     (.cinit..vecs.load) [load image, compression = zero_init]
                  0000bfe8    00000018     (__TI_cinit_table)

.init_array 
*          0    00000000    00000000     UNINITIALIZED

.resetVecs 
*          0    00000000    0000003c     
                  00000000    0000003c     SlaveController_pem4f.oem4f (.resetVecs)

.bss       0    20000400    000031de     UNINITIALIZED
                  20000400    00001f40     (.common:taskStack)
                  20002340    00000400     (.common:ti_sysbios_heaps_HeapMem_Instance_State_0_buf__A)
                  20002740    00000360     (.common:ti_sysbios_family_arm_m3_Hwi_dispatchTable)
                  20002aa0    00000240     (.common:sdspiTivaObjects)
                  20002ce0    00000200     SlaveController_pem4f.oem4f (.bss:taskStackSection)
                  20002ee0    00000120     rtsv7M4_T_le_v4SPD16_eabi.lib : trgmsg.c.obj (.bss:_CIOBUF_)
                  20003000    00000200     EK_TM4C123GXL.obj (.bss:dmaControlTable)
                  20003200    000000e4     (.common:spiTivaDMAObjects)
                  200032e4    000000cc     (.common:uartTivaObjects)
                  200033b0    00000090     drivers_tivaware.aem4f : GPIOTiva.oem4f (.bss:gpioCallbackInfo)
                  20003440    00000080     (.common:xdc_runtime_SysMin_Module_State_0_outbuf__A)
                  200034c0    00000050     (.common:taskStruct)
                  20003510    00000028     ti.mw.fatfs.aem4f : ffcio.oem4f (.bss:filTable)
                  20003538    00000024     (.common:uartParams)
                  2000355c    00000020     (.common:uartTivaRingBuffer)
                  2000357c    0000001c     EK_TM4C123GXL.obj (.bss:dmaHwiStruct)
                  20003598    00000010     (.common:FatFs)
                  200035a8    00000010     (.common:sdspiHandles)
                  200035b8    00000008     (.common:parmbuf)
                  200035c0    0000000c     (.common:spiTivaDMAscratchBuf)
                  200035cc    00000008     (.common:sdspiParams)
                  200035d4    00000004     (.common:gpioInterruptVectors)
                  200035d8    00000004     (.common:uart)
                  200035dc    00000002     (.common:Fsid)

[...]
00009ab7  xdc_runtime_System_Module_startup__E                              
00009ac1  ti_sysbios_family_arm_lm4_Timer_getPeriod__E                      
00009ac9  ti_sysbios_gates_GateHwi_query__E                                 
00009ac9  xdc_runtime_Main_Module_GateProxy_query__E                        
00009ac9  xdc_runtime_System_Module_GateProxy_query__E                      
00009ad1  ti_sysbios_BIOS_RtsGateProxy_query__E                             
00009ad1  ti_sysbios_gates_GateMutex_query__E                               
00009ad1  ti_sysbios_heaps_HeapMem_Module_GateProxy_query__E                
00009ad9  ti_sysbios_knl_Task_startup__E                                    
00009ae1  ti_sysbios_gates_GateHwi_Instance_init__E                         
00009ae9  ti_sysbios_knl_Clock_logTick__E                                   
00009aec  xdc_runtime_Text_charTab__A                                       
0000b371  xdc_runtime_Error_policy__C                                       
0000b372  xdc_runtime_Text_nodeTab__A                                       
0000b43e  ti_catalog_arm_cortexm4_tiva_ce_Boot_Module__id__C                
0000b550  spiTivaDMAHWAttrs                                                 
0000b5c8  SPITivaDMA_fxnTable                                               
0000b7bc  ti_sysbios_knl_Task_Object__PARAMS__C                             
0000b7f8  SPI_config                                                        
0000b828  ti_sysbios_family_arm_m3_Hwi_Object__PARAMS__C                    
0000b858  UARTTiva_fxnTable                                                 
0000b880  ti_sysbios_heaps_HeapMem_Module__FXNS__C                          
0000b8a8  UART_defaultParams                                                
0000b8cc  sdspiTivaHWattrs                                                  
0000b8f0  ti_sysbios_gates_GateHwi_Module__FXNS__C                          
0000b914  ti_sysbios_gates_GateMutex_Module__FXNS__C                        
0000b938  ti_sysbios_heaps_HeapMem_Object__PARAMS__C                        
0000b95c  ti_sysbios_knl_Clock_Object__PARAMS__C                            
0000b980  ti_sysbios_knl_Semaphore_Object__PARAMS__C                        
0000b9a4  xdc_runtime_Startup_sfxnTab__A                                    
0000b9c8  ti_sysbios_family_arm_m3_Hwi_Object__DESC__C                      
0000b9e8  ti_sysbios_gates_GateHwi_Object__DESC__C                          
0000ba08  ti_sysbios_gates_GateMutex_Object__DESC__C                        
0000ba28  ti_sysbios_heaps_HeapMem_Object__DESC__C                          
0000ba48  ti_sysbios_knl_Clock_Object__DESC__C                              
0000ba68  ti_sysbios_knl_Queue_Object__DESC__C                              
0000ba88  ti_sysbios_knl_Semaphore_Object__DESC__C                          
0000baa8  ti_sysbios_knl_Task_Object__DESC__C                               
0000bac8  SDSPI_config                                                      
0000bae0  UART_config                                                       
0000baf8  ti_sysbios_gates_GateHwi_Object__PARAMS__C                        
0000bb10  ti_sysbios_gates_GateMutex_Object__PARAMS__C                      
0000bb28  ti_sysbios_knl_Queue_Object__PARAMS__C                            
0000bb40  uartTivaHWAttrs                                                   
0000bb58  GPIOTiva_config                                                   
0000bb6c  xdc_runtime_Startup_firstFxns__A                                  
0000bb80  xdc_runtime_Startup_sfxnRts__A                                    
0000bb92  ti_sysbios_family_arm_lm4_TimestampProvider_useClockTimer__C      
0000bb94  SDSPITiva_fxnTable                                                
0000bba4  ti_sysbios_family_arm_m3_Hwi_excHookFuncs__A                      
0000bbac  ti_sysbios_knl_Idle_funcList__C                                   
0000bbb4  xdc_runtime_Startup_firstFxns__C                                  
0000bbbc  xdc_runtime_Startup_lastFxns__C                                   
0000bbc4  ti_catalog_arm_cortexm4_tiva_ce_Boot_A_mustUseEnhancedClockMode__C
0000bbc8  ti_catalog_arm_cortexm4_tiva_ce_Boot_Module__diagsEnabled__C      
0000bbcc  ti_catalog_arm_cortexm4_tiva_ce_Boot_Module__diagsIncluded__C     
0000bbd0  ti_catalog_arm_cortexm4_tiva_ce_Boot_Module__diagsMask__C         
0000bbd4  ti_sysbios_family_arm_lm4_Timer_enableFunc__C                     
0000bbd8  ti_sysbios_family_arm_lm4_Timer_numTimerDevices__C                
0000bbdc  ti_sysbios_family_arm_lm4_Timer_startupNeeded__C                  
0000bbe0  ti_sysbios_family_arm_m3_Hwi_E_NMI__C                             
0000bbe4  ti_sysbios_family_arm_m3_Hwi_E_alreadyDefined__C                  
0000bbe8  ti_sysbios_family_arm_m3_Hwi_E_busFault__C                        
0000bbec  ti_sysbios_family_arm_m3_Hwi_E_debugMon__C                        
0000bbf0  ti_sysbios_family_arm_m3_Hwi_E_hardFault__C                       
0000bbf4  ti_sysbios_family_arm_m3_Hwi_E_memFault__C                        
0000bbf8  ti_sysbios_family_arm_m3_Hwi_E_noIsr__C                           
0000bbfc  ti_sysbios_family_arm_m3_Hwi_E_reserved__C                        
0000bc00  ti_sysbios_family_arm_m3_Hwi_E_svCall__C                          
0000bc04  ti_sysbios_family_arm_m3_Hwi_E_usageFault__C                      
0000bc08  ti_sysbios_family_arm_m3_Hwi_NUM_INTERRUPTS__C                    
0000bc0c  ti_sysbios_family_arm_m3_Hwi_Object__count__C                     
0000bc10  ti_sysbios_family_arm_m3_Hwi_ccr__C                               
0000bc14  ti_sysbios_family_arm_m3_Hwi_excHandlerFunc__C                    
0000bc18  ti_sysbios_family_arm_m3_Hwi_excHookFuncs__C                      
0000bc1c  ti_sysbios_family_arm_m3_Hwi_nullIsrFunc__C                       
0000bc20  ti_sysbios_family_arm_m3_Hwi_priGroup__C                          
0000bc24  ti_sysbios_family_arm_m3_TaskSupport_stackAlignment__C            
0000bc28  ti_sysbios_gates_GateMutex_A_badContext__C                        
0000bc2c  ti_sysbios_gates_GateMutex_Instance_State_sem__O                  
0000bc30  ti_sysbios_gates_GateMutex_Module__diagsEnabled__C                
0000bc34  ti_sysbios_gates_GateMutex_Module__diagsIncluded__C               
0000bc38  ti_sysbios_gates_GateMutex_Module__diagsMask__C                   
0000bc3c  ti_sysbios_hal_Hwi_E_stackOverflow__C                             
0000bc40  ti_sysbios_heaps_HeapMem_A_align__C                               
0000bc44  ti_sysbios_heaps_HeapMem_A_heapSize__C                            
0000bc48  ti_sysbios_heaps_HeapMem_A_invalidFree__C                         
0000bc4c  ti_sysbios_heaps_HeapMem_A_zeroBlock__C                           
0000bc50  ti_sysbios_heaps_HeapMem_E_memory__C                              
0000bc54  ti_sysbios_heaps_HeapMem_Module__diagsEnabled__C                  
0000bc58  ti_sysbios_heaps_HeapMem_Module__diagsIncluded__C                 
0000bc5c  ti_sysbios_heaps_HeapMem_Module__diagsMask__C                     
0000bc60  ti_sysbios_heaps_HeapMem_Module__gateObj__C                       
0000bc64  ti_sysbios_heaps_HeapMem_Object__count__C                         
0000bc68  ti_sysbios_heaps_HeapMem_reqAlign__C                              
0000bc6c  ti_sysbios_knl_Clock_A_badThreadType__C                           
0000bc70  ti_sysbios_knl_Clock_Module_State_clockQ__O                       
0000bc74  ti_sysbios_knl_Clock_Module__diagsEnabled__C                      
0000bc78  ti_sysbios_knl_Clock_Module__diagsIncluded__C                     
0000bc7c  ti_sysbios_knl_Clock_Module__diagsMask__C                         
0000bc80  ti_sysbios_knl_Idle_funcList__A                                   
0000bc84  ti_sysbios_knl_Semaphore_A_badContext__C                          
0000bc88  ti_sysbios_knl_Semaphore_A_noEvents__C                            
0000bc8c  ti_sysbios_knl_Semaphore_A_overflow__C                            
0000bc90  ti_sysbios_knl_Semaphore_A_pendTaskDisabled__C                    
0000bc94  ti_sysbios_knl_Semaphore_Instance_State_pendQ__O                  
0000bc98  ti_sysbios_knl_Semaphore_Module__diagsEnabled__C                  
0000bc9c  ti_sysbios_knl_Semaphore_Module__diagsIncluded__C                 
0000bca0  ti_sysbios_knl_Semaphore_Module__diagsMask__C                     
0000bca4  ti_sysbios_knl_Swi_Object__count__C                               
0000bca8  ti_sysbios_knl_Task_A_badPriority__C                              
0000bcac  ti_sysbios_knl_Task_A_badTaskState__C                             
0000bcb0  ti_sysbios_knl_Task_A_badThreadType__C                            
0000bcb4  ti_sysbios_knl_Task_A_badTimeout__C                               
0000bcb8  ti_sysbios_knl_Task_A_noPendElem__C                               
0000bcbc  ti_sysbios_knl_Task_A_sleepTaskDisabled__C                        
0000bcc0  ti_sysbios_knl_Task_E_spOutOfBounds__C                            
0000bcc4  ti_sysbios_knl_Task_E_stackOverflow__C                            
0000bcc8  ti_sysbios_knl_Task_Module_State_inactiveQ__O                     
0000bccc  ti_sysbios_knl_Task_Module__diagsEnabled__C                       
0000bcd0  ti_sysbios_knl_Task_Module__diagsIncluded__C                      
0000bcd4  ti_sysbios_knl_Task_Module__diagsMask__C                          
0000bcd8  ti_sysbios_knl_Task_Object__count__C                              
0000bcdc  ti_sysbios_knl_Task_allBlockedFunc__C                             
0000bce0  ti_sysbios_knl_Task_defaultStackHeap__C                           
0000bce4  ti_sysbios_knl_Task_defaultStackSize__C                           
0000bce8  ti_sysbios_knl_Task_numConstructedTasks__C                        
0000bcec  xdc_runtime_Assert_E_assertFailed__C                              
0000bcf0  xdc_runtime_Core_A_initializedParams__C                           
0000bcf4  xdc_runtime_Core_Module__diagsEnabled__C                          
0000bcf8  xdc_runtime_Core_Module__diagsIncluded__C                         
0000bcfc  xdc_runtime_Core_Module__diagsMask__C                             
0000bd00  xdc_runtime_Error_E_memory__C                                     
0000bd04  xdc_runtime_Error_Module__diagsEnabled__C                         
0000bd08  xdc_runtime_Error_Module__diagsIncluded__C                        
0000bd0c  xdc_runtime_Error_Module__diagsMask__C                            
0000bd10  xdc_runtime_Error_Module__loggerFxn8__C                           
0000bd14  xdc_runtime_Error_Module__loggerObj__C                            
0000bd18  xdc_runtime_Error_policyFxn__C                                    
0000bd1c  xdc_runtime_Error_raiseHook__C                                    
0000bd20  xdc_runtime_IGateProvider_Interface__BASE__C                      
0000bd24  xdc_runtime_IHeap_Interface__BASE__C                              
0000bd28  xdc_runtime_IModule_Interface__BASE__C                            
0000bd2c  xdc_runtime_Log_L_error__C                                        
0000bd30  xdc_runtime_Memory_defaultHeapInstance__C                         
0000bd34  xdc_runtime_Startup_execImpl__C                                   
0000bd38  xdc_runtime_Startup_lastFxns__A                                   
0000bd3c  xdc_runtime_Startup_maxPasses__C                                  
0000bd40  xdc_runtime_Startup_sfxnRts__C                                    
0000bd44  xdc_runtime_Startup_sfxnTab__C                                    
0000bd48  xdc_runtime_SysMin_bufSize__C                                     
0000bd4c  xdc_runtime_SysMin_outputFunc__C                                  
0000bd50  xdc_runtime_System_Module__gateObj__C                             
0000bd54  xdc_runtime_System_abortFxn__C                                    
0000bd58  xdc_runtime_System_exitFxn__C                                     
0000bd5c  xdc_runtime_System_extendFxn__C                                   
0000bd60  xdc_runtime_System_maxAtexitHandlers__C                           
0000bd64  xdc_runtime_Text_charTab__C                                       
0000bd68  xdc_runtime_Text_nameEmpty__C                                     
0000bd6c  xdc_runtime_Text_nameStatic__C                                    
0000bd70  xdc_runtime_Text_nameUnknown__C                                   
0000bd74  xdc_runtime_Text_nodeTab__C                                       
0000bd78  xdc_runtime_Text_visitRopeFxn__C                                  
0000bd7c  ti_sysbios_family_arm_m3_Hwi_Module__id__C                        
0000bd7e  ti_sysbios_gates_GateMutex_Module__id__C                          
0000bd80  ti_sysbios_hal_Hwi_Module__id__C                                  
0000bd82  ti_sysbios_heaps_HeapMem_Module__id__C                            
0000bd84  ti_sysbios_knl_Clock_Module__id__C                                
0000bd86  ti_sysbios_knl_Semaphore_Module__id__C                            
0000bd88  ti_sysbios_knl_Task_Module__id__C                                 
0000bd8a  xdc_runtime_Core_Module__id__C                                    
0000bd8c  xdc_runtime_Error_Module__loggerDefined__C                        
0000bd8e  xdc_runtime_Error_maxDepth__C                                     
0000bd90  xdc_runtime_Memory_Module__id__C                                  
0000bd92  xdc_runtime_SysMin_flushAtExit__C                                 
0000bd94  xdc_runtime_Text_charCnt__C                                       
0000bd96  xdc_runtime_Text_isLoaded__C                                      
0000bd98  xdc_runtime_Text_registryModsLastId__C                            
0000bd9a  xdc_runtime_Text_unnamedModsLastId__C                             
0000bda0  __TI_static_base__                                                
0000bfcc  __TI_Handler_Table_Base                                           
0000bfd8  __TI_Handler_Table_Limit                                          
0000bfe8  __TI_CINIT_Base                                                   
0000c000  __TI_CINIT_Limit                                                  
20000000  __start___llvm_prf_cnts                                           
20000000  __stop___llvm_prf_cnts                                            
20000000  ti_sysbios_family_arm_m3_Hwi_ramVectors                           
20000400  taskStack                                                         
20002340  ti_sysbios_heaps_HeapMem_Instance_State_0_buf__A                  
20002740  ti_sysbios_family_arm_m3_Hwi_dispatchTable                        
20002aa0  sdspiTivaObjects                                                  
20002ce0  ti_sysbios_knl_Task_Instance_State_0_stack__A                     
20002ee0  __CIOBUF_                                                         
20003200  spiTivaDMAObjects                                                 
200032e4  uartTivaObjects                                                   
20003440  xdc_runtime_SysMin_Module_State_0_outbuf__A                       
200034c0  taskStruct                                                        
20003538  uartParams                                                        
2000355c  uartTivaRingBuffer                                                
200035b8  parmbuf                                                           
200035c0  spiTivaDMAscratchBuf                                              
200035cc  sdspiParams                                                       
200035d8  uart                                                              
200035e0  ti_sysbios_family_arm_lm4_Timer_Object__table__V                  
20003660  ti_sysbios_knl_Swi_Module_State_0_readyQ__A                       
200036e0  ti_sysbios_knl_Task_Module_State_0_readyQ__A                      
20003760  _device                                                           
20003828  ti_sysbios_knl_Task_Object__table__V                              
20003874  ti_sysbios_knl_Task_Module__state__V                              
200038b8  ti_sysbios_gates_GateMutex_Object__table__V                       
200038f0  ti_sysbios_family_arm_m3_Hwi_Module__state__V                     
20003924  ti_sysbios_family_arm_lm4_Timer_Module_State_0_device__A          
20003954  ti_sysbios_family_arm_m3_Hwi_Object__table__V                     
20003984  ti_sysbios_knl_Swi_Object__table__V                               
200039b4  ti_sysbios_knl_Clock_Module__state__V                             
20003a04  ti_sysbios_BIOS_Module__state__V                                  
20003a28  ti_sysbios_knl_Swi_Module__state__V                               
20003a44  ti_sysbios_family_arm_lm4_Timer_Module_State_0_handles__A         
20003a5c  ti_sysbios_heaps_HeapMem_Object__table__V                         
20003a74  gpioPinConfigs                                                    
20003a88  _tz                                                               
20003a98  ti_sysbios_family_arm_lm4_Timer_Module__state__V                  
20003aa4  xdc_runtime_SysMin_Module__state__V                               
20003ab0  _lock                                                             
20003ab4  _unlock                                                           
20003ab8  gpioCallbackFunctions                                             
20003ac0  ti_sysbios_family_arm_lm4_Seconds_Module__state__V                
20003ac8  ti_sysbios_family_arm_lm4_TimestampProvider_Module__state__V      
20003ad0  ti_sysbios_family_arm_m3_Hwi_Module__root__V                      
20003ad8  ti_sysbios_gates_GateHwi_Module__root__V                          
20003ae0  ti_sysbios_gates_GateMutex_Module__root__V                        
20003ae8  ti_sysbios_heaps_HeapMem_Module__root__V                          
20003af0  ti_sysbios_knl_Clock_Module__root__V                              
20003af8  ti_sysbios_knl_Queue_Module__root__V                              
20003b00  ti_sysbios_knl_Semaphore_Module__root__V                          
20003b08  ti_sysbios_knl_Task_Module__root__V                               
20003b10  xdc_runtime_Registry_Module__state__V                             
20003b18  xdc_runtime_Startup_Module__state__V                              
20003b20  xdc_runtime_System_Module_State_0_atexitHandlers__A               
20003b28  xdc_runtime_System_Module__state__V                               
20003b36  ti_sysbios_family_arm_m3_Hwi_Module_State_0_excActive__A          
20003b4c  main_func_sp                                                      
20003b54  ti_sysbios_family_arm_m3_Hwi_Module_State_0_excContext__A         
20003b58  ti_sysbios_family_arm_m3_Hwi_Module_State_0_excStack__A           
20003b5c  ti_sysbios_gates_GateHwi_Object__table__V                         
20003b60  ti_sysbios_knl_Task_Module_State_0_idleTask__A                    
20003b64  xdc_runtime_Memory_Module__state__V                               
20003b68  xdc_runtime_Error_Module__state__V                                
20003b70  __stack                                                           
20003e70  __STACK_END                                                       
e000e000  ti_sysbios_family_arm_m3_Hwi_nvic                                 
ffffffff  __TI_pprof_out_hndl                                               
ffffffff  __TI_prof_data_size                                               
ffffffff  __TI_prof_data_start                                              
ffffffff  __binit__                                                         
ffffffff  __c_args__                                                        
ffffffff  binit                                                             
UNDEFED   SHT$$INIT_ARRAY$$Base                                             
UNDEFED   SHT$$INIT_ARRAY$$Limit                                            

[753 symbols]
