******************************************************************************
                  TI ARM Linker PC v19.6.0                     
******************************************************************************
>> Linked Sat May  2 17:38:13 2020

OUTPUT FILE NAME:   <SlaveController.out>
ENTRY POINT SYMBOL: "_c_int00"  address: 00037add


MEMORY CONFIGURATION

         name            origin    length      used     unused   attr    fill
----------------------  --------  ---------  --------  --------  ----  --------
  FLASH                 00000000   00040000  0003ae96  0000516a  R  X
  SRAM                  20000000   00008000  00007978  00000688  RW X


SEGMENT ALLOCATION MAP

run origin  load origin   length   init length attrs members
----------  ----------- ---------- ----------- ----- -------
00000000    00000000    0003aea0   0003aea0    r-x
  00000000    00000000    0000003c   0000003c    r-- .resetVecs
  0000003c    0000003c    0002f180   0002f180    r-- .const
  0002f1c0    0002f1c0    0000ba4a   0000ba4a    r-x .text
  0003ac10    0003ac10    00000290   00000290    r-- .cinit
20000000    20000000    00000360   00000000    rw-
  20000000    20000000    00000360   00000000    rw- .vecs
20000400    20000400    00007620   00000000    rw-
  20000400    20000400    00006b26   00000000    rw- .bss
  20006f28    20006f28    000006f2   00000000    rw- .data
  20007620    20007620    00000400   00000000    rw- .stack


SECTION ALLOCATION MAP

 output                                  attributes/
section   page    origin      length       input sections
--------  ----  ----------  ----------   ----------------
.const     0    0000003c    0002f180     
                  0000003c    0001a638     start.obj (.const:colors_tower)
                  0001a674    0000daa8     start.obj (.const:colors_charmenu)
                  0002811c    00001885     SlaveController_pem4f.oem4f (.const:xdc_runtime_Text_charTab__A)
                  000299a1    00000f00     animator.obj (.const:animations)
                  0002a8a1    00000001     SlaveController_pem4f.oem4f (.const:xdc_runtime_Error_policy__C)
                  0002a8a2    00000002     SlaveController_pem4f.oem4f (.const:ti_catalog_arm_cortexm4_tiva_ce_Boot_Module__id__C)
                  0002a8a4    00000400     start.obj (.const:colors_eer)
                  0002aca4    00000400     start.obj (.const:colors_fdst)
                  0002b0a4    00000400     start.obj (.const:colors_gregory)
                  0002b4a4    00000400     start.obj (.const:colors_smashville)
                  0002b8a4    00000400     start.obj (.const:colors_stagemenu)
                  0002bca4    000003fc     start.obj (.const:colors_battle)
                  0002c0a0    00000364     start.obj (.const:colors_w1va)
                  0002c404    00000364     start.obj (.const:colors_w1vac)
                  0002c768    0000034c     start.obj (.const:colors_w1gw)
                  0002cab4    0000034c     start.obj (.const:colors_w1gwc)
                  0002ce00    00000348     start.obj (.const:colors_w1kb)
                  0002d148    00000348     start.obj (.const:colors_w1kbc)
                  0002d490    00000238     start.obj (.const:colors_w2va)
                  0002d6c8    00000238     start.obj (.const:colors_w2vac)
                  0002d900    00000220     start.obj (.const:colors_w2gw)
                  0002db20    00000220     start.obj (.const:colors_w2gwc)
                  0002dd40    0000021c     start.obj (.const:colors_w2kb)
                  0002df5c    0000021c     start.obj (.const:colors_w2kbc)
                  0002e178    00000198     animator.obj (.const:colors_misc)
                  0002e310    00000130     animator.obj (.const:colors_kirby)
                  0002e440    000000cc     SlaveController_pem4f.oem4f (.const:xdc_runtime_Text_nodeTab__A)
                  0002e50c    000000b6     start.obj (.const:persistentSprites)
                  0002e5c2    00000002     SlaveController_pem4f.oem4f (.const:ti_sysbios_family_arm_lm4_TimestampProvider_useClockTimer__C)
                  0002e5c4    000000a8     animator.obj (.const:colors_menu)
                  0002e66c    00000090     driverlib.lib : gpio.obj (.const:g_pui32GPIOBaseAddrs)
                  0002e6fc    0000008c     animator.obj (.const:colors_valvano)
                  0002e788    0000007f     ILI9341.obj (.const:.string:cmd_ili9341)
                  0002e807    00000001     --HOLE-- [fill = 0]
                  0002e808    00000078     EK_TM4C123GXL.obj (.const:spiTivaDMAHWAttrs)
                  0002e880    00000064     drivers_tivaware.aem4f : SPITivaDMA.oem4f (.const)
                  0002e8e4    00000060     rtsv7M4_T_le_v4SPD16_eabi.lib : mktime.c.obj (.const:$O1$$)
                  0002e944    0000005c     animator.obj (.const:colors_gameandwatch)
                  0002e9a0    00000054     drivers_tivaware.aem4f : GPIOTiva.oem4f (.const:.string)
                  0002e9f4    0000004c                            : UARTTiva.oem4f (.const)
                  0002ea40    00000048     SlaveController_pem4f.oem4f (.const:.string)
                  0002ea88    00000048     drivers_tivaware.aem4f : GPIOTiva.oem4f (.const:gpioBaseAddresses)
                  0002ead0    00000046     SD.obj (.const:.string:$P$T0$1)
                  0002eb16    00000046     animator.obj (.const:characterNames)
                  0002eb5c    0000003c     SlaveController_pem4f.oem4f (.const:ti_sysbios_knl_Task_Object__PARAMS__C)
                  0002eb98    00000030     EK_TM4C123GXL.obj (.const:SPI_config)
                  0002ebc8    00000030     SlaveController_pem4f.oem4f (.const:ti_sysbios_family_arm_m3_Hwi_Object__PARAMS__C)
                  0002ebf8    00000028     animator.obj (.const:.string:$P$T0$1)
                  0002ec20    00000028     animator.obj (.const:.string:$P$T2$3)
                  0002ec48    00000028     drivers_tivaware.aem4f : UARTTiva.oem4f (.const:UARTTiva_fxnTable)
                  0002ec70    00000028     SlaveController_pem4f.oem4f (.const:ti_sysbios_heaps_HeapMem_Module__FXNS__C)
                  0002ec98    00000024     drivers_tivaware.aem4f : UART.oem4f (.const:UART_defaultParams)
                  0002ecbc    00000024     EK_TM4C123GXL.obj (.const:sdspiTivaHWattrs)
                  0002ece0    00000024     SlaveController_pem4f.oem4f (.const:ti_sysbios_gates_GateHwi_Module__FXNS__C)
                  0002ed04    00000024     SlaveController_pem4f.oem4f (.const:ti_sysbios_gates_GateMutex_Module__FXNS__C)
                  0002ed28    00000024     SlaveController_pem4f.oem4f (.const:ti_sysbios_heaps_HeapMem_Object__PARAMS__C)
                  0002ed4c    00000024     SlaveController_pem4f.oem4f (.const:ti_sysbios_knl_Clock_Object__PARAMS__C)
                  0002ed70    00000024     SlaveController_pem4f.oem4f (.const:ti_sysbios_knl_Semaphore_Object__PARAMS__C)
                  0002ed94    00000024     SlaveController_pem4f.oem4f (.const:xdc_runtime_Startup_sfxnTab__A)
                  0002edb8    00000020     drivers_tivaware.aem4f : SPI.oem4f (.const)
                  0002edd8    00000020     SlaveController_pem4f.oem4f (.const:ti_sysbios_family_arm_m3_Hwi_Object__DESC__C)
                  0002edf8    00000020     SlaveController_pem4f.oem4f (.const:ti_sysbios_gates_GateHwi_Object__DESC__C)
                  0002ee18    00000020     SlaveController_pem4f.oem4f (.const:ti_sysbios_gates_GateMutex_Object__DESC__C)
                  0002ee38    00000020     SlaveController_pem4f.oem4f (.const:ti_sysbios_heaps_HeapMem_Object__DESC__C)
                  0002ee58    00000020     SlaveController_pem4f.oem4f (.const:ti_sysbios_knl_Clock_Object__DESC__C)
                  0002ee78    00000020     SlaveController_pem4f.oem4f (.const:ti_sysbios_knl_Queue_Object__DESC__C)
                  0002ee98    00000020     SlaveController_pem4f.oem4f (.const:ti_sysbios_knl_Semaphore_Object__DESC__C)
                  0002eeb8    00000020     SlaveController_pem4f.oem4f (.const:ti_sysbios_knl_Task_Object__DESC__C)
                  0002eed8    00000018     EK_TM4C123GXL.obj (.const:SDSPI_config)
                  0002eef0    00000018     EK_TM4C123GXL.obj (.const:UART_config)
                  0002ef08    00000018     SlaveController_pem4f.oem4f (.const:ti_sysbios_gates_GateHwi_Object__PARAMS__C)
                  0002ef20    00000018     SlaveController_pem4f.oem4f (.const:ti_sysbios_gates_GateMutex_Object__PARAMS__C)
                  0002ef38    00000018     SlaveController_pem4f.oem4f (.const:ti_sysbios_knl_Queue_Object__PARAMS__C)
                  0002ef50    00000018     EK_TM4C123GXL.obj (.const:uartTivaHWAttrs)
                  0002ef68    00000014     EK_TM4C123GXL.obj (.const:GPIOTiva_config)
                  0002ef7c    00000014     SlaveController_pem4f.oem4f (.const:xdc_runtime_Startup_firstFxns__A)
                  0002ef90    00000012     SlaveController_pem4f.oem4f (.const:xdc_runtime_Startup_sfxnRts__A)
                  0002efa2    00000002     SlaveController_pem4f.oem4f (.const:ti_sysbios_family_arm_m3_Hwi_Module__id__C)
                  0002efa4    00000010     drivers_tivaware.aem4f : SDSPITiva.oem4f (.const)
                  0002efb4    00000008                            : SDSPI.oem4f (.const)
                  0002efbc    00000008     SlaveController_pem4f.oem4f (.const:ti_sysbios_family_arm_m3_Hwi_excHookFuncs__A)
                  0002efc4    00000008     SlaveController_pem4f.oem4f (.const:ti_sysbios_knl_Idle_funcList__C)
                  0002efcc    00000008     SlaveController_pem4f.oem4f (.const:xdc_runtime_Startup_firstFxns__C)
                  0002efd4    00000008     SlaveController_pem4f.oem4f (.const:xdc_runtime_Startup_lastFxns__C)
                  0002efdc    00000005     animator.obj (.const:.string:$P$T1$2)
                  0002efe1    00000005     animator.obj (.const:.string:$P$T3$4)
                  0002efe6    00000002     SlaveController_pem4f.oem4f (.const:ti_sysbios_gates_GateMutex_Module__id__C)
                  0002efe8    00000004     SlaveController_pem4f.oem4f (.const:ti_catalog_arm_cortexm4_tiva_ce_Boot_A_mustUseEnhancedClockMode__C)
                  0002efec    00000004     SlaveController_pem4f.oem4f (.const:ti_catalog_arm_cortexm4_tiva_ce_Boot_Module__diagsEnabled__C)
                  0002eff0    00000004     SlaveController_pem4f.oem4f (.const:ti_catalog_arm_cortexm4_tiva_ce_Boot_Module__diagsIncluded__C)
                  0002eff4    00000004     SlaveController_pem4f.oem4f (.const:ti_catalog_arm_cortexm4_tiva_ce_Boot_Module__diagsMask__C)
                  0002eff8    00000004     SlaveController_pem4f.oem4f (.const:ti_sysbios_family_arm_lm4_Timer_enableFunc__C)
                  0002effc    00000004     SlaveController_pem4f.oem4f (.const:ti_sysbios_family_arm_lm4_Timer_numTimerDevices__C)
                  0002f000    00000004     SlaveController_pem4f.oem4f (.const:ti_sysbios_family_arm_lm4_Timer_startupNeeded__C)
                  0002f004    00000004     SlaveController_pem4f.oem4f (.const:ti_sysbios_family_arm_m3_Hwi_E_NMI__C)
                  0002f008    00000004     SlaveController_pem4f.oem4f (.const:ti_sysbios_family_arm_m3_Hwi_E_alreadyDefined__C)
                  0002f00c    00000004     SlaveController_pem4f.oem4f (.const:ti_sysbios_family_arm_m3_Hwi_E_busFault__C)
                  0002f010    00000004     SlaveController_pem4f.oem4f (.const:ti_sysbios_family_arm_m3_Hwi_E_debugMon__C)
                  0002f014    00000004     SlaveController_pem4f.oem4f (.const:ti_sysbios_family_arm_m3_Hwi_E_hardFault__C)
                  0002f018    00000004     SlaveController_pem4f.oem4f (.const:ti_sysbios_family_arm_m3_Hwi_E_memFault__C)
                  0002f01c    00000004     SlaveController_pem4f.oem4f (.const:ti_sysbios_family_arm_m3_Hwi_E_noIsr__C)
                  0002f020    00000004     SlaveController_pem4f.oem4f (.const:ti_sysbios_family_arm_m3_Hwi_E_reserved__C)
                  0002f024    00000004     SlaveController_pem4f.oem4f (.const:ti_sysbios_family_arm_m3_Hwi_E_svCall__C)
                  0002f028    00000004     SlaveController_pem4f.oem4f (.const:ti_sysbios_family_arm_m3_Hwi_E_usageFault__C)
                  0002f02c    00000004     SlaveController_pem4f.oem4f (.const:ti_sysbios_family_arm_m3_Hwi_NUM_INTERRUPTS__C)
                  0002f030    00000004     SlaveController_pem4f.oem4f (.const:ti_sysbios_family_arm_m3_Hwi_Object__count__C)
                  0002f034    00000004     SlaveController_pem4f.oem4f (.const:ti_sysbios_family_arm_m3_Hwi_ccr__C)
                  0002f038    00000004     SlaveController_pem4f.oem4f (.const:ti_sysbios_family_arm_m3_Hwi_excHandlerFunc__C)
                  0002f03c    00000004     SlaveController_pem4f.oem4f (.const:ti_sysbios_family_arm_m3_Hwi_excHookFuncs__C)
                  0002f040    00000004     SlaveController_pem4f.oem4f (.const:ti_sysbios_family_arm_m3_Hwi_nullIsrFunc__C)
                  0002f044    00000004     SlaveController_pem4f.oem4f (.const:ti_sysbios_family_arm_m3_Hwi_priGroup__C)
                  0002f048    00000004     SlaveController_pem4f.oem4f (.const:ti_sysbios_family_arm_m3_TaskSupport_stackAlignment__C)
                  0002f04c    00000004     SlaveController_pem4f.oem4f (.const:ti_sysbios_gates_GateMutex_A_badContext__C)
                  0002f050    00000004     SlaveController_pem4f.oem4f (.const:ti_sysbios_gates_GateMutex_Instance_State_sem__O)
                  0002f054    00000004     SlaveController_pem4f.oem4f (.const:ti_sysbios_gates_GateMutex_Module__diagsEnabled__C)
                  0002f058    00000004     SlaveController_pem4f.oem4f (.const:ti_sysbios_gates_GateMutex_Module__diagsIncluded__C)
                  0002f05c    00000004     SlaveController_pem4f.oem4f (.const:ti_sysbios_gates_GateMutex_Module__diagsMask__C)
                  0002f060    00000004     SlaveController_pem4f.oem4f (.const:ti_sysbios_hal_Hwi_E_stackOverflow__C)
                  0002f064    00000004     SlaveController_pem4f.oem4f (.const:ti_sysbios_heaps_HeapMem_A_align__C)
                  0002f068    00000004     SlaveController_pem4f.oem4f (.const:ti_sysbios_heaps_HeapMem_A_heapSize__C)
                  0002f06c    00000004     SlaveController_pem4f.oem4f (.const:ti_sysbios_heaps_HeapMem_A_invalidFree__C)
                  0002f070    00000004     SlaveController_pem4f.oem4f (.const:ti_sysbios_heaps_HeapMem_A_zeroBlock__C)
                  0002f074    00000004     SlaveController_pem4f.oem4f (.const:ti_sysbios_heaps_HeapMem_E_memory__C)
                  0002f078    00000004     SlaveController_pem4f.oem4f (.const:ti_sysbios_heaps_HeapMem_Module__diagsEnabled__C)
                  0002f07c    00000004     SlaveController_pem4f.oem4f (.const:ti_sysbios_heaps_HeapMem_Module__diagsIncluded__C)
                  0002f080    00000004     SlaveController_pem4f.oem4f (.const:ti_sysbios_heaps_HeapMem_Module__diagsMask__C)
                  0002f084    00000004     SlaveController_pem4f.oem4f (.const:ti_sysbios_heaps_HeapMem_Module__gateObj__C)
                  0002f088    00000004     SlaveController_pem4f.oem4f (.const:ti_sysbios_heaps_HeapMem_Object__count__C)
                  0002f08c    00000004     SlaveController_pem4f.oem4f (.const:ti_sysbios_heaps_HeapMem_reqAlign__C)
                  0002f090    00000004     SlaveController_pem4f.oem4f (.const:ti_sysbios_knl_Clock_A_badThreadType__C)
                  0002f094    00000004     SlaveController_pem4f.oem4f (.const:ti_sysbios_knl_Clock_Module_State_clockQ__O)
                  0002f098    00000004     SlaveController_pem4f.oem4f (.const:ti_sysbios_knl_Clock_Module__diagsEnabled__C)
                  0002f09c    00000004     SlaveController_pem4f.oem4f (.const:ti_sysbios_knl_Clock_Module__diagsIncluded__C)
                  0002f0a0    00000004     SlaveController_pem4f.oem4f (.const:ti_sysbios_knl_Clock_Module__diagsMask__C)
                  0002f0a4    00000004     SlaveController_pem4f.oem4f (.const:ti_sysbios_knl_Idle_funcList__A)
                  0002f0a8    00000004     SlaveController_pem4f.oem4f (.const:ti_sysbios_knl_Semaphore_A_badContext__C)
                  0002f0ac    00000004     SlaveController_pem4f.oem4f (.const:ti_sysbios_knl_Semaphore_A_noEvents__C)
                  0002f0b0    00000004     SlaveController_pem4f.oem4f (.const:ti_sysbios_knl_Semaphore_A_overflow__C)
                  0002f0b4    00000004     SlaveController_pem4f.oem4f (.const:ti_sysbios_knl_Semaphore_A_pendTaskDisabled__C)
                  0002f0b8    00000004     SlaveController_pem4f.oem4f (.const:ti_sysbios_knl_Semaphore_Instance_State_pendQ__O)
                  0002f0bc    00000004     SlaveController_pem4f.oem4f (.const:ti_sysbios_knl_Semaphore_Module__diagsEnabled__C)
                  0002f0c0    00000004     SlaveController_pem4f.oem4f (.const:ti_sysbios_knl_Semaphore_Module__diagsIncluded__C)
                  0002f0c4    00000004     SlaveController_pem4f.oem4f (.const:ti_sysbios_knl_Semaphore_Module__diagsMask__C)
                  0002f0c8    00000004     SlaveController_pem4f.oem4f (.const:ti_sysbios_knl_Swi_Object__count__C)
                  0002f0cc    00000004     SlaveController_pem4f.oem4f (.const:ti_sysbios_knl_Task_A_badPriority__C)
                  0002f0d0    00000004     SlaveController_pem4f.oem4f (.const:ti_sysbios_knl_Task_A_badTaskState__C)
                  0002f0d4    00000004     SlaveController_pem4f.oem4f (.const:ti_sysbios_knl_Task_A_badThreadType__C)
                  0002f0d8    00000004     SlaveController_pem4f.oem4f (.const:ti_sysbios_knl_Task_A_badTimeout__C)
                  0002f0dc    00000004     SlaveController_pem4f.oem4f (.const:ti_sysbios_knl_Task_A_noPendElem__C)
                  0002f0e0    00000004     SlaveController_pem4f.oem4f (.const:ti_sysbios_knl_Task_A_sleepTaskDisabled__C)
                  0002f0e4    00000004     SlaveController_pem4f.oem4f (.const:ti_sysbios_knl_Task_E_spOutOfBounds__C)
                  0002f0e8    00000004     SlaveController_pem4f.oem4f (.const:ti_sysbios_knl_Task_E_stackOverflow__C)
                  0002f0ec    00000004     SlaveController_pem4f.oem4f (.const:ti_sysbios_knl_Task_Module_State_inactiveQ__O)
                  0002f0f0    00000004     SlaveController_pem4f.oem4f (.const:ti_sysbios_knl_Task_Module__diagsEnabled__C)
                  0002f0f4    00000004     SlaveController_pem4f.oem4f (.const:ti_sysbios_knl_Task_Module__diagsIncluded__C)
                  0002f0f8    00000004     SlaveController_pem4f.oem4f (.const:ti_sysbios_knl_Task_Module__diagsMask__C)
                  0002f0fc    00000004     SlaveController_pem4f.oem4f (.const:ti_sysbios_knl_Task_Object__count__C)
                  0002f100    00000004     SlaveController_pem4f.oem4f (.const:ti_sysbios_knl_Task_allBlockedFunc__C)
                  0002f104    00000004     SlaveController_pem4f.oem4f (.const:ti_sysbios_knl_Task_defaultStackHeap__C)
                  0002f108    00000004     SlaveController_pem4f.oem4f (.const:ti_sysbios_knl_Task_defaultStackSize__C)
                  0002f10c    00000004     SlaveController_pem4f.oem4f (.const:ti_sysbios_knl_Task_numConstructedTasks__C)
                  0002f110    00000004     SlaveController_pem4f.oem4f (.const:xdc_runtime_Assert_E_assertFailed__C)
                  0002f114    00000004     SlaveController_pem4f.oem4f (.const:xdc_runtime_Core_A_initializedParams__C)
                  0002f118    00000004     SlaveController_pem4f.oem4f (.const:xdc_runtime_Core_Module__diagsEnabled__C)
                  0002f11c    00000004     SlaveController_pem4f.oem4f (.const:xdc_runtime_Core_Module__diagsIncluded__C)
                  0002f120    00000004     SlaveController_pem4f.oem4f (.const:xdc_runtime_Core_Module__diagsMask__C)
                  0002f124    00000004     SlaveController_pem4f.oem4f (.const:xdc_runtime_Error_E_memory__C)
                  0002f128    00000004     SlaveController_pem4f.oem4f (.const:xdc_runtime_Error_Module__diagsEnabled__C)
                  0002f12c    00000004     SlaveController_pem4f.oem4f (.const:xdc_runtime_Error_Module__diagsIncluded__C)
                  0002f130    00000004     SlaveController_pem4f.oem4f (.const:xdc_runtime_Error_Module__diagsMask__C)
                  0002f134    00000004     SlaveController_pem4f.oem4f (.const:xdc_runtime_Error_Module__loggerFxn8__C)
                  0002f138    00000004     SlaveController_pem4f.oem4f (.const:xdc_runtime_Error_Module__loggerObj__C)
                  0002f13c    00000004     SlaveController_pem4f.oem4f (.const:xdc_runtime_Error_policyFxn__C)
                  0002f140    00000004     SlaveController_pem4f.oem4f (.const:xdc_runtime_Error_raiseHook__C)
                  0002f144    00000004     SlaveController_pem4f.oem4f (.const:xdc_runtime_IGateProvider_Interface__BASE__C)
                  0002f148    00000004     SlaveController_pem4f.oem4f (.const:xdc_runtime_IHeap_Interface__BASE__C)
                  0002f14c    00000004     SlaveController_pem4f.oem4f (.const:xdc_runtime_IModule_Interface__BASE__C)
                  0002f150    00000004     SlaveController_pem4f.oem4f (.const:xdc_runtime_Log_L_error__C)
                  0002f154    00000004     SlaveController_pem4f.oem4f (.const:xdc_runtime_Memory_defaultHeapInstance__C)
                  0002f158    00000004     SlaveController_pem4f.oem4f (.const:xdc_runtime_Startup_execImpl__C)
                  0002f15c    00000004     SlaveController_pem4f.oem4f (.const:xdc_runtime_Startup_lastFxns__A)
                  0002f160    00000004     SlaveController_pem4f.oem4f (.const:xdc_runtime_Startup_maxPasses__C)
                  0002f164    00000004     SlaveController_pem4f.oem4f (.const:xdc_runtime_Startup_sfxnRts__C)
                  0002f168    00000004     SlaveController_pem4f.oem4f (.const:xdc_runtime_Startup_sfxnTab__C)
                  0002f16c    00000004     SlaveController_pem4f.oem4f (.const:xdc_runtime_SysMin_bufSize__C)
                  0002f170    00000004     SlaveController_pem4f.oem4f (.const:xdc_runtime_SysMin_outputFunc__C)
                  0002f174    00000004     SlaveController_pem4f.oem4f (.const:xdc_runtime_System_Module__gateObj__C)
                  0002f178    00000004     SlaveController_pem4f.oem4f (.const:xdc_runtime_System_abortFxn__C)
                  0002f17c    00000004     SlaveController_pem4f.oem4f (.const:xdc_runtime_System_exitFxn__C)
                  0002f180    00000004     SlaveController_pem4f.oem4f (.const:xdc_runtime_System_extendFxn__C)
                  0002f184    00000004     SlaveController_pem4f.oem4f (.const:xdc_runtime_System_maxAtexitHandlers__C)
                  0002f188    00000004     SlaveController_pem4f.oem4f (.const:xdc_runtime_Text_charTab__C)
                  0002f18c    00000004     SlaveController_pem4f.oem4f (.const:xdc_runtime_Text_nameEmpty__C)
                  0002f190    00000004     SlaveController_pem4f.oem4f (.const:xdc_runtime_Text_nameStatic__C)
                  0002f194    00000004     SlaveController_pem4f.oem4f (.const:xdc_runtime_Text_nameUnknown__C)
                  0002f198    00000004     SlaveController_pem4f.oem4f (.const:xdc_runtime_Text_nodeTab__C)
                  0002f19c    00000004     SlaveController_pem4f.oem4f (.const:xdc_runtime_Text_visitRopeFxn__C)
                  0002f1a0    00000002     SlaveController_pem4f.oem4f (.const:ti_sysbios_hal_Hwi_Module__id__C)
                  0002f1a2    00000002     SlaveController_pem4f.oem4f (.const:ti_sysbios_heaps_HeapMem_Module__id__C)
                  0002f1a4    00000002     SlaveController_pem4f.oem4f (.const:ti_sysbios_knl_Clock_Module__id__C)
                  0002f1a6    00000002     SlaveController_pem4f.oem4f (.const:ti_sysbios_knl_Semaphore_Module__id__C)
                  0002f1a8    00000002     SlaveController_pem4f.oem4f (.const:ti_sysbios_knl_Task_Module__id__C)
                  0002f1aa    00000002     SlaveController_pem4f.oem4f (.const:xdc_runtime_Core_Module__id__C)
                  0002f1ac    00000002     SlaveController_pem4f.oem4f (.const:xdc_runtime_Error_Module__loggerDefined__C)
                  0002f1ae    00000002     SlaveController_pem4f.oem4f (.const:xdc_runtime_Error_maxDepth__C)
                  0002f1b0    00000002     SlaveController_pem4f.oem4f (.const:xdc_runtime_Memory_Module__id__C)
                  0002f1b2    00000002     SlaveController_pem4f.oem4f (.const:xdc_runtime_SysMin_flushAtExit__C)
                  0002f1b4    00000002     SlaveController_pem4f.oem4f (.const:xdc_runtime_Text_charCnt__C)
                  0002f1b6    00000002     SlaveController_pem4f.oem4f (.const:xdc_runtime_Text_isLoaded__C)
                  0002f1b8    00000002     SlaveController_pem4f.oem4f (.const:xdc_runtime_Text_registryModsLastId__C)
                  0002f1ba    00000002     SlaveController_pem4f.oem4f (.const:xdc_runtime_Text_unnamedModsLastId__C)

.text      0    0002f1c0    0000ba4a     
                  0002f1c0    0000077c     animator.obj (.text:_Z15animator_updatev)
                  0002f93c    00000004     driverlib.lib : ssi.obj (.text:SSIIntClear)
                  0002f940    00000430     sysbios.aem4f : BIOS.obj (.text:ti_sysbios_family_arm_m3_Hwi_excDumpRegs__I)
                  0002fd70    0000034c     ti.targets.arm.rtsarm.aem4f : System.oem4f (.text:xdc_runtime_System_doPrint__I)
                  000300bc    00000334     start.obj (.text:_Z5startjj)
                  000303f0    00000324     ti.mw.fatfs.aem4f : ff.oem4f (.text:find_volume)
                  00030714    00000004     driverlib.lib : uart.obj (.text:UARTIntClear)
                  00030718    000002b8     sysbios.aem4f : BIOS.obj (.text:ti_sysbios_knl_Semaphore_pend__E)
                  000309d0    000002a0     rtsv7M4_T_le_v4SPD16_eabi.lib : mktime.c.obj (.text:__mktime32)
                  00030c70    00000278     animator.obj (.text:_Z28animator_readCharacterSDCardh)
                  00030ee8    0000026c     sysbios.aem4f : BIOS.obj (.text:ti_sysbios_heaps_HeapMem_free__E)
                  00031154    00000004     rtsv7M4_T_le_v4SPD16_eabi.lib : exit.c.obj (.text:abort:abort)
                  00031158    00000250     sysbios.aem4f : BIOS.obj (.text:ti_sysbios_heaps_HeapMem_alloc__E)
                  000313a8    00000234                   : BIOS.obj (.text:ti_sysbios_knl_Task_Instance_finalize__E)
                  000315dc    0000020c     drivers_tivaware.aem4f : UARTTiva.oem4f (.text:UARTTiva_open)
                  000317e8    000001f4                            : SDSPITiva.oem4f (.text:SDSPITiva_diskInitialize)
                  000319dc    00000004     ti.mw.fatfs.aem4f : ffosal.oem4f (.text:ff_rel_grant)
                  000319e0    000001f4     sysbios.aem4f : BIOS.obj (.text:ti_sysbios_family_arm_m3_Hwi_excHandlerMax__I)
                  00031bd4    00000004     ti.mw.fatfs.aem4f : diskio.oem4f (.text:get_fattime)
                  00031bd8    000001d8     sysbios.aem4f : BIOS.obj (.text:ti_sysbios_knl_Task_sleep__E)
                  00031db0    000001cc     animator.obj (.text:_Z16animator_animatehhsshhhhhb)
                  00031f7c    00000004     SlaveController_pem4f.oem4f (.text:ti_sysbios_BIOS_RtsGateProxy_enter__E)
                  00031f80    000001c0     sysbios.aem4f : BIOS.obj (.text:ti_sysbios_knl_Task_Instance_init__E)
                  00032140    000001a4     ti.mw.fatfs.aem4f : ff.oem4f (.text:f_write)
                  000322e4    00000178                       : ff.oem4f (.text:f_read)
                  0003245c    00000004     SlaveController_pem4f.oem4f (.text:ti_sysbios_BIOS_RtsGateProxy_leave__E)
                  00032460    00000174     sysbios.aem4f : BIOS.obj (.text:ti_sysbios_family_arm_m3_Hwi_excBusFault__I)
                  000325d4    00000170     ILI9341.obj (.text:_Z12ILI9341_initv)
                  00032744    00000164     ti.mw.fatfs.aem4f : ff.oem4f (.text:f_open)
                  000328a8    00000164     sysbios.aem4f : BIOS.obj (.text:ti_sysbios_family_arm_m3_Hwi_excUsageFault__I)
                  00032a0c    0000015a     ti.mw.fatfs.aem4f : ff.oem4f (.text:f_lseek)
                  00032b66    00000002     drivers_tivaware.aem4f : SPITivaDMA.oem4f (.text:SPITivaDMA_serviceISR)
                  00032b68    00000150                            : GPIOTiva.oem4f (.text:GPIO_setConfig)
                  00032cb8    00000148     sysbios.aem4f : BIOS.obj (.text:ti_sysbios_family_arm_m3_Hwi_excMemFault__I)
                  00032e00    0000013c     animator.obj (.text:_Z29animator_readPersistentSpritePKcth)
                  00032f3c    00000004     sysbios.aem4f : BIOS.obj (.text:ti_sysbios_family_arm_lm4_Timer_masterEnable__I)
                  00032f40    0000013c                   : BIOS.obj (.text:ti_sysbios_heaps_HeapMem_Instance_init__E)
                  0003307c    00000134     rtsv7M4_T_le_v4SPD16_eabi.lib : localtim.c.obj (.text:__localtime32)
                  000331b0    00000130     driverlib.lib : gpio.obj (.text:GPIOPadConfigSet)
                  000332e0    00000123     ti.mw.fatfs.aem4f : ff.oem4f (.text:create_name)
                  00033403    00000001     --HOLE-- [fill = 0]
                  00033404    00000004     SlaveController_pem4f.oem4f (.text:ti_sysbios_family_arm_m3_Hwi_destruct)
                  00033408    0000011c     sysbios.aem4f : BIOS.obj (.text:ti_sysbios_knl_Clock_Instance_init__E)
                  00033524    00000118     ti.targets.arm.rtsarm.aem4f : Error.oem4f (.text:xdc_runtime_Error_policyDefault__E)
                  0003363c    0000010c     rtsv7M4_T_le_v4SPD16_eabi.lib : fopen.c.obj (.text:_openfile)
                  00033748    00000108     drivers_tivaware.aem4f : SDSPITiva.oem4f (.text:SDSPITiva_open)
                  00033850    00000108     sysbios.aem4f : BIOS.obj (.text:ti_sysbios_family_arm_lm4_Timer_start__E)
                  00033958    00000104     Flash.obj (.text:Flash_writeMemory_specifiedAddress)
                  00033a5c    00000100     Boot.aem4f : Boot_sysctl.oem4f (.text:ti_catalog_arm_cortexm4_tiva_ce_Boot_sysCtlClockSetI__I)
                  00033b5c    00000100     ti.targets.arm.rtsarm.aem4f : Core-mem.oem4f (.text:xdc_runtime_Core_createObject__I)
                  00033c5c    000000fe     ti.mw.fatfs.aem4f : ff.oem4f (.text:f_rename)
                  00033d5a    000000fa                       : ff.oem4f (.text:dir_next)
                  00033e54    000000f8     rtsv7M4_T_le_v4SPD16_eabi.lib : fread.c.obj (.text:fread)
                  00033f4c    000000f8     ti.targets.arm.rtsarm.aem4f : Startup.oem4f (.text:xdc_runtime_Startup_startMods__I)
                  00034044    000000f8     SlaveController_pem4f.oem4f (.text:xdc_runtime_System_printfExtend__I)
                  0003413c    000000f4     drivers_tivaware.aem4f : SDSPITiva.oem4f (.text:SDSPITiva_diskIOctrl)
                  00034230    000000f4     sysbios.aem4f : m3_Hwi_asm.obj (.text:ti_sysbios_family_arm_m3_Hwi_dispatch__I)
                  00034324    000000ec     ti.mw.fatfs.aem4f : ff.oem4f (.text:put_fat)
                  00034410    000000ec     sysbios.aem4f : BIOS.obj (.text:ti_sysbios_knl_Semaphore_post__E)
                  000344fc    000000e8     drivers_tivaware.aem4f : SDSPITiva.oem4f (.text:SDSPITiva_diskWrite)
                  000345e4    000000dc     animator.obj (.text:_Z19animator_initializev)
                  000346c0    000000dc     rtsv7M4_T_le_v4SPD16_eabi.lib : setvbuf.c.obj (.text:setvbuf)
                  0003479c    000000d8     drivers_tivaware.aem4f : SPITivaDMA.oem4f (.text:SPITivaDMA_open)
                  00034874    00000004     SlaveController_pem4f.oem4f (.text:ti_sysbios_family_arm_m3_TaskSupport_Module__startupDone__S)
                  00034878    000000d8     sysbios.aem4f : BIOS.obj (.text:ti_sysbios_family_arm_lm4_TimestampProvider_get32__E)
                  00034950    000000d6     ti.mw.fatfs.aem4f : ff.oem4f (.text:get_fat)
                  00034a26    00000002     rtsv7M4_T_le_v4SPD16_eabi.lib : _lock.c.obj (.text:_nop)
                  00034a28    000000cc     ti.targets.arm.rtsarm.aem4f : Core-smem.oem4f (.text:xdc_runtime_Core_constructObject__I)
                  00034af4    000000c6     drivers_tivaware.aem4f : SDSPITiva.oem4f (.text:send_cmd)
                  00034bba    00000002     rtsv7M4_T_le_v4SPD16_eabi.lib : div0.asm.obj (.text)
                  00034bbc    000000c0     drivers_tivaware.aem4f : SDSPITiva.oem4f (.text:SDSPITiva_diskRead)
                  00034c7c    000000c0                            : SPITivaDMA.oem4f (.text:SPITivaDMA_configDMA)
                  00034d3c    000000bc     EK_TM4C123GXL.obj (.text:EK_TM4C123GXL_initSPI)
                  00034df8    000000bc     rtsv7M4_T_le_v4SPD16_eabi.lib : open.c.obj (.text:open)
                  00034eb4    00000004     SlaveController_pem4f.oem4f (.text:ti_sysbios_heaps_HeapMem_Module_GateProxy_enter__E)
                  00034eb8    000000bc     sysbios.aem4f : BIOS.obj (.text:ti_sysbios_family_arm_m3_Hwi_excDebugMon__I)
                  00034f74    00000004     SlaveController_pem4f.oem4f (.text:ti_sysbios_heaps_HeapMem_Module_GateProxy_leave__E)
                  00034f78    000000bc     sysbios.aem4f : BIOS.obj (.text:ti_sysbios_family_arm_m3_Hwi_excHardFault__I)
                  00035034    000000b8     rtsv7M4_T_le_v4SPD16_eabi.lib : add_device.c.obj (.text:add_device)
                  000350ec    000000b8     ti.mw.fatfs.aem4f : ffcio.oem4f (.text:ffcio_open)
                  000351a4    000000b4                       : ff.oem4f (.text:sync_fs)
                  00035258    000000b4     sysbios.aem4f : BIOS.obj (.text:ti_sysbios_gates_GateMutex_enter__E)
                  0003530c    00000004     SlaveController_pem4f.oem4f (.text:ti_sysbios_knl_Clock_TimerProxy_getMaxTicks__E)
                  00035310    000000b4     sysbios.aem4f : BIOS.obj (.text:ti_sysbios_knl_Task_checkStacks__E)
                  000353c4    000000ac     drivers_tivaware.aem4f : UARTTiva.oem4f (.text:readTaskBlocking)
                  00035470    000000ac     sysbios.aem4f : BIOS.obj (.text:ti_sysbios_family_arm_lm4_Timer_enableTiva__I)
                  0003551c    000000a8     ti.mw.fatfs.aem4f : ff.oem4f (.text:create_chain)
                  000355c4    000000a4     drivers_tivaware.aem4f : SPITivaDMA.oem4f (.text:SPITivaDMA_initHw)
                  00035668    000000a4     ti.mw.fatfs.aem4f : ff.oem4f (.text:f_unlink)
                  0003570c    00000004     SlaveController_pem4f.oem4f (.text:ti_sysbios_knl_Clock_TimerProxy_getPeriod__E)
                  00035710    000000a4     sysbios.aem4f : BIOS.obj (.text:ti_sysbios_knl_Clock_Instance_finalize__E)
                  000357b4    000000a0     auto_init.aem4f : auto_init.oem4f (.text)
                  00035854    000000a0     start.obj (.text:main)
                  000358f4    000000a0     drivers_tivaware.aem4f : SDSPITiva.oem4f (.text:rcvr_datablock)
                  00035994    000000a0     ti.targets.arm.rtsarm.aem4f : Text.oem4f (.text:xdc_runtime_Text_putMod__E)
                  00035a34    0000009c     rtsv7M4_T_le_v4SPD16_eabi.lib : _bufread.c.obj (.text:__TI_buff_read)
                  00035ad0    0000009c     ti.mw.fatfs.aem4f : ff.oem4f (.text:f_sync)
                  00035b6c    0000009c     rtsv7M4_T_le_v4SPD16_eabi.lib : fopen.c.obj (.text:fopen)
                  00035c08    0000009c                                   : memcpy_t2.asm.obj (.text)
                  00035ca4    00000004     SlaveController_pem4f.oem4f (.text:ti_sysbios_knl_Clock_destruct)
                  00035ca8    0000009c     sysbios.aem4f : BIOS.obj (.text:ti_sysbios_knl_Semaphore_Instance_init__E)
                  00035d44    0000009a     ILI9341.obj (.text:_Z16ILI9341_fillRectjjjjj)
                  00035dde    00000002     SlaveController_pem4f.oem4f (.text:ti_sysbios_BIOS_nullFunc__I)
                  00035de0    0000009a     ti.targets.arm.rtsarm.aem4f : Text.oem4f (.text:xdc_runtime_Text_putSite__E)
                  00035e7a    0000009a     drivers_tivaware.aem4f : SDSPITiva.oem4f (.text:xmit_datablock)
                  00035f14    00000098                            : UARTTiva.oem4f (.text:UARTTiva_readPolling)
                  00035fac    00000098     ILI9341.obj (.text:_Z11commandListPKh)
                  00036044    00000098     Boot.aem4f : Boot.oem4f (.text:ti_catalog_arm_cortexm4_tiva_ce_Boot_sysCtlClockSet__E)
                  000360dc    00000096     rtsv7M4_T_le_v4SPD16_eabi.lib : ull_div_t2.asm.obj (.text)
                  00036172    00000094     drivers_tivaware.aem4f : UARTTiva.oem4f (.text:UARTTiva_write)
                  00036206    00000002     SlaveController_pem4f.oem4f (.text:xdc_runtime_Startup_reset__I)
                  00036208    00000094     sysbios.aem4f : BIOS.obj (.text:ti_sysbios_family_arm_m3_Hwi_Instance_init__E)
                  0003629c    00000004     SlaveController_pem4f.oem4f (.text:ti_sysbios_knl_Queue_destruct)
                  000362a0    00000094     sysbios.aem4f : BIOS.obj (.text:ti_sysbios_family_arm_m3_Hwi_initNVIC__E)
                  00036334    00000004     SlaveController_pem4f.oem4f (.text:ti_sysbios_knl_Semaphore_destruct)
                  00036338    00000094     sysbios.aem4f : BIOS.obj (.text:ti_sysbios_knl_Task_postInit__I)
                  000363cc    00000090     Flash.obj (.text:Flash_init)
                  0003645c    0000008c     drivers_tivaware.aem4f : GPIOTiva.oem4f (.text:GPIO_init)
                  000364e8    0000008c                            : UARTTiva.oem4f (.text:UARTTiva_control)
                  00036574    0000008c     sysbios.aem4f : m3_TaskSupport_asm.obj (.text:ti_sysbios_family_arm_m3_TaskSupport_buildTaskStack)
                  00036600    0000008a     drivers_tivaware.aem4f : UARTTiva.oem4f (.text:readIsrTextBlocking)
                  0003668a    00000002     --HOLE-- [fill = 0]
                  0003668c    00000088     EK_TM4C123GXL.obj (.text:EK_TM4C123GXL_initDMA)
                  00036714    00000088     ILI9341.obj (.text:_Z18ILI9341_drawColorsjjPit)
                  0003679c    00000084     UART.obj (.text:UART_start)
                  00036820    00000084     sysbios.aem4f : BIOS.obj (.text:ti_sysbios_family_arm_m3_Hwi_postInit__I)
                  000368a4    00000084     driverlib.lib : udma.obj (.text:uDMAChannelTransferSet)
                  00036928    00000082     drivers_tivaware.aem4f : UARTTiva.oem4f (.text:readIsrTextCallback)
                  000369aa    0000007e     ti.mw.fatfs.aem4f : ff.oem4f (.text:dir_sdi)
                  00036a28    0000007c                       : ff.oem4f (.text:f_mount)
                  00036aa4    0000007a     drivers_tivaware.aem4f : UARTTiva.oem4f (.text:readTaskCallback)
                  00036b1e    0000007a     rtsv7M4_T_le_v4SPD16_eabi.lib : memset_t2.asm.obj (.text)
                  00036b98    00000076     ILI9341.obj (.text:_ZN33_INTERNAL_11_ILI9341_cpp_6ff9e12f17ILI9341_setCoordsEtttt)
                  00036c0e    00000002     --HOLE-- [fill = 0]
                  00036c10    00000074     rtsv7M4_T_le_v4SPD16_eabi.lib : fclose.c.obj (.text:__TI_closefile)
                  00036c84    00000074     ti.mw.fatfs.aem4f : ff.oem4f (.text:check_fs)
                  00036cf8    00000074     sysbios.aem4f : BIOS.obj (.text:ti_sysbios_knl_Clock_start__E)
                  00036d6c    00000004     ti.targets.arm.rtsarm.aem4f : Error.oem4f (.text:xdc_runtime_Error_getSite__E)
                  00036d70    00000070     sysbios.aem4f : BIOS.obj (.text:ti_sysbios_knl_Clock_workFunc__E)
                  00036de0    00000070                   : BIOS.obj (.text:ti_sysbios_knl_Task_exit__E)
                  00036e50    0000006e     rtsv7M4_T_le_v4SPD16_eabi.lib : ll_div_t2.asm.obj (.text)
                  00036ebe    00000002     --HOLE-- [fill = 0]
                  00036ec0    0000006d     ti.targets.arm.rtsarm.aem4f : System.oem4f (.text:xdc_runtime_System_formatNum__I)
                  00036f2d    00000003     --HOLE-- [fill = 0]
                  00036f30    0000006c     Flash.obj (.text:Flash_readMemory)
                  00036f9c    00000004     SlaveController_pem4f.oem4f (.text:xdc_runtime_System_Module_GateProxy_enter__E)
                  00036fa0    0000006c     sysbios.aem4f : BIOS.obj (.text:ti_sysbios_knl_Swi_restoreHwi__E)
                  0003700c    0000006c     drivers_tivaware.aem4f : UARTTiva.oem4f (.text:writeData)
                  00037078    0000006c     ti.targets.arm.rtsarm.aem4f : Error.oem4f (.text:xdc_runtime_Error_print__E)
                  000370e4    0000006c                                 : Memory.oem4f (.text:xdc_runtime_Memory_alloc__E)
                  00037150    00000068     rtsv7M4_T_le_v4SPD16_eabi.lib : hostlseek.c.obj (.text:HOSTlseek)
                  000371b8    00000068                                   : hostrename.c.obj (.text:HOSTrename)
                  00037220    00000068     SD.obj (.text:SD_startSDCard)
                  00037288    00000068     rtsv7M4_T_le_v4SPD16_eabi.lib : copy_decompress_lzss.c.obj (.text:decompress:lzss:__TI_decompress_lzss)
                  000372f0    00000066     ti.targets.arm.rtsarm.aem4f : Core-mem.oem4f (.text:xdc_runtime_Core_deleteObject__I)
                  00037356    00000002     --HOLE-- [fill = 0]
                  00037358    00000064     Flash.obj (.text:Flash_pendWriteOpCompletion)
                  000373bc    00000064     drivers_tivaware.aem4f : GPIOTiva.oem4f (.text:GPIO_hwiIntFxn)
                  00037420    00000064     ti.mw.fatfs.aem4f : ff.oem4f (.text:follow_path)
                  00037484    00000004     SlaveController_pem4f.oem4f (.text:xdc_runtime_System_Module_GateProxy_leave__E)
                  00037488    00000064     sysbios.aem4f : BIOS.obj (.text:ti_sysbios_family_arm_lm4_Timer_Module_startup__E)
                  000374ec    00000064     SlaveController_pem4f.oem4f (.text:ti_sysbios_family_arm_m3_Hwi_create)
                  00037550    00000064     sysbios.aem4f : BIOS.obj (.text:ti_sysbios_family_arm_m3_Hwi_dispatchC__I)
                  000375b4    00000062     drivers_tivaware.aem4f : SPITivaDMA.oem4f (.text:SPITivaDMA_transfer)
                  00037616    00000002     --HOLE-- [fill = 0]
                  00037618    00000060     rtsv7M4_T_le_v4SPD16_eabi.lib : hostopen.c.obj (.text:HOSTopen)
                  00037678    00000060     sysbios.aem4f : BIOS.obj (.text:ti_sysbios_knl_Task_schedule__I)
                  000376d8    0000005e     drivers_tivaware.aem4f : UARTTiva.oem4f (.text:readIsrBinaryBlocking)
                  00037736    0000005e     ti.mw.fatfs.aem4f : ff.oem4f (.text:remove_chain)
                  00037794    0000005c     EK_TM4C123GXL.obj (.text:EK_TM4C123GXL_initSDSPI)
                  000377f0    0000005c     SD.obj (.text:SD_openFile)
                  0003784c    0000005c     rtsv7M4_T_le_v4SPD16_eabi.lib : close.c.obj (.text:close)
                  000378a8    0000005c     sysbios.aem4f : BIOS.obj (.text:ti_sysbios_knl_Swi_run__I)
                  00037904    00000004     ti.targets.arm.rtsarm.aem4f : System.oem4f (.text:xdc_runtime_System_aprintf_va__F)
                  00037908    0000005c     sysbios.aem4f : BIOS.obj (.text:ti_sysbios_knl_Swi_schedule__I)
                  00037964    00000004     ti.targets.arm.rtsarm.aem4f : System.oem4f (.text:xdc_runtime_System_printf_va__F)
                  00037968    0000005c     sysbios.aem4f : BIOS.obj (.text:ti_sysbios_knl_Task_Module_startup__E)
                  000379c4    00000004     --HOLE-- [fill = 0]
                  000379c8    0000005c                   : BIOS.obj (.text:ti_sysbios_knl_Task_startCore__E)
                  00037a24    0000005c     drivers_tivaware.aem4f : SDSPITiva.oem4f (.text:wait_ready)
                  00037a80    0000005b     ti.targets.arm.rtsarm.aem4f : Text.oem4f (.text:xdc_runtime_Text_putLab__E)
                  00037adb    00000001     --HOLE-- [fill = 0]
                  00037adc    00000058     boot.aem4f : boot.oem4f (.text)
                  00037b34    00000058     rtsv7M4_T_le_v4SPD16_eabi.lib : hostread.c.obj (.text:HOSTread)
                  00037b8c    00000058                                   : hostwrite.c.obj (.text:HOSTwrite)
                  00037be4    00000058     tirtosport.aem4f : SemaphoreP_tirtos.oem4f (.text:SemaphoreP_create)
                  00037c3c    00000058     SlaveController_pem4f.oem4f (.text:ti_sysbios_family_arm_m3_Hwi_construct)
                  00037c94    00000058     sysbios.aem4f : m3_Hwi_asm_switch.obj (.text:ti_sysbios_family_arm_m3_Hwi_initStacks__E)
                  00037cec    00000056     driverlib.lib : gpio.obj (.text:GPIOIntTypeSet)
                  00037d42    00000056     ti.mw.fatfs.aem4f : ff.oem4f (.text:dir_read)
                  00037d98    00000054     drivers_tivaware.aem4f : UARTTiva.oem4f (.text:readIsrBinaryCallback)
                  00037dec    00000054     ti.mw.fatfs.aem4f : ff.oem4f (.text:sync_window)
                  00037e40    00000054     sysbios.aem4f : BIOS.obj (.text:ti_sysbios_family_arm_lm4_Timer_initDevice__I)
                  00037e94    00000054     SlaveController_pem4f.oem4f (.text:ti_sysbios_knl_Task_construct)
                  00037ee8    00000054     ti.targets.arm.rtsarm.aem4f : Assert.oem4f (.text:xdc_runtime_Assert_raise__I)
                  00037f3c    00000050     drivers_tivaware.aem4f : GPIOTiva.oem4f (.text:GPIO_setCallback)
                  00037f8c    00000050     driverlib.lib : sysctl.obj (.text:SysCtlPeripheralReset)
                  00037fdc    00000050     drivers_tivaware.aem4f : UARTTiva.oem4f (.text:UARTTiva_writeCancel)
                  0003802c    00000050     ILI9341.obj (.text:_ZN33_INTERNAL_11_ILI9341_cpp_6ff9e12f16ILI9341_setColorEj)
                  0003807c    00000004     --HOLE-- [fill = 0]
                  00038080    00000050     sysbios.aem4f : BIOS.obj (.text:ti_sysbios_family_arm_m3_Hwi_Module_startup__E)
                  000380d0    00000050     ti.targets.arm.rtsarm.aem4f : Startup.oem4f (.text:xdc_runtime_Startup_exec__E)
                  00038120    00000050                                 : Text.oem4f (.text:xdc_runtime_Text_visitRope2__I)
                  00038170    0000004c     drivers_tivaware.aem4f : UARTTiva.oem4f (.text:UARTTiva_close)
                  000381bc    0000004c     rtsv7M4_T_le_v4SPD16_eabi.lib : fflush.c.obj (.text:__TI_doflush)
                  00038208    0000004c                                   : cpy_tbl.c.obj (.text:copy_in)
                  00038254    0000004c     SlaveController_pem4f.oem4f (.text:ti_mw_fatfs_startup)
                  000382a0    0000004c     sysbios.aem4f : BIOS.obj (.text:ti_sysbios_heaps_HeapMem_getStats__E)
                  000382ec    00000004     --HOLE-- [fill = 0]
                  000382f0    0000004c                   : BIOS.obj (.text:ti_sysbios_knl_Swi_runLoop__I)
                  0003833c    00000004     --HOLE-- [fill = 0]
                  00038340    0000004c                   : BIOS.obj (.text:ti_sysbios_knl_Task_allBlockedFunction__I)
                  0003838c    0000004a     rtsv7M4_T_le_v4SPD16_eabi.lib : _io_perm.c.obj (.text:__TI_rd_ok)
                  000383d6    00000002     --HOLE-- [fill = 0]
                  000383d8    00000048     driverlib.lib : gpio.obj (.text:GPIOPinConfigure)
                  00038420    00000048     ti.mw.fatfs.aem4f : ff.oem4f (.text:dir_find)
                  00038468    00000048     rtsv7M4_T_le_v4SPD16_eabi.lib : exit.c.obj (.text:exit)
                  000384b0    00000048     sysbios.aem4f : BIOS.obj (.text:ti_sysbios_family_arm_lm4_Timer_enableTimers__I)
                  000384f8    00000048                   : BIOS.obj (.text:ti_sysbios_family_arm_m3_Hwi_disableInterrupt__E)
                  00038540    00000048                   : BIOS.obj (.text:ti_sysbios_family_arm_m3_Hwi_enableInterrupt__E)
                  00038588    00000048                   : BIOS.obj (.text:ti_sysbios_family_arm_m3_Hwi_excReserved__I)
                  000385d0    00000046     drivers_tivaware.aem4f : RingBuf.oem4f (.text:RingBuf_put)
                  00038616    00000046     ti.targets.arm.rtsarm.aem4f : Core-params.oem4f (.text:xdc_runtime_Core_assignParams__I)
                  0003865c    00000044     rtsv7M4_T_le_v4SPD16_eabi.lib : hostclose.c.obj (.text:HOSTclose)
                  000386a0    00000044                                   : hostunlink.c.obj (.text:HOSTunlink)
                  000386e4    00000044     SD.obj (.text:SD_read)
                  00038728    00000044     SD.obj (.text:SD_readNextChar)
                  0003876c    00000044     drivers_tivaware.aem4f : SPITivaDMA.oem4f (.text:SPITivaDMA_hwiFxn)
                  000387b0    00000044     ti.mw.fatfs.aem4f : ff.oem4f (.text:dir_alloc)
                  000387f4    00000044     rtsv7M4_T_le_v4SPD16_eabi.lib : getdevice.c.obj (.text:getdevice)
                  00038838    00000044     drivers_tivaware.aem4f : SDSPITiva.oem4f (.text:send_initial_clock_train)
                  0003887c    00000004     --HOLE-- [fill = 0]
                  00038880    00000044     sysbios.aem4f : BIOS.obj (.text:ti_sysbios_family_arm_lm4_Timer_isrStub__E)
                  000388c4    00000004     --HOLE-- [fill = 0]
                  000388c8    00000044                   : BIOS.obj (.text:ti_sysbios_family_arm_m3_Hwi_getStackInfo__E)
                  0003890c    00000004     --HOLE-- [fill = 0]
                  00038910    00000044                   : BIOS.obj (.text:ti_sysbios_knl_Swi_post__E)
                  00038954    00000044     ti.targets.arm.rtsarm.aem4f : Error.oem4f (.text:xdc_runtime_Error_setX__E)
                  00038998    00000044                                 : SysMin.oem4f (.text:xdc_runtime_SysMin_flush__E)
                  000389dc    00000044                                 : Text.oem4f (.text:xdc_runtime_Text_xprintf__I)
                  00038a20    00000042     drivers_tivaware.aem4f : SPITivaDMA.oem4f (.text:SPITivaDMA_transferCancel)
                  00038a62    00000042     driverlib.lib : uart.obj (.text:UARTConfigSetExpClk)
                  00038aa4    00000042     drivers_tivaware.aem4f : UARTTiva.oem4f (.text:UARTTiva_hwiIntFxn)
                  00038ae6    00000042                            : UARTTiva.oem4f (.text:UARTTiva_writePolling)
                  00038b28    00000040     EK_TM4C123GXL.obj (.text:EK_TM4C123GXL_initGeneral)
                  00038b68    00000040     Flash.obj (.text:Flash_transferSPICS)
                  00038ba8    00000040     Flash.obj (.text:Flash_writeCommandCS)
                  00038be8    00000040     drivers_tivaware.aem4f : RingBuf.oem4f (.text:RingBuf_get)
                  00038c28    00000040                            : SDSPITiva.oem4f (.text:SDSPITiva_close)
                  00038c68    00000040                            : UARTTiva.oem4f (.text:UARTTiva_read)
                  00038ca8    00000040     ILI9341.obj (.text:_ZN33_INTERNAL_11_ILI9341_cpp_6ff9e12f12writeCommandEh)
                  00038ce8    00000040     ti.mw.fatfs.aem4f : ff.oem4f (.text:get_ldnumber)
                  00038d28    00000040     rtsv7M4_T_le_v4SPD16_eabi.lib : u_divt2.asm.obj (.text)
                  00038d68    00000040     sysbios.aem4f : BIOS.obj (.text:ti_sysbios_family_arm_lm4_Timer_startup__E)
                  00038da8    0000003c     drivers_tivaware.aem4f : SPITivaDMA.oem4f (.text:SPITivaDMA_close)
                  00038de4    0000003c     driverlib.lib : ssi.obj (.text:SSIConfigSetExpClk)
                  00038e20    0000003c     animator.obj (.text:_Z9readUntilcPh)
                  00038e5c    0000003c     EK_TM4C123GXL.obj (.text:dmaErrorHwi)
                  00038e98    0000003c     sysbios.aem4f : BIOS.obj (.text:ti_sysbios_family_arm_m3_Hwi_excSvCall__I)
                  00038ed4    00000004     --HOLE-- [fill = 0]
                  00038ed8    0000003c                   : BIOS.obj (.text:ti_sysbios_heaps_HeapMem_init__I)
                  00038f14    00000004     --HOLE-- [fill = 0]
                  00038f18    0000003c                   : BIOS.obj (.text:ti_sysbios_knl_Swi_restore__E)
                  00038f54    00000038     drivers_tivaware.aem4f : SDSPI.oem4f (.text:SDSPI_init)
                  00038f8c    00000038                            : SPI.oem4f (.text:SPI_init)
                  00038fc4    00000038                            : UART.oem4f (.text:UART_init)
                  00038ffc    00000038     rtsv7M4_T_le_v4SPD16_eabi.lib : trgmsg.c.obj (.text:__TI_writemsg)
                  00039034    00000038     ti.mw.fatfs.aem4f : ff.oem4f (.text:dir_register)
                  0003906c    00000004     --HOLE-- [fill = 0]
                  00039070    00000038     sysbios.aem4f : BIOS.obj (.text:ti_sysbios_family_arm_m3_Hwi_excNoIsr__I)
                  000390a8    00000038                   : BIOS.obj (.text:ti_sysbios_knl_Task_processVitalTaskFlag__I)
                  000390e0    00000038     ti.targets.arm.rtsarm.aem4f : SysMin.oem4f (.text:xdc_runtime_SysMin_putch__E)
                  00039118    00000038                                 : System.oem4f (.text:xdc_runtime_System_atexit__E)
                  00039150    00000036     drivers_tivaware.aem4f : UARTTiva.oem4f (.text:UARTTiva_readCancel)
                  00039186    00000036     ti.mw.fatfs.aem4f : ff.oem4f (.text:move_window)
                  000391bc    00000036     rtsv7M4_T_le_v4SPD16_eabi.lib : strncpy.c.obj (.text:strncpy)
                  000391f2    00000036     SlaveController_pem4f.oem4f (.text:ti_mw_fatfs_getFatTime)
                  00039228    00000034     EK_TM4C123GXL.obj (.text:EK_TM4C123GXL_initUART)
                  0003925c    00000034     driverlib.lib : sysctl.obj (.text:SysCtlPeripheralEnable)
                  00039290    00000034     rtsv7M4_T_le_v4SPD16_eabi.lib : fopen.c.obj (.text:__TI_cleanup)
                  000392c4    00000034                                   : trgmsg.c.obj (.text:__TI_readmsg)
                  000392f8    00000034     ti.mw.fatfs.aem4f : ff.oem4f (.text:dir_remove)
                  0003932c    00000034                       : ffcio.oem4f (.text:ffcio_lseek)
                  00039360    00000034     sysbios.aem4f : BIOS.obj (.text:ti_sysbios_family_arm_m3_Hwi_Instance_finalize__E)
                  00039394    00000004     --HOLE-- [fill = 0]
                  00039398    00000034                   : BIOS.obj (.text:ti_sysbios_family_arm_m3_Hwi_excNmi__I)
                  000393cc    00000004     --HOLE-- [fill = 0]
                  000393d0    00000034                   : BIOS.obj (.text:ti_sysbios_hal_Hwi_checkStack)
                  00039404    00000034     SlaveController_pem4f.oem4f (.text:ti_sysbios_knl_Clock_construct)
                  00039438    00000034     ti.mw.fatfs.aem4f : ff.oem4f (.text:validate)
                  0003946c    00000034     ti.targets.arm.rtsarm.aem4f : Core-label.oem4f (.text:xdc_runtime_Core_assignLabel__I)
                  000394a0    00000033                                 : Text.oem4f (.text:xdc_runtime_Text_printVisFxn__I)
                  000394d3    00000005     --HOLE-- [fill = 0]
                  000394d8    00000032     sysbios.aem4f : BIOS.obj (.text:ti_sysbios_hal_Hwi_initStack)
                  0003950a    00000002     --HOLE-- [fill = 0]
                  0003950c    00000030     EK_TM4C123GXL.obj (.text:EK_TM4C123GXL_initGPIO)
                  0003953c    00000030     drivers_tivaware.aem4f : SDSPI.oem4f (.text:SDSPI_open)
                  0003956c    00000030                            : SPI.oem4f (.text:SPI_open)
                  0003959c    00000030                            : UART.oem4f (.text:UART_open)
                  000395cc    00000030     ILI9341.obj (.text:_ZN33_INTERNAL_11_ILI9341_cpp_6ff9e12f9writeDataEh)
                  000395fc    00000030     rtsv7M4_T_le_v4SPD16_eabi.lib : getdevice.c.obj (.text:finddevice)
                  0003962c    00000030     SlaveController_pem4f.oem4f (.text:ti_sysbios_BIOS_atExitFunc__I)
                  0003965c    00000004     --HOLE-- [fill = 0]
                  00039660    00000030     sysbios.aem4f : BIOS.obj (.text:ti_sysbios_family_arm_lm4_Timer_stop__E)
                  00039690    00000030                   : BIOS.obj (.text:ti_sysbios_family_arm_m3_TaskSupport_start__E)
                  000396c0    00000030     SlaveController_pem4f.oem4f (.text:ti_sysbios_gates_GateHwi_Object__create__S)
                  000396f0    00000030     SlaveController_pem4f.oem4f (.text:ti_sysbios_gates_GateMutex_Object__create__S)
                  00039720    00000030     SlaveController_pem4f.oem4f (.text:ti_sysbios_heaps_HeapMem_Object__create__S)
                  00039750    00000030     SlaveController_pem4f.oem4f (.text:ti_sysbios_knl_Semaphore_construct)
                  00039780    00000030     sysbios.aem4f : BIOS.obj (.text:ti_sysbios_knl_Semaphore_pendTimeout__I)
                  000397b0    00000030                   : BIOS.obj (.text:ti_sysbios_knl_Task_unblockI__E)
                  000397e0    00000030     ti.targets.arm.rtsarm.aem4f : SysMin.oem4f (.text:xdc_runtime_SysMin_abort__E)
                  00039810    00000030                                 : System.oem4f (.text:xdc_runtime_System_processAtExit__E)
                  00039840    0000002e     SlaveController_pem4f.oem4f (.text:malloc)
                  0003986e    00000002     --HOLE-- [fill = 0]
                  00039870    0000002c     Flash.obj (.text:Flash_writeMemory)
                  0003989c    0000002c     ti.mw.fatfs.aem4f : diskio.oem4f (.text:disk_register)
                  000398c8    0000002c     rtsv7M4_T_le_v4SPD16_eabi.lib : fclose.c.obj (.text:fclose)
                  000398f4    0000002c     SlaveController_pem4f.oem4f (.text:ti_sysbios_knl_Clock_doTick__I)
                  00039920    0000002c     SlaveController_pem4f.oem4f (.text:ti_sysbios_knl_Queue_construct)
                  0003994c    00000004     --HOLE-- [fill = 0]
                  00039950    0000002c     sysbios.aem4f : BIOS.obj (.text:ti_sysbios_knl_Task_restore__E)
                  0003997c    0000002c     driverlib.lib : udma.obj (.text:uDMAChannelAssign)
                  000399a8    0000002c     rtsv7M4_T_le_v4SPD16_eabi.lib : unlink.c.obj (.text:unlink)
                  000399d4    0000002c     ti.targets.arm.rtsarm.aem4f : Text.oem4f (.text:xdc_runtime_Text_cordText__E)
                  00039a00    0000002a     driverlib.lib : gpio.obj (.text:GPIODirModeSet)
                  00039a2a    0000002a     ti.targets.arm.rtsarm.aem4f : System.oem4f (.text:xdc_runtime_System_putchar__I)
                  00039a54    00000028     ti.mw.fatfs.aem4f : diskio.oem4f (.text:disk_unregister)
                  00039a7c    00000028     rtsv7M4_T_le_v4SPD16_eabi.lib : read.c.obj (.text:read)
                  00039aa4    00000028     SlaveController_pem4f.oem4f (.text:ti_sysbios_BIOS_startFunc__I)
                  00039acc    00000004     --HOLE-- [fill = 0]
                  00039ad0    00000028     sysbios.aem4f : BIOS.obj (.text:ti_sysbios_knl_Swi_Module_startup__E)
                  00039af8    00000028     rtsv7M4_T_le_v4SPD16_eabi.lib : write.c.obj (.text:write)
                  00039b20    00000026     sysbios.aem4f : m3_Hwi_asm.obj (.text:ti_sysbios_family_arm_m3_Hwi_pendSV__I)
                  00039b46    00000026     ti.targets.arm.rtsarm.aem4f : System.oem4f (.text:xdc_runtime_System_avprintf__E)
                  00039b6c    00000024     ti.mw.fatfs.aem4f : diskio.oem4f (.text:disk_ioctl)
                  00039b90    00000024                       : diskio.oem4f (.text:disk_read)
                  00039bb4    00000024                       : ff.oem4f (.text:f_close)
                  00039bd8    00000024                       : ffcio.oem4f (.text:ffcio_close)
                  00039bfc    00000024     SlaveController_pem4f.oem4f (.text:ti_sysbios_BIOS_errorRaiseHook__I)
                  00039c20    00000024     SlaveController_pem4f.oem4f (.text:ti_sysbios_BIOS_registerRTSLock__I)
                  00039c44    00000024     SlaveController_pem4f.oem4f (.text:ti_sysbios_BIOS_removeRTSLock__I)
                  00039c68    00000024     SlaveController_pem4f.oem4f (.text:ti_sysbios_gates_GateMutex_Object__delete__S)
                  00039c8c    00000004     --HOLE-- [fill = 0]
                  00039c90    00000024     sysbios.aem4f : BIOS.obj (.text:ti_sysbios_knl_Clock_Module_startup__E)
                  00039cb4    00000004     --HOLE-- [fill = 0]
                  00039cb8    00000024                   : BIOS.obj (.text:ti_sysbios_knl_Task_restoreHwi__E)
                  00039cdc    00000024     driverlib.lib : udma.obj (.text:uDMAChannelControlSet)
                  00039d00    00000024     ti.targets.arm.rtsarm.aem4f : System.oem4f (.text:xdc_runtime_System_vprintf__E)
                  00039d24    00000004     --HOLE-- [fill = 0]
                  00039d28    00000022     sysbios.aem4f : BIOS.obj (.text:ti_sysbios_family_arm_lm4_Timer_write__I)
                  00039d4a    00000022     SlaveController_pem4f.oem4f (.text:xdc_runtime_SysMin_output__I)
                  00039d6c    00000020     Flash.obj (.text:Flash_allocateMemory)
                  00039d8c    00000020     ti.mw.fatfs.aem4f : diskio.oem4f (.text:disk_write)
                  00039dac    00000020                       : ffcio.oem4f (.text:ffcio_read)
                  00039dcc    00000020                       : ffcio.oem4f (.text:ffcio_write)
                  00039dec    00000020     SlaveController_pem4f.oem4f (.text:ti_sysbios_BIOS_rtsLock__I)
                  00039e0c    00000004     --HOLE-- [fill = 0]
                  00039e10    00000020     sysbios.aem4f : BIOS.obj (.text:ti_sysbios_family_arm_m3_Hwi_clearInterrupt__E)
                  00039e30    00000020                   : m3_Hwi_asm.obj (.text:ti_sysbios_family_arm_m3_Hwi_excHandlerAsm__I)
                  00039e50    00000020                   : BIOS.obj (.text:ti_sysbios_family_arm_m3_Hwi_excHandler__I)
                  00039e70    00000020     SlaveController_pem4f.oem4f (.text:ti_sysbios_gates_GateHwi_Object__delete__S)
                  00039e90    00000020     SlaveController_pem4f.oem4f (.text:ti_sysbios_heaps_HeapMem_Object__delete__S)
                  00039eb0    00000020     SlaveController_pem4f.oem4f (.text:ti_sysbios_knl_Clock_Object__destruct__S)
                  00039ed0    00000020     sysbios.aem4f : BIOS.obj (.text:ti_sysbios_knl_Idle_run__E)
                  00039ef0    00000020     SlaveController_pem4f.oem4f (.text:ti_sysbios_knl_Semaphore_Object__destruct__S)
                  00039f10    00000020     ti.targets.arm.rtsarm.aem4f : Registry.oem4f (.text:xdc_runtime_Registry_findById__E)
                  00039f30    00000020                                 : SysMin.oem4f (.text:xdc_runtime_SysMin_Module_startup__E)
                  00039f50    0000001e     ti.mw.fatfs.aem4f : ff.oem4f (.text:ld_clust)
                  00039f6e    0000001e     rtsv7M4_T_le_v4SPD16_eabi.lib : strcat.c.obj (.text:strcat)
                  00039f8c    0000001e     sysbios.aem4f : m3_Hwi_asm_switch.obj (.text:ti_sysbios_family_xxx_Hwi_switchAndRunFunc)
                  00039faa    00000002     --HOLE-- [fill = 0]
                  00039fac    0000001c     driverlib.lib : uart.obj (.text:UARTDisable)
                  00039fc8    0000001c     UART.obj (.text:UART_transmit)
                  00039fe4    0000001c     ti.mw.fatfs.aem4f : diskio.oem4f (.text:disk_initialize)
                  0003a000    0000001c                       : diskio.oem4f (.text:disk_status)
                  0003a01c    0000001c     drivers_tivaware.aem4f : GPIOTiva.oem4f (.text:getGpioIntIndex)
                  0003a038    0000001c     ti.mw.fatfs.aem4f : ff.oem4f (.text:mem_cmp)
                  0003a054    00000004     --HOLE-- [fill = 0]
                  0003a058    0000001c     sysbios.aem4f : BIOS.obj (.text:ti_sysbios_family_arm_lm4_Seconds_get__E)
                  0003a074    0000001c     SlaveController_pem4f.oem4f (.text:ti_sysbios_family_arm_m3_Hwi_Object__destruct__S)
                  0003a090    0000001c     sysbios.aem4f : BIOS.obj (.text:ti_sysbios_gates_GateMutex_Instance_init__E)
                  0003a0ac    0000001c     SlaveController_pem4f.oem4f (.text:ti_sysbios_knl_Queue_Object__destruct__S)
                  0003a0c8    0000001c     sysbios.aem4f : BIOS.obj (.text:ti_sysbios_knl_Queue_put__E)
                  0003a0e4    00000004     --HOLE-- [fill = 0]
                  0003a0e8    0000001c                   : BIOS.obj (.text:ti_sysbios_knl_Task_enter__I)
                  0003a104    0000001c     ti.targets.arm.rtsarm.aem4f : Error.oem4f (.text:xdc_runtime_Error_raiseX__E)
                  0003a120    0000001c                                 : Memory.oem4f (.text:xdc_runtime_Memory_valloc__E)
                  0003a13c    0000001c                                 : SysMin.oem4f (.text:xdc_runtime_SysMin_exit__E)
                  0003a158    0000001c                                 : System.oem4f (.text:xdc_runtime_System_abort__E)
                  0003a174    0000001a     SlaveController_pem4f.oem4f (.text:free)
                  0003a18e    0000001a     SlaveController_pem4f.oem4f (.text:ti_sysbios_family_arm_m3_Hwi_Handle__label__S)
                  0003a1a8    0000001a     SlaveController_pem4f.oem4f (.text:ti_sysbios_gates_GateHwi_Handle__label__S)
                  0003a1c2    0000001a     SlaveController_pem4f.oem4f (.text:ti_sysbios_gates_GateMutex_Handle__label__S)
                  0003a1dc    0000001a     SlaveController_pem4f.oem4f (.text:ti_sysbios_heaps_HeapMem_Handle__label__S)
                  0003a1f6    0000001a     SlaveController_pem4f.oem4f (.text:ti_sysbios_knl_Swi_Handle__label__S)
                  0003a210    0000001a     SlaveController_pem4f.oem4f (.text:ti_sysbios_knl_Task_Handle__label__S)
                  0003a22a    0000001a     ti.mw.fatfs.aem4f : ff.oem4f (.text:unlock_fs)
                  0003a244    0000001a     SlaveController_pem4f.oem4f (.text:xdc_runtime_System_aprintf__E)
                  0003a25e    0000001a     SlaveController_pem4f.oem4f (.text:xdc_runtime_System_printf__E)
                  0003a278    00000018     driverlib.lib : gpio.obj (.text:GPIOPinTypeGPIOOutput)
                  0003a290    00000018     drivers_tivaware.aem4f : UART.oem4f (.text:UART_Params_init)
                  0003a2a8    00000018     UART.obj (.text:UART_receive)
                  0003a2c0    00000018     animator.obj (.text:_Z11readHalfIntPh)
                  0003a2d8    00000018     ILI9341.obj (.text:_Z18ILI9341_fillScreenj)
                  0003a2f0    00000018     ILI9341.obj (.text:_ZN33_INTERNAL_11_ILI9341_cpp_6ff9e12f8deselectEv)
                  0003a308    00000018     rtsv7M4_T_le_v4SPD16_eabi.lib : args_main.c.obj (.text:_args_main)
                  0003a320    00000018     ti.mw.fatfs.aem4f : ff.oem4f (.text:clust2sect)
                  0003a338    00000018                       : ffosal.oem4f (.text:ff_cre_syncobj)
                  0003a350    00000018     rtsv7M4_T_le_v4SPD16_eabi.lib : strcmp.c.obj (.text:strcmp)
                  0003a368    00000018     SlaveController_pem4f.oem4f (.text:ti_sysbios_BIOS_rtsUnlock__I)
                  0003a380    00000018     SlaveController_pem4f.oem4f (.text:ti_sysbios_family_arm_lm4_Timer_Module__startupDone__F)
                  0003a398    00000018     SlaveController_pem4f.oem4f (.text:ti_sysbios_family_arm_m3_Hwi_Module__startupDone__F)
                  0003a3b0    00000018     sysbios.aem4f : m3_TaskSupport_asm.obj (.text:ti_sysbios_family_arm_m3_TaskSupport_swap__E)
                  0003a3c8    00000018                   : BIOS.obj (.text:ti_sysbios_gates_GateMutex_leave__E)
                  0003a3e0    00000018                   : BIOS.obj (.text:ti_sysbios_knl_Task_sleepTimeout__I)
                  0003a3f8    00000018     SlaveController_pem4f.oem4f (.text:time)
                  0003a410    00000018     driverlib.lib : udma.obj (.text:uDMAChannelDisable)
                  0003a428    00000018                   : udma.obj (.text:uDMAChannelEnable)
                  0003a440    00000018                   : udma.obj (.text:uDMAChannelIsEnabled)
                  0003a458    00000018     ti.targets.arm.rtsarm.aem4f : Error.oem4f (.text:xdc_runtime_Error_check__E)
                  0003a470    00000018                                 : System.oem4f (.text:xdc_runtime_System_exit__E)
                  0003a488    00000018                                 : Text.oem4f (.text:xdc_runtime_Text_ropeText__E)
                  0003a4a0    00000016     tirtosport.aem4f : SemaphoreP_tirtos.oem4f (.text:SemaphoreP_delete)
                  0003a4b6    00000016     start.obj (.text:_ZN30_INTERNAL_9_start_cpp_c81e5b2e31ti_sysbios_knl_Task_Params_initEP26ti_sysbios_knl_Task_Params)
                  0003a4cc    00000016     ti.mw.fatfs.aem4f : ff.oem4f (.text:mem_cpy)
                  0003a4e2    00000016     rtsv7M4_T_le_v4SPD16_eabi.lib : strchr.c.obj (.text:strchr)
                  0003a4f8    00000016     SlaveController_pem4f.oem4f (.text:ti_sysbios_BIOS_exitFunc__I)
                  0003a50e    00000016     EK_TM4C123GXL.obj (.text:ti_sysbios_family_arm_m3_Hwi_Params_init)
                  0003a524    00000014     drivers_tivaware.aem4f : SPI.oem4f (.text:SPI_Params_init)
                  0003a538    00000014     driverlib.lib : uart.obj (.text:UARTEnable)
                  0003a54c    00000014     animator.obj (.text:_Z28animator_setBackgroundColorsPKj)
                  0003a560    00000014     ti.mw.fatfs.aem4f : ffosal.oem4f (.text:ff_req_grant)
                  0003a574    00000014                       : ff.oem4f (.text:mem_set)
                  0003a588    00000014     rtsv7M4_T_le_v4SPD16_eabi.lib : strcpy.c.obj (.text:strcpy)
                  0003a59c    00000014                                   : strlen.c.obj (.text:strlen)
                  0003a5b0    00000014     SlaveController_pem4f.oem4f (.text:ti_sysbios_family_arm_m3_Hwi_Object__get__S)
                  0003a5c4    00000004     --HOLE-- [fill = 0]
                  0003a5c8    00000014     sysbios.aem4f : BIOS.obj (.text:ti_sysbios_family_arm_m3_Hwi_switchFromBootStack__E)
                  0003a5dc    00000014     SlaveController_pem4f.oem4f (.text:ti_sysbios_heaps_HeapMem_Object__get__S)
                  0003a5f0    00000014     SlaveController_pem4f.oem4f (.text:ti_sysbios_knl_Swi_Object__get__S)
                  0003a604    00000012     Flash.obj (.text:Flash_writeCommand)
                  0003a616    00000012     driverlib.lib : gpio.obj (.text:GPIOPinTypeGPIOInput)
                  0003a628    00000012                   : gpio.obj (.text:GPIOPinTypeSSI)
                  0003a63a    00000012                   : gpio.obj (.text:GPIOPinTypeUART)
                  0003a64c    00000012     drivers_tivaware.aem4f : RingBuf.oem4f (.text:RingBuf_construct)
                  0003a65e    00000012                            : SDSPITiva.oem4f (.text:SDSPITiva_init)
                  0003a670    00000012     driverlib.lib : ssi.obj (.text:SSIDataGetNonBlocking)
                  0003a682    00000012     tirtosport.aem4f : SemaphoreP_tirtos.oem4f (.text:SemaphoreP_pend)
                  0003a694    00000012     ti.mw.fatfs.aem4f : ff.oem4f (.text:chk_chr)
                  0003a6a6    00000012                       : ffcio.oem4f (.text:ffcio_rename)
                  0003a6b8    00000012                       : ffcio.oem4f (.text:ffcio_unlink)
                  0003a6ca    00000006     driverlib.lib : gpio.obj (.text:GPIOIntClear)
                  0003a6d0    00000012     sysbios.aem4f : BIOS.obj (.text:ti_sysbios_hal_Hwi_Module_startup__E)
                  0003a6e2    00000012     SlaveController_pem4f.oem4f (.text:xdc_runtime_Startup_exec__I)
                  0003a6f4    00000010     Flash.obj (.text:Flash_releaseSPI)
                  0003a704    00000010     drivers_tivaware.aem4f : SDSPITiva.oem4f (.text:SDSPITiva_diskStatus)
                  0003a714    00000010                            : SDSPI.oem4f (.text:SDSPI_Params_init)
                  0003a724    00000010     SD.obj (.text:SD_closeFile)
                  0003a734    00000010     SD.obj (.text:SD_releaseSDCard)
                  0003a744    00000010     UART.obj (.text:UART_sendByte)
                  0003a754    00000010     ILI9341.obj (.text:_Z19beginSPITransactionv)
                  0003a764    00000010     drivers_tivaware.aem4f : UARTTiva.oem4f (.text:readBlockingTimeout)
                  0003a774    00000010     ti.mw.fatfs.aem4f : ff.oem4f (.text:st_clust)
                  0003a784    00000004     --HOLE-- [fill = 0]
                  0003a788    00000010     sysbios.aem4f : BIOS.obj (.text:ti_sysbios_BIOS_getCpuFreq__E)
                  0003a798    00000010                   : BIOS.obj (.text:ti_sysbios_BIOS_setThreadType__E)
                  0003a7a8    00000010                   : BIOS.obj (.text:ti_sysbios_BIOS_start__E)
                  0003a7b8    00000010                   : BIOS.obj (.text:ti_sysbios_family_arm_lm4_TimestampProvider_rolloverFunc__E)
                  0003a7c8    00000010                   : m3_TaskSupport_asm.obj (.text:ti_sysbios_family_arm_m3_TaskSupport_glue)
                  0003a7d8    00000010                   : BIOS.obj (.text:ti_sysbios_gates_GateMutex_Instance_finalize__E)
                  0003a7e8    00000010                   : BIOS.obj (.text:ti_sysbios_knl_Semaphore_Instance_finalize__E)
                  0003a7f8    00000010                   : BIOS.obj (.text:ti_sysbios_knl_Swi_disable__E)
                  0003a808    00000010     SlaveController_pem4f.oem4f (.text:ti_sysbios_knl_Task_Object__get__S)
                  0003a818    00000010     sysbios.aem4f : BIOS.obj (.text:ti_sysbios_knl_Task_disable__E)
                  0003a828    00000010     driverlib.lib : udma.obj (.text:uDMAEnable)
                  0003a838    00000010     ti.targets.arm.rtsarm.aem4f : Gate.oem4f (.text:xdc_runtime_Gate_leaveSystem__E)
                  0003a848    00000010                                 : Memory.oem4f (.text:xdc_runtime_Memory_free__E)
                  0003a858    00000010                                 : SysMin.oem4f (.text:xdc_runtime_SysMin_ready__E)
                  0003a868    00000010                                 : System.oem4f (.text:xdc_runtime_System_vsnprintf__E)
                  0003a878    00000010     SlaveController_pem4f.oem4f (.text:xdc_runtime_Text_visitRope__I)
                  0003a888    0000000e     driverlib.lib : gpio.obj (.text:GPIOIntStatus)
                  0003a896    0000000e                   : uart.obj (.text:UARTCharGetNonBlocking)
                  0003a8a4    0000000e                   : uart.obj (.text:UARTCharPutNonBlocking)
                  0003a8b2    0000000e     rtsv7M4_T_le_v4SPD16_eabi.lib : copy_decompress_none.c.obj (.text:decompress:none:__TI_decompress_none)
                  0003a8c0    0000000e     sysbios.aem4f : BIOS.obj (.text:ti_sysbios_knl_Idle_loop__E)
                  0003a8ce    00000002     --HOLE-- [fill = 0]
                  0003a8d0    0000000e                   : BIOS.obj (.text:ti_sysbios_knl_Queue_empty__E)
                  0003a8de    00000002     --HOLE-- [fill = 0]
                  0003a8e0    0000000c     SlaveController_pem4f.oem4f (.text:.bootCodeSection:ti_catalog_arm_cortexm4_tiva_ce_Boot_init__I)
                  0003a8ec    0000000c     drivers_tivaware.aem4f : RingBuf.oem4f (.text:RingBuf_peek)
                  0003a8f8    0000000c     driverlib.lib : ssi.obj (.text:SSIDataGet)
                  0003a904    0000000c                   : uart.obj (.text:UARTFlowControlSet)
                  0003a910    0000000c     drivers_tivaware.aem4f : UARTTiva.oem4f (.text:UARTTiva_init)
                  0003a91c    0000000c     rtsv7M4_T_le_v4SPD16_eabi.lib : _lock.c.obj (.text:_register_lock)
                  0003a928    0000000c                                   : _lock.c.obj (.text:_register_unlock)
                  0003a934    0000000c                                   : copy_zero_init.c.obj (.text:decompress:ZI:__TI_zero_init)
                  0003a940    0000000c     Utils.obj (.text:sleep)
                  0003a94c    00000004     --HOLE-- [fill = 0]
                  0003a950    0000000c     sysbios.aem4f : BIOS.obj (.text:ti_sysbios_family_arm_lm4_Timer_getMaxTicks__E)
                  0003a95c    00000004     --HOLE-- [fill = 0]
                  0003a960    0000000c                   : BIOS.obj (.text:ti_sysbios_family_arm_lm4_TimestampProvider_startTimer__E)
                  0003a96c    0000000c     SlaveController_pem4f.oem4f (.text:ti_sysbios_family_arm_m3_Hwi_Params__init__S)
                  0003a978    0000000c     sysbios.aem4f : BIOS.obj (.text:ti_sysbios_family_arm_m3_Hwi_disableFxn__E)
                  0003a984    00000004     --HOLE-- [fill = 0]
                  0003a988    0000000c                   : BIOS.obj (.text:ti_sysbios_family_arm_m3_TaskSupport_checkStack__E)
                  0003a994    00000004     --HOLE-- [fill = 0]
                  0003a998    0000000c                   : BIOS.obj (.text:ti_sysbios_family_arm_m3_TaskSupport_getStackAlignment__E)
                  0003a9a4    00000004     --HOLE-- [fill = 0]
                  0003a9a8    0000000c                   : BIOS.obj (.text:ti_sysbios_gates_GateHwi_enter__E)
                  0003a9b4    0000000c     SlaveController_pem4f.oem4f (.text:ti_sysbios_knl_Clock_Params__init__S)
                  0003a9c0    0000000c     sysbios.aem4f : BIOS.obj (.text:ti_sysbios_knl_Clock_getTicks__E)
                  0003a9cc    0000000c     SlaveController_pem4f.oem4f (.text:ti_sysbios_knl_Queue_Object__get__S)
                  0003a9d8    0000000c     SlaveController_pem4f.oem4f (.text:ti_sysbios_knl_Semaphore_Params__init__S)
                  0003a9e4    0000000c     SlaveController_pem4f.oem4f (.text:ti_sysbios_knl_Task_Params__init__S)
                  0003a9f0    0000000c     driverlib.lib : udma.obj (.text:uDMAControlBaseSet)
                  0003a9fc    0000000c                   : udma.obj (.text:uDMAErrorStatusClear)
                  0003aa08    0000000c                   : udma.obj (.text:uDMAErrorStatusGet)
                  0003aa14    0000000c                   : udma.obj (.text:uDMAIntStatus)
                  0003aa20    0000000c     ti.targets.arm.rtsarm.aem4f : Error.oem4f (.text:xdc_runtime_Error_init__E)
                  0003aa2c    0000000c                                 : Gate.oem4f (.text:xdc_runtime_Gate_enterSystem__E)
                  0003aa38    0000000c                                 : Memory.oem4f (.text:xdc_runtime_Memory_calloc__E)
                  0003aa44    0000000c                                 : Memory.oem4f (.text:xdc_runtime_Memory_getMaxDefaultTypeAlign__E)
                  0003aa50    0000000a     Flash.obj (.text:Flash_transferSPI)
                  0003aa5a    0000000a     drivers_tivaware.aem4f : SDSPI.oem4f (.text:SDSPI_close)
                  0003aa64    0000000a                            : SPITivaDMA.oem4f (.text:SPITivaDMA_init)
                  0003aa6e    0000000a                            : SPI.oem4f (.text:SPI_close)
                  0003aa78    0000000a                            : SPI.oem4f (.text:SPI_transfer)
                  0003aa82    0000000a     driverlib.lib : ssi.obj (.text:SSIDMADisable)
[...]
0003a561  ff_req_grant                                                      
0003a589  strcpy                                                            
0003a59d  strlen                                                            
0003a5b1  ti_sysbios_family_arm_m3_Hwi_Object__get__S                       
0003a5c9  ti_sysbios_family_arm_m3_Hwi_switchFromBootStack__E               
0003a5c9  ti_sysbios_hal_Hwi_HwiProxy_switchFromBootStack__E                
0003a5c9  ti_sysbios_hal_Hwi_switchFromBootStack__E                         
0003a5dd  ti_sysbios_heaps_HeapMem_Object__get__S                           
0003a5f1  ti_sysbios_knl_Swi_Object__get__S                                 
0003a605  Flash_writeCommand                                                
0003a617  GPIOPinTypeGPIOInput                                              
0003a629  GPIOPinTypeSSI                                                    
0003a63b  GPIOPinTypeUART                                                   
0003a64d  RingBuf_construct                                                 
0003a65f  SDSPITiva_init                                                    
0003a671  SSIDataGetNonBlocking                                             
0003a683  SemaphoreP_pend                                                   
0003a6a7  ffcio_rename                                                      
0003a6b9  ffcio_unlink                                                      
0003a6cb  GPIOIntClear                                                      
0003a6d1  ti_sysbios_hal_Hwi_Module_startup__E                              
0003a6e3  xdc_runtime_Startup_exec__I                                       
0003a6f5  Flash_releaseSPI                                                  
0003a705  SDSPITiva_diskStatus                                              
0003a715  SDSPI_Params_init                                                 
0003a725  SD_closeFile                                                      
0003a735  SD_releaseSDCard                                                  
0003a745  UART_sendByte                                                     
0003a755  _Z19beginSPITransactionv                                          
0003a789  ti_sysbios_BIOS_getCpuFreq__E                                     
0003a789  ti_sysbios_family_arm_lm4_TimestampProvider_getFreq__E            
0003a789  xdc_runtime_Timestamp_SupportProxy_getFreq__E                     
0003a789  xdc_runtime_Timestamp_getFreq__E                                  
0003a799  ti_sysbios_BIOS_setThreadType__E                                  
0003a7a9  osi_start                                                         
0003a7a9  ti_sysbios_BIOS_start__E                                          
0003a7b9  ti_sysbios_family_arm_lm4_TimestampProvider_rolloverFunc__E       
0003a7c9  ti_sysbios_family_arm_m3_TaskSupport_glue                         
0003a7d9  ti_sysbios_gates_GateMutex_Instance_finalize__E                   
0003a7e9  ti_sysbios_knl_Semaphore_Instance_finalize__E                     
0003a7f9  ti_sysbios_knl_Swi_disable__E                                     
0003a809  ti_sysbios_knl_Task_Object__get__S                                
0003a819  osi_TaskDisable                                                   
0003a819  ti_sysbios_knl_Task_disable__E                                    
0003a829  uDMAEnable                                                        
0003a839  xdc_runtime_Gate_leaveSystem__E                                   
0003a849  xdc_runtime_Memory_free__E                                        
0003a859  xdc_runtime_SysMin_ready__E                                       
0003a859  xdc_runtime_System_SupportProxy_ready__E                          
0003a869  xdc_runtime_System_vsnprintf__E                                   
0003a879  xdc_runtime_Text_visitRope__I                                     
0003a889  GPIOIntStatus                                                     
0003a897  UARTCharGetNonBlocking                                            
0003a8a5  UARTCharPutNonBlocking                                            
0003a8b3  __TI_decompress_none                                              
0003a8c1  ti_sysbios_knl_Idle_loop__E                                       
0003a8d1  ti_sysbios_knl_Queue_empty__E                                     
0003a8e1  ti_catalog_arm_cortexm4_tiva_ce_Boot_init__I                      
0003a8ed  RingBuf_peek                                                      
0003a8f9  SSIDataGet                                                        
0003a905  UARTFlowControlSet                                                
0003a911  UARTTiva_init                                                     
0003a91d  _register_lock                                                    
0003a929  _register_unlock                                                  
0003a935  __TI_zero_init                                                    
0003a941  sleep                                                             
0003a951  ti_sysbios_family_arm_lm4_Timer_getMaxTicks__E                    
0003a961  ti_sysbios_family_arm_lm4_TimestampProvider_startTimer__E         
0003a96d  ti_sysbios_family_arm_m3_Hwi_Params__init__S                      
0003a96d  ti_sysbios_hal_Hwi_HwiProxy_Params__init__S                       
0003a979  ti_sysbios_family_arm_m3_Hwi_disableFxn__E                        
0003a979  ti_sysbios_hal_Hwi_HwiProxy_disable__E                            
0003a989  ti_sysbios_family_arm_m3_TaskSupport_checkStack__E                
0003a989  ti_sysbios_knl_Task_SupportProxy_checkStack__E                    
0003a999  ti_sysbios_family_arm_m3_TaskSupport_getStackAlignment__E         
0003a999  ti_sysbios_knl_Task_SupportProxy_getStackAlignment__E             
0003a9a9  ti_sysbios_gates_GateHwi_enter__E                                 
0003a9b5  ti_sysbios_knl_Clock_Params__init__S                              
0003a9c1  ti_sysbios_knl_Clock_getTicks__E                                  
0003a9cd  ti_sysbios_knl_Queue_Object__get__S                               
0003a9d9  ti_sysbios_knl_Semaphore_Params__init__S                          
0003a9e5  ti_sysbios_knl_Task_Params__init__S                               
0003a9f1  uDMAControlBaseSet                                                
0003a9fd  uDMAErrorStatusClear                                              
0003aa09  uDMAErrorStatusGet                                                
0003aa15  uDMAIntStatus                                                     
0003aa21  xdc_runtime_Error_init__E                                         
0003aa2d  xdc_runtime_Gate_enterSystem__E                                   
0003aa39  xdc_runtime_Memory_calloc__E                                      
0003aa45  xdc_runtime_Memory_getMaxDefaultTypeAlign__E                      
0003aa51  Flash_transferSPI                                                 
0003aa5b  SDSPI_close                                                       
0003aa65  SPITivaDMA_init                                                   
0003aa6f  SPI_close                                                         
0003aa79  SPI_transfer                                                      
0003aa83  SSIDMADisable                                                     
0003aa8d  SSIDataPut                                                        
0003aa97  SSIDisable                                                        
0003aaa1  SSIEnable                                                         
0003aaab  SSIIntDisable                                                     
0003aab5  SemaphoreP_post                                                   
0003aab5  SemaphoreP_postFromClock                                          
0003aab5  SemaphoreP_postFromISR                                            
0003aabf  UARTCharGet                                                       
0003aac9  UARTCharPut                                                       
0003aad3  UARTIntDisable                                                    
0003aadd  UARTIntStatus                                                     
0003aae7  UART_read                                                         
0003aaf1  UART_write                                                        
0003aafb  ff_del_syncobj                                                    
0003ab05  xdc_runtime_Memory_HeapProxy_alloc__E                             
0003ab0f  xdc_runtime_Memory_HeapProxy_free__E                              
0003ab19  SSIDMAEnable                                                      
0003ab21  SSIIntEnable                                                      
0003ab29  UARTIntEnable                                                     
0003ab31  UARTRxErrorGet                                                    
0003ab39  millis                                                            
0003ab49  ti_sysbios_family_arm_lm4_Timer_masterDisable__I                  
0003ab51  ti_sysbios_family_arm_m3_Hwi_doSwiRestore__I                      
0003ab59  ti_sysbios_family_arm_m3_Hwi_startup__E                           
0003ab59  ti_sysbios_hal_Hwi_HwiProxy_startup__E                            
0003ab59  ti_sysbios_hal_Hwi_startup__E                                     
0003ab69  GPIOPinWrite                                                      
0003ab6f  SDSPITiva_control                                                 
0003ab75  SPITivaDMA_control                                                
0003ab81  UARTFIFOLevelSet                                                  
0003ab87  UARTRxErrorClear                                                  
0003ab93  ti_catalog_arm_cortexm4_tiva_ce_Boot_sysCtlDelayI__I              
0003ab99  ti_sysbios_family_arm_lm4_TimestampProvider_Module_startup__E     
0003aba1  ti_sysbios_family_arm_m3_Hwi_doTaskRestore__I                     
0003aba9  ti_sysbios_family_arm_m3_Hwi_restoreFxn__E                        
0003aba9  ti_sysbios_hal_Hwi_HwiProxy_restore__E                            
0003abb1  ti_sysbios_gates_GateHwi_leave__E                                 
0003abb9  ti_sysbios_heaps_HeapMem_isBlocking__E                            
0003abc1  ti_sysbios_knl_Clock_stop__E                                      
0003abc9  ti_sysbios_knl_Queue_Instance_init__E                             
0003abd1  ti_sysbios_knl_Swi_startup__E                                     
0003abd7  xdc_runtime_System_Module_startup__E                              
0003abe1  ti_sysbios_family_arm_lm4_Timer_getPeriod__E                      
0003abe9  ti_sysbios_gates_GateHwi_query__E                                 
0003abe9  xdc_runtime_Main_Module_GateProxy_query__E                        
0003abe9  xdc_runtime_System_Module_GateProxy_query__E                      
0003abf1  ti_sysbios_BIOS_RtsGateProxy_query__E                             
0003abf1  ti_sysbios_gates_GateMutex_query__E                               
0003abf1  ti_sysbios_heaps_HeapMem_Module_GateProxy_query__E                
0003abf9  ti_sysbios_knl_Task_startup__E                                    
0003ac01  ti_sysbios_gates_GateHwi_Instance_init__E                         
0003ac09  ti_sysbios_knl_Clock_logTick__E                                   
0003ac10  __TI_static_base__                                                
0003ae68  __TI_Handler_Table_Base                                           
0003ae74  __TI_Handler_Table_Limit                                          
0003ae88  __TI_CINIT_Base                                                   
0003aea0  __TI_CINIT_Limit                                                  
20000000  __start___llvm_prf_cnts                                           
20000000  __stop___llvm_prf_cnts                                            
20000000  ti_sysbios_family_arm_m3_Hwi_ramVectors                           
20000400  ti_sysbios_heaps_HeapMem_Instance_State_0_buf__A                  
20002400  st                                                                
20004340  animation                                                         
20005240  finalColors                                                       
20005744  ti_sysbios_family_arm_m3_Hwi_dispatchTable                        
20005aa4  buffer                                                            
20005d60  sdspiTivaObjects                                                  
20005fa0  ts                                                                
20006200  ti_sysbios_knl_Task_Instance_State_0_stack__A                     
20006400  layer                                                             
20006544  Flash_txBuffer                                                    
20006670  smallBuffer2                                                      
2000679c  __CIOBUF_                                                         
200068bc  rowsToUpdate                                                      
200069b0  spiTivaDMAObjects                                                 
20006a94  spriteSendables                                                   
20006b74  uartTivaObjects                                                   
20006c40  __TI_tmpnams                                                      
20006d70  xdc_runtime_SysMin_Module_State_0_outbuf__A                       
20006e18  uartParams                                                        
20006e3c  Flash_spi_params                                                  
20006e5c  uartTivaRingBuffer                                                
20006e98  Flash_transaction                                                 
20006eac  backgroundColorIndex                                              
20006ec0  colors                                                            
20006ee4  parmbuf                                                           
20006eec  sdspiParams                                                       
20006ef4  Flash_spi                                                         
20006ef8  backgroundColors                                                  
20006efc  bufferptr                                                         
20006f00  spiTivaDMAscratchBuf                                              
20006f0c  currentLocation                                                   
20006f14  persistentBackgroundMemLocation                                   
20006f18  sdspiHandle                                                       
20006f1c  src                                                               
20006f20  uart                                                              
20006f28  _ftable                                                           
20007018  ti_sysbios_family_arm_lm4_Timer_Object__table__V                  
20007098  ti_sysbios_knl_Swi_Module_State_0_readyQ__A                       
20007118  ti_sysbios_knl_Task_Module_State_0_readyQ__A                      
20007198  _device                                                           
20007210  _stream                                                           
200072b0  ti_sysbios_knl_Task_Object__table__V                              
200072fc  ti_sysbios_knl_Task_Module__state__V                              
20007340  ti_sysbios_gates_GateMutex_Object__table__V                       
20007378  ti_sysbios_family_arm_m3_Hwi_Module__state__V                     
200073ac  ti_sysbios_family_arm_lm4_Timer_Module_State_0_device__A          
200073dc  ti_sysbios_family_arm_m3_Hwi_Object__table__V                     
2000740c  ti_sysbios_knl_Swi_Object__table__V                               
2000743c  ti_sysbios_knl_Clock_Module__state__V                             
2000748c  ti_sysbios_BIOS_Module__state__V                                  
200074b0  ti_sysbios_knl_Swi_Module__state__V                               
200074cc  ti_sysbios_family_arm_lm4_Timer_Module_State_0_handles__A         
200074e4  ti_sysbios_heaps_HeapMem_Object__table__V                         
200074fc  gpioPinConfigs                                                    
20007510  _tz                                                               
20007520  __TI_ft_end                                                       
20007524  __aeabi_stdin                                                     
20007528  __aeabi_stdout                                                    
2000752c  __aeabi_stderr                                                    
20007530  __TI_cleanup_ptr                                                  
20007534  __TI_dtors_ptr                                                    
20007538  __TI_enable_exit_profile_output                                   
2000753c  ti_sysbios_family_arm_lm4_Timer_Module__state__V                  
20007548  xdc_runtime_SysMin_Module__state__V                               
20007554  _lock                                                             
20007558  _unlock                                                           
2000755c  gpioCallbackFunctions                                             
20007564  ti_sysbios_family_arm_lm4_Seconds_Module__state__V                
2000756c  ti_sysbios_family_arm_lm4_TimestampProvider_Module__state__V      
20007574  ti_sysbios_family_arm_m3_Hwi_Module__root__V                      
2000757c  ti_sysbios_gates_GateHwi_Module__root__V                          
20007584  ti_sysbios_gates_GateMutex_Module__root__V                        
2000758c  ti_sysbios_heaps_HeapMem_Module__root__V                          
20007594  ti_sysbios_knl_Clock_Module__root__V                              
2000759c  ti_sysbios_knl_Queue_Module__root__V                              
200075a4  ti_sysbios_knl_Semaphore_Module__root__V                          
200075ac  ti_sysbios_knl_Task_Module__root__V                               
200075b4  xdc_runtime_Registry_Module__state__V                             
200075bc  xdc_runtime_Startup_Module__state__V                              
200075c4  xdc_runtime_System_Module_State_0_atexitHandlers__A               
200075cc  xdc_runtime_System_Module__state__V                               
200075da  activeAnimations                                                  
200075dc  toRemove                                                          
200075de  ti_sysbios_family_arm_m3_Hwi_Module_State_0_excActive__A          
200075fc  main_func_sp                                                      
20007604  ti_sysbios_family_arm_m3_Hwi_Module_State_0_excContext__A         
20007608  ti_sysbios_family_arm_m3_Hwi_Module_State_0_excStack__A           
2000760c  ti_sysbios_gates_GateHwi_Object__table__V                         
20007610  ti_sysbios_knl_Task_Module_State_0_idleTask__A                    
20007614  xdc_runtime_Memory_Module__state__V                               
20007618  xdc_runtime_Error_Module__state__V                                
20007620  __stack                                                           
20007a20  __STACK_END                                                       
e000e000  ti_sysbios_family_arm_m3_Hwi_nvic                                 
ffffffff  __TI_pprof_out_hndl                                               
ffffffff  __TI_prof_data_size                                               
ffffffff  __TI_prof_data_start                                              
ffffffff  __binit__                                                         
ffffffff  __c_args__                                                        
ffffffff  binit                                                             
UNDEFED   SHT$$INIT_ARRAY$$Base                                             
UNDEFED   SHT$$INIT_ARRAY$$Limit                                            

[848 symbols]
