******************************************************************************
                  TI ARM Linker PC v19.6.0                     
******************************************************************************
>> Linked Sat May  2 03:22:11 2020

OUTPUT FILE NAME:   <SlaveController.out>
ENTRY POINT SYMBOL: "_c_int00"  address: 00036a6d


MEMORY CONFIGURATION

         name            origin    length      used     unused   attr    fill
----------------------  --------  ---------  --------  --------  ----  --------
  FLASH                 00000000   00040000  00039e28  000061d8  R  X
  SRAM                  20000000   00008000  00007978  00000688  RW X


SEGMENT ALLOCATION MAP

run origin  load origin   length   init length attrs members
----------  ----------- ---------- ----------- ----- -------
00000000    00000000    00039e30   00039e30    r-x
  00000000    00000000    0000003c   0000003c    r-- .resetVecs
  0000003c    0000003c    0002e18a   0002e18a    r-- .const
  0002e1c8    0002e1c8    0000b9d2   0000b9d2    r-x .text
  00039ba0    00039ba0    00000290   00000290    r-- .cinit
20000000    20000000    00000360   00000000    rw-
  20000000    20000000    00000360   00000000    rw- .vecs
20000400    20000400    00007620   00000000    rw-
  20000400    20000400    00006b26   00000000    rw- .bss
  20006f28    20006f28    000006f2   00000000    rw- .data
  20007620    20007620    00000400   00000000    rw- .stack


SECTION ALLOCATION MAP

 output                                  attributes/
section   page    origin      length       input sections
--------  ----  ----------  ----------   ----------------
.const     0    0000003c    0002e18a     
                  0000003c    0001a638     start.obj (.const:colors_tower)
                  0001a674    0000daa8     start.obj (.const:colors_charmenu)
                  0002811c    00001885     SlaveController_pem4f.oem4f (.const:xdc_runtime_Text_charTab__A)
                  000299a1    00000f00     animator.obj (.const:animations)
                  0002a8a1    00000001     SlaveController_pem4f.oem4f (.const:xdc_runtime_Error_policy__C)
                  0002a8a2    00000002     SlaveController_pem4f.oem4f (.const:ti_catalog_arm_cortexm4_tiva_ce_Boot_Module__id__C)
                  0002a8a4    00000400     start.obj (.const:colors_eer)
                  0002aca4    00000400     start.obj (.const:colors_fdst)
                  0002b0a4    00000400     start.obj (.const:colors_gregory)
                  0002b4a4    00000400     start.obj (.const:colors_smashville)
                  0002b8a4    00000400     start.obj (.const:colors_stagemenu)
                  0002bca4    000003fc     start.obj (.const:colors_battle)
                  0002c0a0    00000364     start.obj (.const:colors_winp1val)
                  0002c404    0000034c     start.obj (.const:colors_winp1gaw)
                  0002c750    00000348     start.obj (.const:colors_winp1kirby)
                  0002ca98    00000238     start.obj (.const:colors_winp2val)
                  0002ccd0    00000220     start.obj (.const:colors_winp2gaw)
                  0002cef0    0000021c     start.obj (.const:colors_winp2kirby)
                  0002d10c    00000198     animator.obj (.const:colors_misc)
                  0002d2a4    00000130     animator.obj (.const:colors_kirby)
                  0002d3d4    0000012c     start.obj (.const:persistentSprites)
                  0002d500    000000cc     SlaveController_pem4f.oem4f (.const:xdc_runtime_Text_nodeTab__A)
                  0002d5cc    000000a8     animator.obj (.const:colors_menu)
                  0002d674    00000090     driverlib.lib : gpio.obj (.const:g_pui32GPIOBaseAddrs)
                  0002d704    0000008c     animator.obj (.const:colors_valvano)
                  0002d790    0000007f     ILI9341.obj (.const:.string:cmd_ili9341)
                  0002d80f    00000001     --HOLE-- [fill = 0]
                  0002d810    00000078     EK_TM4C123GXL.obj (.const:spiTivaDMAHWAttrs)
                  0002d888    00000064     drivers_tivaware.aem4f : SPITivaDMA.oem4f (.const)
                  0002d8ec    00000060     rtsv7M4_T_le_v4SPD16_eabi.lib : mktime.c.obj (.const:$O1$$)
                  0002d94c    0000005c     animator.obj (.const:colors_gameandwatch)
                  0002d9a8    00000054     drivers_tivaware.aem4f : GPIOTiva.oem4f (.const:.string)
                  0002d9fc    0000004c                            : UARTTiva.oem4f (.const)
                  0002da48    00000048     SlaveController_pem4f.oem4f (.const:.string)
                  0002da90    00000048     drivers_tivaware.aem4f : GPIOTiva.oem4f (.const:gpioBaseAddresses)
                  0002dad8    00000046     SD.obj (.const:.string:$P$T0$1)
                  0002db1e    00000046     animator.obj (.const:characterNames)
                  0002db64    0000003c     SlaveController_pem4f.oem4f (.const:ti_sysbios_knl_Task_Object__PARAMS__C)
                  0002dba0    00000030     EK_TM4C123GXL.obj (.const:SPI_config)
                  0002dbd0    00000030     SlaveController_pem4f.oem4f (.const:ti_sysbios_family_arm_m3_Hwi_Object__PARAMS__C)
                  0002dc00    00000028     animator.obj (.const:.string:$P$T0$1)
                  0002dc28    00000028     animator.obj (.const:.string:$P$T2$3)
                  0002dc50    00000028     drivers_tivaware.aem4f : UARTTiva.oem4f (.const:UARTTiva_fxnTable)
                  0002dc78    00000028     SlaveController_pem4f.oem4f (.const:ti_sysbios_heaps_HeapMem_Module__FXNS__C)
                  0002dca0    00000024     drivers_tivaware.aem4f : UART.oem4f (.const:UART_defaultParams)
                  0002dcc4    00000024     EK_TM4C123GXL.obj (.const:sdspiTivaHWattrs)
                  0002dce8    00000024     SlaveController_pem4f.oem4f (.const:ti_sysbios_gates_GateHwi_Module__FXNS__C)
                  0002dd0c    00000024     SlaveController_pem4f.oem4f (.const:ti_sysbios_gates_GateMutex_Module__FXNS__C)
                  0002dd30    00000024     SlaveController_pem4f.oem4f (.const:ti_sysbios_heaps_HeapMem_Object__PARAMS__C)
                  0002dd54    00000024     SlaveController_pem4f.oem4f (.const:ti_sysbios_knl_Clock_Object__PARAMS__C)
                  0002dd78    00000024     SlaveController_pem4f.oem4f (.const:ti_sysbios_knl_Semaphore_Object__PARAMS__C)
                  0002dd9c    00000024     SlaveController_pem4f.oem4f (.const:xdc_runtime_Startup_sfxnTab__A)
                  0002ddc0    00000020     drivers_tivaware.aem4f : SPI.oem4f (.const)
                  0002dde0    00000020     SlaveController_pem4f.oem4f (.const:ti_sysbios_family_arm_m3_Hwi_Object__DESC__C)
                  0002de00    00000020     SlaveController_pem4f.oem4f (.const:ti_sysbios_gates_GateHwi_Object__DESC__C)
                  0002de20    00000020     SlaveController_pem4f.oem4f (.const:ti_sysbios_gates_GateMutex_Object__DESC__C)
                  0002de40    00000020     SlaveController_pem4f.oem4f (.const:ti_sysbios_heaps_HeapMem_Object__DESC__C)
                  0002de60    00000020     SlaveController_pem4f.oem4f (.const:ti_sysbios_knl_Clock_Object__DESC__C)
                  0002de80    00000020     SlaveController_pem4f.oem4f (.const:ti_sysbios_knl_Queue_Object__DESC__C)
                  0002dea0    00000020     SlaveController_pem4f.oem4f (.const:ti_sysbios_knl_Semaphore_Object__DESC__C)
                  0002dec0    00000020     SlaveController_pem4f.oem4f (.const:ti_sysbios_knl_Task_Object__DESC__C)
                  0002dee0    00000018     EK_TM4C123GXL.obj (.const:SDSPI_config)
                  0002def8    00000018     EK_TM4C123GXL.obj (.const:UART_config)
                  0002df10    00000018     SlaveController_pem4f.oem4f (.const:ti_sysbios_gates_GateHwi_Object__PARAMS__C)
                  0002df28    00000018     SlaveController_pem4f.oem4f (.const:ti_sysbios_gates_GateMutex_Object__PARAMS__C)
                  0002df40    00000018     SlaveController_pem4f.oem4f (.const:ti_sysbios_knl_Queue_Object__PARAMS__C)
                  0002df58    00000018     EK_TM4C123GXL.obj (.const:uartTivaHWAttrs)
                  0002df70    00000014     EK_TM4C123GXL.obj (.const:GPIOTiva_config)
                  0002df84    00000014     SlaveController_pem4f.oem4f (.const:xdc_runtime_Startup_firstFxns__A)
                  0002df98    00000012     SlaveController_pem4f.oem4f (.const:xdc_runtime_Startup_sfxnRts__A)
                  0002dfaa    00000002     SlaveController_pem4f.oem4f (.const:ti_sysbios_family_arm_lm4_TimestampProvider_useClockTimer__C)
                  0002dfac    00000010     drivers_tivaware.aem4f : SDSPITiva.oem4f (.const)
                  0002dfbc    00000008                            : SDSPI.oem4f (.const)
                  0002dfc4    00000008     SlaveController_pem4f.oem4f (.const:ti_sysbios_family_arm_m3_Hwi_excHookFuncs__A)
                  0002dfcc    00000008     SlaveController_pem4f.oem4f (.const:ti_sysbios_knl_Idle_funcList__C)
                  0002dfd4    00000008     SlaveController_pem4f.oem4f (.const:xdc_runtime_Startup_firstFxns__C)
                  0002dfdc    00000008     SlaveController_pem4f.oem4f (.const:xdc_runtime_Startup_lastFxns__C)
                  0002dfe4    00000005     animator.obj (.const:.string:$P$T1$2)
                  0002dfe9    00000005     animator.obj (.const:.string:$P$T3$4)
                  0002dfee    00000002     SlaveController_pem4f.oem4f (.const:ti_sysbios_family_arm_m3_Hwi_Module__id__C)
                  0002dff0    00000004     SlaveController_pem4f.oem4f (.const:ti_catalog_arm_cortexm4_tiva_ce_Boot_A_mustUseEnhancedClockMode__C)
                  0002dff4    00000004     SlaveController_pem4f.oem4f (.const:ti_catalog_arm_cortexm4_tiva_ce_Boot_Module__diagsEnabled__C)
                  0002dff8    00000004     SlaveController_pem4f.oem4f (.const:ti_catalog_arm_cortexm4_tiva_ce_Boot_Module__diagsIncluded__C)
                  0002dffc    00000004     SlaveController_pem4f.oem4f (.const:ti_catalog_arm_cortexm4_tiva_ce_Boot_Module__diagsMask__C)
                  0002e000    00000004     SlaveController_pem4f.oem4f (.const:ti_sysbios_family_arm_lm4_Timer_enableFunc__C)
                  0002e004    00000004     SlaveController_pem4f.oem4f (.const:ti_sysbios_family_arm_lm4_Timer_numTimerDevices__C)
                  0002e008    00000004     SlaveController_pem4f.oem4f (.const:ti_sysbios_family_arm_lm4_Timer_startupNeeded__C)
                  0002e00c    00000004     SlaveController_pem4f.oem4f (.const:ti_sysbios_family_arm_m3_Hwi_E_NMI__C)
                  0002e010    00000004     SlaveController_pem4f.oem4f (.const:ti_sysbios_family_arm_m3_Hwi_E_alreadyDefined__C)
                  0002e014    00000004     SlaveController_pem4f.oem4f (.const:ti_sysbios_family_arm_m3_Hwi_E_busFault__C)
                  0002e018    00000004     SlaveController_pem4f.oem4f (.const:ti_sysbios_family_arm_m3_Hwi_E_debugMon__C)
                  0002e01c    00000004     SlaveController_pem4f.oem4f (.const:ti_sysbios_family_arm_m3_Hwi_E_hardFault__C)
                  0002e020    00000004     SlaveController_pem4f.oem4f (.const:ti_sysbios_family_arm_m3_Hwi_E_memFault__C)
                  0002e024    00000004     SlaveController_pem4f.oem4f (.const:ti_sysbios_family_arm_m3_Hwi_E_noIsr__C)
                  0002e028    00000004     SlaveController_pem4f.oem4f (.const:ti_sysbios_family_arm_m3_Hwi_E_reserved__C)
                  0002e02c    00000004     SlaveController_pem4f.oem4f (.const:ti_sysbios_family_arm_m3_Hwi_E_svCall__C)
                  0002e030    00000004     SlaveController_pem4f.oem4f (.const:ti_sysbios_family_arm_m3_Hwi_E_usageFault__C)
                  0002e034    00000004     SlaveController_pem4f.oem4f (.const:ti_sysbios_family_arm_m3_Hwi_NUM_INTERRUPTS__C)
                  0002e038    00000004     SlaveController_pem4f.oem4f (.const:ti_sysbios_family_arm_m3_Hwi_Object__count__C)
                  0002e03c    00000004     SlaveController_pem4f.oem4f (.const:ti_sysbios_family_arm_m3_Hwi_ccr__C)
                  0002e040    00000004     SlaveController_pem4f.oem4f (.const:ti_sysbios_family_arm_m3_Hwi_excHandlerFunc__C)
                  0002e044    00000004     SlaveController_pem4f.oem4f (.const:ti_sysbios_family_arm_m3_Hwi_excHookFuncs__C)
                  0002e048    00000004     SlaveController_pem4f.oem4f (.const:ti_sysbios_family_arm_m3_Hwi_nullIsrFunc__C)
                  0002e04c    00000004     SlaveController_pem4f.oem4f (.const:ti_sysbios_family_arm_m3_Hwi_priGroup__C)
                  0002e050    00000004     SlaveController_pem4f.oem4f (.const:ti_sysbios_family_arm_m3_TaskSupport_stackAlignment__C)
                  0002e054    00000004     SlaveController_pem4f.oem4f (.const:ti_sysbios_gates_GateMutex_A_badContext__C)
                  0002e058    00000004     SlaveController_pem4f.oem4f (.const:ti_sysbios_gates_GateMutex_Instance_State_sem__O)
                  0002e05c    00000004     SlaveController_pem4f.oem4f (.const:ti_sysbios_gates_GateMutex_Module__diagsEnabled__C)
                  0002e060    00000004     SlaveController_pem4f.oem4f (.const:ti_sysbios_gates_GateMutex_Module__diagsIncluded__C)
                  0002e064    00000004     SlaveController_pem4f.oem4f (.const:ti_sysbios_gates_GateMutex_Module__diagsMask__C)
                  0002e068    00000004     SlaveController_pem4f.oem4f (.const:ti_sysbios_hal_Hwi_E_stackOverflow__C)
                  0002e06c    00000004     SlaveController_pem4f.oem4f (.const:ti_sysbios_heaps_HeapMem_A_align__C)
                  0002e070    00000004     SlaveController_pem4f.oem4f (.const:ti_sysbios_heaps_HeapMem_A_heapSize__C)
                  0002e074    00000004     SlaveController_pem4f.oem4f (.const:ti_sysbios_heaps_HeapMem_A_invalidFree__C)
                  0002e078    00000004     SlaveController_pem4f.oem4f (.const:ti_sysbios_heaps_HeapMem_A_zeroBlock__C)
                  0002e07c    00000004     SlaveController_pem4f.oem4f (.const:ti_sysbios_heaps_HeapMem_E_memory__C)
                  0002e080    00000004     SlaveController_pem4f.oem4f (.const:ti_sysbios_heaps_HeapMem_Module__diagsEnabled__C)
                  0002e084    00000004     SlaveController_pem4f.oem4f (.const:ti_sysbios_heaps_HeapMem_Module__diagsIncluded__C)
                  0002e088    00000004     SlaveController_pem4f.oem4f (.const:ti_sysbios_heaps_HeapMem_Module__diagsMask__C)
                  0002e08c    00000004     SlaveController_pem4f.oem4f (.const:ti_sysbios_heaps_HeapMem_Module__gateObj__C)
                  0002e090    00000004     SlaveController_pem4f.oem4f (.const:ti_sysbios_heaps_HeapMem_Object__count__C)
                  0002e094    00000004     SlaveController_pem4f.oem4f (.const:ti_sysbios_heaps_HeapMem_reqAlign__C)
                  0002e098    00000004     SlaveController_pem4f.oem4f (.const:ti_sysbios_knl_Clock_A_badThreadType__C)
                  0002e09c    00000004     SlaveController_pem4f.oem4f (.const:ti_sysbios_knl_Clock_Module_State_clockQ__O)
                  0002e0a0    00000004     SlaveController_pem4f.oem4f (.const:ti_sysbios_knl_Clock_Module__diagsEnabled__C)
                  0002e0a4    00000004     SlaveController_pem4f.oem4f (.const:ti_sysbios_knl_Clock_Module__diagsIncluded__C)
                  0002e0a8    00000004     SlaveController_pem4f.oem4f (.const:ti_sysbios_knl_Clock_Module__diagsMask__C)
                  0002e0ac    00000004     SlaveController_pem4f.oem4f (.const:ti_sysbios_knl_Idle_funcList__A)
                  0002e0b0    00000004     SlaveController_pem4f.oem4f (.const:ti_sysbios_knl_Semaphore_A_badContext__C)
                  0002e0b4    00000004     SlaveController_pem4f.oem4f (.const:ti_sysbios_knl_Semaphore_A_noEvents__C)
                  0002e0b8    00000004     SlaveController_pem4f.oem4f (.const:ti_sysbios_knl_Semaphore_A_overflow__C)
                  0002e0bc    00000004     SlaveController_pem4f.oem4f (.const:ti_sysbios_knl_Semaphore_A_pendTaskDisabled__C)
                  0002e0c0    00000004     SlaveController_pem4f.oem4f (.const:ti_sysbios_knl_Semaphore_Instance_State_pendQ__O)
                  0002e0c4    00000004     SlaveController_pem4f.oem4f (.const:ti_sysbios_knl_Semaphore_Module__diagsEnabled__C)
                  0002e0c8    00000004     SlaveController_pem4f.oem4f (.const:ti_sysbios_knl_Semaphore_Module__diagsIncluded__C)
                  0002e0cc    00000004     SlaveController_pem4f.oem4f (.const:ti_sysbios_knl_Semaphore_Module__diagsMask__C)
                  0002e0d0    00000004     SlaveController_pem4f.oem4f (.const:ti_sysbios_knl_Swi_Object__count__C)
                  0002e0d4    00000004     SlaveController_pem4f.oem4f (.const:ti_sysbios_knl_Task_A_badPriority__C)
                  0002e0d8    00000004     SlaveController_pem4f.oem4f (.const:ti_sysbios_knl_Task_A_badTaskState__C)
                  0002e0dc    00000004     SlaveController_pem4f.oem4f (.const:ti_sysbios_knl_Task_A_badThreadType__C)
                  0002e0e0    00000004     SlaveController_pem4f.oem4f (.const:ti_sysbios_knl_Task_A_badTimeout__C)
                  0002e0e4    00000004     SlaveController_pem4f.oem4f (.const:ti_sysbios_knl_Task_A_noPendElem__C)
                  0002e0e8    00000004     SlaveController_pem4f.oem4f (.const:ti_sysbios_knl_Task_A_sleepTaskDisabled__C)
                  0002e0ec    00000004     SlaveController_pem4f.oem4f (.const:ti_sysbios_knl_Task_E_spOutOfBounds__C)
                  0002e0f0    00000004     SlaveController_pem4f.oem4f (.const:ti_sysbios_knl_Task_E_stackOverflow__C)
                  0002e0f4    00000004     SlaveController_pem4f.oem4f (.const:ti_sysbios_knl_Task_Module_State_inactiveQ__O)
                  0002e0f8    00000004     SlaveController_pem4f.oem4f (.const:ti_sysbios_knl_Task_Module__diagsEnabled__C)
                  0002e0fc    00000004     SlaveController_pem4f.oem4f (.const:ti_sysbios_knl_Task_Module__diagsIncluded__C)
                  0002e100    00000004     SlaveController_pem4f.oem4f (.const:ti_sysbios_knl_Task_Module__diagsMask__C)
                  0002e104    00000004     SlaveController_pem4f.oem4f (.const:ti_sysbios_knl_Task_Object__count__C)
                  0002e108    00000004     SlaveController_pem4f.oem4f (.const:ti_sysbios_knl_Task_allBlockedFunc__C)
                  0002e10c    00000004     SlaveController_pem4f.oem4f (.const:ti_sysbios_knl_Task_defaultStackHeap__C)
                  0002e110    00000004     SlaveController_pem4f.oem4f (.const:ti_sysbios_knl_Task_defaultStackSize__C)
                  0002e114    00000004     SlaveController_pem4f.oem4f (.const:ti_sysbios_knl_Task_numConstructedTasks__C)
                  0002e118    00000004     SlaveController_pem4f.oem4f (.const:xdc_runtime_Assert_E_assertFailed__C)
                  0002e11c    00000004     SlaveController_pem4f.oem4f (.const:xdc_runtime_Core_A_initializedParams__C)
                  0002e120    00000004     SlaveController_pem4f.oem4f (.const:xdc_runtime_Core_Module__diagsEnabled__C)
                  0002e124    00000004     SlaveController_pem4f.oem4f (.const:xdc_runtime_Core_Module__diagsIncluded__C)
                  0002e128    00000004     SlaveController_pem4f.oem4f (.const:xdc_runtime_Core_Module__diagsMask__C)
                  0002e12c    00000004     SlaveController_pem4f.oem4f (.const:xdc_runtime_Error_E_memory__C)
                  0002e130    00000004     SlaveController_pem4f.oem4f (.const:xdc_runtime_Error_Module__diagsEnabled__C)
                  0002e134    00000004     SlaveController_pem4f.oem4f (.const:xdc_runtime_Error_Module__diagsIncluded__C)
                  0002e138    00000004     SlaveController_pem4f.oem4f (.const:xdc_runtime_Error_Module__diagsMask__C)
                  0002e13c    00000004     SlaveController_pem4f.oem4f (.const:xdc_runtime_Error_Module__loggerFxn8__C)
                  0002e140    00000004     SlaveController_pem4f.oem4f (.const:xdc_runtime_Error_Module__loggerObj__C)
                  0002e144    00000004     SlaveController_pem4f.oem4f (.const:xdc_runtime_Error_policyFxn__C)
                  0002e148    00000004     SlaveController_pem4f.oem4f (.const:xdc_runtime_Error_raiseHook__C)
                  0002e14c    00000004     SlaveController_pem4f.oem4f (.const:xdc_runtime_IGateProvider_Interface__BASE__C)
                  0002e150    00000004     SlaveController_pem4f.oem4f (.const:xdc_runtime_IHeap_Interface__BASE__C)
                  0002e154    00000004     SlaveController_pem4f.oem4f (.const:xdc_runtime_IModule_Interface__BASE__C)
                  0002e158    00000004     SlaveController_pem4f.oem4f (.const:xdc_runtime_Log_L_error__C)
                  0002e15c    00000004     SlaveController_pem4f.oem4f (.const:xdc_runtime_Memory_defaultHeapInstance__C)
                  0002e160    00000004     SlaveController_pem4f.oem4f (.const:xdc_runtime_Startup_execImpl__C)
                  0002e164    00000004     SlaveController_pem4f.oem4f (.const:xdc_runtime_Startup_lastFxns__A)
                  0002e168    00000004     SlaveController_pem4f.oem4f (.const:xdc_runtime_Startup_maxPasses__C)
                  0002e16c    00000004     SlaveController_pem4f.oem4f (.const:xdc_runtime_Startup_sfxnRts__C)
                  0002e170    00000004     SlaveController_pem4f.oem4f (.const:xdc_runtime_Startup_sfxnTab__C)
                  0002e174    00000004     SlaveController_pem4f.oem4f (.const:xdc_runtime_SysMin_bufSize__C)
                  0002e178    00000004     SlaveController_pem4f.oem4f (.const:xdc_runtime_SysMin_outputFunc__C)
                  0002e17c    00000004     SlaveController_pem4f.oem4f (.const:xdc_runtime_System_Module__gateObj__C)
                  0002e180    00000004     SlaveController_pem4f.oem4f (.const:xdc_runtime_System_abortFxn__C)
                  0002e184    00000004     SlaveController_pem4f.oem4f (.const:xdc_runtime_System_exitFxn__C)
                  0002e188    00000004     SlaveController_pem4f.oem4f (.const:xdc_runtime_System_extendFxn__C)
                  0002e18c    00000004     SlaveController_pem4f.oem4f (.const:xdc_runtime_System_maxAtexitHandlers__C)
                  0002e190    00000004     SlaveController_pem4f.oem4f (.const:xdc_runtime_Text_charTab__C)
                  0002e194    00000004     SlaveController_pem4f.oem4f (.const:xdc_runtime_Text_nameEmpty__C)
                  0002e198    00000004     SlaveController_pem4f.oem4f (.const:xdc_runtime_Text_nameStatic__C)
                  0002e19c    00000004     SlaveController_pem4f.oem4f (.const:xdc_runtime_Text_nameUnknown__C)
                  0002e1a0    00000004     SlaveController_pem4f.oem4f (.const:xdc_runtime_Text_nodeTab__C)
                  0002e1a4    00000004     SlaveController_pem4f.oem4f (.const:xdc_runtime_Text_visitRopeFxn__C)
                  0002e1a8    00000002     SlaveController_pem4f.oem4f (.const:ti_sysbios_gates_GateMutex_Module__id__C)
                  0002e1aa    00000002     SlaveController_pem4f.oem4f (.const:ti_sysbios_hal_Hwi_Module__id__C)
                  0002e1ac    00000002     SlaveController_pem4f.oem4f (.const:ti_sysbios_heaps_HeapMem_Module__id__C)
                  0002e1ae    00000002     SlaveController_pem4f.oem4f (.const:ti_sysbios_knl_Clock_Module__id__C)
                  0002e1b0    00000002     SlaveController_pem4f.oem4f (.const:ti_sysbios_knl_Semaphore_Module__id__C)
                  0002e1b2    00000002     SlaveController_pem4f.oem4f (.const:ti_sysbios_knl_Task_Module__id__C)
                  0002e1b4    00000002     SlaveController_pem4f.oem4f (.const:xdc_runtime_Core_Module__id__C)
                  0002e1b6    00000002     SlaveController_pem4f.oem4f (.const:xdc_runtime_Error_Module__loggerDefined__C)
                  0002e1b8    00000002     SlaveController_pem4f.oem4f (.const:xdc_runtime_Error_maxDepth__C)
                  0002e1ba    00000002     SlaveController_pem4f.oem4f (.const:xdc_runtime_Memory_Module__id__C)
                  0002e1bc    00000002     SlaveController_pem4f.oem4f (.const:xdc_runtime_SysMin_flushAtExit__C)
                  0002e1be    00000002     SlaveController_pem4f.oem4f (.const:xdc_runtime_Text_charCnt__C)
                  0002e1c0    00000002     SlaveController_pem4f.oem4f (.const:xdc_runtime_Text_isLoaded__C)
                  0002e1c2    00000002     SlaveController_pem4f.oem4f (.const:xdc_runtime_Text_registryModsLastId__C)
                  0002e1c4    00000002     SlaveController_pem4f.oem4f (.const:xdc_runtime_Text_unnamedModsLastId__C)

.text      0    0002e1c8    0000b9d2     
                  0002e1c8    0000077c     animator.obj (.text:_Z15animator_updatev)
                  0002e944    00000004     driverlib.lib : ssi.obj (.text:SSIIntClear)
                  0002e948    00000430     sysbios.aem4f : BIOS.obj (.text:ti_sysbios_family_arm_m3_Hwi_excDumpRegs__I)
                  0002ed78    0000034c     ti.targets.arm.rtsarm.aem4f : System.oem4f (.text:xdc_runtime_System_doPrint__I)
                  0002f0c4    00000324     ti.mw.fatfs.aem4f : ff.oem4f (.text:find_volume)
                  0002f3e8    000002bc     start.obj (.text:_Z5startjj)
                  0002f6a4    00000004     driverlib.lib : uart.obj (.text:UARTIntClear)
                  0002f6a8    000002b8     sysbios.aem4f : BIOS.obj (.text:ti_sysbios_knl_Semaphore_pend__E)
                  0002f960    000002a0     rtsv7M4_T_le_v4SPD16_eabi.lib : mktime.c.obj (.text:__mktime32)
                  0002fc00    00000278     animator.obj (.text:_Z28animator_readCharacterSDCardh)
                  0002fe78    0000026c     sysbios.aem4f : BIOS.obj (.text:ti_sysbios_heaps_HeapMem_free__E)
                  000300e4    00000004     rtsv7M4_T_le_v4SPD16_eabi.lib : exit.c.obj (.text:abort:abort)
                  000300e8    00000250     sysbios.aem4f : BIOS.obj (.text:ti_sysbios_heaps_HeapMem_alloc__E)
                  00030338    00000234                   : BIOS.obj (.text:ti_sysbios_knl_Task_Instance_finalize__E)
                  0003056c    0000020c     drivers_tivaware.aem4f : UARTTiva.oem4f (.text:UARTTiva_open)
                  00030778    000001f4                            : SDSPITiva.oem4f (.text:SDSPITiva_diskInitialize)
                  0003096c    00000004     ti.mw.fatfs.aem4f : ffosal.oem4f (.text:ff_rel_grant)
                  00030970    000001f4     sysbios.aem4f : BIOS.obj (.text:ti_sysbios_family_arm_m3_Hwi_excHandlerMax__I)
                  00030b64    00000004     ti.mw.fatfs.aem4f : diskio.oem4f (.text:get_fattime)
                  00030b68    000001d8     sysbios.aem4f : BIOS.obj (.text:ti_sysbios_knl_Task_sleep__E)
                  00030d40    000001cc     animator.obj (.text:_Z16animator_animatehhsshhhhhb)
                  00030f0c    00000004     SlaveController_pem4f.oem4f (.text:ti_sysbios_BIOS_RtsGateProxy_enter__E)
                  00030f10    000001c0     sysbios.aem4f : BIOS.obj (.text:ti_sysbios_knl_Task_Instance_init__E)
                  000310d0    000001a4     ti.mw.fatfs.aem4f : ff.oem4f (.text:f_write)
                  00031274    00000178                       : ff.oem4f (.text:f_read)
                  000313ec    00000004     SlaveController_pem4f.oem4f (.text:ti_sysbios_BIOS_RtsGateProxy_leave__E)
                  000313f0    00000174     sysbios.aem4f : BIOS.obj (.text:ti_sysbios_family_arm_m3_Hwi_excBusFault__I)
                  00031564    00000170     ILI9341.obj (.text:_Z12ILI9341_initv)
                  000316d4    00000164     ti.mw.fatfs.aem4f : ff.oem4f (.text:f_open)
                  00031838    00000164     sysbios.aem4f : BIOS.obj (.text:ti_sysbios_family_arm_m3_Hwi_excUsageFault__I)
                  0003199c    0000015a     ti.mw.fatfs.aem4f : ff.oem4f (.text:f_lseek)
                  00031af6    00000002     drivers_tivaware.aem4f : SPITivaDMA.oem4f (.text:SPITivaDMA_serviceISR)
                  00031af8    00000150                            : GPIOTiva.oem4f (.text:GPIO_setConfig)
                  00031c48    00000148     sysbios.aem4f : BIOS.obj (.text:ti_sysbios_family_arm_m3_Hwi_excMemFault__I)
                  00031d90    0000013c     animator.obj (.text:_Z29animator_readPersistentSpritePKcth)
                  00031ecc    00000004     sysbios.aem4f : BIOS.obj (.text:ti_sysbios_family_arm_lm4_Timer_masterEnable__I)
                  00031ed0    0000013c                   : BIOS.obj (.text:ti_sysbios_heaps_HeapMem_Instance_init__E)
                  0003200c    00000134     rtsv7M4_T_le_v4SPD16_eabi.lib : localtim.c.obj (.text:__localtime32)
                  00032140    00000130     driverlib.lib : gpio.obj (.text:GPIOPadConfigSet)
                  00032270    00000123     ti.mw.fatfs.aem4f : ff.oem4f (.text:create_name)
                  00032393    00000001     --HOLE-- [fill = 0]
                  00032394    00000004     SlaveController_pem4f.oem4f (.text:ti_sysbios_family_arm_m3_Hwi_destruct)
                  00032398    0000011c     sysbios.aem4f : BIOS.obj (.text:ti_sysbios_knl_Clock_Instance_init__E)
                  000324b4    00000118     ti.targets.arm.rtsarm.aem4f : Error.oem4f (.text:xdc_runtime_Error_policyDefault__E)
                  000325cc    0000010c     rtsv7M4_T_le_v4SPD16_eabi.lib : fopen.c.obj (.text:_openfile)
                  000326d8    00000108     drivers_tivaware.aem4f : SDSPITiva.oem4f (.text:SDSPITiva_open)
                  000327e0    00000108     sysbios.aem4f : BIOS.obj (.text:ti_sysbios_family_arm_lm4_Timer_start__E)
                  000328e8    00000104     Flash.obj (.text:Flash_writeMemory_specifiedAddress)
                  000329ec    00000100     Boot.aem4f : Boot_sysctl.oem4f (.text:ti_catalog_arm_cortexm4_tiva_ce_Boot_sysCtlClockSetI__I)
                  00032aec    00000100     ti.targets.arm.rtsarm.aem4f : Core-mem.oem4f (.text:xdc_runtime_Core_createObject__I)
                  00032bec    000000fe     ti.mw.fatfs.aem4f : ff.oem4f (.text:f_rename)
                  00032cea    000000fa                       : ff.oem4f (.text:dir_next)
                  00032de4    000000f8     rtsv7M4_T_le_v4SPD16_eabi.lib : fread.c.obj (.text:fread)
                  00032edc    000000f8     ti.targets.arm.rtsarm.aem4f : Startup.oem4f (.text:xdc_runtime_Startup_startMods__I)
                  00032fd4    000000f8     SlaveController_pem4f.oem4f (.text:xdc_runtime_System_printfExtend__I)
                  000330cc    000000f4     drivers_tivaware.aem4f : SDSPITiva.oem4f (.text:SDSPITiva_diskIOctrl)
                  000331c0    000000f4     sysbios.aem4f : m3_Hwi_asm.obj (.text:ti_sysbios_family_arm_m3_Hwi_dispatch__I)
                  000332b4    000000ec     ti.mw.fatfs.aem4f : ff.oem4f (.text:put_fat)
                  000333a0    000000ec     sysbios.aem4f : BIOS.obj (.text:ti_sysbios_knl_Semaphore_post__E)
                  0003348c    000000e8     drivers_tivaware.aem4f : SDSPITiva.oem4f (.text:SDSPITiva_diskWrite)
                  00033574    000000dc     animator.obj (.text:_Z19animator_initializev)
                  00033650    000000dc     rtsv7M4_T_le_v4SPD16_eabi.lib : setvbuf.c.obj (.text:setvbuf)
                  0003372c    000000d8     drivers_tivaware.aem4f : SPITivaDMA.oem4f (.text:SPITivaDMA_open)
                  00033804    00000004     SlaveController_pem4f.oem4f (.text:ti_sysbios_family_arm_m3_TaskSupport_Module__startupDone__S)
                  00033808    000000d8     sysbios.aem4f : BIOS.obj (.text:ti_sysbios_family_arm_lm4_TimestampProvider_get32__E)
                  000338e0    000000d6     ti.mw.fatfs.aem4f : ff.oem4f (.text:get_fat)
                  000339b6    00000002     rtsv7M4_T_le_v4SPD16_eabi.lib : _lock.c.obj (.text:_nop)
                  000339b8    000000cc     ti.targets.arm.rtsarm.aem4f : Core-smem.oem4f (.text:xdc_runtime_Core_constructObject__I)
                  00033a84    000000c6     drivers_tivaware.aem4f : SDSPITiva.oem4f (.text:send_cmd)
                  00033b4a    00000002     rtsv7M4_T_le_v4SPD16_eabi.lib : div0.asm.obj (.text)
                  00033b4c    000000c0     drivers_tivaware.aem4f : SDSPITiva.oem4f (.text:SDSPITiva_diskRead)
                  00033c0c    000000c0                            : SPITivaDMA.oem4f (.text:SPITivaDMA_configDMA)
                  00033ccc    000000bc     EK_TM4C123GXL.obj (.text:EK_TM4C123GXL_initSPI)
                  00033d88    000000bc     rtsv7M4_T_le_v4SPD16_eabi.lib : open.c.obj (.text:open)
                  00033e44    00000004     SlaveController_pem4f.oem4f (.text:ti_sysbios_heaps_HeapMem_Module_GateProxy_enter__E)
                  00033e48    000000bc     sysbios.aem4f : BIOS.obj (.text:ti_sysbios_family_arm_m3_Hwi_excDebugMon__I)
                  00033f04    00000004     SlaveController_pem4f.oem4f (.text:ti_sysbios_heaps_HeapMem_Module_GateProxy_leave__E)
                  00033f08    000000bc     sysbios.aem4f : BIOS.obj (.text:ti_sysbios_family_arm_m3_Hwi_excHardFault__I)
                  00033fc4    000000b8     rtsv7M4_T_le_v4SPD16_eabi.lib : add_device.c.obj (.text:add_device)
                  0003407c    000000b8     ti.mw.fatfs.aem4f : ffcio.oem4f (.text:ffcio_open)
                  00034134    000000b4                       : ff.oem4f (.text:sync_fs)
                  000341e8    000000b4     sysbios.aem4f : BIOS.obj (.text:ti_sysbios_gates_GateMutex_enter__E)
                  0003429c    00000004     SlaveController_pem4f.oem4f (.text:ti_sysbios_knl_Clock_TimerProxy_getMaxTicks__E)
                  000342a0    000000b4     sysbios.aem4f : BIOS.obj (.text:ti_sysbios_knl_Task_checkStacks__E)
                  00034354    000000ac     drivers_tivaware.aem4f : UARTTiva.oem4f (.text:readTaskBlocking)
                  00034400    000000ac     sysbios.aem4f : BIOS.obj (.text:ti_sysbios_family_arm_lm4_Timer_enableTiva__I)
                  000344ac    000000a8     ti.mw.fatfs.aem4f : ff.oem4f (.text:create_chain)
                  00034554    000000a4     drivers_tivaware.aem4f : SPITivaDMA.oem4f (.text:SPITivaDMA_initHw)
                  000345f8    000000a4     ti.mw.fatfs.aem4f : ff.oem4f (.text:f_unlink)
                  0003469c    00000004     SlaveController_pem4f.oem4f (.text:ti_sysbios_knl_Clock_TimerProxy_getPeriod__E)
                  000346a0    000000a4     sysbios.aem4f : BIOS.obj (.text:ti_sysbios_knl_Clock_Instance_finalize__E)
                  00034744    000000a0     auto_init.aem4f : auto_init.oem4f (.text)
                  000347e4    000000a0     start.obj (.text:main)
                  00034884    000000a0     drivers_tivaware.aem4f : SDSPITiva.oem4f (.text:rcvr_datablock)
                  00034924    000000a0     ti.targets.arm.rtsarm.aem4f : Text.oem4f (.text:xdc_runtime_Text_putMod__E)
                  000349c4    0000009c     rtsv7M4_T_le_v4SPD16_eabi.lib : _bufread.c.obj (.text:__TI_buff_read)
                  00034a60    0000009c     ti.mw.fatfs.aem4f : ff.oem4f (.text:f_sync)
                  00034afc    0000009c     rtsv7M4_T_le_v4SPD16_eabi.lib : fopen.c.obj (.text:fopen)
                  00034b98    0000009c                                   : memcpy_t2.asm.obj (.text)
                  00034c34    00000004     SlaveController_pem4f.oem4f (.text:ti_sysbios_knl_Clock_destruct)
                  00034c38    0000009c     sysbios.aem4f : BIOS.obj (.text:ti_sysbios_knl_Semaphore_Instance_init__E)
                  00034cd4    0000009a     ILI9341.obj (.text:_Z16ILI9341_fillRectjjjjj)
                  00034d6e    00000002     SlaveController_pem4f.oem4f (.text:ti_sysbios_BIOS_nullFunc__I)
                  00034d70    0000009a     ti.targets.arm.rtsarm.aem4f : Text.oem4f (.text:xdc_runtime_Text_putSite__E)
                  00034e0a    0000009a     drivers_tivaware.aem4f : SDSPITiva.oem4f (.text:xmit_datablock)
                  00034ea4    00000098                            : UARTTiva.oem4f (.text:UARTTiva_readPolling)
                  00034f3c    00000098     ILI9341.obj (.text:_Z11commandListPKh)
                  00034fd4    00000098     Boot.aem4f : Boot.oem4f (.text:ti_catalog_arm_cortexm4_tiva_ce_Boot_sysCtlClockSet__E)
                  0003506c    00000096     rtsv7M4_T_le_v4SPD16_eabi.lib : ull_div_t2.asm.obj (.text)
                  00035102    00000094     drivers_tivaware.aem4f : UARTTiva.oem4f (.text:UARTTiva_write)
                  00035196    00000002     SlaveController_pem4f.oem4f (.text:xdc_runtime_Startup_reset__I)
                  00035198    00000094     sysbios.aem4f : BIOS.obj (.text:ti_sysbios_family_arm_m3_Hwi_Instance_init__E)
                  0003522c    00000004     SlaveController_pem4f.oem4f (.text:ti_sysbios_knl_Queue_destruct)
                  00035230    00000094     sysbios.aem4f : BIOS.obj (.text:ti_sysbios_family_arm_m3_Hwi_initNVIC__E)
                  000352c4    00000004     SlaveController_pem4f.oem4f (.text:ti_sysbios_knl_Semaphore_destruct)
                  000352c8    00000094     sysbios.aem4f : BIOS.obj (.text:ti_sysbios_knl_Task_postInit__I)
                  0003535c    00000090     Flash.obj (.text:Flash_init)
                  000353ec    0000008c     drivers_tivaware.aem4f : GPIOTiva.oem4f (.text:GPIO_init)
                  00035478    0000008c                            : UARTTiva.oem4f (.text:UARTTiva_control)
                  00035504    0000008c     sysbios.aem4f : m3_TaskSupport_asm.obj (.text:ti_sysbios_family_arm_m3_TaskSupport_buildTaskStack)
                  00035590    0000008a     drivers_tivaware.aem4f : UARTTiva.oem4f (.text:readIsrTextBlocking)
                  0003561a    00000002     --HOLE-- [fill = 0]
                  0003561c    00000088     EK_TM4C123GXL.obj (.text:EK_TM4C123GXL_initDMA)
                  000356a4    00000088     ILI9341.obj (.text:_Z18ILI9341_drawColorsjjPit)
                  0003572c    00000084     UART.obj (.text:UART_start)
                  000357b0    00000084     sysbios.aem4f : BIOS.obj (.text:ti_sysbios_family_arm_m3_Hwi_postInit__I)
                  00035834    00000084     driverlib.lib : udma.obj (.text:uDMAChannelTransferSet)
                  000358b8    00000082     drivers_tivaware.aem4f : UARTTiva.oem4f (.text:readIsrTextCallback)
                  0003593a    0000007e     ti.mw.fatfs.aem4f : ff.oem4f (.text:dir_sdi)
                  000359b8    0000007c                       : ff.oem4f (.text:f_mount)
                  00035a34    0000007a     drivers_tivaware.aem4f : UARTTiva.oem4f (.text:readTaskCallback)
                  00035aae    0000007a     rtsv7M4_T_le_v4SPD16_eabi.lib : memset_t2.asm.obj (.text)
                  00035b28    00000076     ILI9341.obj (.text:_ZN33_INTERNAL_11_ILI9341_cpp_6ff9e12f17ILI9341_setCoordsEtttt)
                  00035b9e    00000002     --HOLE-- [fill = 0]
                  00035ba0    00000074     rtsv7M4_T_le_v4SPD16_eabi.lib : fclose.c.obj (.text:__TI_closefile)
                  00035c14    00000074     ti.mw.fatfs.aem4f : ff.oem4f (.text:check_fs)
                  00035c88    00000074     sysbios.aem4f : BIOS.obj (.text:ti_sysbios_knl_Clock_start__E)
                  00035cfc    00000004     ti.targets.arm.rtsarm.aem4f : Error.oem4f (.text:xdc_runtime_Error_getSite__E)
                  00035d00    00000070     sysbios.aem4f : BIOS.obj (.text:ti_sysbios_knl_Clock_workFunc__E)
                  00035d70    00000070                   : BIOS.obj (.text:ti_sysbios_knl_Task_exit__E)
                  00035de0    0000006e     rtsv7M4_T_le_v4SPD16_eabi.lib : ll_div_t2.asm.obj (.text)
                  00035e4e    00000002     --HOLE-- [fill = 0]
                  00035e50    0000006d     ti.targets.arm.rtsarm.aem4f : System.oem4f (.text:xdc_runtime_System_formatNum__I)
                  00035ebd    00000003     --HOLE-- [fill = 0]
                  00035ec0    0000006c     Flash.obj (.text:Flash_readMemory)
                  00035f2c    00000004     SlaveController_pem4f.oem4f (.text:xdc_runtime_System_Module_GateProxy_enter__E)
                  00035f30    0000006c     sysbios.aem4f : BIOS.obj (.text:ti_sysbios_knl_Swi_restoreHwi__E)
                  00035f9c    0000006c     drivers_tivaware.aem4f : UARTTiva.oem4f (.text:writeData)
                  00036008    0000006c     ti.targets.arm.rtsarm.aem4f : Error.oem4f (.text:xdc_runtime_Error_print__E)
                  00036074    0000006c                                 : Memory.oem4f (.text:xdc_runtime_Memory_alloc__E)
                  000360e0    00000068     rtsv7M4_T_le_v4SPD16_eabi.lib : hostlseek.c.obj (.text:HOSTlseek)
                  00036148    00000068                                   : hostrename.c.obj (.text:HOSTrename)
                  000361b0    00000068     SD.obj (.text:SD_startSDCard)
                  00036218    00000068     rtsv7M4_T_le_v4SPD16_eabi.lib : copy_decompress_lzss.c.obj (.text:decompress:lzss:__TI_decompress_lzss)
                  00036280    00000066     ti.targets.arm.rtsarm.aem4f : Core-mem.oem4f (.text:xdc_runtime_Core_deleteObject__I)
                  000362e6    00000002     --HOLE-- [fill = 0]
                  000362e8    00000064     Flash.obj (.text:Flash_pendWriteOpCompletion)
                  0003634c    00000064     drivers_tivaware.aem4f : GPIOTiva.oem4f (.text:GPIO_hwiIntFxn)
                  000363b0    00000064     ti.mw.fatfs.aem4f : ff.oem4f (.text:follow_path)
                  00036414    00000004     SlaveController_pem4f.oem4f (.text:xdc_runtime_System_Module_GateProxy_leave__E)
                  00036418    00000064     sysbios.aem4f : BIOS.obj (.text:ti_sysbios_family_arm_lm4_Timer_Module_startup__E)
                  0003647c    00000064     SlaveController_pem4f.oem4f (.text:ti_sysbios_family_arm_m3_Hwi_create)
                  000364e0    00000064     sysbios.aem4f : BIOS.obj (.text:ti_sysbios_family_arm_m3_Hwi_dispatchC__I)
                  00036544    00000062     drivers_tivaware.aem4f : SPITivaDMA.oem4f (.text:SPITivaDMA_transfer)
                  000365a6    00000002     --HOLE-- [fill = 0]
                  000365a8    00000060     rtsv7M4_T_le_v4SPD16_eabi.lib : hostopen.c.obj (.text:HOSTopen)
                  00036608    00000060     sysbios.aem4f : BIOS.obj (.text:ti_sysbios_knl_Task_schedule__I)
                  00036668    0000005e     drivers_tivaware.aem4f : UARTTiva.oem4f (.text:readIsrBinaryBlocking)
                  000366c6    0000005e     ti.mw.fatfs.aem4f : ff.oem4f (.text:remove_chain)
                  00036724    0000005c     EK_TM4C123GXL.obj (.text:EK_TM4C123GXL_initSDSPI)
                  00036780    0000005c     SD.obj (.text:SD_openFile)
                  000367dc    0000005c     rtsv7M4_T_le_v4SPD16_eabi.lib : close.c.obj (.text:close)
                  00036838    0000005c     sysbios.aem4f : BIOS.obj (.text:ti_sysbios_knl_Swi_run__I)
                  00036894    00000004     ti.targets.arm.rtsarm.aem4f : System.oem4f (.text:xdc_runtime_System_aprintf_va__F)
                  00036898    0000005c     sysbios.aem4f : BIOS.obj (.text:ti_sysbios_knl_Swi_schedule__I)
                  000368f4    00000004     ti.targets.arm.rtsarm.aem4f : System.oem4f (.text:xdc_runtime_System_printf_va__F)
                  000368f8    0000005c     sysbios.aem4f : BIOS.obj (.text:ti_sysbios_knl_Task_Module_startup__E)
                  00036954    00000004     --HOLE-- [fill = 0]
                  00036958    0000005c                   : BIOS.obj (.text:ti_sysbios_knl_Task_startCore__E)
                  000369b4    0000005c     drivers_tivaware.aem4f : SDSPITiva.oem4f (.text:wait_ready)
                  00036a10    0000005b     ti.targets.arm.rtsarm.aem4f : Text.oem4f (.text:xdc_runtime_Text_putLab__E)
                  00036a6b    00000001     --HOLE-- [fill = 0]
                  00036a6c    00000058     boot.aem4f : boot.oem4f (.text)
                  00036ac4    00000058     rtsv7M4_T_le_v4SPD16_eabi.lib : hostread.c.obj (.text:HOSTread)
                  00036b1c    00000058                                   : hostwrite.c.obj (.text:HOSTwrite)
                  00036b74    00000058     tirtosport.aem4f : SemaphoreP_tirtos.oem4f (.text:SemaphoreP_create)
                  00036bcc    00000058     SlaveController_pem4f.oem4f (.text:ti_sysbios_family_arm_m3_Hwi_construct)
                  00036c24    00000058     sysbios.aem4f : m3_Hwi_asm_switch.obj (.text:ti_sysbios_family_arm_m3_Hwi_initStacks__E)
                  00036c7c    00000056     driverlib.lib : gpio.obj (.text:GPIOIntTypeSet)
                  00036cd2    00000056     ti.mw.fatfs.aem4f : ff.oem4f (.text:dir_read)
                  00036d28    00000054     drivers_tivaware.aem4f : UARTTiva.oem4f (.text:readIsrBinaryCallback)
                  00036d7c    00000054     ti.mw.fatfs.aem4f : ff.oem4f (.text:sync_window)
                  00036dd0    00000054     sysbios.aem4f : BIOS.obj (.text:ti_sysbios_family_arm_lm4_Timer_initDevice__I)
                  00036e24    00000054     SlaveController_pem4f.oem4f (.text:ti_sysbios_knl_Task_construct)
                  00036e78    00000054     ti.targets.arm.rtsarm.aem4f : Assert.oem4f (.text:xdc_runtime_Assert_raise__I)
                  00036ecc    00000050     drivers_tivaware.aem4f : GPIOTiva.oem4f (.text:GPIO_setCallback)
                  00036f1c    00000050     driverlib.lib : sysctl.obj (.text:SysCtlPeripheralReset)
                  00036f6c    00000050     drivers_tivaware.aem4f : UARTTiva.oem4f (.text:UARTTiva_writeCancel)
                  00036fbc    00000050     ILI9341.obj (.text:_ZN33_INTERNAL_11_ILI9341_cpp_6ff9e12f16ILI9341_setColorEj)
                  0003700c    00000004     --HOLE-- [fill = 0]
                  00037010    00000050     sysbios.aem4f : BIOS.obj (.text:ti_sysbios_family_arm_m3_Hwi_Module_startup__E)
                  00037060    00000050     ti.targets.arm.rtsarm.aem4f : Startup.oem4f (.text:xdc_runtime_Startup_exec__E)
                  000370b0    00000050                                 : Text.oem4f (.text:xdc_runtime_Text_visitRope2__I)
                  00037100    0000004c     drivers_tivaware.aem4f : UARTTiva.oem4f (.text:UARTTiva_close)
                  0003714c    0000004c     rtsv7M4_T_le_v4SPD16_eabi.lib : fflush.c.obj (.text:__TI_doflush)
                  00037198    0000004c                                   : cpy_tbl.c.obj (.text:copy_in)
                  000371e4    0000004c     SlaveController_pem4f.oem4f (.text:ti_mw_fatfs_startup)
                  00037230    0000004c     sysbios.aem4f : BIOS.obj (.text:ti_sysbios_heaps_HeapMem_getStats__E)
                  0003727c    00000004     --HOLE-- [fill = 0]
                  00037280    0000004c                   : BIOS.obj (.text:ti_sysbios_knl_Swi_runLoop__I)
                  000372cc    00000004     --HOLE-- [fill = 0]
                  000372d0    0000004c                   : BIOS.obj (.text:ti_sysbios_knl_Task_allBlockedFunction__I)
                  0003731c    0000004a     rtsv7M4_T_le_v4SPD16_eabi.lib : _io_perm.c.obj (.text:__TI_rd_ok)
                  00037366    00000002     --HOLE-- [fill = 0]
                  00037368    00000048     driverlib.lib : gpio.obj (.text:GPIOPinConfigure)
                  000373b0    00000048     ti.mw.fatfs.aem4f : ff.oem4f (.text:dir_find)
                  000373f8    00000048     rtsv7M4_T_le_v4SPD16_eabi.lib : exit.c.obj (.text:exit)
                  00037440    00000048     sysbios.aem4f : BIOS.obj (.text:ti_sysbios_family_arm_lm4_Timer_enableTimers__I)
                  00037488    00000048                   : BIOS.obj (.text:ti_sysbios_family_arm_m3_Hwi_disableInterrupt__E)
                  000374d0    00000048                   : BIOS.obj (.text:ti_sysbios_family_arm_m3_Hwi_enableInterrupt__E)
                  00037518    00000048                   : BIOS.obj (.text:ti_sysbios_family_arm_m3_Hwi_excReserved__I)
                  00037560    00000046     drivers_tivaware.aem4f : RingBuf.oem4f (.text:RingBuf_put)
                  000375a6    00000046     ti.targets.arm.rtsarm.aem4f : Core-params.oem4f (.text:xdc_runtime_Core_assignParams__I)
                  000375ec    00000044     rtsv7M4_T_le_v4SPD16_eabi.lib : hostclose.c.obj (.text:HOSTclose)
                  00037630    00000044                                   : hostunlink.c.obj (.text:HOSTunlink)
                  00037674    00000044     SD.obj (.text:SD_read)
                  000376b8    00000044     SD.obj (.text:SD_readNextChar)
                  000376fc    00000044     drivers_tivaware.aem4f : SPITivaDMA.oem4f (.text:SPITivaDMA_hwiFxn)
                  00037740    00000044     ti.mw.fatfs.aem4f : ff.oem4f (.text:dir_alloc)
                  00037784    00000044     rtsv7M4_T_le_v4SPD16_eabi.lib : getdevice.c.obj (.text:getdevice)
                  000377c8    00000044     drivers_tivaware.aem4f : SDSPITiva.oem4f (.text:send_initial_clock_train)
                  0003780c    00000004     --HOLE-- [fill = 0]
                  00037810    00000044     sysbios.aem4f : BIOS.obj (.text:ti_sysbios_family_arm_lm4_Timer_isrStub__E)
                  00037854    00000004     --HOLE-- [fill = 0]
                  00037858    00000044                   : BIOS.obj (.text:ti_sysbios_family_arm_m3_Hwi_getStackInfo__E)
                  0003789c    00000004     --HOLE-- [fill = 0]
                  000378a0    00000044                   : BIOS.obj (.text:ti_sysbios_knl_Swi_post__E)
                  000378e4    00000044     ti.targets.arm.rtsarm.aem4f : Error.oem4f (.text:xdc_runtime_Error_setX__E)
                  00037928    00000044                                 : SysMin.oem4f (.text:xdc_runtime_SysMin_flush__E)
                  0003796c    00000044                                 : Text.oem4f (.text:xdc_runtime_Text_xprintf__I)
                  000379b0    00000042     drivers_tivaware.aem4f : SPITivaDMA.oem4f (.text:SPITivaDMA_transferCancel)
                  000379f2    00000042     driverlib.lib : uart.obj (.text:UARTConfigSetExpClk)
                  00037a34    00000042     drivers_tivaware.aem4f : UARTTiva.oem4f (.text:UARTTiva_hwiIntFxn)
                  00037a76    00000042                            : UARTTiva.oem4f (.text:UARTTiva_writePolling)
                  00037ab8    00000040     EK_TM4C123GXL.obj (.text:EK_TM4C123GXL_initGeneral)
                  00037af8    00000040     Flash.obj (.text:Flash_transferSPICS)
                  00037b38    00000040     Flash.obj (.text:Flash_writeCommandCS)
                  00037b78    00000040     drivers_tivaware.aem4f : RingBuf.oem4f (.text:RingBuf_get)
                  00037bb8    00000040                            : SDSPITiva.oem4f (.text:SDSPITiva_close)
                  00037bf8    00000040                            : UARTTiva.oem4f (.text:UARTTiva_read)
                  00037c38    00000040     ILI9341.obj (.text:_ZN33_INTERNAL_11_ILI9341_cpp_6ff9e12f12writeCommandEh)
                  00037c78    00000040     ti.mw.fatfs.aem4f : ff.oem4f (.text:get_ldnumber)
                  00037cb8    00000040     rtsv7M4_T_le_v4SPD16_eabi.lib : u_divt2.asm.obj (.text)
                  00037cf8    00000040     sysbios.aem4f : BIOS.obj (.text:ti_sysbios_family_arm_lm4_Timer_startup__E)
                  00037d38    0000003c     drivers_tivaware.aem4f : SPITivaDMA.oem4f (.text:SPITivaDMA_close)
                  00037d74    0000003c     driverlib.lib : ssi.obj (.text:SSIConfigSetExpClk)
                  00037db0    0000003c     animator.obj (.text:_Z9readUntilcPh)
                  00037dec    0000003c     EK_TM4C123GXL.obj (.text:dmaErrorHwi)
                  00037e28    0000003c     sysbios.aem4f : BIOS.obj (.text:ti_sysbios_family_arm_m3_Hwi_excSvCall__I)
                  00037e64    00000004     --HOLE-- [fill = 0]
                  00037e68    0000003c                   : BIOS.obj (.text:ti_sysbios_heaps_HeapMem_init__I)
                  00037ea4    00000004     --HOLE-- [fill = 0]
                  00037ea8    0000003c                   : BIOS.obj (.text:ti_sysbios_knl_Swi_restore__E)
                  00037ee4    00000038     drivers_tivaware.aem4f : SDSPI.oem4f (.text:SDSPI_init)
                  00037f1c    00000038                            : SPI.oem4f (.text:SPI_init)
                  00037f54    00000038                            : UART.oem4f (.text:UART_init)
                  00037f8c    00000038     rtsv7M4_T_le_v4SPD16_eabi.lib : trgmsg.c.obj (.text:__TI_writemsg)
                  00037fc4    00000038     ti.mw.fatfs.aem4f : ff.oem4f (.text:dir_register)
                  00037ffc    00000004     --HOLE-- [fill = 0]
                  00038000    00000038     sysbios.aem4f : BIOS.obj (.text:ti_sysbios_family_arm_m3_Hwi_excNoIsr__I)
                  00038038    00000038                   : BIOS.obj (.text:ti_sysbios_knl_Task_processVitalTaskFlag__I)
                  00038070    00000038     ti.targets.arm.rtsarm.aem4f : SysMin.oem4f (.text:xdc_runtime_SysMin_putch__E)
                  000380a8    00000038                                 : System.oem4f (.text:xdc_runtime_System_atexit__E)
                  000380e0    00000036     drivers_tivaware.aem4f : UARTTiva.oem4f (.text:UARTTiva_readCancel)
                  00038116    00000036     ti.mw.fatfs.aem4f : ff.oem4f (.text:move_window)
                  0003814c    00000036     rtsv7M4_T_le_v4SPD16_eabi.lib : strncpy.c.obj (.text:strncpy)
                  00038182    00000036     SlaveController_pem4f.oem4f (.text:ti_mw_fatfs_getFatTime)
                  000381b8    00000034     EK_TM4C123GXL.obj (.text:EK_TM4C123GXL_initUART)
                  000381ec    00000034     driverlib.lib : sysctl.obj (.text:SysCtlPeripheralEnable)
                  00038220    00000034     rtsv7M4_T_le_v4SPD16_eabi.lib : fopen.c.obj (.text:__TI_cleanup)
                  00038254    00000034                                   : trgmsg.c.obj (.text:__TI_readmsg)
                  00038288    00000034     ti.mw.fatfs.aem4f : ff.oem4f (.text:dir_remove)
                  000382bc    00000034                       : ffcio.oem4f (.text:ffcio_lseek)
                  000382f0    00000034     sysbios.aem4f : BIOS.obj (.text:ti_sysbios_family_arm_m3_Hwi_Instance_finalize__E)
                  00038324    00000004     --HOLE-- [fill = 0]
                  00038328    00000034                   : BIOS.obj (.text:ti_sysbios_family_arm_m3_Hwi_excNmi__I)
                  0003835c    00000004     --HOLE-- [fill = 0]
                  00038360    00000034                   : BIOS.obj (.text:ti_sysbios_hal_Hwi_checkStack)
                  00038394    00000034     SlaveController_pem4f.oem4f (.text:ti_sysbios_knl_Clock_construct)
                  000383c8    00000034     ti.mw.fatfs.aem4f : ff.oem4f (.text:validate)
                  000383fc    00000034     ti.targets.arm.rtsarm.aem4f : Core-label.oem4f (.text:xdc_runtime_Core_assignLabel__I)
                  00038430    00000033                                 : Text.oem4f (.text:xdc_runtime_Text_printVisFxn__I)
                  00038463    00000005     --HOLE-- [fill = 0]
                  00038468    00000032     sysbios.aem4f : BIOS.obj (.text:ti_sysbios_hal_Hwi_initStack)
                  0003849a    00000002     --HOLE-- [fill = 0]
                  0003849c    00000030     EK_TM4C123GXL.obj (.text:EK_TM4C123GXL_initGPIO)
                  000384cc    00000030     drivers_tivaware.aem4f : SDSPI.oem4f (.text:SDSPI_open)
                  000384fc    00000030                            : SPI.oem4f (.text:SPI_open)
                  0003852c    00000030                            : UART.oem4f (.text:UART_open)
                  0003855c    00000030     ILI9341.obj (.text:_ZN33_INTERNAL_11_ILI9341_cpp_6ff9e12f9writeDataEh)
                  0003858c    00000030     rtsv7M4_T_le_v4SPD16_eabi.lib : getdevice.c.obj (.text:finddevice)
                  000385bc    00000030     SlaveController_pem4f.oem4f (.text:ti_sysbios_BIOS_atExitFunc__I)
                  000385ec    00000004     --HOLE-- [fill = 0]
                  000385f0    00000030     sysbios.aem4f : BIOS.obj (.text:ti_sysbios_family_arm_lm4_Timer_stop__E)
                  00038620    00000030                   : BIOS.obj (.text:ti_sysbios_family_arm_m3_TaskSupport_start__E)
                  00038650    00000030     SlaveController_pem4f.oem4f (.text:ti_sysbios_gates_GateHwi_Object__create__S)
                  00038680    00000030     SlaveController_pem4f.oem4f (.text:ti_sysbios_gates_GateMutex_Object__create__S)
                  000386b0    00000030     SlaveController_pem4f.oem4f (.text:ti_sysbios_heaps_HeapMem_Object__create__S)
                  000386e0    00000030     SlaveController_pem4f.oem4f (.text:ti_sysbios_knl_Semaphore_construct)
                  00038710    00000030     sysbios.aem4f : BIOS.obj (.text:ti_sysbios_knl_Semaphore_pendTimeout__I)
                  00038740    00000030                   : BIOS.obj (.text:ti_sysbios_knl_Task_unblockI__E)
                  00038770    00000030     ti.targets.arm.rtsarm.aem4f : SysMin.oem4f (.text:xdc_runtime_SysMin_abort__E)
                  000387a0    00000030                                 : System.oem4f (.text:xdc_runtime_System_processAtExit__E)
                  000387d0    0000002e     SlaveController_pem4f.oem4f (.text:malloc)
                  000387fe    00000002     --HOLE-- [fill = 0]
                  00038800    0000002c     Flash.obj (.text:Flash_writeMemory)
                  0003882c    0000002c     ti.mw.fatfs.aem4f : diskio.oem4f (.text:disk_register)
                  00038858    0000002c     rtsv7M4_T_le_v4SPD16_eabi.lib : fclose.c.obj (.text:fclose)
                  00038884    0000002c     SlaveController_pem4f.oem4f (.text:ti_sysbios_knl_Clock_doTick__I)
                  000388b0    0000002c     SlaveController_pem4f.oem4f (.text:ti_sysbios_knl_Queue_construct)
                  000388dc    00000004     --HOLE-- [fill = 0]
                  000388e0    0000002c     sysbios.aem4f : BIOS.obj (.text:ti_sysbios_knl_Task_restore__E)
                  0003890c    0000002c     driverlib.lib : udma.obj (.text:uDMAChannelAssign)
                  00038938    0000002c     rtsv7M4_T_le_v4SPD16_eabi.lib : unlink.c.obj (.text:unlink)
                  00038964    0000002c     ti.targets.arm.rtsarm.aem4f : Text.oem4f (.text:xdc_runtime_Text_cordText__E)
                  00038990    0000002a     driverlib.lib : gpio.obj (.text:GPIODirModeSet)
                  000389ba    0000002a     ti.targets.arm.rtsarm.aem4f : System.oem4f (.text:xdc_runtime_System_putchar__I)
                  000389e4    00000028     ti.mw.fatfs.aem4f : diskio.oem4f (.text:disk_unregister)
                  00038a0c    00000028     rtsv7M4_T_le_v4SPD16_eabi.lib : read.c.obj (.text:read)
                  00038a34    00000028     SlaveController_pem4f.oem4f (.text:ti_sysbios_BIOS_startFunc__I)
                  00038a5c    00000004     --HOLE-- [fill = 0]
                  00038a60    00000028     sysbios.aem4f : BIOS.obj (.text:ti_sysbios_knl_Swi_Module_startup__E)
                  00038a88    00000028     rtsv7M4_T_le_v4SPD16_eabi.lib : write.c.obj (.text:write)
                  00038ab0    00000026     sysbios.aem4f : m3_Hwi_asm.obj (.text:ti_sysbios_family_arm_m3_Hwi_pendSV__I)
                  00038ad6    00000026     ti.targets.arm.rtsarm.aem4f : System.oem4f (.text:xdc_runtime_System_avprintf__E)
                  00038afc    00000024     ti.mw.fatfs.aem4f : diskio.oem4f (.text:disk_ioctl)
                  00038b20    00000024                       : diskio.oem4f (.text:disk_read)
                  00038b44    00000024                       : ff.oem4f (.text:f_close)
                  00038b68    00000024                       : ffcio.oem4f (.text:ffcio_close)
                  00038b8c    00000024     SlaveController_pem4f.oem4f (.text:ti_sysbios_BIOS_errorRaiseHook__I)
                  00038bb0    00000024     SlaveController_pem4f.oem4f (.text:ti_sysbios_BIOS_registerRTSLock__I)
                  00038bd4    00000024     SlaveController_pem4f.oem4f (.text:ti_sysbios_BIOS_removeRTSLock__I)
                  00038bf8    00000024     SlaveController_pem4f.oem4f (.text:ti_sysbios_gates_GateMutex_Object__delete__S)
                  00038c1c    00000004     --HOLE-- [fill = 0]
                  00038c20    00000024     sysbios.aem4f : BIOS.obj (.text:ti_sysbios_knl_Clock_Module_startup__E)
                  00038c44    00000004     --HOLE-- [fill = 0]
                  00038c48    00000024                   : BIOS.obj (.text:ti_sysbios_knl_Task_restoreHwi__E)
                  00038c6c    00000024     driverlib.lib : udma.obj (.text:uDMAChannelControlSet)
                  00038c90    00000024     ti.targets.arm.rtsarm.aem4f : System.oem4f (.text:xdc_runtime_System_vprintf__E)
                  00038cb4    00000004     --HOLE-- [fill = 0]
                  00038cb8    00000022     sysbios.aem4f : BIOS.obj (.text:ti_sysbios_family_arm_lm4_Timer_write__I)
                  00038cda    00000022     SlaveController_pem4f.oem4f (.text:xdc_runtime_SysMin_output__I)
                  00038cfc    00000020     Flash.obj (.text:Flash_allocateMemory)
                  00038d1c    00000020     ti.mw.fatfs.aem4f : diskio.oem4f (.text:disk_write)
                  00038d3c    00000020                       : ffcio.oem4f (.text:ffcio_read)
                  00038d5c    00000020                       : ffcio.oem4f (.text:ffcio_write)
                  00038d7c    00000020     SlaveController_pem4f.oem4f (.text:ti_sysbios_BIOS_rtsLock__I)
                  00038d9c    00000004     --HOLE-- [fill = 0]
                  00038da0    00000020     sysbios.aem4f : BIOS.obj (.text:ti_sysbios_family_arm_m3_Hwi_clearInterrupt__E)
                  00038dc0    00000020                   : m3_Hwi_asm.obj (.text:ti_sysbios_family_arm_m3_Hwi_excHandlerAsm__I)
                  00038de0    00000020                   : BIOS.obj (.text:ti_sysbios_family_arm_m3_Hwi_excHandler__I)
                  00038e00    00000020     SlaveController_pem4f.oem4f (.text:ti_sysbios_gates_GateHwi_Object__delete__S)
                  00038e20    00000020     SlaveController_pem4f.oem4f (.text:ti_sysbios_heaps_HeapMem_Object__delete__S)
                  00038e40    00000020     SlaveController_pem4f.oem4f (.text:ti_sysbios_knl_Clock_Object__destruct__S)
                  00038e60    00000020     sysbios.aem4f : BIOS.obj (.text:ti_sysbios_knl_Idle_run__E)
                  00038e80    00000020     SlaveController_pem4f.oem4f (.text:ti_sysbios_knl_Semaphore_Object__destruct__S)
                  00038ea0    00000020     ti.targets.arm.rtsarm.aem4f : Registry.oem4f (.text:xdc_runtime_Registry_findById__E)
                  00038ec0    00000020                                 : SysMin.oem4f (.text:xdc_runtime_SysMin_Module_startup__E)
                  00038ee0    0000001e     ti.mw.fatfs.aem4f : ff.oem4f (.text:ld_clust)
                  00038efe    0000001e     rtsv7M4_T_le_v4SPD16_eabi.lib : strcat.c.obj (.text:strcat)
                  00038f1c    0000001e     sysbios.aem4f : m3_Hwi_asm_switch.obj (.text:ti_sysbios_family_xxx_Hwi_switchAndRunFunc)
                  00038f3a    00000002     --HOLE-- [fill = 0]
                  00038f3c    0000001c     driverlib.lib : uart.obj (.text:UARTDisable)
                  00038f58    0000001c     UART.obj (.text:UART_transmit)
                  00038f74    0000001c     ti.mw.fatfs.aem4f : diskio.oem4f (.text:disk_initialize)
                  00038f90    0000001c                       : diskio.oem4f (.text:disk_status)
                  00038fac    0000001c     drivers_tivaware.aem4f : GPIOTiva.oem4f (.text:getGpioIntIndex)
                  00038fc8    0000001c     ti.mw.fatfs.aem4f : ff.oem4f (.text:mem_cmp)
                  00038fe4    00000004     --HOLE-- [fill = 0]
                  00038fe8    0000001c     sysbios.aem4f : BIOS.obj (.text:ti_sysbios_family_arm_lm4_Seconds_get__E)
                  00039004    0000001c     SlaveController_pem4f.oem4f (.text:ti_sysbios_family_arm_m3_Hwi_Object__destruct__S)
                  00039020    0000001c     sysbios.aem4f : BIOS.obj (.text:ti_sysbios_gates_GateMutex_Instance_init__E)
                  0003903c    0000001c     SlaveController_pem4f.oem4f (.text:ti_sysbios_knl_Queue_Object__destruct__S)
                  00039058    0000001c     sysbios.aem4f : BIOS.obj (.text:ti_sysbios_knl_Queue_put__E)
                  00039074    00000004     --HOLE-- [fill = 0]
                  00039078    0000001c                   : BIOS.obj (.text:ti_sysbios_knl_Task_enter__I)
                  00039094    0000001c     ti.targets.arm.rtsarm.aem4f : Error.oem4f (.text:xdc_runtime_Error_raiseX__E)
                  000390b0    0000001c                                 : Memory.oem4f (.text:xdc_runtime_Memory_valloc__E)
                  000390cc    0000001c                                 : SysMin.oem4f (.text:xdc_runtime_SysMin_exit__E)
                  000390e8    0000001c                                 : System.oem4f (.text:xdc_runtime_System_abort__E)
                  00039104    0000001a     SlaveController_pem4f.oem4f (.text:free)
                  0003911e    0000001a     SlaveController_pem4f.oem4f (.text:ti_sysbios_family_arm_m3_Hwi_Handle__label__S)
                  00039138    0000001a     SlaveController_pem4f.oem4f (.text:ti_sysbios_gates_GateHwi_Handle__label__S)
                  00039152    0000001a     SlaveController_pem4f.oem4f (.text:ti_sysbios_gates_GateMutex_Handle__label__S)
                  0003916c    0000001a     SlaveController_pem4f.oem4f (.text:ti_sysbios_heaps_HeapMem_Handle__label__S)
                  00039186    0000001a     SlaveController_pem4f.oem4f (.text:ti_sysbios_knl_Swi_Handle__label__S)
                  000391a0    0000001a     SlaveController_pem4f.oem4f (.text:ti_sysbios_knl_Task_Handle__label__S)
                  000391ba    0000001a     ti.mw.fatfs.aem4f : ff.oem4f (.text:unlock_fs)
                  000391d4    0000001a     SlaveController_pem4f.oem4f (.text:xdc_runtime_System_aprintf__E)
                  000391ee    0000001a     SlaveController_pem4f.oem4f (.text:xdc_runtime_System_printf__E)
                  00039208    00000018     driverlib.lib : gpio.obj (.text:GPIOPinTypeGPIOOutput)
                  00039220    00000018     drivers_tivaware.aem4f : UART.oem4f (.text:UART_Params_init)
                  00039238    00000018     UART.obj (.text:UART_receive)
                  00039250    00000018     animator.obj (.text:_Z11readHalfIntPh)
                  00039268    00000018     ILI9341.obj (.text:_Z18ILI9341_fillScreenj)
                  00039280    00000018     ILI9341.obj (.text:_ZN33_INTERNAL_11_ILI9341_cpp_6ff9e12f8deselectEv)
                  00039298    00000018     rtsv7M4_T_le_v4SPD16_eabi.lib : args_main.c.obj (.text:_args_main)
                  000392b0    00000018     ti.mw.fatfs.aem4f : ff.oem4f (.text:clust2sect)
                  000392c8    00000018                       : ffosal.oem4f (.text:ff_cre_syncobj)
                  000392e0    00000018     rtsv7M4_T_le_v4SPD16_eabi.lib : strcmp.c.obj (.text:strcmp)
                  000392f8    00000018     SlaveController_pem4f.oem4f (.text:ti_sysbios_BIOS_rtsUnlock__I)
                  00039310    00000018     SlaveController_pem4f.oem4f (.text:ti_sysbios_family_arm_lm4_Timer_Module__startupDone__F)
                  00039328    00000018     SlaveController_pem4f.oem4f (.text:ti_sysbios_family_arm_m3_Hwi_Module__startupDone__F)
                  00039340    00000018     sysbios.aem4f : m3_TaskSupport_asm.obj (.text:ti_sysbios_family_arm_m3_TaskSupport_swap__E)
                  00039358    00000018                   : BIOS.obj (.text:ti_sysbios_gates_GateMutex_leave__E)
                  00039370    00000018                   : BIOS.obj (.text:ti_sysbios_knl_Task_sleepTimeout__I)
                  00039388    00000018     SlaveController_pem4f.oem4f (.text:time)
                  000393a0    00000018     driverlib.lib : udma.obj (.text:uDMAChannelDisable)
                  000393b8    00000018                   : udma.obj (.text:uDMAChannelEnable)
                  000393d0    00000018                   : udma.obj (.text:uDMAChannelIsEnabled)
                  000393e8    00000018     ti.targets.arm.rtsarm.aem4f : Error.oem4f (.text:xdc_runtime_Error_check__E)
                  00039400    00000018                                 : System.oem4f (.text:xdc_runtime_System_exit__E)
                  00039418    00000018                                 : Text.oem4f (.text:xdc_runtime_Text_ropeText__E)
                  00039430    00000016     tirtosport.aem4f : SemaphoreP_tirtos.oem4f (.text:SemaphoreP_delete)
                  00039446    00000016     start.obj (.text:_ZN30_INTERNAL_9_start_cpp_c81e5b2e31ti_sysbios_knl_Task_Params_initEP26ti_sysbios_knl_Task_Params)
                  0003945c    00000016     ti.mw.fatfs.aem4f : ff.oem4f (.text:mem_cpy)
                  00039472    00000016     rtsv7M4_T_le_v4SPD16_eabi.lib : strchr.c.obj (.text:strchr)
                  00039488    00000016     SlaveController_pem4f.oem4f (.text:ti_sysbios_BIOS_exitFunc__I)
                  0003949e    00000016     EK_TM4C123GXL.obj (.text:ti_sysbios_family_arm_m3_Hwi_Params_init)
                  000394b4    00000014     drivers_tivaware.aem4f : SPI.oem4f (.text:SPI_Params_init)
                  000394c8    00000014     driverlib.lib : uart.obj (.text:UARTEnable)
                  000394dc    00000014     animator.obj (.text:_Z28animator_setBackgroundColorsPKj)
                  000394f0    00000014     ti.mw.fatfs.aem4f : ffosal.oem4f (.text:ff_req_grant)
                  00039504    00000014                       : ff.oem4f (.text:mem_set)
                  00039518    00000014     rtsv7M4_T_le_v4SPD16_eabi.lib : strcpy.c.obj (.text:strcpy)
                  0003952c    00000014                                   : strlen.c.obj (.text:strlen)
                  00039540    00000014     SlaveController_pem4f.oem4f (.text:ti_sysbios_family_arm_m3_Hwi_Object__get__S)
                  00039554    00000004     --HOLE-- [fill = 0]
                  00039558    00000014     sysbios.aem4f : BIOS.obj (.text:ti_sysbios_family_arm_m3_Hwi_switchFromBootStack__E)
                  0003956c    00000014     SlaveController_pem4f.oem4f (.text:ti_sysbios_heaps_HeapMem_Object__get__S)
                  00039580    00000014     SlaveController_pem4f.oem4f (.text:ti_sysbios_knl_Swi_Object__get__S)
                  00039594    00000012     Flash.obj (.text:Flash_writeCommand)
                  000395a6    00000012     driverlib.lib : gpio.obj (.text:GPIOPinTypeGPIOInput)
                  000395b8    00000012                   : gpio.obj (.text:GPIOPinTypeSSI)
                  000395ca    00000012                   : gpio.obj (.text:GPIOPinTypeUART)
                  000395dc    00000012     drivers_tivaware.aem4f : RingBuf.oem4f (.text:RingBuf_construct)
                  000395ee    00000012                            : SDSPITiva.oem4f (.text:SDSPITiva_init)
                  00039600    00000012     driverlib.lib : ssi.obj (.text:SSIDataGetNonBlocking)
                  00039612    00000012     tirtosport.aem4f : SemaphoreP_tirtos.oem4f (.text:SemaphoreP_pend)
                  00039624    00000012     ti.mw.fatfs.aem4f : ff.oem4f (.text:chk_chr)
                  00039636    00000012                       : ffcio.oem4f (.text:ffcio_rename)
                  00039648    00000012                       : ffcio.oem4f (.text:ffcio_unlink)
                  0003965a    00000006     driverlib.lib : gpio.obj (.text:GPIOIntClear)
                  00039660    00000012     sysbios.aem4f : BIOS.obj (.text:ti_sysbios_hal_Hwi_Module_startup__E)
                  00039672    00000012     SlaveController_pem4f.oem4f (.text:xdc_runtime_Startup_exec__I)
                  00039684    00000010     Flash.obj (.text:Flash_releaseSPI)
                  00039694    00000010     drivers_tivaware.aem4f : SDSPITiva.oem4f (.text:SDSPITiva_diskStatus)
                  000396a4    00000010                            : SDSPI.oem4f (.text:SDSPI_Params_init)
                  000396b4    00000010     SD.obj (.text:SD_closeFile)
                  000396c4    00000010     SD.obj (.text:SD_releaseSDCard)
                  000396d4    00000010     UART.obj (.text:UART_sendByte)
                  000396e4    00000010     ILI9341.obj (.text:_Z19beginSPITransactionv)
                  000396f4    00000010     drivers_tivaware.aem4f : UARTTiva.oem4f (.text:readBlockingTimeout)
                  00039704    00000010     ti.mw.fatfs.aem4f : ff.oem4f (.text:st_clust)
                  00039714    00000004     --HOLE-- [fill = 0]
                  00039718    00000010     sysbios.aem4f : BIOS.obj (.text:ti_sysbios_BIOS_getCpuFreq__E)
                  00039728    00000010                   : BIOS.obj (.text:ti_sysbios_BIOS_setThreadType__E)
                  00039738    00000010                   : BIOS.obj (.text:ti_sysbios_BIOS_start__E)
                  00039748    00000010                   : BIOS.obj (.text:ti_sysbios_family_arm_lm4_TimestampProvider_rolloverFunc__E)
                  00039758    00000010                   : m3_TaskSupport_asm.obj (.text:ti_sysbios_family_arm_m3_TaskSupport_glue)
                  00039768    00000010                   : BIOS.obj (.text:ti_sysbios_gates_GateMutex_Instance_finalize__E)
                  00039778    00000010                   : BIOS.obj (.text:ti_sysbios_knl_Semaphore_Instance_finalize__E)
                  00039788    00000010                   : BIOS.obj (.text:ti_sysbios_knl_Swi_disable__E)
                  00039798    00000010     SlaveController_pem4f.oem4f (.text:ti_sysbios_knl_Task_Object__get__S)
                  000397a8    00000010     sysbios.aem4f : BIOS.obj (.text:ti_sysbios_knl_Task_disable__E)
                  000397b8    00000010     driverlib.lib : udma.obj (.text:uDMAEnable)
                  000397c8    00000010     ti.targets.arm.rtsarm.aem4f : Gate.oem4f (.text:xdc_runtime_Gate_leaveSystem__E)
                  000397d8    00000010                                 : Memory.oem4f (.text:xdc_runtime_Memory_free__E)
                  000397e8    00000010                                 : SysMin.oem4f (.text:xdc_runtime_SysMin_ready__E)
                  000397f8    00000010                                 : System.oem4f (.text:xdc_runtime_System_vsnprintf__E)
                  00039808    00000010     SlaveController_pem4f.oem4f (.text:xdc_runtime_Text_visitRope__I)
                  00039818    0000000e     driverlib.lib : gpio.obj (.text:GPIOIntStatus)
                  00039826    0000000e                   : uart.obj (.text:UARTCharGetNonBlocking)
                  00039834    0000000e                   : uart.obj (.text:UARTCharPutNonBlocking)
                  00039842    0000000e     rtsv7M4_T_le_v4SPD16_eabi.lib : copy_decompress_none.c.obj (.text:decompress:none:__TI_decompress_none)
                  00039850    0000000e     sysbios.aem4f : BIOS.obj (.text:ti_sysbios_knl_Idle_loop__E)
                  0003985e    00000002     --HOLE-- [fill = 0]
                  00039860    0000000e                   : BIOS.obj (.text:ti_sysbios_knl_Queue_empty__E)
                  0003986e    00000002     --HOLE-- [fill = 0]
                  00039870    0000000c     SlaveController_pem4f.oem4f (.text:.bootCodeSection:ti_catalog_arm_cortexm4_tiva_ce_Boot_init__I)
                  0003987c    0000000c     drivers_tivaware.aem4f : RingBuf.oem4f (.text:RingBuf_peek)
                  00039888    0000000c     driverlib.lib : ssi.obj (.text:SSIDataGet)
                  00039894    0000000c                   : uart.obj (.text:UARTFlowControlSet)
                  000398a0    0000000c     drivers_tivaware.aem4f : UARTTiva.oem4f (.text:UARTTiva_init)
                  000398ac    0000000c     rtsv7M4_T_le_v4SPD16_eabi.lib : _lock.c.obj (.text:_register_lock)
                  000398b8    0000000c                                   : _lock.c.obj (.text:_register_unlock)
                  000398c4    0000000c                                   : copy_zero_init.c.obj (.text:decompress:ZI:__TI_zero_init)
                  000398d0    0000000c     Utils.obj (.text:sleep)
                  000398dc    00000004     --HOLE-- [fill = 0]
                  000398e0    0000000c     sysbios.aem4f : BIOS.obj (.text:ti_sysbios_family_arm_lm4_Timer_getMaxTicks__E)
                  000398ec    00000004     --HOLE-- [fill = 0]
                  000398f0    0000000c                   : BIOS.obj (.text:ti_sysbios_family_arm_lm4_TimestampProvider_startTimer__E)
                  000398fc    0000000c     SlaveController_pem4f.oem4f (.text:ti_sysbios_family_arm_m3_Hwi_Params__init__S)
                  00039908    0000000c     sysbios.aem4f : BIOS.obj (.text:ti_sysbios_family_arm_m3_Hwi_disableFxn__E)
                  00039914    00000004     --HOLE-- [fill = 0]
                  00039918    0000000c                   : BIOS.obj (.text:ti_sysbios_family_arm_m3_TaskSupport_checkStack__E)
                  00039924    00000004     --HOLE-- [fill = 0]
                  00039928    0000000c                   : BIOS.obj (.text:ti_sysbios_family_arm_m3_TaskSupport_getStackAlignment__E)
                  00039934    00000004     --HOLE-- [fill = 0]
                  00039938    0000000c                   : BIOS.obj (.text:ti_sysbios_gates_GateHwi_enter__E)
                  00039944    0000000c     SlaveController_pem4f.oem4f (.text:ti_sysbios_knl_Clock_Params__init__S)
                  00039950    0000000c     sysbios.aem4f : BIOS.obj (.text:ti_sysbios_knl_Clock_getTicks__E)
                  0003995c    0000000c     SlaveController_pem4f.oem4f (.text:ti_sysbios_knl_Queue_Object__get__S)
                  00039968    0000000c     SlaveController_pem4f.oem4f (.text:ti_sysbios_knl_Semaphore_Params__init__S)
                  00039974    0000000c     SlaveController_pem4f.oem4f (.text:ti_sysbios_knl_Task_Params__init__S)
                  00039980    0000000c     driverlib.lib : udma.obj (.text:uDMAControlBaseSet)
                  0003998c    0000000c                   : udma.obj (.text:uDMAErrorStatusClear)
                  00039998    0000000c                   : udma.obj (.text:uDMAErrorStatusGet)
                  000399a4    0000000c                   : udma.obj (.text:uDMAIntStatus)
                  000399b0    0000000c     ti.targets.arm.rtsarm.aem4f : Error.oem4f (.text:xdc_runtime_Error_init__E)
                  000399bc    0000000c                                 : Gate.oem4f (.text:xdc_runtime_Gate_enterSystem__E)
                  000399c8    0000000c                                 : Memory.oem4f (.text:xdc_runtime_Memory_calloc__E)
                  000399d4    0000000c                                 : Memory.oem4f (.text:xdc_runtime_Memory_getMaxDefaultTypeAlign__E)
                  000399e0    0000000a     Flash.obj (.text:Flash_transferSPI)
                  000399ea    0000000a     drivers_tivaware.aem4f : SDSPI.oem4f (.text:SDSPI_close)
                  000399f4    0000000a                            : SPITivaDMA.oem4f (.text:SPITivaDMA_init)
                  000399fe    0000000a                            : SPI.oem4f (.text:SPI_close)
                  00039a08    0000000a                            : SPI.oem4f (.text:SPI_transfer)
                  00039a12    0000000a     driverlib.lib : ssi.obj (.text:SSIDMADisable)
                  00039a1c    0000000a                   : ssi.obj (.text:SSIDataPut)
                  00039a26    0000000a                   : ssi.obj (.text:SSIDisable)
                  00039a30    0000000a                   : ssi.obj (.text:SSIEnable)
                  00039a3a    0000000a                   : ssi.obj (.text:SSIIntDisable)
                  00039a44    0000000a     tirtosport.aem4f : SemaphoreP_tirtos.oem4f (.text:SemaphoreP_post)
[...]
000394f1  ff_req_grant                                                      
00039519  strcpy                                                            
0003952d  strlen                                                            
00039541  ti_sysbios_family_arm_m3_Hwi_Object__get__S                       
00039559  ti_sysbios_family_arm_m3_Hwi_switchFromBootStack__E               
00039559  ti_sysbios_hal_Hwi_HwiProxy_switchFromBootStack__E                
00039559  ti_sysbios_hal_Hwi_switchFromBootStack__E                         
0003956d  ti_sysbios_heaps_HeapMem_Object__get__S                           
00039581  ti_sysbios_knl_Swi_Object__get__S                                 
00039595  Flash_writeCommand                                                
000395a7  GPIOPinTypeGPIOInput                                              
000395b9  GPIOPinTypeSSI                                                    
000395cb  GPIOPinTypeUART                                                   
000395dd  RingBuf_construct                                                 
000395ef  SDSPITiva_init                                                    
00039601  SSIDataGetNonBlocking                                             
00039613  SemaphoreP_pend                                                   
00039637  ffcio_rename                                                      
00039649  ffcio_unlink                                                      
0003965b  GPIOIntClear                                                      
00039661  ti_sysbios_hal_Hwi_Module_startup__E                              
00039673  xdc_runtime_Startup_exec__I                                       
00039685  Flash_releaseSPI                                                  
00039695  SDSPITiva_diskStatus                                              
000396a5  SDSPI_Params_init                                                 
000396b5  SD_closeFile                                                      
000396c5  SD_releaseSDCard                                                  
000396d5  UART_sendByte                                                     
000396e5  _Z19beginSPITransactionv                                          
00039719  ti_sysbios_BIOS_getCpuFreq__E                                     
00039719  ti_sysbios_family_arm_lm4_TimestampProvider_getFreq__E            
00039719  xdc_runtime_Timestamp_SupportProxy_getFreq__E                     
00039719  xdc_runtime_Timestamp_getFreq__E                                  
00039729  ti_sysbios_BIOS_setThreadType__E                                  
00039739  osi_start                                                         
00039739  ti_sysbios_BIOS_start__E                                          
00039749  ti_sysbios_family_arm_lm4_TimestampProvider_rolloverFunc__E       
00039759  ti_sysbios_family_arm_m3_TaskSupport_glue                         
00039769  ti_sysbios_gates_GateMutex_Instance_finalize__E                   
00039779  ti_sysbios_knl_Semaphore_Instance_finalize__E                     
00039789  ti_sysbios_knl_Swi_disable__E                                     
00039799  ti_sysbios_knl_Task_Object__get__S                                
000397a9  osi_TaskDisable                                                   
000397a9  ti_sysbios_knl_Task_disable__E                                    
000397b9  uDMAEnable                                                        
000397c9  xdc_runtime_Gate_leaveSystem__E                                   
000397d9  xdc_runtime_Memory_free__E                                        
000397e9  xdc_runtime_SysMin_ready__E                                       
000397e9  xdc_runtime_System_SupportProxy_ready__E                          
000397f9  xdc_runtime_System_vsnprintf__E                                   
00039809  xdc_runtime_Text_visitRope__I                                     
00039819  GPIOIntStatus                                                     
00039827  UARTCharGetNonBlocking                                            
00039835  UARTCharPutNonBlocking                                            
00039843  __TI_decompress_none                                              
00039851  ti_sysbios_knl_Idle_loop__E                                       
00039861  ti_sysbios_knl_Queue_empty__E                                     
00039871  ti_catalog_arm_cortexm4_tiva_ce_Boot_init__I                      
0003987d  RingBuf_peek                                                      
00039889  SSIDataGet                                                        
00039895  UARTFlowControlSet                                                
000398a1  UARTTiva_init                                                     
000398ad  _register_lock                                                    
000398b9  _register_unlock                                                  
000398c5  __TI_zero_init                                                    
000398d1  sleep                                                             
000398e1  ti_sysbios_family_arm_lm4_Timer_getMaxTicks__E                    
000398f1  ti_sysbios_family_arm_lm4_TimestampProvider_startTimer__E         
000398fd  ti_sysbios_family_arm_m3_Hwi_Params__init__S                      
000398fd  ti_sysbios_hal_Hwi_HwiProxy_Params__init__S                       
00039909  ti_sysbios_family_arm_m3_Hwi_disableFxn__E                        
00039909  ti_sysbios_hal_Hwi_HwiProxy_disable__E                            
00039919  ti_sysbios_family_arm_m3_TaskSupport_checkStack__E                
00039919  ti_sysbios_knl_Task_SupportProxy_checkStack__E                    
00039929  ti_sysbios_family_arm_m3_TaskSupport_getStackAlignment__E         
00039929  ti_sysbios_knl_Task_SupportProxy_getStackAlignment__E             
00039939  ti_sysbios_gates_GateHwi_enter__E                                 
00039945  ti_sysbios_knl_Clock_Params__init__S                              
00039951  ti_sysbios_knl_Clock_getTicks__E                                  
0003995d  ti_sysbios_knl_Queue_Object__get__S                               
00039969  ti_sysbios_knl_Semaphore_Params__init__S                          
00039975  ti_sysbios_knl_Task_Params__init__S                               
00039981  uDMAControlBaseSet                                                
0003998d  uDMAErrorStatusClear                                              
00039999  uDMAErrorStatusGet                                                
000399a5  uDMAIntStatus                                                     
000399b1  xdc_runtime_Error_init__E                                         
000399bd  xdc_runtime_Gate_enterSystem__E                                   
000399c9  xdc_runtime_Memory_calloc__E                                      
000399d5  xdc_runtime_Memory_getMaxDefaultTypeAlign__E                      
000399e1  Flash_transferSPI                                                 
000399eb  SDSPI_close                                                       
000399f5  SPITivaDMA_init                                                   
000399ff  SPI_close                                                         
00039a09  SPI_transfer                                                      
00039a13  SSIDMADisable                                                     
00039a1d  SSIDataPut                                                        
00039a27  SSIDisable                                                        
00039a31  SSIEnable                                                         
00039a3b  SSIIntDisable                                                     
00039a45  SemaphoreP_post                                                   
00039a45  SemaphoreP_postFromClock                                          
00039a45  SemaphoreP_postFromISR                                            
00039a4f  UARTCharGet                                                       
00039a59  UARTCharPut                                                       
00039a63  UARTIntDisable                                                    
00039a6d  UARTIntStatus                                                     
00039a77  UART_read                                                         
00039a81  UART_write                                                        
00039a8b  ff_del_syncobj                                                    
00039a95  xdc_runtime_Memory_HeapProxy_alloc__E                             
00039a9f  xdc_runtime_Memory_HeapProxy_free__E                              
00039aa9  SSIDMAEnable                                                      
00039ab1  SSIIntEnable                                                      
00039ab9  UARTIntEnable                                                     
00039ac1  UARTRxErrorGet                                                    
00039ac9  millis                                                            
00039ad9  ti_sysbios_family_arm_lm4_Timer_masterDisable__I                  
00039ae1  ti_sysbios_family_arm_m3_Hwi_doSwiRestore__I                      
00039ae9  ti_sysbios_family_arm_m3_Hwi_startup__E                           
00039ae9  ti_sysbios_hal_Hwi_HwiProxy_startup__E                            
00039ae9  ti_sysbios_hal_Hwi_startup__E                                     
00039af9  GPIOPinWrite                                                      
00039aff  SDSPITiva_control                                                 
00039b05  SPITivaDMA_control                                                
00039b11  UARTFIFOLevelSet                                                  
00039b17  UARTRxErrorClear                                                  
00039b23  ti_catalog_arm_cortexm4_tiva_ce_Boot_sysCtlDelayI__I              
00039b29  ti_sysbios_family_arm_lm4_TimestampProvider_Module_startup__E     
00039b31  ti_sysbios_family_arm_m3_Hwi_doTaskRestore__I                     
00039b39  ti_sysbios_family_arm_m3_Hwi_restoreFxn__E                        
00039b39  ti_sysbios_hal_Hwi_HwiProxy_restore__E                            
00039b41  ti_sysbios_gates_GateHwi_leave__E                                 
00039b49  ti_sysbios_heaps_HeapMem_isBlocking__E                            
00039b51  ti_sysbios_knl_Clock_stop__E                                      
00039b59  ti_sysbios_knl_Queue_Instance_init__E                             
00039b61  ti_sysbios_knl_Swi_startup__E                                     
00039b67  xdc_runtime_System_Module_startup__E                              
00039b71  ti_sysbios_family_arm_lm4_Timer_getPeriod__E                      
00039b79  ti_sysbios_gates_GateHwi_query__E                                 
00039b79  xdc_runtime_Main_Module_GateProxy_query__E                        
00039b79  xdc_runtime_System_Module_GateProxy_query__E                      
00039b81  ti_sysbios_BIOS_RtsGateProxy_query__E                             
00039b81  ti_sysbios_gates_GateMutex_query__E                               
00039b81  ti_sysbios_heaps_HeapMem_Module_GateProxy_query__E                
00039b89  ti_sysbios_knl_Task_startup__E                                    
00039b91  ti_sysbios_gates_GateHwi_Instance_init__E                         
00039b99  ti_sysbios_knl_Clock_logTick__E                                   
00039ba0  __TI_static_base__                                                
00039dfc  __TI_Handler_Table_Base                                           
00039e08  __TI_Handler_Table_Limit                                          
00039e18  __TI_CINIT_Base                                                   
00039e30  __TI_CINIT_Limit                                                  
20000000  __start___llvm_prf_cnts                                           
20000000  __stop___llvm_prf_cnts                                            
20000000  ti_sysbios_family_arm_m3_Hwi_ramVectors                           
20000400  ti_sysbios_heaps_HeapMem_Instance_State_0_buf__A                  
20002400  st                                                                
20004340  animation                                                         
20005240  finalColors                                                       
20005744  ti_sysbios_family_arm_m3_Hwi_dispatchTable                        
20005aa4  buffer                                                            
20005d60  sdspiTivaObjects                                                  
20005fa0  ts                                                                
20006200  ti_sysbios_knl_Task_Instance_State_0_stack__A                     
20006400  layer                                                             
20006544  Flash_txBuffer                                                    
20006670  smallBuffer2                                                      
2000679c  __CIOBUF_                                                         
200068bc  rowsToUpdate                                                      
200069b0  spiTivaDMAObjects                                                 
20006a94  spriteSendables                                                   
20006b74  uartTivaObjects                                                   
20006c40  __TI_tmpnams                                                      
20006d70  xdc_runtime_SysMin_Module_State_0_outbuf__A                       
20006e18  uartParams                                                        
20006e3c  Flash_spi_params                                                  
20006e5c  uartTivaRingBuffer                                                
20006e98  Flash_transaction                                                 
20006eac  backgroundColorIndex                                              
20006ec0  colors                                                            
20006ee4  parmbuf                                                           
20006eec  sdspiParams                                                       
20006ef4  Flash_spi                                                         
20006ef8  backgroundColors                                                  
20006efc  bufferptr                                                         
20006f00  spiTivaDMAscratchBuf                                              
20006f0c  currentLocation                                                   
20006f14  persistentBackgroundMemLocation                                   
20006f18  sdspiHandle                                                       
20006f1c  src                                                               
20006f20  uart                                                              
20006f28  _ftable                                                           
20007018  ti_sysbios_family_arm_lm4_Timer_Object__table__V                  
20007098  ti_sysbios_knl_Swi_Module_State_0_readyQ__A                       
20007118  ti_sysbios_knl_Task_Module_State_0_readyQ__A                      
20007198  _device                                                           
20007210  _stream                                                           
200072b0  ti_sysbios_knl_Task_Object__table__V                              
200072fc  ti_sysbios_knl_Task_Module__state__V                              
20007340  ti_sysbios_gates_GateMutex_Object__table__V                       
20007378  ti_sysbios_family_arm_m3_Hwi_Module__state__V                     
200073ac  ti_sysbios_family_arm_lm4_Timer_Module_State_0_device__A          
200073dc  ti_sysbios_family_arm_m3_Hwi_Object__table__V                     
2000740c  ti_sysbios_knl_Swi_Object__table__V                               
2000743c  ti_sysbios_knl_Clock_Module__state__V                             
2000748c  ti_sysbios_BIOS_Module__state__V                                  
200074b0  ti_sysbios_knl_Swi_Module__state__V                               
200074cc  ti_sysbios_family_arm_lm4_Timer_Module_State_0_handles__A         
200074e4  ti_sysbios_heaps_HeapMem_Object__table__V                         
200074fc  gpioPinConfigs                                                    
20007510  _tz                                                               
20007520  __TI_ft_end                                                       
20007524  __aeabi_stdin                                                     
20007528  __aeabi_stdout                                                    
2000752c  __aeabi_stderr                                                    
20007530  __TI_cleanup_ptr                                                  
20007534  __TI_dtors_ptr                                                    
20007538  __TI_enable_exit_profile_output                                   
2000753c  ti_sysbios_family_arm_lm4_Timer_Module__state__V                  
20007548  xdc_runtime_SysMin_Module__state__V                               
20007554  _lock                                                             
20007558  _unlock                                                           
2000755c  gpioCallbackFunctions                                             
20007564  ti_sysbios_family_arm_lm4_Seconds_Module__state__V                
2000756c  ti_sysbios_family_arm_lm4_TimestampProvider_Module__state__V      
20007574  ti_sysbios_family_arm_m3_Hwi_Module__root__V                      
2000757c  ti_sysbios_gates_GateHwi_Module__root__V                          
20007584  ti_sysbios_gates_GateMutex_Module__root__V                        
2000758c  ti_sysbios_heaps_HeapMem_Module__root__V                          
20007594  ti_sysbios_knl_Clock_Module__root__V                              
2000759c  ti_sysbios_knl_Queue_Module__root__V                              
200075a4  ti_sysbios_knl_Semaphore_Module__root__V                          
200075ac  ti_sysbios_knl_Task_Module__root__V                               
200075b4  xdc_runtime_Registry_Module__state__V                             
200075bc  xdc_runtime_Startup_Module__state__V                              
200075c4  xdc_runtime_System_Module_State_0_atexitHandlers__A               
200075cc  xdc_runtime_System_Module__state__V                               
200075da  activeAnimations                                                  
200075dc  toRemove                                                          
200075de  ti_sysbios_family_arm_m3_Hwi_Module_State_0_excActive__A          
200075fc  main_func_sp                                                      
20007604  ti_sysbios_family_arm_m3_Hwi_Module_State_0_excContext__A         
20007608  ti_sysbios_family_arm_m3_Hwi_Module_State_0_excStack__A           
2000760c  ti_sysbios_gates_GateHwi_Object__table__V                         
20007610  ti_sysbios_knl_Task_Module_State_0_idleTask__A                    
20007614  xdc_runtime_Memory_Module__state__V                               
20007618  xdc_runtime_Error_Module__state__V                                
20007620  __stack                                                           
20007a20  __STACK_END                                                       
e000e000  ti_sysbios_family_arm_m3_Hwi_nvic                                 
ffffffff  __TI_pprof_out_hndl                                               
ffffffff  __TI_prof_data_size                                               
ffffffff  __TI_prof_data_start                                              
ffffffff  __binit__                                                         
ffffffff  __c_args__                                                        
ffffffff  binit                                                             
UNDEFED   SHT$$INIT_ARRAY$$Base                                             
UNDEFED   SHT$$INIT_ARRAY$$Limit                                            

[848 symbols]
