******************************************************************************
                  TI ARM Linker PC v19.6.0                     
******************************************************************************
>> Linked Tue Apr  7 02:41:30 2020

OUTPUT FILE NAME:   <SlaveController.out>
ENTRY POINT SYMBOL: "_c_int00"  address: 0000a14d


MEMORY CONFIGURATION

         name            origin    length      used     unused   attr    fill
----------------------  --------  ---------  --------  --------  ----  --------
  FLASH                 00000000   00040000  00010b8c  0002f474  R  X
  SRAM                  20000000   00008000  00006d44  000012bc  RW X


SEGMENT ALLOCATION MAP

run origin  load origin   length   init length attrs members
----------  ----------- ---------- ----------- ----- -------
00000000    00000000    00010b98   00010b98    r-x
  00000000    00000000    0000003c   0000003c    r-- .resetVecs
  00000040    00000040    0000d4d2   0000d4d2    r-x .text
  0000d514    0000d514    000033ee   000033ee    r-- .const
  00010908    00010908    00000290   00000290    r-- .cinit
20000000    20000000    00000360   00000000    rw-
  20000000    20000000    00000360   00000000    rw- .vecs
20000400    20000400    000069e8   00000000    rw-
  20000400    20000400    00005fe6   00000000    rw- .bss
  200063e8    200063e8    000006fe   00000000    rw- .data
  20006ae8    20006ae8    00000300   00000000    rw- .stack


SECTION ALLOCATION MAP

 output                                  attributes/
section   page    origin      length       input sections
--------  ----  ----------  ----------   ----------------
.text      0    00000040    0000d4d2     
                  00000040    00000a4e     rtsv7M4_T_le_v4SPD16_eabi.lib : _printfi.c.obj (.text:__TI_printfi)
                  00000a8e    00000002     drivers_tivaware.aem4f : SPITivaDMA.oem4f (.text:SPITivaDMA_serviceISR)
                  00000a90    0000074c     animator.obj (.text:_Z15animator_updatev)
                  000011dc    00000004     driverlib.lib : ssi.obj (.text:SSIIntClear)
                  000011e0    00000430     sysbios.aem4f : BIOS.obj (.text:ti_sysbios_family_arm_m3_Hwi_excDumpRegs__I)
                  00001610    0000034c     ti.targets.arm.rtsarm.aem4f : System.oem4f (.text:xdc_runtime_System_doPrint__I)
                  0000195c    00000324     ti.mw.fatfs.aem4f : ff.oem4f (.text:find_volume)
                  00001c80    000002e4     animator.obj (.text:_Z28animator_readCharacterSDCardh)
                  00001f64    00000004     driverlib.lib : uart.obj (.text:UARTIntClear)
                  00001f68    000002b8     sysbios.aem4f : BIOS.obj (.text:ti_sysbios_knl_Semaphore_pend__E)
                  00002220    000002a0     rtsv7M4_T_le_v4SPD16_eabi.lib : mktime.c.obj (.text:__mktime32)
                  000024c0    00000270                                   : _printfi.c.obj (.text:_pconv_a)
                  00002730    0000026c     sysbios.aem4f : BIOS.obj (.text:ti_sysbios_heaps_HeapMem_free__E)
                  0000299c    00000004     rtsv7M4_T_le_v4SPD16_eabi.lib : printf.c.obj (.text:_outc)
                  000029a0    00000250     sysbios.aem4f : BIOS.obj (.text:ti_sysbios_heaps_HeapMem_alloc__E)
                  00002bf0    00000234                   : BIOS.obj (.text:ti_sysbios_knl_Task_Instance_finalize__E)
                  00002e24    0000020c     drivers_tivaware.aem4f : UARTTiva.oem4f (.text:UARTTiva_open)
                  00003030    000001f4                            : SDSPITiva.oem4f (.text:SDSPITiva_diskInitialize)
                  00003224    00000004     rtsv7M4_T_le_v4SPD16_eabi.lib : printf.c.obj (.text:_outs)
                  00003228    000001f4     sysbios.aem4f : BIOS.obj (.text:ti_sysbios_family_arm_m3_Hwi_excHandlerMax__I)
                  0000341c    00000004     rtsv7M4_T_le_v4SPD16_eabi.lib : exit.c.obj (.text:abort:abort)
                  00003420    000001d8     sysbios.aem4f : BIOS.obj (.text:ti_sysbios_knl_Task_sleep__E)
                  000035f8    000001d0     rtsv7M4_T_le_v4SPD16_eabi.lib : _printfi.c.obj (.text:_pconv_g)
                  000037c8    000001cc     animator.obj (.text:_Z16animator_animatehhsshhhhhb)
                  00003994    00000004     ti.mw.fatfs.aem4f : ffosal.oem4f (.text:ff_rel_grant)
                  00003998    000001c0     sysbios.aem4f : BIOS.obj (.text:ti_sysbios_knl_Task_Instance_init__E)
                  00003b58    000001b6     rtsv7M4_T_le_v4SPD16_eabi.lib : fd_add_t2.asm.obj (.text)
                  00003d0e    000001a4     ti.mw.fatfs.aem4f : ff.oem4f (.text:f_write)
                  00003eb2    00000178                       : ff.oem4f (.text:f_read)
                  0000402a    00000006     driverlib.lib : gpio.obj (.text:GPIOIntClear)
                  00004030    00000174     sysbios.aem4f : BIOS.obj (.text:ti_sysbios_family_arm_m3_Hwi_excBusFault__I)
                  000041a4    00000170     ILI9341.obj (.text:_Z12ILI9341_initv)
                  00004314    00000164     ti.mw.fatfs.aem4f : ff.oem4f (.text:f_open)
                  00004478    00000164     sysbios.aem4f : BIOS.obj (.text:ti_sysbios_family_arm_m3_Hwi_excUsageFault__I)
                  000045dc    0000015a     ti.mw.fatfs.aem4f : ff.oem4f (.text:f_lseek)
                  00004736    00000002     rtsv7M4_T_le_v4SPD16_eabi.lib : _lock.c.obj (.text:_nop)
                  00004738    00000154     animator.obj (.text:_Z29animator_readPersistentSpritePKcth)
                  0000488c    00000150     drivers_tivaware.aem4f : GPIOTiva.oem4f (.text:GPIO_setConfig)
                  000049dc    00000004     ti.mw.fatfs.aem4f : diskio.oem4f (.text:get_fattime)
                  000049e0    00000148     sysbios.aem4f : BIOS.obj (.text:ti_sysbios_family_arm_m3_Hwi_excMemFault__I)
                  00004b28    0000013c     rtsv7M4_T_le_v4SPD16_eabi.lib : _printfi.c.obj (.text:_pconv_e)
                  00004c64    00000004     SlaveController_pem4f.oem4f (.text:ti_sysbios_BIOS_RtsGateProxy_enter__E)
                  00004c68    0000013c     sysbios.aem4f : BIOS.obj (.text:ti_sysbios_heaps_HeapMem_Instance_init__E)
                  00004da4    00000136     rtsv7M4_T_le_v4SPD16_eabi.lib : fd_div_t2.asm.obj (.text)
                  00004eda    00000002                                   : div0.asm.obj (.text)
                  00004edc    00000134                                   : localtim.c.obj (.text:__localtime32)
                  00005010    00000130     driverlib.lib : gpio.obj (.text:GPIOPadConfigSet)
                  00005140    00000124     rtsv7M4_T_le_v4SPD16_eabi.lib : _printfi.c.obj (.text:fcvt)
                  00005264    00000123     ti.mw.fatfs.aem4f : ff.oem4f (.text:create_name)
                  00005387    00000001     --HOLE-- [fill = 0]
                  00005388    0000011c     sysbios.aem4f : BIOS.obj (.text:ti_sysbios_knl_Clock_Instance_init__E)
                  000054a4    00000118     ti.targets.arm.rtsarm.aem4f : Error.oem4f (.text:xdc_runtime_Error_policyDefault__E)
                  000055bc    00000114     rtsv7M4_T_le_v4SPD16_eabi.lib : fputs.c.obj (.text:fputs)
                  000056d0    00000110                                   : s_scalbn.c.obj (.text:scalbn)
                  000057e0    0000010c                                   : fopen.c.obj (.text:_openfile)
                  000058ec    00000108     drivers_tivaware.aem4f : SDSPITiva.oem4f (.text:SDSPITiva_open)
                  000059f4    00000004     SlaveController_pem4f.oem4f (.text:ti_sysbios_BIOS_RtsGateProxy_leave__E)
                  000059f8    00000108     sysbios.aem4f : BIOS.obj (.text:ti_sysbios_family_arm_lm4_Timer_start__E)
                  00005b00    00000104     Flash.obj (.text:Flash_writeMemory_specifiedAddress)
                  00005c04    00000100     Boot.aem4f : Boot_sysctl.oem4f (.text:ti_catalog_arm_cortexm4_tiva_ce_Boot_sysCtlClockSetI__I)
                  00005d04    00000100     ti.targets.arm.rtsarm.aem4f : Core-mem.oem4f (.text:xdc_runtime_Core_createObject__I)
                  00005e04    000000fe     ti.mw.fatfs.aem4f : ff.oem4f (.text:f_rename)
                  00005f02    000000fc     rtsv7M4_T_le_v4SPD16_eabi.lib : fd_mul_t2.asm.obj (.text)
                  00005ffe    000000fa     ti.mw.fatfs.aem4f : ff.oem4f (.text:dir_next)
                  000060f8    000000f8     rtsv7M4_T_le_v4SPD16_eabi.lib : fread.c.obj (.text:fread)
                  000061f0    000000f8     ti.targets.arm.rtsarm.aem4f : Startup.oem4f (.text:xdc_runtime_Startup_startMods__I)
                  000062e8    000000f8     SlaveController_pem4f.oem4f (.text:xdc_runtime_System_printfExtend__I)
                  000063e0    000000f4     drivers_tivaware.aem4f : SDSPITiva.oem4f (.text:SDSPITiva_diskIOctrl)
                  000064d4    000000f4     sysbios.aem4f : m3_Hwi_asm.obj (.text:ti_sysbios_family_arm_m3_Hwi_dispatch__I)
                  000065c8    000000ec     ti.mw.fatfs.aem4f : ff.oem4f (.text:put_fat)
                  000066b4    00000004     sysbios.aem4f : BIOS.obj (.text:ti_sysbios_family_arm_lm4_Timer_masterEnable__I)
                  000066b8    000000ec                   : BIOS.obj (.text:ti_sysbios_knl_Semaphore_post__E)
                  000067a4    000000e8     drivers_tivaware.aem4f : SDSPITiva.oem4f (.text:SDSPITiva_diskWrite)
                  0000688c    000000dc     rtsv7M4_T_le_v4SPD16_eabi.lib : setvbuf.c.obj (.text:setvbuf)
                  00006968    000000d8     drivers_tivaware.aem4f : SPITivaDMA.oem4f (.text:SPITivaDMA_open)
                  00006a40    000000d8     sysbios.aem4f : BIOS.obj (.text:ti_sysbios_family_arm_lm4_TimestampProvider_get32__E)
                  00006b18    000000d6     ti.mw.fatfs.aem4f : ff.oem4f (.text:get_fat)
                  00006bee    00000002     SlaveController_pem4f.oem4f (.text:ti_sysbios_BIOS_nullFunc__I)
                  00006bf0    000000cc     ti.targets.arm.rtsarm.aem4f : Core-smem.oem4f (.text:xdc_runtime_Core_constructObject__I)
                  00006cbc    000000c6     drivers_tivaware.aem4f : SDSPITiva.oem4f (.text:send_cmd)
                  00006d82    00000002     SlaveController_pem4f.oem4f (.text:xdc_runtime_Startup_reset__I)
                  00006d84    000000c4     start.obj (.text:main)
                  00006e48    000000c0     drivers_tivaware.aem4f : SDSPITiva.oem4f (.text:SDSPITiva_diskRead)
                  00006f08    000000c0                            : SPITivaDMA.oem4f (.text:SPITivaDMA_configDMA)
                  00006fc8    000000bc     EK_TM4C123GXL.obj (.text:EK_TM4C123GXL_initSPI)
                  00007084    000000bc     rtsv7M4_T_le_v4SPD16_eabi.lib : open.c.obj (.text:open)
                  00007140    000000bc     sysbios.aem4f : BIOS.obj (.text:ti_sysbios_family_arm_m3_Hwi_excDebugMon__I)
                  000071fc    00000004     SlaveController_pem4f.oem4f (.text:ti_sysbios_family_arm_m3_Hwi_destruct)
                  00007200    000000bc     sysbios.aem4f : BIOS.obj (.text:ti_sysbios_family_arm_m3_Hwi_excHardFault__I)
                  000072bc    000000b8     rtsv7M4_T_le_v4SPD16_eabi.lib : add_device.c.obj (.text:add_device)
                  00007374    000000b8     ti.mw.fatfs.aem4f : ffcio.oem4f (.text:ffcio_open)
                  0000742c    000000b4                       : ff.oem4f (.text:sync_fs)
                  000074e0    000000b4     sysbios.aem4f : BIOS.obj (.text:ti_sysbios_gates_GateMutex_enter__E)
                  00007594    00000004     SlaveController_pem4f.oem4f (.text:ti_sysbios_family_arm_m3_TaskSupport_Module__startupDone__S)
                  00007598    000000b4     sysbios.aem4f : BIOS.obj (.text:ti_sysbios_knl_Task_checkStacks__E)
                  0000764c    000000b1     rtsv7M4_T_le_v4SPD16_eabi.lib : _printfi.c.obj (.text:_ltostr)
                  000076fd    00000001     --HOLE-- [fill = 0]
                  000076fe    000000ac     drivers_tivaware.aem4f : UARTTiva.oem4f (.text:readTaskBlocking)
                  000077aa    00000006     driverlib.lib : gpio.obj (.text:GPIOPinWrite)
                  000077b0    000000ac     sysbios.aem4f : BIOS.obj (.text:ti_sysbios_family_arm_lm4_Timer_enableTiva__I)
                  0000785c    000000a8     ti.mw.fatfs.aem4f : ff.oem4f (.text:create_chain)
                  00007904    000000a4     drivers_tivaware.aem4f : SPITivaDMA.oem4f (.text:SPITivaDMA_initHw)
                  000079a8    000000a4     ti.mw.fatfs.aem4f : ff.oem4f (.text:f_unlink)
                  00007a4c    00000004     SlaveController_pem4f.oem4f (.text:ti_sysbios_heaps_HeapMem_Module_GateProxy_enter__E)
                  00007a50    000000a4     sysbios.aem4f : BIOS.obj (.text:ti_sysbios_knl_Clock_Instance_finalize__E)
                  00007af4    000000a0     ILI9341.obj (.text:_Z16ILI9341_fillRectjjjjj)
                  00007b94    000000a0     auto_init.aem4f : auto_init.oem4f (.text)
                  00007c34    000000a0     drivers_tivaware.aem4f : SDSPITiva.oem4f (.text:rcvr_datablock)
                  00007cd4    000000a0     ti.targets.arm.rtsarm.aem4f : Text.oem4f (.text:xdc_runtime_Text_putMod__E)
                  00007d74    0000009c     rtsv7M4_T_le_v4SPD16_eabi.lib : _bufread.c.obj (.text:__TI_buff_read)
                  00007e10    0000009c     ti.mw.fatfs.aem4f : ff.oem4f (.text:f_sync)
                  00007eac    0000009c     rtsv7M4_T_le_v4SPD16_eabi.lib : fopen.c.obj (.text:fopen)
                  00007f48    0000009c                                   : memcpy_t2.asm.obj (.text)
                  00007fe4    00000004     SlaveController_pem4f.oem4f (.text:ti_sysbios_heaps_HeapMem_Module_GateProxy_leave__E)
                  00007fe8    0000009c     sysbios.aem4f : BIOS.obj (.text:ti_sysbios_knl_Semaphore_Instance_init__E)
                  00008084    0000009a     ti.targets.arm.rtsarm.aem4f : Text.oem4f (.text:xdc_runtime_Text_putSite__E)
                  0000811e    0000009a     drivers_tivaware.aem4f : SDSPITiva.oem4f (.text:xmit_datablock)
                  000081b8    00000098                            : UARTTiva.oem4f (.text:UARTTiva_readPolling)
                  00008250    00000098     ILI9341.obj (.text:_Z11commandListPKh)
                  000082e8    00000098     Boot.aem4f : Boot.oem4f (.text:ti_catalog_arm_cortexm4_tiva_ce_Boot_sysCtlClockSet__E)
                  00008380    00000096     rtsv7M4_T_le_v4SPD16_eabi.lib : ull_div_t2.asm.obj (.text)
                  00008416    00000094     drivers_tivaware.aem4f : UARTTiva.oem4f (.text:UARTTiva_write)
                  000084aa    00000006                            : SDSPITiva.oem4f (.text:SDSPITiva_control)
                  000084b0    00000094     sysbios.aem4f : BIOS.obj (.text:ti_sysbios_family_arm_m3_Hwi_Instance_init__E)
                  00008544    00000004     SlaveController_pem4f.oem4f (.text:ti_sysbios_knl_Clock_TimerProxy_getMaxTicks__E)
                  00008548    00000094     sysbios.aem4f : BIOS.obj (.text:ti_sysbios_family_arm_m3_Hwi_initNVIC__E)
                  000085dc    00000004     SlaveController_pem4f.oem4f (.text:ti_sysbios_knl_Clock_TimerProxy_getPeriod__E)
                  000085e0    00000094     sysbios.aem4f : BIOS.obj (.text:ti_sysbios_knl_Task_postInit__I)
                  00008674    0000008e     ILI9341.obj (.text:_Z18ILI9341_drawColorsjjPit)
                  00008702    00000002     --HOLE-- [fill = 0]
                  00008704    0000008c     drivers_tivaware.aem4f : GPIOTiva.oem4f (.text:GPIO_init)
                  00008790    0000008c                            : UARTTiva.oem4f (.text:UARTTiva_control)
                  0000881c    0000008c     rtsv7M4_T_le_v4SPD16_eabi.lib : fputc.c.obj (.text:fputc)
                  000088a8    0000008c     sysbios.aem4f : m3_TaskSupport_asm.obj (.text:ti_sysbios_family_arm_m3_TaskSupport_buildTaskStack)
                  00008934    0000008a     drivers_tivaware.aem4f : UARTTiva.oem4f (.text:readIsrTextBlocking)
                  000089be    00000002     --HOLE-- [fill = 0]
                  000089c0    00000088     EK_TM4C123GXL.obj (.text:EK_TM4C123GXL_initDMA)
                  00008a48    00000088     Flash.obj (.text:Flash_init)
                  00008ad0    00000088     UART.obj (.text:UART_start)
                  00008b58    00000088     animator.obj (.text:_Z19animator_initializev)
                  00008be0    00000086     rtsv7M4_T_le_v4SPD16_eabi.lib : fd_cmp_t2.asm.obj (.text:__aeabi_cdcmple)
                  00008c66    00000086                                   : fd_cmp_t2.asm.obj (.text:__aeabi_cdrcmple)
                  00008cec    00000004     SlaveController_pem4f.oem4f (.text:ti_sysbios_knl_Clock_destruct)
                  00008cf0    00000084     sysbios.aem4f : BIOS.obj (.text:ti_sysbios_family_arm_m3_Hwi_postInit__I)
                  00008d74    00000084     driverlib.lib : udma.obj (.text:uDMAChannelTransferSet)
                  00008df8    00000082     drivers_tivaware.aem4f : UARTTiva.oem4f (.text:readIsrTextCallback)
                  00008e7a    0000007e     ti.mw.fatfs.aem4f : ff.oem4f (.text:dir_sdi)
                  00008ef8    0000007c                       : ff.oem4f (.text:f_mount)
                  00008f74    0000007a     drivers_tivaware.aem4f : UARTTiva.oem4f (.text:readTaskCallback)
                  00008fee    0000007a     rtsv7M4_T_le_v4SPD16_eabi.lib : memset_t2.asm.obj (.text)
                  00009068    00000076     ILI9341.obj (.text:_ZN33_INTERNAL_11_ILI9341_cpp_6ff9e12f17ILI9341_setCoordsEtttt)
                  000090de    00000002     --HOLE-- [fill = 0]
                  000090e0    00000074     rtsv7M4_T_le_v4SPD16_eabi.lib : fclose.c.obj (.text:__TI_closefile)
                  00009154    00000074     ti.mw.fatfs.aem4f : ff.oem4f (.text:check_fs)
                  000091c8    00000074     sysbios.aem4f : BIOS.obj (.text:ti_sysbios_knl_Clock_start__E)
                  0000923c    00000004     SlaveController_pem4f.oem4f (.text:ti_sysbios_knl_Queue_destruct)
                  00009240    00000070     sysbios.aem4f : BIOS.obj (.text:ti_sysbios_knl_Clock_workFunc__E)
                  000092b0    00000070                   : BIOS.obj (.text:ti_sysbios_knl_Task_exit__E)
                  00009320    0000006e     rtsv7M4_T_le_v4SPD16_eabi.lib : _printfi.c.obj (.text:_mcpy)
                  0000938e    0000006e                                   : ll_div_t2.asm.obj (.text)
                  000093fc    0000006d     ti.targets.arm.rtsarm.aem4f : System.oem4f (.text:xdc_runtime_System_formatNum__I)
                  00009469    00000003     --HOLE-- [fill = 0]
                  0000946c    0000006c     Flash.obj (.text:Flash_readMemory)
                  000094d8    0000006c     sysbios.aem4f : BIOS.obj (.text:ti_sysbios_knl_Swi_restoreHwi__E)
                  00009544    0000006c     drivers_tivaware.aem4f : UARTTiva.oem4f (.text:writeData)
                  000095b0    0000006c     ti.targets.arm.rtsarm.aem4f : Error.oem4f (.text:xdc_runtime_Error_print__E)
                  0000961c    0000006c                                 : Memory.oem4f (.text:xdc_runtime_Memory_alloc__E)
                  00009688    00000068     rtsv7M4_T_le_v4SPD16_eabi.lib : hostlseek.c.obj (.text:HOSTlseek)
                  000096f0    00000068                                   : hostrename.c.obj (.text:HOSTrename)
                  00009758    00000068     SD.obj (.text:SD_startSDCard)
                  000097c0    00000068     rtsv7M4_T_le_v4SPD16_eabi.lib : copy_decompress_lzss.c.obj (.text:decompress:lzss:__TI_decompress_lzss)
                  00009828    00000068                                   : printf.c.obj (.text:printf)
                  00009890    00000066     ti.targets.arm.rtsarm.aem4f : Core-mem.oem4f (.text:xdc_runtime_Core_deleteObject__I)
                  000098f6    00000002     --HOLE-- [fill = 0]
                  000098f8    00000064     Flash.obj (.text:Flash_pendWriteOpCompletion)
                  0000995c    00000064     drivers_tivaware.aem4f : GPIOTiva.oem4f (.text:GPIO_hwiIntFxn)
                  000099c0    00000064     ti.mw.fatfs.aem4f : ff.oem4f (.text:follow_path)
                  00009a24    00000064     rtsv7M4_T_le_v4SPD16_eabi.lib : s_frexp.c.obj (.text:frexp)
                  00009a88    00000064                                   : fseek.c.obj (.text:fseek)
                  00009aec    00000004     SlaveController_pem4f.oem4f (.text:ti_sysbios_knl_Semaphore_destruct)
                  00009af0    00000064     sysbios.aem4f : BIOS.obj (.text:ti_sysbios_family_arm_lm4_Timer_Module_startup__E)
                  00009b54    00000064     SlaveController_pem4f.oem4f (.text:ti_sysbios_family_arm_m3_Hwi_create)
                  00009bb8    00000064     sysbios.aem4f : BIOS.obj (.text:ti_sysbios_family_arm_m3_Hwi_dispatchC__I)
                  00009c1c    00000062     drivers_tivaware.aem4f : SPITivaDMA.oem4f (.text:SPITivaDMA_transfer)
                  00009c7e    00000062     rtsv7M4_T_le_v4SPD16_eabi.lib : _io_perm.c.obj (.text:__TI_wrt_ok)
                  00009ce0    00000060                                   : hostopen.c.obj (.text:HOSTopen)
                  00009d40    00000060     sysbios.aem4f : BIOS.obj (.text:ti_sysbios_knl_Task_schedule__I)
                  00009da0    0000005e     drivers_tivaware.aem4f : UARTTiva.oem4f (.text:readIsrBinaryBlocking)
                  00009dfe    0000005e     ti.mw.fatfs.aem4f : ff.oem4f (.text:remove_chain)
                  00009e5c    0000005c     EK_TM4C123GXL.obj (.text:EK_TM4C123GXL_initSDSPI)
                  00009eb8    0000005c     rtsv7M4_T_le_v4SPD16_eabi.lib : close.c.obj (.text:close)
                  00009f14    00000004     ti.targets.arm.rtsarm.aem4f : Error.oem4f (.text:xdc_runtime_Error_getSite__E)
                  00009f18    0000005c     sysbios.aem4f : BIOS.obj (.text:ti_sysbios_knl_Swi_run__I)
                  00009f74    00000004     SlaveController_pem4f.oem4f (.text:xdc_runtime_System_Module_GateProxy_enter__E)
                  00009f78    0000005c     sysbios.aem4f : BIOS.obj (.text:ti_sysbios_knl_Swi_schedule__I)
                  00009fd4    00000004     SlaveController_pem4f.oem4f (.text:xdc_runtime_System_Module_GateProxy_leave__E)
                  00009fd8    0000005c     sysbios.aem4f : BIOS.obj (.text:ti_sysbios_knl_Task_Module_startup__E)
                  0000a034    00000004     ti.targets.arm.rtsarm.aem4f : System.oem4f (.text:xdc_runtime_System_aprintf_va__F)
                  0000a038    0000005c     sysbios.aem4f : BIOS.obj (.text:ti_sysbios_knl_Task_startCore__E)
                  0000a094    0000005c     drivers_tivaware.aem4f : SDSPITiva.oem4f (.text:wait_ready)
                  0000a0f0    0000005b     ti.targets.arm.rtsarm.aem4f : Text.oem4f (.text:xdc_runtime_Text_putLab__E)
                  0000a14b    00000001     --HOLE-- [fill = 0]
                  0000a14c    00000058     boot.aem4f : boot.oem4f (.text)
                  0000a1a4    00000058     rtsv7M4_T_le_v4SPD16_eabi.lib : hostread.c.obj (.text:HOSTread)
                  0000a1fc    00000058                                   : hostwrite.c.obj (.text:HOSTwrite)
                  0000a254    00000058     SD.obj (.text:SD_openFile)
                  0000a2ac    00000058     tirtosport.aem4f : SemaphoreP_tirtos.oem4f (.text:SemaphoreP_create)
                  0000a304    00000058     start.obj (.text:_Z5startjj)
                  0000a35c    00000058     SlaveController_pem4f.oem4f (.text:ti_sysbios_family_arm_m3_Hwi_construct)
                  0000a3b4    00000058     sysbios.aem4f : m3_Hwi_asm_switch.obj (.text:ti_sysbios_family_arm_m3_Hwi_initStacks__E)
                  0000a40c    00000056     driverlib.lib : gpio.obj (.text:GPIOIntTypeSet)
                  0000a462    00000056     rtsv7M4_T_le_v4SPD16_eabi.lib : _printfi.c.obj (.text:_pconv_f)
                  0000a4b8    00000056     ti.mw.fatfs.aem4f : ff.oem4f (.text:dir_read)
                  0000a50e    00000054     rtsv7M4_T_le_v4SPD16_eabi.lib : _ltoa.c.obj (.text:__TI_ltoa)
                  0000a562    00000054     drivers_tivaware.aem4f : UARTTiva.oem4f (.text:readIsrBinaryCallback)
                  0000a5b6    00000054     ti.mw.fatfs.aem4f : ff.oem4f (.text:sync_window)
                  0000a60a    00000006     drivers_tivaware.aem4f : SPITivaDMA.oem4f (.text:SPITivaDMA_control)
                  0000a610    00000054     sysbios.aem4f : BIOS.obj (.text:ti_sysbios_family_arm_lm4_Timer_initDevice__I)
                  0000a664    00000054     SlaveController_pem4f.oem4f (.text:ti_sysbios_knl_Task_construct)
                  0000a6b8    00000054     ti.targets.arm.rtsarm.aem4f : Assert.oem4f (.text:xdc_runtime_Assert_raise__I)
                  0000a70c    00000052     rtsv7M4_T_le_v4SPD16_eabi.lib : _printfi.c.obj (.text:_ecpy)
                  0000a75e    00000002     --HOLE-- [fill = 0]
                  0000a760    00000050     drivers_tivaware.aem4f : GPIOTiva.oem4f (.text:GPIO_setCallback)
                  0000a7b0    00000050     driverlib.lib : sysctl.obj (.text:SysCtlPeripheralReset)
                  0000a800    00000050     drivers_tivaware.aem4f : UARTTiva.oem4f (.text:UARTTiva_writeCancel)
                  0000a850    00000050     ILI9341.obj (.text:_ZN33_INTERNAL_11_ILI9341_cpp_6ff9e12f16ILI9341_setColorEj)
                  0000a8a0    00000050     sysbios.aem4f : BIOS.obj (.text:ti_sysbios_family_arm_m3_Hwi_Module_startup__E)
                  0000a8f0    00000050     ti.targets.arm.rtsarm.aem4f : Startup.oem4f (.text:xdc_runtime_Startup_exec__E)
                  0000a940    00000050                                 : Text.oem4f (.text:xdc_runtime_Text_visitRope2__I)
                  0000a990    0000004c     drivers_tivaware.aem4f : UARTTiva.oem4f (.text:UARTTiva_close)
                  0000a9dc    0000004c     rtsv7M4_T_le_v4SPD16_eabi.lib : fflush.c.obj (.text:__TI_doflush)
                  0000aa28    0000004c                                   : atoi.c.obj (.text:atoi)
                  0000aa74    0000004c                                   : cpy_tbl.c.obj (.text:copy_in)
                  0000aac0    0000004c     SlaveController_pem4f.oem4f (.text:ti_mw_fatfs_startup)
                  0000ab0c    00000004     ti.targets.arm.rtsarm.aem4f : System.oem4f (.text:xdc_runtime_System_printf_va__F)
                  0000ab10    0000004c     sysbios.aem4f : BIOS.obj (.text:ti_sysbios_heaps_HeapMem_getStats__E)
                  0000ab5c    00000004     --HOLE-- [fill = 0]
                  0000ab60    0000004c                   : BIOS.obj (.text:ti_sysbios_knl_Swi_runLoop__I)
                  0000abac    00000004     --HOLE-- [fill = 0]
                  0000abb0    0000004c                   : BIOS.obj (.text:ti_sysbios_knl_Task_allBlockedFunction__I)
                  0000abfc    0000004a     rtsv7M4_T_le_v4SPD16_eabi.lib : _io_perm.c.obj (.text:__TI_rd_ok)
                  0000ac46    00000002     --HOLE-- [fill = 0]
                  0000ac48    00000048     driverlib.lib : gpio.obj (.text:GPIOPinConfigure)
                  0000ac90    00000048     ti.mw.fatfs.aem4f : ff.oem4f (.text:dir_find)
                  0000acd8    00000048     rtsv7M4_T_le_v4SPD16_eabi.lib : exit.c.obj (.text:exit)
                  0000ad20    00000048                                   : fd_toi_t2.asm.obj (.text)
                  0000ad68    00000048     sysbios.aem4f : BIOS.obj (.text:ti_sysbios_family_arm_lm4_Timer_enableTimers__I)
                  0000adb0    00000048                   : BIOS.obj (.text:ti_sysbios_family_arm_m3_Hwi_disableInterrupt__E)
                  0000adf8    00000048                   : BIOS.obj (.text:ti_sysbios_family_arm_m3_Hwi_enableInterrupt__E)
                  0000ae40    00000048                   : BIOS.obj (.text:ti_sysbios_family_arm_m3_Hwi_excReserved__I)
                  0000ae88    00000046     drivers_tivaware.aem4f : RingBuf.oem4f (.text:RingBuf_put)
                  0000aece    00000046     ti.targets.arm.rtsarm.aem4f : Core-params.oem4f (.text:xdc_runtime_Core_assignParams__I)
                  0000af14    00000044     rtsv7M4_T_le_v4SPD16_eabi.lib : hostclose.c.obj (.text:HOSTclose)
                  0000af58    00000044                                   : hostunlink.c.obj (.text:HOSTunlink)
                  0000af9c    00000044     SD.obj (.text:SD_read)
                  0000afe0    00000044     SD.obj (.text:SD_readNextChar)
                  0000b024    00000044     drivers_tivaware.aem4f : SPITivaDMA.oem4f (.text:SPITivaDMA_hwiFxn)
                  0000b068    00000044     ti.mw.fatfs.aem4f : ff.oem4f (.text:dir_alloc)
                  0000b0ac    00000044     rtsv7M4_T_le_v4SPD16_eabi.lib : getdevice.c.obj (.text:getdevice)
                  0000b0f0    00000044     drivers_tivaware.aem4f : SDSPITiva.oem4f (.text:send_initial_clock_train)
                  0000b134    00000004     --HOLE-- [fill = 0]
                  0000b138    00000044     sysbios.aem4f : BIOS.obj (.text:ti_sysbios_family_arm_lm4_Timer_isrStub__E)
                  0000b17c    00000004     --HOLE-- [fill = 0]
                  0000b180    00000044                   : BIOS.obj (.text:ti_sysbios_family_arm_m3_Hwi_getStackInfo__E)
                  0000b1c4    00000004     --HOLE-- [fill = 0]
                  0000b1c8    00000044                   : BIOS.obj (.text:ti_sysbios_knl_Swi_post__E)
                  0000b20c    00000044     ti.targets.arm.rtsarm.aem4f : Error.oem4f (.text:xdc_runtime_Error_setX__E)
                  0000b250    00000044                                 : SysMin.oem4f (.text:xdc_runtime_SysMin_flush__E)
                  0000b294    00000044                                 : Text.oem4f (.text:xdc_runtime_Text_xprintf__I)
                  0000b2d8    00000042     drivers_tivaware.aem4f : SPITivaDMA.oem4f (.text:SPITivaDMA_transferCancel)
                  0000b31a    00000042     driverlib.lib : uart.obj (.text:UARTConfigSetExpClk)
                  0000b35c    00000042     drivers_tivaware.aem4f : UARTTiva.oem4f (.text:UARTTiva_hwiIntFxn)
                  0000b39e    00000042                            : UARTTiva.oem4f (.text:UARTTiva_writePolling)
                  0000b3e0    00000040     EK_TM4C123GXL.obj (.text:EK_TM4C123GXL_initGeneral)
                  0000b420    00000040     Flash.obj (.text:Flash_transferSPICS)
                  0000b460    00000040     Flash.obj (.text:Flash_writeCommandCS)
                  0000b4a0    00000040     drivers_tivaware.aem4f : RingBuf.oem4f (.text:RingBuf_get)
                  0000b4e0    00000040                            : SDSPITiva.oem4f (.text:SDSPITiva_close)
                  0000b520    00000040                            : UARTTiva.oem4f (.text:UARTTiva_read)
                  0000b560    00000040     ILI9341.obj (.text:_ZN33_INTERNAL_11_ILI9341_cpp_6ff9e12f12writeCommandEh)
                  0000b5a0    00000040     ti.mw.fatfs.aem4f : ff.oem4f (.text:get_ldnumber)
                  0000b5e0    00000040     rtsv7M4_T_le_v4SPD16_eabi.lib : u_divt2.asm.obj (.text)
                  0000b620    00000040     sysbios.aem4f : BIOS.obj (.text:ti_sysbios_family_arm_lm4_Timer_startup__E)
                  0000b660    0000003e     rtsv7M4_T_le_v4SPD16_eabi.lib : _printfi.c.obj (.text:_fcpy)
                  0000b69e    0000003c     drivers_tivaware.aem4f : SPITivaDMA.oem4f (.text:SPITivaDMA_close)
                  0000b6da    0000003c     driverlib.lib : ssi.obj (.text:SSIConfigSetExpClk)
                  0000b716    0000003c     animator.obj (.text:_Z9readUntilcPh)
                  0000b752    00000002     --HOLE-- [fill = 0]
                  0000b754    0000003c     EK_TM4C123GXL.obj (.text:dmaErrorHwi)
                  0000b790    0000003c     sysbios.aem4f : BIOS.obj (.text:ti_sysbios_family_arm_m3_Hwi_excSvCall__I)
                  0000b7cc    00000004     --HOLE-- [fill = 0]
                  0000b7d0    0000003c                   : BIOS.obj (.text:ti_sysbios_heaps_HeapMem_init__I)
                  0000b80c    00000004     --HOLE-- [fill = 0]
                  0000b810    0000003c                   : BIOS.obj (.text:ti_sysbios_knl_Swi_restore__E)
                  0000b84c    00000038     drivers_tivaware.aem4f : SDSPI.oem4f (.text:SDSPI_init)
                  0000b884    00000038                            : SPI.oem4f (.text:SPI_init)
                  0000b8bc    00000038                            : UART.oem4f (.text:UART_init)
                  0000b8f4    00000038     rtsv7M4_T_le_v4SPD16_eabi.lib : trgmsg.c.obj (.text:__TI_writemsg)
                  0000b92c    00000038     ti.mw.fatfs.aem4f : ff.oem4f (.text:dir_register)
                  0000b964    00000004     --HOLE-- [fill = 0]
                  0000b968    00000038     sysbios.aem4f : BIOS.obj (.text:ti_sysbios_family_arm_m3_Hwi_excNoIsr__I)
                  0000b9a0    00000038                   : BIOS.obj (.text:ti_sysbios_knl_Task_processVitalTaskFlag__I)
                  0000b9d8    00000038     ti.targets.arm.rtsarm.aem4f : SysMin.oem4f (.text:xdc_runtime_SysMin_putch__E)
                  0000ba10    00000038                                 : System.oem4f (.text:xdc_runtime_System_atexit__E)
                  0000ba48    00000036     drivers_tivaware.aem4f : UARTTiva.oem4f (.text:UARTTiva_readCancel)
                  0000ba7e    00000036     ti.mw.fatfs.aem4f : ff.oem4f (.text:move_window)
                  0000bab4    00000036     rtsv7M4_T_le_v4SPD16_eabi.lib : strncpy.c.obj (.text:strncpy)
                  0000baea    00000036     SlaveController_pem4f.oem4f (.text:ti_mw_fatfs_getFatTime)
                  0000bb20    00000034     EK_TM4C123GXL.obj (.text:EK_TM4C123GXL_initUART)
                  0000bb54    00000034     driverlib.lib : sysctl.obj (.text:SysCtlPeripheralEnable)
                  0000bb88    00000034     rtsv7M4_T_le_v4SPD16_eabi.lib : fopen.c.obj (.text:__TI_cleanup)
                  0000bbbc    00000034                                   : trgmsg.c.obj (.text:__TI_readmsg)
                  0000bbf0    00000034     ti.mw.fatfs.aem4f : ff.oem4f (.text:dir_remove)
                  0000bc24    00000034                       : ffcio.oem4f (.text:ffcio_lseek)
                  0000bc58    00000034     sysbios.aem4f : BIOS.obj (.text:ti_sysbios_family_arm_m3_Hwi_Instance_finalize__E)
                  0000bc8c    00000004     --HOLE-- [fill = 0]
                  0000bc90    00000034                   : BIOS.obj (.text:ti_sysbios_family_arm_m3_Hwi_excNmi__I)
                  0000bcc4    00000004     --HOLE-- [fill = 0]
                  0000bcc8    00000034                   : BIOS.obj (.text:ti_sysbios_hal_Hwi_checkStack)
                  0000bcfc    00000034     SlaveController_pem4f.oem4f (.text:ti_sysbios_knl_Clock_construct)
                  0000bd30    00000034     ti.mw.fatfs.aem4f : ff.oem4f (.text:validate)
                  0000bd64    00000034     ti.targets.arm.rtsarm.aem4f : Core-label.oem4f (.text:xdc_runtime_Core_assignLabel__I)
                  0000bd98    00000033                                 : Text.oem4f (.text:xdc_runtime_Text_printVisFxn__I)
                  0000bdcb    00000005     --HOLE-- [fill = 0]
                  0000bdd0    00000032     sysbios.aem4f : BIOS.obj (.text:ti_sysbios_hal_Hwi_initStack)
                  0000be02    00000002     --HOLE-- [fill = 0]
                  0000be04    00000030     EK_TM4C123GXL.obj (.text:EK_TM4C123GXL_initGPIO)
                  0000be34    00000030     drivers_tivaware.aem4f : SDSPI.oem4f (.text:SDSPI_open)
                  0000be64    00000030                            : SPI.oem4f (.text:SPI_open)
                  0000be94    00000030                            : UART.oem4f (.text:UART_open)
                  0000bec4    00000030     ILI9341.obj (.text:_ZN33_INTERNAL_11_ILI9341_cpp_6ff9e12f9writeDataEh)
                  0000bef4    00000030     rtsv7M4_T_le_v4SPD16_eabi.lib : getdevice.c.obj (.text:finddevice)
                  0000bf24    00000030     SlaveController_pem4f.oem4f (.text:ti_sysbios_BIOS_atExitFunc__I)
                  0000bf54    00000004     --HOLE-- [fill = 0]
                  0000bf58    00000030     sysbios.aem4f : BIOS.obj (.text:ti_sysbios_family_arm_lm4_Timer_stop__E)
                  0000bf88    00000030                   : BIOS.obj (.text:ti_sysbios_family_arm_m3_TaskSupport_start__E)
                  0000bfb8    00000030     SlaveController_pem4f.oem4f (.text:ti_sysbios_gates_GateHwi_Object__create__S)
                  0000bfe8    00000030     SlaveController_pem4f.oem4f (.text:ti_sysbios_gates_GateMutex_Object__create__S)
                  0000c018    00000030     SlaveController_pem4f.oem4f (.text:ti_sysbios_heaps_HeapMem_Object__create__S)
                  0000c048    00000030     SlaveController_pem4f.oem4f (.text:ti_sysbios_knl_Semaphore_construct)
                  0000c078    00000030     sysbios.aem4f : BIOS.obj (.text:ti_sysbios_knl_Semaphore_pendTimeout__I)
                  0000c0a8    00000030                   : BIOS.obj (.text:ti_sysbios_knl_Task_unblockI__E)
                  0000c0d8    00000030     ti.targets.arm.rtsarm.aem4f : SysMin.oem4f (.text:xdc_runtime_SysMin_abort__E)
                  0000c108    00000030                                 : System.oem4f (.text:xdc_runtime_System_processAtExit__E)
                  0000c138    0000002e     SlaveController_pem4f.oem4f (.text:malloc)
                  0000c166    0000002e     rtsv7M4_T_le_v4SPD16_eabi.lib : i_tofd_t2.asm.obj (.text)
                  0000c194    0000002c     Flash.obj (.text:Flash_writeMemory)
                  0000c1c0    0000002c     ti.mw.fatfs.aem4f : diskio.oem4f (.text:disk_register)
                  0000c1ec    0000002c     rtsv7M4_T_le_v4SPD16_eabi.lib : fclose.c.obj (.text:fclose)
                  0000c218    0000002c     SlaveController_pem4f.oem4f (.text:ti_sysbios_knl_Clock_doTick__I)
                  0000c244    0000002c     SlaveController_pem4f.oem4f (.text:ti_sysbios_knl_Queue_construct)
                  0000c270    0000002c     sysbios.aem4f : BIOS.obj (.text:ti_sysbios_knl_Task_restore__E)
                  0000c29c    0000002c     driverlib.lib : udma.obj (.text:uDMAChannelAssign)
                  0000c2c8    0000002c     rtsv7M4_T_le_v4SPD16_eabi.lib : unlink.c.obj (.text:unlink)
                  0000c2f4    0000002c     ti.targets.arm.rtsarm.aem4f : Text.oem4f (.text:xdc_runtime_Text_cordText__E)
                  0000c320    0000002a     driverlib.lib : gpio.obj (.text:GPIODirModeSet)
                  0000c34a    0000002a     ti.targets.arm.rtsarm.aem4f : System.oem4f (.text:xdc_runtime_System_putchar__I)
                  0000c374    00000028     ti.mw.fatfs.aem4f : diskio.oem4f (.text:disk_unregister)
                  0000c39c    00000028     rtsv7M4_T_le_v4SPD16_eabi.lib : lseek.c.obj (.text:lseek)
                  0000c3c4    00000028                                   : read.c.obj (.text:read)
                  0000c3ec    00000028     SlaveController_pem4f.oem4f (.text:ti_sysbios_BIOS_startFunc__I)
                  0000c414    00000004     --HOLE-- [fill = 0]
                  0000c418    00000028     sysbios.aem4f : BIOS.obj (.text:ti_sysbios_knl_Swi_Module_startup__E)
                  0000c440    00000028     rtsv7M4_T_le_v4SPD16_eabi.lib : write.c.obj (.text:write)
                  0000c468    00000026     sysbios.aem4f : m3_Hwi_asm.obj (.text:ti_sysbios_family_arm_m3_Hwi_pendSV__I)
                  0000c48e    00000026     ti.targets.arm.rtsarm.aem4f : System.oem4f (.text:xdc_runtime_System_avprintf__E)
                  0000c4b4    00000024     ti.mw.fatfs.aem4f : diskio.oem4f (.text:disk_ioctl)
                  0000c4d8    00000024                       : diskio.oem4f (.text:disk_read)
                  0000c4fc    00000024                       : ff.oem4f (.text:f_close)
                  0000c520    00000024                       : ffcio.oem4f (.text:ffcio_close)
                  0000c544    00000024     SlaveController_pem4f.oem4f (.text:ti_sysbios_BIOS_errorRaiseHook__I)
                  0000c568    00000024     SlaveController_pem4f.oem4f (.text:ti_sysbios_BIOS_registerRTSLock__I)
                  0000c58c    00000024     SlaveController_pem4f.oem4f (.text:ti_sysbios_BIOS_removeRTSLock__I)
                  0000c5b0    00000024     SlaveController_pem4f.oem4f (.text:ti_sysbios_gates_GateMutex_Object__delete__S)
                  0000c5d4    00000004     --HOLE-- [fill = 0]
                  0000c5d8    00000024     sysbios.aem4f : BIOS.obj (.text:ti_sysbios_knl_Clock_Module_startup__E)
                  0000c5fc    00000004     --HOLE-- [fill = 0]
                  0000c600    00000024                   : BIOS.obj (.text:ti_sysbios_knl_Task_restoreHwi__E)
                  0000c624    00000024     driverlib.lib : udma.obj (.text:uDMAChannelControlSet)
                  0000c648    00000024     ti.targets.arm.rtsarm.aem4f : System.oem4f (.text:xdc_runtime_System_vprintf__E)
                  0000c66c    00000004     --HOLE-- [fill = 0]
                  0000c670    00000022     sysbios.aem4f : BIOS.obj (.text:ti_sysbios_family_arm_lm4_Timer_write__I)
                  0000c692    00000022     SlaveController_pem4f.oem4f (.text:xdc_runtime_SysMin_output__I)
                  0000c6b4    00000020     Flash.obj (.text:Flash_allocateMemory)
                  0000c6d4    00000020     ti.mw.fatfs.aem4f : diskio.oem4f (.text:disk_write)
                  0000c6f4    00000020                       : ffcio.oem4f (.text:ffcio_read)
                  0000c714    00000020                       : ffcio.oem4f (.text:ffcio_write)
                  0000c734    00000020     rtsv7M4_T_le_v4SPD16_eabi.lib : memchr.c.obj (.text:memchr)
                  0000c754    00000020     SlaveController_pem4f.oem4f (.text:ti_sysbios_BIOS_rtsLock__I)
                  0000c774    00000004     --HOLE-- [fill = 0]
                  0000c778    00000020     sysbios.aem4f : BIOS.obj (.text:ti_sysbios_family_arm_m3_Hwi_clearInterrupt__E)
                  0000c798    00000020                   : m3_Hwi_asm.obj (.text:ti_sysbios_family_arm_m3_Hwi_excHandlerAsm__I)
                  0000c7b8    00000020                   : BIOS.obj (.text:ti_sysbios_family_arm_m3_Hwi_excHandler__I)
                  0000c7d8    00000020     SlaveController_pem4f.oem4f (.text:ti_sysbios_gates_GateHwi_Object__delete__S)
                  0000c7f8    00000020     SlaveController_pem4f.oem4f (.text:ti_sysbios_heaps_HeapMem_Object__delete__S)
                  0000c818    00000020     SlaveController_pem4f.oem4f (.text:ti_sysbios_knl_Clock_Object__destruct__S)
                  0000c838    00000020     sysbios.aem4f : BIOS.obj (.text:ti_sysbios_knl_Idle_run__E)
                  0000c858    00000020     SlaveController_pem4f.oem4f (.text:ti_sysbios_knl_Semaphore_Object__destruct__S)
                  0000c878    00000020     ti.targets.arm.rtsarm.aem4f : Registry.oem4f (.text:xdc_runtime_Registry_findById__E)
                  0000c898    00000020                                 : SysMin.oem4f (.text:xdc_runtime_SysMin_Module_startup__E)
                  0000c8b8    0000001e     ti.mw.fatfs.aem4f : ff.oem4f (.text:ld_clust)
                  0000c8d6    0000001e     rtsv7M4_T_le_v4SPD16_eabi.lib : strcat.c.obj (.text:strcat)
                  0000c8f4    0000001e     sysbios.aem4f : m3_Hwi_asm_switch.obj (.text:ti_sysbios_family_xxx_Hwi_switchAndRunFunc)
                  0000c912    00000002     --HOLE-- [fill = 0]
                  0000c914    0000001c     driverlib.lib : uart.obj (.text:UARTDisable)
                  0000c930    0000001c     ti.mw.fatfs.aem4f : diskio.oem4f (.text:disk_initialize)
                  0000c94c    0000001c                       : diskio.oem4f (.text:disk_status)
                  0000c968    0000001c     drivers_tivaware.aem4f : GPIOTiva.oem4f (.text:getGpioIntIndex)
                  0000c984    0000001c     ti.mw.fatfs.aem4f : ff.oem4f (.text:mem_cmp)
                  0000c9a0    0000001c     rtsv7M4_T_le_v4SPD16_eabi.lib : memccpy.c.obj (.text:memccpy)
                  0000c9bc    00000004     --HOLE-- [fill = 0]
                  0000c9c0    0000001c     sysbios.aem4f : BIOS.obj (.text:ti_sysbios_family_arm_lm4_Seconds_get__E)
                  0000c9dc    0000001c     SlaveController_pem4f.oem4f (.text:ti_sysbios_family_arm_m3_Hwi_Object__destruct__S)
                  0000c9f8    0000001c     sysbios.aem4f : BIOS.obj (.text:ti_sysbios_gates_GateMutex_Instance_init__E)
                  0000ca14    0000001c     SlaveController_pem4f.oem4f (.text:ti_sysbios_knl_Queue_Object__destruct__S)
                  0000ca30    0000001c     sysbios.aem4f : BIOS.obj (.text:ti_sysbios_knl_Queue_put__E)
                  0000ca4c    00000004     --HOLE-- [fill = 0]
                  0000ca50    0000001c                   : BIOS.obj (.text:ti_sysbios_knl_Task_enter__I)
                  0000ca6c    0000001c     ti.targets.arm.rtsarm.aem4f : Error.oem4f (.text:xdc_runtime_Error_raiseX__E)
                  0000ca88    0000001c                                 : Memory.oem4f (.text:xdc_runtime_Memory_valloc__E)
                  0000caa4    0000001c                                 : SysMin.oem4f (.text:xdc_runtime_SysMin_exit__E)
                  0000cac0    0000001c                                 : System.oem4f (.text:xdc_runtime_System_abort__E)
                  0000cadc    0000001a     rtsv7M4_T_le_v4SPD16_eabi.lib : s_copysign.c.obj (.text:copysign)
                  0000caf6    0000001a     SlaveController_pem4f.oem4f (.text:free)
                  0000cb10    0000001a     SlaveController_pem4f.oem4f (.text:ti_sysbios_family_arm_m3_Hwi_Handle__label__S)
                  0000cb2a    0000001a     SlaveController_pem4f.oem4f (.text:ti_sysbios_gates_GateHwi_Handle__label__S)
                  0000cb44    0000001a     SlaveController_pem4f.oem4f (.text:ti_sysbios_gates_GateMutex_Handle__label__S)
                  0000cb5e    0000001a     SlaveController_pem4f.oem4f (.text:ti_sysbios_heaps_HeapMem_Handle__label__S)
                  0000cb78    0000001a     SlaveController_pem4f.oem4f (.text:ti_sysbios_knl_Swi_Handle__label__S)
                  0000cb92    0000001a     SlaveController_pem4f.oem4f (.text:ti_sysbios_knl_Task_Handle__label__S)
                  0000cbac    0000001a     ti.mw.fatfs.aem4f : ff.oem4f (.text:unlock_fs)
                  0000cbc6    0000001a     SlaveController_pem4f.oem4f (.text:xdc_runtime_System_aprintf__E)
                  0000cbe0    0000001a     SlaveController_pem4f.oem4f (.text:xdc_runtime_System_printf__E)
                  0000cbfa    00000018     driverlib.lib : gpio.obj (.text:GPIOPinTypeGPIOOutput)
                  0000cc12    00000002     --HOLE-- [fill = 0]
                  0000cc14    00000018     drivers_tivaware.aem4f : UART.oem4f (.text:UART_Params_init)
                  0000cc2c    00000018     animator.obj (.text:_Z11readHalfIntPh)
                  0000cc44    00000018     ILI9341.obj (.text:_Z18ILI9341_fillScreenj)
                  0000cc5c    00000018     ILI9341.obj (.text:_ZN33_INTERNAL_11_ILI9341_cpp_6ff9e12f8deselectEv)
                  0000cc74    00000018     rtsv7M4_T_le_v4SPD16_eabi.lib : args_main.c.obj (.text:_args_main)
                  0000cc8c    00000018     ti.mw.fatfs.aem4f : ff.oem4f (.text:clust2sect)
                  0000cca4    00000018                       : ffosal.oem4f (.text:ff_cre_syncobj)
                  0000ccbc    00000018     rtsv7M4_T_le_v4SPD16_eabi.lib : strcmp.c.obj (.text:strcmp)
                  0000ccd4    00000018     SlaveController_pem4f.oem4f (.text:ti_sysbios_BIOS_rtsUnlock__I)
                  0000ccec    00000018     SlaveController_pem4f.oem4f (.text:ti_sysbios_family_arm_lm4_Timer_Module__startupDone__F)
                  0000cd04    00000018     SlaveController_pem4f.oem4f (.text:ti_sysbios_family_arm_m3_Hwi_Module__startupDone__F)
                  0000cd1c    00000018     sysbios.aem4f : m3_TaskSupport_asm.obj (.text:ti_sysbios_family_arm_m3_TaskSupport_swap__E)
                  0000cd34    00000004     --HOLE-- [fill = 0]
                  0000cd38    00000018                   : BIOS.obj (.text:ti_sysbios_gates_GateMutex_leave__E)
                  0000cd50    00000018                   : BIOS.obj (.text:ti_sysbios_knl_Task_sleepTimeout__I)
                  0000cd68    00000018     SlaveController_pem4f.oem4f (.text:time)
                  0000cd80    00000018     driverlib.lib : udma.obj (.text:uDMAChannelDisable)
                  0000cd98    00000018                   : udma.obj (.text:uDMAChannelEnable)
                  0000cdb0    00000018                   : udma.obj (.text:uDMAChannelIsEnabled)
                  0000cdc8    00000018     ti.targets.arm.rtsarm.aem4f : Error.oem4f (.text:xdc_runtime_Error_check__E)
                  0000cde0    00000018                                 : System.oem4f (.text:xdc_runtime_System_exit__E)
                  0000cdf8    00000018                                 : Text.oem4f (.text:xdc_runtime_Text_ropeText__E)
                  0000ce10    00000016     tirtosport.aem4f : SemaphoreP_tirtos.oem4f (.text:SemaphoreP_delete)
                  0000ce26    00000016     start.obj (.text:_ZN30_INTERNAL_9_start_cpp_c81e5b2e31ti_sysbios_knl_Task_Params_initEP26ti_sysbios_knl_Task_Params)
                  0000ce3c    00000016     ti.mw.fatfs.aem4f : ff.oem4f (.text:mem_cpy)
                  0000ce52    00000016     rtsv7M4_T_le_v4SPD16_eabi.lib : strchr.c.obj (.text:strchr)
                  0000ce68    00000016     SlaveController_pem4f.oem4f (.text:ti_sysbios_BIOS_exitFunc__I)
                  0000ce7e    00000016     EK_TM4C123GXL.obj (.text:ti_sysbios_family_arm_m3_Hwi_Params_init)
                  0000ce94    00000014     drivers_tivaware.aem4f : SPI.oem4f (.text:SPI_Params_init)
                  0000cea8    00000014     driverlib.lib : uart.obj (.text:UARTEnable)
                  0000cebc    00000014     animator.obj (.text:_Z28animator_setBackgroundColorsPKj)
                  0000ced0    00000014     ti.mw.fatfs.aem4f : ffosal.oem4f (.text:ff_req_grant)
                  0000cee4    00000014                       : ff.oem4f (.text:mem_set)
                  0000cef8    00000014     rtsv7M4_T_le_v4SPD16_eabi.lib : strcpy.c.obj (.text:strcpy)
                  0000cf0c    00000014                                   : strlen.c.obj (.text:strlen)
                  0000cf20    00000014     SlaveController_pem4f.oem4f (.text:ti_sysbios_family_arm_m3_Hwi_Object__get__S)
                  0000cf34    00000004     --HOLE-- [fill = 0]
                  0000cf38    00000014     sysbios.aem4f : BIOS.obj (.text:ti_sysbios_family_arm_m3_Hwi_switchFromBootStack__E)
                  0000cf4c    00000014     SlaveController_pem4f.oem4f (.text:ti_sysbios_heaps_HeapMem_Object__get__S)
                  0000cf60    00000014     SlaveController_pem4f.oem4f (.text:ti_sysbios_knl_Swi_Object__get__S)
                  0000cf74    00000012     Flash.obj (.text:Flash_writeCommand)
                  0000cf86    00000012     driverlib.lib : gpio.obj (.text:GPIOPinTypeGPIOInput)
                  0000cf98    00000012                   : gpio.obj (.text:GPIOPinTypeSSI)
                  0000cfaa    00000012                   : gpio.obj (.text:GPIOPinTypeUART)
                  0000cfbc    00000012     drivers_tivaware.aem4f : RingBuf.oem4f (.text:RingBuf_construct)
                  0000cfce    00000012                            : SDSPITiva.oem4f (.text:SDSPITiva_init)
                  0000cfe0    00000012     driverlib.lib : ssi.obj (.text:SSIDataGetNonBlocking)
                  0000cff2    00000012     tirtosport.aem4f : SemaphoreP_tirtos.oem4f (.text:SemaphoreP_pend)
                  0000d004    00000012     ti.mw.fatfs.aem4f : ff.oem4f (.text:chk_chr)
                  0000d016    00000012                       : ffcio.oem4f (.text:ffcio_rename)
                  0000d028    00000012                       : ffcio.oem4f (.text:ffcio_unlink)
                  0000d03a    00000006     drivers_tivaware.aem4f : SPITivaDMA.oem4f (.text:SPITivaDMA_transferCallback)
                  0000d040    00000012     sysbios.aem4f : BIOS.obj (.text:ti_sysbios_hal_Hwi_Module_startup__E)
                  0000d052    00000012     rtsv7M4_T_le_v4SPD16_eabi.lib : wcslen.c.obj (.text:wcslen)
                  0000d064    00000012     SlaveController_pem4f.oem4f (.text:xdc_runtime_Startup_exec__I)
                  0000d076    00000002     --HOLE-- [fill = 0]
                  0000d078    00000010     drivers_tivaware.aem4f : SDSPITiva.oem4f (.text:SDSPITiva_diskStatus)
                  0000d088    00000010                            : SDSPI.oem4f (.text:SDSPI_Params_init)
                  0000d098    00000010     SD.obj (.text:SD_closeFile)
                  0000d0a8    00000010     ILI9341.obj (.text:_Z19beginSPITransactionv)
                  0000d0b8    00000010     drivers_tivaware.aem4f : UARTTiva.oem4f (.text:readBlockingTimeout)
                  0000d0c8    00000010     ti.mw.fatfs.aem4f : ff.oem4f (.text:st_clust)
                  0000d0d8    00000010     sysbios.aem4f : BIOS.obj (.text:ti_sysbios_BIOS_getCpuFreq__E)
                  0000d0e8    00000010                   : BIOS.obj (.text:ti_sysbios_BIOS_setThreadType__E)
                  0000d0f8    00000010                   : BIOS.obj (.text:ti_sysbios_BIOS_start__E)
                  0000d108    00000010                   : BIOS.obj (.text:ti_sysbios_family_arm_lm4_TimestampProvider_rolloverFunc__E)
                  0000d118    00000010                   : m3_TaskSupport_asm.obj (.text:ti_sysbios_family_arm_m3_TaskSupport_glue)
                  0000d128    00000010                   : BIOS.obj (.text:ti_sysbios_gates_GateMutex_Instance_finalize__E)
                  0000d138    00000010                   : BIOS.obj (.text:ti_sysbios_knl_Semaphore_Instance_finalize__E)
                  0000d148    00000010                   : BIOS.obj (.text:ti_sysbios_knl_Swi_disable__E)
                  0000d158    00000010     SlaveController_pem4f.oem4f (.text:ti_sysbios_knl_Task_Object__get__S)
                  0000d168    00000010     sysbios.aem4f : BIOS.obj (.text:ti_sysbios_knl_Task_disable__E)
                  0000d178    00000010     driverlib.lib : udma.obj (.text:uDMAEnable)
                  0000d188    00000010     ti.targets.arm.rtsarm.aem4f : Gate.oem4f (.text:xdc_runtime_Gate_leaveSystem__E)
                  0000d198    00000010                                 : Memory.oem4f (.text:xdc_runtime_Memory_free__E)
                  0000d1a8    00000010                                 : SysMin.oem4f (.text:xdc_runtime_SysMin_ready__E)
                  0000d1b8    00000010                                 : System.oem4f (.text:xdc_runtime_System_vsnprintf__E)
                  0000d1c8    00000010     SlaveController_pem4f.oem4f (.text:xdc_runtime_Text_visitRope__I)
                  0000d1d8    0000000e     driverlib.lib : gpio.obj (.text:GPIOIntStatus)
                  0000d1e6    0000000e                   : uart.obj (.text:UARTCharGetNonBlocking)
                  0000d1f4    0000000e                   : uart.obj (.text:UARTCharPutNonBlocking)
                  0000d202    0000000e     rtsv7M4_T_le_v4SPD16_eabi.lib : copy_decompress_none.c.obj (.text:decompress:none:__TI_decompress_none)
                  0000d210    0000000e     sysbios.aem4f : BIOS.obj (.text:ti_sysbios_knl_Idle_loop__E)
                  0000d21e    00000002     --HOLE-- [fill = 0]
                  0000d220    0000000e                   : BIOS.obj (.text:ti_sysbios_knl_Queue_empty__E)
                  0000d22e    00000002     --HOLE-- [fill = 0]
                  0000d230    0000000c     SlaveController_pem4f.oem4f (.text:.bootCodeSection:ti_catalog_arm_cortexm4_tiva_ce_Boot_init__I)
                  0000d23c    0000000c     drivers_tivaware.aem4f : RingBuf.oem4f (.text:RingBuf_peek)
                  0000d248    0000000c     driverlib.lib : ssi.obj (.text:SSIDataGet)
                  0000d254    0000000c                   : uart.obj (.text:UARTFlowControlSet)
                  0000d260    0000000c     drivers_tivaware.aem4f : UARTTiva.oem4f (.text:UARTTiva_init)
                  0000d26c    0000000c     rtsv7M4_T_le_v4SPD16_eabi.lib : _lock.c.obj (.text:_register_lock)
                  0000d278    0000000c                                   : _lock.c.obj (.text:_register_unlock)
                  0000d284    0000000c                                   : copy_zero_init.c.obj (.text:decompress:ZI:__TI_zero_init)
                  0000d290    0000000c     Utils.obj (.text:sleep)
                  0000d29c    00000004     --HOLE-- [fill = 0]
                  0000d2a0    0000000c     sysbios.aem4f : BIOS.obj (.text:ti_sysbios_family_arm_lm4_Timer_getMaxTicks__E)
                  0000d2ac    00000004     --HOLE-- [fill = 0]
                  0000d2b0    0000000c                   : BIOS.obj (.text:ti_sysbios_family_arm_lm4_TimestampProvider_startTimer__E)
                  0000d2bc    0000000c     SlaveController_pem4f.oem4f (.text:ti_sysbios_family_arm_m3_Hwi_Params__init__S)
                  0000d2c8    0000000c     sysbios.aem4f : BIOS.obj (.text:ti_sysbios_family_arm_m3_Hwi_disableFxn__E)
                  0000d2d4    00000004     --HOLE-- [fill = 0]
                  0000d2d8    0000000c                   : BIOS.obj (.text:ti_sysbios_family_arm_m3_TaskSupport_checkStack__E)
                  0000d2e4    00000004     --HOLE-- [fill = 0]
                  0000d2e8    0000000c                   : BIOS.obj (.text:ti_sysbios_family_arm_m3_TaskSupport_getStackAlignment__E)
                  0000d2f4    00000004     --HOLE-- [fill = 0]
                  0000d2f8    0000000c                   : BIOS.obj (.text:ti_sysbios_gates_GateHwi_enter__E)
                  0000d304    0000000c     SlaveController_pem4f.oem4f (.text:ti_sysbios_knl_Clock_Params__init__S)
                  0000d310    0000000c     SlaveController_pem4f.oem4f (.text:ti_sysbios_knl_Queue_Object__get__S)
                  0000d31c    0000000c     SlaveController_pem4f.oem4f (.text:ti_sysbios_knl_Semaphore_Params__init__S)
                  0000d328    0000000c     SlaveController_pem4f.oem4f (.text:ti_sysbios_knl_Task_Params__init__S)
                  0000d334    0000000c     driverlib.lib : udma.obj (.text:uDMAControlBaseSet)
                  0000d340    0000000c                   : udma.obj (.text:uDMAErrorStatusClear)
                  0000d34c    0000000c                   : udma.obj (.text:uDMAErrorStatusGet)
                  0000d358    0000000c                   : udma.obj (.text:uDMAIntStatus)
                  0000d364    0000000c     ti.targets.arm.rtsarm.aem4f : Error.oem4f (.text:xdc_runtime_Error_init__E)
                  0000d370    0000000c                                 : Gate.oem4f (.text:xdc_runtime_Gate_enterSystem__E)
                  0000d37c    0000000c                                 : Memory.oem4f (.text:xdc_runtime_Memory_calloc__E)
                  0000d388    0000000c                                 : Memory.oem4f (.text:xdc_runtime_Memory_getMaxDefaultTypeAlign__E)
                  0000d394    0000000a     Flash.obj (.text:Flash_transferSPI)
                  0000d39e    0000000a     drivers_tivaware.aem4f : SPITivaDMA.oem4f (.text:SPITivaDMA_init)
                  0000d3a8    0000000a                            : SPI.oem4f (.text:SPI_transfer)
                  0000d3b2    0000000a     driverlib.lib : ssi.obj (.text:SSIDMADisable)
                  0000d3bc    0000000a                   : ssi.obj (.text:SSIDataPut)
                  0000d3c6    0000000a                   : ssi.obj (.text:SSIDisable)
                  0000d3d0    0000000a                   : ssi.obj (.text:SSIEnable)
                  0000d3da    0000000a                   : ssi.obj (.text:SSIIntDisable)
                  0000d3e4    0000000a     tirtosport.aem4f : SemaphoreP_tirtos.oem4f (.text:SemaphoreP_post)
                  0000d3ee    0000000a     driverlib.lib : uart.obj (.text:UARTCharGet)
                  0000d3f8    0000000a                   : uart.obj (.text:UARTCharPut)
                  0000d402    0000000a                   : uart.obj (.text:UARTIntDisable)
                  0000d40c    0000000a                   : uart.obj (.text:UARTIntStatus)
                  0000d416    0000000a     ti.mw.fatfs.aem4f : ffosal.oem4f (.text:ff_del_syncobj)
                  0000d420    0000000a     SlaveController_pem4f.oem4f (.text:xdc_runtime_IHeap_alloc)
                  0000d42a    0000000a     SlaveController_pem4f.oem4f (.text:xdc_runtime_IHeap_free)
                  0000d434    00000008     driverlib.lib : ssi.obj (.text:SSIDMAEnable)
                  0000d43c    00000008                   : ssi.obj (.text:SSIIntEnable)
                  0000d444    00000008                   : uart.obj (.text:UARTIntEnable)
                  0000d44c    00000008                   : uart.obj (.text:UARTRxErrorGet)
                  0000d454    00000008     rtsv7M4_T_le_v4SPD16_eabi.lib : errno.c.obj (.text:__aeabi_errno_addr)
                  0000d45c    00000008     drivers_tivaware.aem4f : UARTTiva.oem4f (.text:readSemCallback)
                  0000d464    00000008     sysbios.aem4f : BIOS.obj (.text:ti_sysbios_family_arm_lm4_Timer_masterDisable__I)
                  0000d46c    00000004     --HOLE-- [fill = 0]
                  0000d470    00000008                   : BIOS.obj (.text:ti_sysbios_family_arm_m3_Hwi_doSwiRestore__I)
                  0000d478    00000008                   : BIOS.obj (.text:ti_sysbios_family_arm_m3_Hwi_startup__E)
                  0000d480    00000008     drivers_tivaware.aem4f : UARTTiva.oem4f (.text:writeSemCallback)
                  0000d488    00000006     driverlib.lib : uart.obj (.text:UARTFIFOLevelSet)
                  0000d48e    00000006                   : uart.obj (.text:UARTRxErrorClear)
                  0000d494    00000006     ti.mw.fatfs.aem4f : ff.oem4f (.text:lock_fs)
                  0000d49a    00000006     Boot.aem4f : Boot_sysctl.oem4f (.text:ti_catalog_arm_cortexm4_tiva_ce_Boot_sysCtlDelayI__I)
                  0000d4a0    00000006     sysbios.aem4f : BIOS.obj (.text:ti_sysbios_family_arm_lm4_TimestampProvider_Module_startup__E)
                  0000d4a6    00000002     --HOLE-- [fill = 0]
                  0000d4a8    00000006                   : BIOS.obj (.text:ti_sysbios_family_arm_m3_Hwi_doTaskRestore__I)
                  0000d4ae    00000002     --HOLE-- [fill = 0]
                  0000d4b0    00000006                   : BIOS.obj (.text:ti_sysbios_family_arm_m3_Hwi_restoreFxn__E)
                  0000d4b6    00000002     --HOLE-- [fill = 0]
                  0000d4b8    00000006                   : BIOS.obj (.text:ti_sysbios_gates_GateHwi_leave__E)
                  0000d4be    00000002     --HOLE-- [fill = 0]
                  0000d4c0    00000006                   : BIOS.obj (.text:ti_sysbios_heaps_HeapMem_isBlocking__E)
                  0000d4c6    00000002     --HOLE-- [fill = 0]
                  0000d4c8    00000006                   : BIOS.obj (.text:ti_sysbios_knl_Clock_stop__E)
                  0000d4ce    00000002     --HOLE-- [fill = 0]
                  0000d4d0    00000006                   : BIOS.obj (.text:ti_sysbios_knl_Queue_Instance_init__E)
                  0000d4d6    00000002     --HOLE-- [fill = 0]
                  0000d4d8    00000006                   : BIOS.obj (.text:ti_sysbios_knl_Swi_startup__E)
                  0000d4de    00000006     ti.targets.arm.rtsarm.aem4f : System.oem4f (.text:xdc_runtime_System_Module_startup__E)
                  0000d4e4    00000004     --HOLE-- [fill = 0]
                  0000d4e8    00000004     sysbios.aem4f : BIOS.obj (.text:ti_sysbios_family_arm_lm4_Timer_getPeriod__E)
                  0000d4ec    00000004     --HOLE-- [fill = 0]
                  0000d4f0    00000004                   : BIOS.obj (.text:ti_sysbios_gates_GateHwi_query__E)
                  0000d4f4    00000004     --HOLE-- [fill = 0]
                  0000d4f8    00000004                   : BIOS.obj (.text:ti_sysbios_gates_GateMutex_query__E)
                  0000d4fc    00000004     --HOLE-- [fill = 0]
                  0000d500    00000004                   : BIOS.obj (.text:ti_sysbios_knl_Task_startup__E)
                  0000d504    00000004     --HOLE-- [fill = 0]
                  0000d508    00000002                   : BIOS.obj (.text:ti_sysbios_gates_GateHwi_Instance_init__E)
                  0000d50a    00000006     --HOLE-- [fill = 0]
                  0000d510    00000002                   : BIOS.obj (.text:ti_sysbios_knl_Clock_logTick__E)

.const     0    0000d514    000033ee     
                  0000d514    00001885     SlaveController_pem4f.oem4f (.const:xdc_runtime_Text_charTab__A)
                  0000ed99    00000a00     animator.obj (.const:animations)
                  0000f799    00000001     SlaveController_pem4f.oem4f (.const:xdc_runtime_Error_policy__C)
                  0000f79a    00000002     SlaveController_pem4f.oem4f (.const:ti_catalog_arm_cortexm4_tiva_ce_Boot_Module__id__C)
                  0000f79c    00000400     start.obj (.const:colors_fdst)
                  0000fb9c    00000110     animator.obj (.const:colors)
                  0000fcac    00000101     rtsv7M4_T_le_v4SPD16_eabi.lib : ctype.c.obj (.const:.string:_ctypes_)
                  0000fdad    00000001     --HOLE-- [fill = 0]
                  0000fdae    000000cc     SlaveController_pem4f.oem4f (.const:xdc_runtime_Text_nodeTab__A)
                  0000fe7a    00000002     SlaveController_pem4f.oem4f (.const:ti_sysbios_family_arm_lm4_TimestampProvider_useClockTimer__C)
                  0000fe7c    00000090     driverlib.lib : gpio.obj (.const:g_pui32GPIOBaseAddrs)
                  0000ff0c    0000007f     ILI9341.obj (.const:.string:cmd_ili9341)
                  0000ff8b    00000001     --HOLE-- [fill = 0]
                  0000ff8c    00000078     EK_TM4C123GXL.obj (.const:spiTivaDMAHWAttrs)
                  00010004    00000064     drivers_tivaware.aem4f : SPITivaDMA.oem4f (.const)
                  00010068    00000060     rtsv7M4_T_le_v4SPD16_eabi.lib : mktime.c.obj (.const:$O1$$)
                  000100c8    00000054     drivers_tivaware.aem4f : GPIOTiva.oem4f (.const:.string)
                  0001011c    0000004c                            : UARTTiva.oem4f (.const)
                  00010168    00000048     SlaveController_pem4f.oem4f (.const:.string)
                  000101b0    00000048     drivers_tivaware.aem4f : GPIOTiva.oem4f (.const:gpioBaseAddresses)
                  000101f8    00000046     SD.obj (.const:.string:$P$T0$1)
                  0001023e    0000003c     animator.obj (.const:characterNames)
                  0001027a    00000002     SlaveController_pem4f.oem4f (.const:ti_sysbios_family_arm_m3_Hwi_Module__id__C)
                  0001027c    0000003c     SlaveController_pem4f.oem4f (.const:ti_sysbios_knl_Task_Object__PARAMS__C)
                  000102b8    00000030     EK_TM4C123GXL.obj (.const:SPI_config)
                  000102e8    00000030     SlaveController_pem4f.oem4f (.const:ti_sysbios_family_arm_m3_Hwi_Object__PARAMS__C)
                  00010318    00000028     animator.obj (.const:.string:$P$T0$1)
                  00010340    00000028     animator.obj (.const:.string:$P$T2$3)
                  00010368    00000028     drivers_tivaware.aem4f : UARTTiva.oem4f (.const:UARTTiva_fxnTable)
                  00010390    00000028     start.obj (.const:stageNames)
                  000103b8    00000028     SlaveController_pem4f.oem4f (.const:ti_sysbios_heaps_HeapMem_Module__FXNS__C)
                  000103e0    00000024     drivers_tivaware.aem4f : UART.oem4f (.const:UART_defaultParams)
                  00010404    00000024     EK_TM4C123GXL.obj (.const:sdspiTivaHWattrs)
                  00010428    00000024     SlaveController_pem4f.oem4f (.const:ti_sysbios_gates_GateHwi_Module__FXNS__C)
                  0001044c    00000024     SlaveController_pem4f.oem4f (.const:ti_sysbios_gates_GateMutex_Module__FXNS__C)
                  00010470    00000024     SlaveController_pem4f.oem4f (.const:ti_sysbios_heaps_HeapMem_Object__PARAMS__C)
                  00010494    00000024     SlaveController_pem4f.oem4f (.const:ti_sysbios_knl_Clock_Object__PARAMS__C)
                  000104b8    00000024     SlaveController_pem4f.oem4f (.const:ti_sysbios_knl_Semaphore_Object__PARAMS__C)
                  000104dc    00000024     SlaveController_pem4f.oem4f (.const:xdc_runtime_Startup_sfxnTab__A)
                  00010500    00000020     drivers_tivaware.aem4f : SPI.oem4f (.const)
                  00010520    00000020     SlaveController_pem4f.oem4f (.const:ti_sysbios_family_arm_m3_Hwi_Object__DESC__C)
                  00010540    00000020     SlaveController_pem4f.oem4f (.const:ti_sysbios_gates_GateHwi_Object__DESC__C)
                  00010560    00000020     SlaveController_pem4f.oem4f (.const:ti_sysbios_gates_GateMutex_Object__DESC__C)
                  00010580    00000020     SlaveController_pem4f.oem4f (.const:ti_sysbios_heaps_HeapMem_Object__DESC__C)
                  000105a0    00000020     SlaveController_pem4f.oem4f (.const:ti_sysbios_knl_Clock_Object__DESC__C)
                  000105c0    00000020     SlaveController_pem4f.oem4f (.const:ti_sysbios_knl_Queue_Object__DESC__C)
                  000105e0    00000020     SlaveController_pem4f.oem4f (.const:ti_sysbios_knl_Semaphore_Object__DESC__C)
                  00010600    00000020     SlaveController_pem4f.oem4f (.const:ti_sysbios_knl_Task_Object__DESC__C)
                  00010620    00000018     EK_TM4C123GXL.obj (.const:SDSPI_config)
                  00010638    00000018     EK_TM4C123GXL.obj (.const:UART_config)
                  00010650    00000018     SlaveController_pem4f.oem4f (.const:ti_sysbios_gates_GateHwi_Object__PARAMS__C)
                  00010668    00000018     SlaveController_pem4f.oem4f (.const:ti_sysbios_gates_GateMutex_Object__PARAMS__C)
                  00010680    00000018     SlaveController_pem4f.oem4f (.const:ti_sysbios_knl_Queue_Object__PARAMS__C)
                  00010698    00000018     EK_TM4C123GXL.obj (.const:uartTivaHWAttrs)
                  000106b0    00000014     EK_TM4C123GXL.obj (.const:GPIOTiva_config)
                  000106c4    00000014     SlaveController_pem4f.oem4f (.const:xdc_runtime_Startup_firstFxns__A)
                  000106d8    00000012     SlaveController_pem4f.oem4f (.const:xdc_runtime_Startup_sfxnRts__A)
                  000106ea    00000002     SlaveController_pem4f.oem4f (.const:ti_sysbios_gates_GateMutex_Module__id__C)
                  000106ec    00000010     drivers_tivaware.aem4f : SDSPITiva.oem4f (.const)
                  000106fc    00000008                            : SDSPI.oem4f (.const)
                  00010704    00000008     SlaveController_pem4f.oem4f (.const:ti_sysbios_family_arm_m3_Hwi_excHookFuncs__A)
                  0001070c    00000008     SlaveController_pem4f.oem4f (.const:ti_sysbios_knl_Idle_funcList__C)
                  00010714    00000008     SlaveController_pem4f.oem4f (.const:xdc_runtime_Startup_firstFxns__C)
                  0001071c    00000008     SlaveController_pem4f.oem4f (.const:xdc_runtime_Startup_lastFxns__C)
                  00010724    00000005     animator.obj (.const:.string:$P$T1$2)
                  00010729    00000005     animator.obj (.const:.string:$P$T3$4)
                  0001072e    00000002     SlaveController_pem4f.oem4f (.const:ti_sysbios_hal_Hwi_Module__id__C)
                  00010730    00000004     SlaveController_pem4f.oem4f (.const:ti_catalog_arm_cortexm4_tiva_ce_Boot_A_mustUseEnhancedClockMode__C)
                  00010734    00000004     SlaveController_pem4f.oem4f (.const:ti_catalog_arm_cortexm4_tiva_ce_Boot_Module__diagsEnabled__C)
                  00010738    00000004     SlaveController_pem4f.oem4f (.const:ti_catalog_arm_cortexm4_tiva_ce_Boot_Module__diagsIncluded__C)
                  0001073c    00000004     SlaveController_pem4f.oem4f (.const:ti_catalog_arm_cortexm4_tiva_ce_Boot_Module__diagsMask__C)
                  00010740    00000004     SlaveController_pem4f.oem4f (.const:ti_sysbios_family_arm_lm4_Timer_enableFunc__C)
                  00010744    00000004     SlaveController_pem4f.oem4f (.const:ti_sysbios_family_arm_lm4_Timer_numTimerDevices__C)
                  00010748    00000004     SlaveController_pem4f.oem4f (.const:ti_sysbios_family_arm_lm4_Timer_startupNeeded__C)
                  0001074c    00000004     SlaveController_pem4f.oem4f (.const:ti_sysbios_family_arm_m3_Hwi_E_NMI__C)
                  00010750    00000004     SlaveController_pem4f.oem4f (.const:ti_sysbios_family_arm_m3_Hwi_E_alreadyDefined__C)
                  00010754    00000004     SlaveController_pem4f.oem4f (.const:ti_sysbios_family_arm_m3_Hwi_E_busFault__C)
                  00010758    00000004     SlaveController_pem4f.oem4f (.const:ti_sysbios_family_arm_m3_Hwi_E_debugMon__C)
                  0001075c    00000004     SlaveController_pem4f.oem4f (.const:ti_sysbios_family_arm_m3_Hwi_E_hardFault__C)
                  00010760    00000004     SlaveController_pem4f.oem4f (.const:ti_sysbios_family_arm_m3_Hwi_E_memFault__C)
                  00010764    00000004     SlaveController_pem4f.oem4f (.const:ti_sysbios_family_arm_m3_Hwi_E_noIsr__C)
                  00010768    00000004     SlaveController_pem4f.oem4f (.const:ti_sysbios_family_arm_m3_Hwi_E_reserved__C)
                  0001076c    00000004     SlaveController_pem4f.oem4f (.const:ti_sysbios_family_arm_m3_Hwi_E_svCall__C)
                  00010770    00000004     SlaveController_pem4f.oem4f (.const:ti_sysbios_family_arm_m3_Hwi_E_usageFault__C)
                  00010774    00000004     SlaveController_pem4f.oem4f (.const:ti_sysbios_family_arm_m3_Hwi_NUM_INTERRUPTS__C)
                  00010778    00000004     SlaveController_pem4f.oem4f (.const:ti_sysbios_family_arm_m3_Hwi_Object__count__C)
                  0001077c    00000004     SlaveController_pem4f.oem4f (.const:ti_sysbios_family_arm_m3_Hwi_ccr__C)
                  00010780    00000004     SlaveController_pem4f.oem4f (.const:ti_sysbios_family_arm_m3_Hwi_excHandlerFunc__C)
                  00010784    00000004     SlaveController_pem4f.oem4f (.const:ti_sysbios_family_arm_m3_Hwi_excHookFuncs__C)
                  00010788    00000004     SlaveController_pem4f.oem4f (.const:ti_sysbios_family_arm_m3_Hwi_nullIsrFunc__C)
                  0001078c    00000004     SlaveController_pem4f.oem4f (.const:ti_sysbios_family_arm_m3_Hwi_priGroup__C)
                  00010790    00000004     SlaveController_pem4f.oem4f (.const:ti_sysbios_family_arm_m3_TaskSupport_stackAlignment__C)
                  00010794    00000004     SlaveController_pem4f.oem4f (.const:ti_sysbios_gates_GateMutex_A_badContext__C)
                  00010798    00000004     SlaveController_pem4f.oem4f (.const:ti_sysbios_gates_GateMutex_Instance_State_sem__O)
                  0001079c    00000004     SlaveController_pem4f.oem4f (.const:ti_sysbios_gates_GateMutex_Module__diagsEnabled__C)
                  000107a0    00000004     SlaveController_pem4f.oem4f (.const:ti_sysbios_gates_GateMutex_Module__diagsIncluded__C)
                  000107a4    00000004     SlaveController_pem4f.oem4f (.const:ti_sysbios_gates_GateMutex_Module__diagsMask__C)
                  000107a8    00000004     SlaveController_pem4f.oem4f (.const:ti_sysbios_hal_Hwi_E_stackOverflow__C)
                  000107ac    00000004     SlaveController_pem4f.oem4f (.const:ti_sysbios_heaps_HeapMem_A_align__C)
                  000107b0    00000004     SlaveController_pem4f.oem4f (.const:ti_sysbios_heaps_HeapMem_A_heapSize__C)
                  000107b4    00000004     SlaveController_pem4f.oem4f (.const:ti_sysbios_heaps_HeapMem_A_invalidFree__C)
                  000107b8    00000004     SlaveController_pem4f.oem4f (.const:ti_sysbios_heaps_HeapMem_A_zeroBlock__C)
                  000107bc    00000004     SlaveController_pem4f.oem4f (.const:ti_sysbios_heaps_HeapMem_E_memory__C)
                  000107c0    00000004     SlaveController_pem4f.oem4f (.const:ti_sysbios_heaps_HeapMem_Module__diagsEnabled__C)
                  000107c4    00000004     SlaveController_pem4f.oem4f (.const:ti_sysbios_heaps_HeapMem_Module__diagsIncluded__C)
                  000107c8    00000004     SlaveController_pem4f.oem4f (.const:ti_sysbios_heaps_HeapMem_Module__diagsMask__C)
                  000107cc    00000004     SlaveController_pem4f.oem4f (.const:ti_sysbios_heaps_HeapMem_Module__gateObj__C)
                  000107d0    00000004     SlaveController_pem4f.oem4f (.const:ti_sysbios_heaps_HeapMem_Object__count__C)
                  000107d4    00000004     SlaveController_pem4f.oem4f (.const:ti_sysbios_heaps_HeapMem_reqAlign__C)
                  000107d8    00000004     SlaveController_pem4f.oem4f (.const:ti_sysbios_knl_Clock_A_badThreadType__C)
                  000107dc    00000004     SlaveController_pem4f.oem4f (.const:ti_sysbios_knl_Clock_Module_State_clockQ__O)
                  000107e0    00000004     SlaveController_pem4f.oem4f (.const:ti_sysbios_knl_Clock_Module__diagsEnabled__C)
                  000107e4    00000004     SlaveController_pem4f.oem4f (.const:ti_sysbios_knl_Clock_Module__diagsIncluded__C)
                  000107e8    00000004     SlaveController_pem4f.oem4f (.const:ti_sysbios_knl_Clock_Module__diagsMask__C)
                  000107ec    00000004     SlaveController_pem4f.oem4f (.const:ti_sysbios_knl_Idle_funcList__A)
                  000107f0    00000004     SlaveController_pem4f.oem4f (.const:ti_sysbios_knl_Semaphore_A_badContext__C)
                  000107f4    00000004     SlaveController_pem4f.oem4f (.const:ti_sysbios_knl_Semaphore_A_noEvents__C)
                  000107f8    00000004     SlaveController_pem4f.oem4f (.const:ti_sysbios_knl_Semaphore_A_overflow__C)
                  000107fc    00000004     SlaveController_pem4f.oem4f (.const:ti_sysbios_knl_Semaphore_A_pendTaskDisabled__C)
                  00010800    00000004     SlaveController_pem4f.oem4f (.const:ti_sysbios_knl_Semaphore_Instance_State_pendQ__O)
                  00010804    00000004     SlaveController_pem4f.oem4f (.const:ti_sysbios_knl_Semaphore_Module__diagsEnabled__C)
                  00010808    00000004     SlaveController_pem4f.oem4f (.const:ti_sysbios_knl_Semaphore_Module__diagsIncluded__C)
                  0001080c    00000004     SlaveController_pem4f.oem4f (.const:ti_sysbios_knl_Semaphore_Module__diagsMask__C)
                  00010810    00000004     SlaveController_pem4f.oem4f (.const:ti_sysbios_knl_Swi_Object__count__C)
                  00010814    00000004     SlaveController_pem4f.oem4f (.const:ti_sysbios_knl_Task_A_badPriority__C)
                  00010818    00000004     SlaveController_pem4f.oem4f (.const:ti_sysbios_knl_Task_A_badTaskState__C)
                  0001081c    00000004     SlaveController_pem4f.oem4f (.const:ti_sysbios_knl_Task_A_badThreadType__C)
                  00010820    00000004     SlaveController_pem4f.oem4f (.const:ti_sysbios_knl_Task_A_badTimeout__C)
                  00010824    00000004     SlaveController_pem4f.oem4f (.const:ti_sysbios_knl_Task_A_noPendElem__C)
                  00010828    00000004     SlaveController_pem4f.oem4f (.const:ti_sysbios_knl_Task_A_sleepTaskDisabled__C)
                  0001082c    00000004     SlaveController_pem4f.oem4f (.const:ti_sysbios_knl_Task_E_spOutOfBounds__C)
[...]
00010520  ti_sysbios_family_arm_m3_Hwi_Object__DESC__C                      
00010540  ti_sysbios_gates_GateHwi_Object__DESC__C                          
00010560  ti_sysbios_gates_GateMutex_Object__DESC__C                        
00010580  ti_sysbios_heaps_HeapMem_Object__DESC__C                          
000105a0  ti_sysbios_knl_Clock_Object__DESC__C                              
000105c0  ti_sysbios_knl_Queue_Object__DESC__C                              
000105e0  ti_sysbios_knl_Semaphore_Object__DESC__C                          
00010600  ti_sysbios_knl_Task_Object__DESC__C                               
00010620  SDSPI_config                                                      
00010638  UART_config                                                       
00010650  ti_sysbios_gates_GateHwi_Object__PARAMS__C                        
00010668  ti_sysbios_gates_GateMutex_Object__PARAMS__C                      
00010680  ti_sysbios_knl_Queue_Object__PARAMS__C                            
00010698  uartTivaHWAttrs                                                   
000106b0  GPIOTiva_config                                                   
000106c4  xdc_runtime_Startup_firstFxns__A                                  
000106d8  xdc_runtime_Startup_sfxnRts__A                                    
000106ea  ti_sysbios_gates_GateMutex_Module__id__C                          
000106ec  SDSPITiva_fxnTable                                                
000106fc  SDSPI_defaultParams                                               
00010704  ti_sysbios_family_arm_m3_Hwi_excHookFuncs__A                      
0001070c  ti_sysbios_knl_Idle_funcList__C                                   
00010714  xdc_runtime_Startup_firstFxns__C                                  
0001071c  xdc_runtime_Startup_lastFxns__C                                   
0001072e  ti_sysbios_hal_Hwi_Module__id__C                                  
00010730  ti_catalog_arm_cortexm4_tiva_ce_Boot_A_mustUseEnhancedClockMode__C
00010734  ti_catalog_arm_cortexm4_tiva_ce_Boot_Module__diagsEnabled__C      
00010738  ti_catalog_arm_cortexm4_tiva_ce_Boot_Module__diagsIncluded__C     
0001073c  ti_catalog_arm_cortexm4_tiva_ce_Boot_Module__diagsMask__C         
00010740  ti_sysbios_family_arm_lm4_Timer_enableFunc__C                     
00010744  ti_sysbios_family_arm_lm4_Timer_numTimerDevices__C                
00010748  ti_sysbios_family_arm_lm4_Timer_startupNeeded__C                  
0001074c  ti_sysbios_family_arm_m3_Hwi_E_NMI__C                             
00010750  ti_sysbios_family_arm_m3_Hwi_E_alreadyDefined__C                  
00010754  ti_sysbios_family_arm_m3_Hwi_E_busFault__C                        
00010758  ti_sysbios_family_arm_m3_Hwi_E_debugMon__C                        
0001075c  ti_sysbios_family_arm_m3_Hwi_E_hardFault__C                       
00010760  ti_sysbios_family_arm_m3_Hwi_E_memFault__C                        
00010764  ti_sysbios_family_arm_m3_Hwi_E_noIsr__C                           
00010768  ti_sysbios_family_arm_m3_Hwi_E_reserved__C                        
0001076c  ti_sysbios_family_arm_m3_Hwi_E_svCall__C                          
00010770  ti_sysbios_family_arm_m3_Hwi_E_usageFault__C                      
00010774  ti_sysbios_family_arm_m3_Hwi_NUM_INTERRUPTS__C                    
00010778  ti_sysbios_family_arm_m3_Hwi_Object__count__C                     
0001077c  ti_sysbios_family_arm_m3_Hwi_ccr__C                               
00010780  ti_sysbios_family_arm_m3_Hwi_excHandlerFunc__C                    
00010784  ti_sysbios_family_arm_m3_Hwi_excHookFuncs__C                      
00010788  ti_sysbios_family_arm_m3_Hwi_nullIsrFunc__C                       
0001078c  ti_sysbios_family_arm_m3_Hwi_priGroup__C                          
00010790  ti_sysbios_family_arm_m3_TaskSupport_stackAlignment__C            
00010794  ti_sysbios_gates_GateMutex_A_badContext__C                        
00010798  ti_sysbios_gates_GateMutex_Instance_State_sem__O                  
0001079c  ti_sysbios_gates_GateMutex_Module__diagsEnabled__C                
000107a0  ti_sysbios_gates_GateMutex_Module__diagsIncluded__C               
000107a4  ti_sysbios_gates_GateMutex_Module__diagsMask__C                   
000107a8  ti_sysbios_hal_Hwi_E_stackOverflow__C                             
000107ac  ti_sysbios_heaps_HeapMem_A_align__C                               
000107b0  ti_sysbios_heaps_HeapMem_A_heapSize__C                            
000107b4  ti_sysbios_heaps_HeapMem_A_invalidFree__C                         
000107b8  ti_sysbios_heaps_HeapMem_A_zeroBlock__C                           
000107bc  ti_sysbios_heaps_HeapMem_E_memory__C                              
000107c0  ti_sysbios_heaps_HeapMem_Module__diagsEnabled__C                  
000107c4  ti_sysbios_heaps_HeapMem_Module__diagsIncluded__C                 
000107c8  ti_sysbios_heaps_HeapMem_Module__diagsMask__C                     
000107cc  ti_sysbios_heaps_HeapMem_Module__gateObj__C                       
000107d0  ti_sysbios_heaps_HeapMem_Object__count__C                         
000107d4  ti_sysbios_heaps_HeapMem_reqAlign__C                              
000107d8  ti_sysbios_knl_Clock_A_badThreadType__C                           
000107dc  ti_sysbios_knl_Clock_Module_State_clockQ__O                       
000107e0  ti_sysbios_knl_Clock_Module__diagsEnabled__C                      
000107e4  ti_sysbios_knl_Clock_Module__diagsIncluded__C                     
000107e8  ti_sysbios_knl_Clock_Module__diagsMask__C                         
000107ec  ti_sysbios_knl_Idle_funcList__A                                   
000107f0  ti_sysbios_knl_Semaphore_A_badContext__C                          
000107f4  ti_sysbios_knl_Semaphore_A_noEvents__C                            
000107f8  ti_sysbios_knl_Semaphore_A_overflow__C                            
000107fc  ti_sysbios_knl_Semaphore_A_pendTaskDisabled__C                    
00010800  ti_sysbios_knl_Semaphore_Instance_State_pendQ__O                  
00010804  ti_sysbios_knl_Semaphore_Module__diagsEnabled__C                  
00010808  ti_sysbios_knl_Semaphore_Module__diagsIncluded__C                 
0001080c  ti_sysbios_knl_Semaphore_Module__diagsMask__C                     
00010810  ti_sysbios_knl_Swi_Object__count__C                               
00010814  ti_sysbios_knl_Task_A_badPriority__C                              
00010818  ti_sysbios_knl_Task_A_badTaskState__C                             
0001081c  ti_sysbios_knl_Task_A_badThreadType__C                            
00010820  ti_sysbios_knl_Task_A_badTimeout__C                               
00010824  ti_sysbios_knl_Task_A_noPendElem__C                               
00010828  ti_sysbios_knl_Task_A_sleepTaskDisabled__C                        
0001082c  ti_sysbios_knl_Task_E_spOutOfBounds__C                            
00010830  ti_sysbios_knl_Task_E_stackOverflow__C                            
00010834  ti_sysbios_knl_Task_Module_State_inactiveQ__O                     
00010838  ti_sysbios_knl_Task_Module__diagsEnabled__C                       
0001083c  ti_sysbios_knl_Task_Module__diagsIncluded__C                      
00010840  ti_sysbios_knl_Task_Module__diagsMask__C                          
00010844  ti_sysbios_knl_Task_Object__count__C                              
00010848  ti_sysbios_knl_Task_allBlockedFunc__C                             
0001084c  ti_sysbios_knl_Task_defaultStackHeap__C                           
00010850  ti_sysbios_knl_Task_defaultStackSize__C                           
00010854  ti_sysbios_knl_Task_numConstructedTasks__C                        
00010858  xdc_runtime_Assert_E_assertFailed__C                              
0001085c  xdc_runtime_Core_A_initializedParams__C                           
00010860  xdc_runtime_Core_Module__diagsEnabled__C                          
00010864  xdc_runtime_Core_Module__diagsIncluded__C                         
00010868  xdc_runtime_Core_Module__diagsMask__C                             
0001086c  xdc_runtime_Error_E_memory__C                                     
00010870  xdc_runtime_Error_Module__diagsEnabled__C                         
00010874  xdc_runtime_Error_Module__diagsIncluded__C                        
00010878  xdc_runtime_Error_Module__diagsMask__C                            
0001087c  xdc_runtime_Error_Module__loggerFxn8__C                           
00010880  xdc_runtime_Error_Module__loggerObj__C                            
00010884  xdc_runtime_Error_policyFxn__C                                    
00010888  xdc_runtime_Error_raiseHook__C                                    
0001088c  xdc_runtime_IGateProvider_Interface__BASE__C                      
00010890  xdc_runtime_IHeap_Interface__BASE__C                              
00010894  xdc_runtime_IModule_Interface__BASE__C                            
00010898  xdc_runtime_Log_L_error__C                                        
0001089c  xdc_runtime_Memory_defaultHeapInstance__C                         
000108a0  xdc_runtime_Startup_execImpl__C                                   
000108a4  xdc_runtime_Startup_lastFxns__A                                   
000108a8  xdc_runtime_Startup_maxPasses__C                                  
000108ac  xdc_runtime_Startup_sfxnRts__C                                    
000108b0  xdc_runtime_Startup_sfxnTab__C                                    
000108b4  xdc_runtime_SysMin_bufSize__C                                     
000108b8  xdc_runtime_SysMin_outputFunc__C                                  
000108bc  xdc_runtime_System_Module__gateObj__C                             
000108c0  xdc_runtime_System_abortFxn__C                                    
000108c4  xdc_runtime_System_exitFxn__C                                     
000108c8  xdc_runtime_System_extendFxn__C                                   
000108cc  xdc_runtime_System_maxAtexitHandlers__C                           
000108d0  xdc_runtime_Text_charTab__C                                       
000108d4  xdc_runtime_Text_nameEmpty__C                                     
000108d8  xdc_runtime_Text_nameStatic__C                                    
000108dc  xdc_runtime_Text_nameUnknown__C                                   
000108e0  xdc_runtime_Text_nodeTab__C                                       
000108e4  xdc_runtime_Text_visitRopeFxn__C                                  
000108e8  ti_sysbios_heaps_HeapMem_Module__id__C                            
000108ea  ti_sysbios_knl_Clock_Module__id__C                                
000108ec  ti_sysbios_knl_Semaphore_Module__id__C                            
000108ee  ti_sysbios_knl_Task_Module__id__C                                 
000108f0  xdc_runtime_Core_Module__id__C                                    
000108f2  xdc_runtime_Error_Module__loggerDefined__C                        
000108f4  xdc_runtime_Error_maxDepth__C                                     
000108f6  xdc_runtime_Memory_Module__id__C                                  
000108f8  xdc_runtime_SysMin_flushAtExit__C                                 
000108fa  xdc_runtime_Text_charCnt__C                                       
000108fc  xdc_runtime_Text_isLoaded__C                                      
000108fe  xdc_runtime_Text_registryModsLastId__C                            
00010900  xdc_runtime_Text_unnamedModsLastId__C                             
00010908  __TI_static_base__                                                
00010b64  __TI_Handler_Table_Base                                           
00010b70  __TI_Handler_Table_Limit                                          
00010b80  __TI_CINIT_Base                                                   
00010b98  __TI_CINIT_Limit                                                  
20000000  __start___llvm_prf_cnts                                           
20000000  __stop___llvm_prf_cnts                                            
20000000  ti_sysbios_family_arm_m3_Hwi_ramVectors                           
20000400  st                                                                
20002340  animation                                                         
20003600  ti_sysbios_heaps_HeapMem_Instance_State_0_buf__A                  
20004600  finalColors                                                       
20004b04  buffer                                                            
20004eec  ti_sysbios_family_arm_m3_Hwi_dispatchTable                        
2000524c  sdspiTivaObjects                                                  
2000548c  Flash_spi                                                         
20005490  ti_sysbios_knl_Task_Instance_State_0_stack__A                     
20005690  layer                                                             
200057fc  backgroundColors                                                  
20005a00  Flash_txBuffer                                                    
20005b2c  smallBuffer2                                                      
20005c58  __CIOBUF_                                                         
20005d78  rowsToUpdate                                                      
20005e6c  spiTivaDMAObjects                                                 
20005f50  spriteSendables                                                   
20006030  uartTivaObjects                                                   
200060fc  __TI_tmpnams                                                      
2000622c  xdc_runtime_SysMin_Module_State_0_outbuf__A                       
200062ac  ts                                                                
200062fc  uartParams                                                        
20006320  Flash_spi_params                                                  
20006340  uartTivaRingBuffer                                                
2000637c  Flash_transaction                                                 
200063b0  parmbuf                                                           
200063b8  sdspiParams                                                       
200063c0  spiTivaDMAscratchBuf                                              
200063cc  bufferptr                                                         
200063d4  persistentBackgroundMemLocation                                   
200063d8  sdspiHandle                                                       
200063dc  src                                                               
200063e0  uart                                                              
200063e8  _ftable                                                           
200064d8  ti_sysbios_family_arm_lm4_Timer_Object__table__V                  
20006558  ti_sysbios_knl_Swi_Module_State_0_readyQ__A                       
200065d8  ti_sysbios_knl_Task_Module_State_0_readyQ__A                      
20006658  _device                                                           
200066d0  _stream                                                           
20006770  ti_sysbios_knl_Task_Object__table__V                              
200067bc  ti_sysbios_knl_Task_Module__state__V                              
20006800  ti_sysbios_gates_GateMutex_Object__table__V                       
20006838  ti_sysbios_family_arm_m3_Hwi_Module__state__V                     
2000686c  ti_sysbios_family_arm_lm4_Timer_Module_State_0_device__A          
2000689c  ti_sysbios_family_arm_m3_Hwi_Object__table__V                     
200068cc  ti_sysbios_knl_Swi_Object__table__V                               
200068fc  ti_sysbios_knl_Clock_Module__state__V                             
2000694c  ti_sysbios_BIOS_Module__state__V                                  
20006970  ti_sysbios_knl_Swi_Module__state__V                               
2000698c  ti_sysbios_family_arm_lm4_Timer_Module_State_0_handles__A         
200069a4  ti_sysbios_heaps_HeapMem_Object__table__V                         
200069bc  gpioPinConfigs                                                    
200069d0  _tz                                                               
200069e0  __TI_ft_end                                                       
200069e4  __aeabi_stdin                                                     
200069e8  __aeabi_stdout                                                    
200069ec  __aeabi_stderr                                                    
200069f0  __TI_cleanup_ptr                                                  
200069f4  __TI_dtors_ptr                                                    
200069f8  __TI_enable_exit_profile_output                                   
200069fc  ti_sysbios_family_arm_lm4_Timer_Module__state__V                  
20006a08  xdc_runtime_SysMin_Module__state__V                               
20006a14  _lock                                                             
20006a18  _unlock                                                           
20006a1c  backgroundColorIndex                                              
20006a20  activeAnimations                                                  
20006a22  toRemove                                                          
20006a24  gpioCallbackFunctions                                             
20006a2c  ti_sysbios_family_arm_lm4_Seconds_Module__state__V                
20006a34  ti_sysbios_family_arm_lm4_TimestampProvider_Module__state__V      
20006a3c  ti_sysbios_family_arm_m3_Hwi_Module__root__V                      
20006a44  ti_sysbios_gates_GateHwi_Module__root__V                          
20006a4c  ti_sysbios_gates_GateMutex_Module__root__V                        
20006a54  ti_sysbios_heaps_HeapMem_Module__root__V                          
20006a5c  ti_sysbios_knl_Clock_Module__root__V                              
20006a64  ti_sysbios_knl_Queue_Module__root__V                              
20006a6c  ti_sysbios_knl_Semaphore_Module__root__V                          
20006a74  ti_sysbios_knl_Task_Module__root__V                               
20006a7c  xdc_runtime_Registry_Module__state__V                             
20006a84  xdc_runtime_Startup_Module__state__V                              
20006a8c  xdc_runtime_System_Module_State_0_atexitHandlers__A               
20006a94  xdc_runtime_System_Module__state__V                               
20006aa2  ti_sysbios_family_arm_m3_Hwi_Module_State_0_excActive__A          
20006aa4  currentLocation                                                   
20006abc  errno                                                             
20006ac8  main_func_sp                                                      
20006ad0  ti_sysbios_family_arm_m3_Hwi_Module_State_0_excContext__A         
20006ad4  ti_sysbios_family_arm_m3_Hwi_Module_State_0_excStack__A           
20006ad8  ti_sysbios_gates_GateHwi_Object__table__V                         
20006adc  ti_sysbios_knl_Task_Module_State_0_idleTask__A                    
20006ae0  xdc_runtime_Memory_Module__state__V                               
20006ae4  xdc_runtime_Error_Module__state__V                                
20006ae8  __stack                                                           
20006de8  __STACK_END                                                       
e000e000  ti_sysbios_family_arm_m3_Hwi_nvic                                 
ffffffff  __TI_pprof_out_hndl                                               
ffffffff  __TI_prof_data_size                                               
ffffffff  __TI_prof_data_start                                              
ffffffff  __binit__                                                         
ffffffff  __c_args__                                                        
ffffffff  binit                                                             
UNDEFED   SHT$$INIT_ARRAY$$Base                                             
UNDEFED   SHT$$INIT_ARRAY$$Limit                                            

[869 symbols]
