******************************************************************************
                  TI ARM Linker PC v19.6.0                     
******************************************************************************
>> Linked Wed Apr 29 15:17:11 2020

OUTPUT FILE NAME:   <SlaveController.out>
ENTRY POINT SYMBOL: "_c_int00"  address: 000369cd


MEMORY CONFIGURATION

         name            origin    length      used     unused   attr    fill
----------------------  --------  ---------  --------  --------  ----  --------
  FLASH                 00000000   00040000  00039d84  0000627c  R  X
  SRAM                  20000000   00008000  00007978  00000688  RW X


SEGMENT ALLOCATION MAP

run origin  load origin   length   init length attrs members
----------  ----------- ---------- ----------- ----- -------
00000000    00000000    00039d90   00039d90    r-x
  00000000    00000000    0000003c   0000003c    r-- .resetVecs
  0000003c    0000003c    0002e0f6   0002e0f6    r-- .const
  0002e138    0002e138    0000b9c2   0000b9c2    r-x .text
  00039b00    00039b00    00000290   00000290    r-- .cinit
20000000    20000000    00000360   00000000    rw-
  20000000    20000000    00000360   00000000    rw- .vecs
20000400    20000400    00007620   00000000    rw-
  20000400    20000400    00006b26   00000000    rw- .bss
  20006f28    20006f28    000006f2   00000000    rw- .data
  20007620    20007620    00000400   00000000    rw- .stack


SECTION ALLOCATION MAP

 output                                  attributes/
section   page    origin      length       input sections
--------  ----  ----------  ----------   ----------------
.const     0    0000003c    0002e0f6     
                  0000003c    0001a638     start.obj (.const:colors_tower)
                  0001a674    0000daa8     start.obj (.const:colors_charmenu)
                  0002811c    00001885     SlaveController_pem4f.oem4f (.const:xdc_runtime_Text_charTab__A)
                  000299a1    00000f00     animator.obj (.const:animations)
                  0002a8a1    00000001     SlaveController_pem4f.oem4f (.const:xdc_runtime_Error_policy__C)
                  0002a8a2    00000002     SlaveController_pem4f.oem4f (.const:ti_catalog_arm_cortexm4_tiva_ce_Boot_Module__id__C)
                  0002a8a4    00000400     start.obj (.const:colors_eer)
                  0002aca4    00000400     start.obj (.const:colors_fdst)
                  0002b0a4    00000400     start.obj (.const:colors_gregory)
                  0002b4a4    00000400     start.obj (.const:colors_smashville)
                  0002b8a4    000003fc     start.obj (.const:colors_battle)
                  0002bca0    000003fc     start.obj (.const:colors_stagemenu)
                  0002c09c    00000364     start.obj (.const:colors_winp1val)
                  0002c400    0000034c     start.obj (.const:colors_winp1gaw)
                  0002c74c    00000348     start.obj (.const:colors_winp1kirby)
                  0002ca94    00000238     start.obj (.const:colors_winp2val)
                  0002cccc    00000220     start.obj (.const:colors_winp2gaw)
                  0002ceec    0000021c     start.obj (.const:colors_winp2kirby)
                  0002d108    00000198     animator.obj (.const:colors_misc)
                  0002d2a0    00000130     animator.obj (.const:colors_kirby)
                  0002d3d0    0000012c     start.obj (.const:persistentSprites)
                  0002d4fc    000000cc     SlaveController_pem4f.oem4f (.const:xdc_runtime_Text_nodeTab__A)
                  0002d5c8    000000a4     animator.obj (.const:colors_menu)
                  0002d66c    00000090     driverlib.lib : gpio.obj (.const:g_pui32GPIOBaseAddrs)
                  0002d6fc    0000007f     ILI9341.obj (.const:.string:cmd_ili9341)
                  0002d77b    00000001     --HOLE-- [fill = 0]
                  0002d77c    00000078     EK_TM4C123GXL.obj (.const:spiTivaDMAHWAttrs)
                  0002d7f4    00000064     drivers_tivaware.aem4f : SPITivaDMA.oem4f (.const)
                  0002d858    00000060     rtsv7M4_T_le_v4SPD16_eabi.lib : mktime.c.obj (.const:$O1$$)
                  0002d8b8    0000005c     animator.obj (.const:colors_gameandwatch)
                  0002d914    00000054     drivers_tivaware.aem4f : GPIOTiva.oem4f (.const:.string)
                  0002d968    0000004c                            : UARTTiva.oem4f (.const)
                  0002d9b4    00000048     SlaveController_pem4f.oem4f (.const:.string)
                  0002d9fc    00000048     drivers_tivaware.aem4f : GPIOTiva.oem4f (.const:gpioBaseAddresses)
                  0002da44    00000046     SD.obj (.const:.string:$P$T0$1)
                  0002da8a    00000046     animator.obj (.const:characterNames)
                  0002dad0    0000003c     SlaveController_pem4f.oem4f (.const:ti_sysbios_knl_Task_Object__PARAMS__C)
                  0002db0c    00000030     EK_TM4C123GXL.obj (.const:SPI_config)
                  0002db3c    00000030     SlaveController_pem4f.oem4f (.const:ti_sysbios_family_arm_m3_Hwi_Object__PARAMS__C)
                  0002db6c    00000028     animator.obj (.const:.string:$P$T0$1)
                  0002db94    00000028     animator.obj (.const:.string:$P$T2$3)
                  0002dbbc    00000028     drivers_tivaware.aem4f : UARTTiva.oem4f (.const:UARTTiva_fxnTable)
                  0002dbe4    00000028     SlaveController_pem4f.oem4f (.const:ti_sysbios_heaps_HeapMem_Module__FXNS__C)
                  0002dc0c    00000024     drivers_tivaware.aem4f : UART.oem4f (.const:UART_defaultParams)
                  0002dc30    00000024     EK_TM4C123GXL.obj (.const:sdspiTivaHWattrs)
                  0002dc54    00000024     SlaveController_pem4f.oem4f (.const:ti_sysbios_gates_GateHwi_Module__FXNS__C)
                  0002dc78    00000024     SlaveController_pem4f.oem4f (.const:ti_sysbios_gates_GateMutex_Module__FXNS__C)
                  0002dc9c    00000024     SlaveController_pem4f.oem4f (.const:ti_sysbios_heaps_HeapMem_Object__PARAMS__C)
                  0002dcc0    00000024     SlaveController_pem4f.oem4f (.const:ti_sysbios_knl_Clock_Object__PARAMS__C)
                  0002dce4    00000024     SlaveController_pem4f.oem4f (.const:ti_sysbios_knl_Semaphore_Object__PARAMS__C)
                  0002dd08    00000024     SlaveController_pem4f.oem4f (.const:xdc_runtime_Startup_sfxnTab__A)
                  0002dd2c    00000020     drivers_tivaware.aem4f : SPI.oem4f (.const)
                  0002dd4c    00000020     SlaveController_pem4f.oem4f (.const:ti_sysbios_family_arm_m3_Hwi_Object__DESC__C)
                  0002dd6c    00000020     SlaveController_pem4f.oem4f (.const:ti_sysbios_gates_GateHwi_Object__DESC__C)
                  0002dd8c    00000020     SlaveController_pem4f.oem4f (.const:ti_sysbios_gates_GateMutex_Object__DESC__C)
                  0002ddac    00000020     SlaveController_pem4f.oem4f (.const:ti_sysbios_heaps_HeapMem_Object__DESC__C)
                  0002ddcc    00000020     SlaveController_pem4f.oem4f (.const:ti_sysbios_knl_Clock_Object__DESC__C)
                  0002ddec    00000020     SlaveController_pem4f.oem4f (.const:ti_sysbios_knl_Queue_Object__DESC__C)
                  0002de0c    00000020     SlaveController_pem4f.oem4f (.const:ti_sysbios_knl_Semaphore_Object__DESC__C)
                  0002de2c    00000020     SlaveController_pem4f.oem4f (.const:ti_sysbios_knl_Task_Object__DESC__C)
                  0002de4c    00000018     EK_TM4C123GXL.obj (.const:SDSPI_config)
                  0002de64    00000018     EK_TM4C123GXL.obj (.const:UART_config)
                  0002de7c    00000018     SlaveController_pem4f.oem4f (.const:ti_sysbios_gates_GateHwi_Object__PARAMS__C)
                  0002de94    00000018     SlaveController_pem4f.oem4f (.const:ti_sysbios_gates_GateMutex_Object__PARAMS__C)
                  0002deac    00000018     SlaveController_pem4f.oem4f (.const:ti_sysbios_knl_Queue_Object__PARAMS__C)
                  0002dec4    00000018     EK_TM4C123GXL.obj (.const:uartTivaHWAttrs)
                  0002dedc    00000014     EK_TM4C123GXL.obj (.const:GPIOTiva_config)
                  0002def0    00000014     SlaveController_pem4f.oem4f (.const:xdc_runtime_Startup_firstFxns__A)
                  0002df04    00000012     SlaveController_pem4f.oem4f (.const:xdc_runtime_Startup_sfxnRts__A)
                  0002df16    00000002     SlaveController_pem4f.oem4f (.const:ti_sysbios_family_arm_lm4_TimestampProvider_useClockTimer__C)
                  0002df18    00000010     drivers_tivaware.aem4f : SDSPITiva.oem4f (.const)
                  0002df28    00000008                            : SDSPI.oem4f (.const)
                  0002df30    00000008     SlaveController_pem4f.oem4f (.const:ti_sysbios_family_arm_m3_Hwi_excHookFuncs__A)
                  0002df38    00000008     SlaveController_pem4f.oem4f (.const:ti_sysbios_knl_Idle_funcList__C)
                  0002df40    00000008     SlaveController_pem4f.oem4f (.const:xdc_runtime_Startup_firstFxns__C)
                  0002df48    00000008     SlaveController_pem4f.oem4f (.const:xdc_runtime_Startup_lastFxns__C)
                  0002df50    00000005     animator.obj (.const:.string:$P$T1$2)
                  0002df55    00000005     animator.obj (.const:.string:$P$T3$4)
                  0002df5a    00000002     SlaveController_pem4f.oem4f (.const:ti_sysbios_family_arm_m3_Hwi_Module__id__C)
                  0002df5c    00000004     SlaveController_pem4f.oem4f (.const:ti_catalog_arm_cortexm4_tiva_ce_Boot_A_mustUseEnhancedClockMode__C)
                  0002df60    00000004     SlaveController_pem4f.oem4f (.const:ti_catalog_arm_cortexm4_tiva_ce_Boot_Module__diagsEnabled__C)
                  0002df64    00000004     SlaveController_pem4f.oem4f (.const:ti_catalog_arm_cortexm4_tiva_ce_Boot_Module__diagsIncluded__C)
                  0002df68    00000004     SlaveController_pem4f.oem4f (.const:ti_catalog_arm_cortexm4_tiva_ce_Boot_Module__diagsMask__C)
                  0002df6c    00000004     SlaveController_pem4f.oem4f (.const:ti_sysbios_family_arm_lm4_Timer_enableFunc__C)
                  0002df70    00000004     SlaveController_pem4f.oem4f (.const:ti_sysbios_family_arm_lm4_Timer_numTimerDevices__C)
                  0002df74    00000004     SlaveController_pem4f.oem4f (.const:ti_sysbios_family_arm_lm4_Timer_startupNeeded__C)
                  0002df78    00000004     SlaveController_pem4f.oem4f (.const:ti_sysbios_family_arm_m3_Hwi_E_NMI__C)
                  0002df7c    00000004     SlaveController_pem4f.oem4f (.const:ti_sysbios_family_arm_m3_Hwi_E_alreadyDefined__C)
                  0002df80    00000004     SlaveController_pem4f.oem4f (.const:ti_sysbios_family_arm_m3_Hwi_E_busFault__C)
                  0002df84    00000004     SlaveController_pem4f.oem4f (.const:ti_sysbios_family_arm_m3_Hwi_E_debugMon__C)
                  0002df88    00000004     SlaveController_pem4f.oem4f (.const:ti_sysbios_family_arm_m3_Hwi_E_hardFault__C)
                  0002df8c    00000004     SlaveController_pem4f.oem4f (.const:ti_sysbios_family_arm_m3_Hwi_E_memFault__C)
                  0002df90    00000004     SlaveController_pem4f.oem4f (.const:ti_sysbios_family_arm_m3_Hwi_E_noIsr__C)
                  0002df94    00000004     SlaveController_pem4f.oem4f (.const:ti_sysbios_family_arm_m3_Hwi_E_reserved__C)
                  0002df98    00000004     SlaveController_pem4f.oem4f (.const:ti_sysbios_family_arm_m3_Hwi_E_svCall__C)
                  0002df9c    00000004     SlaveController_pem4f.oem4f (.const:ti_sysbios_family_arm_m3_Hwi_E_usageFault__C)
                  0002dfa0    00000004     SlaveController_pem4f.oem4f (.const:ti_sysbios_family_arm_m3_Hwi_NUM_INTERRUPTS__C)
                  0002dfa4    00000004     SlaveController_pem4f.oem4f (.const:ti_sysbios_family_arm_m3_Hwi_Object__count__C)
                  0002dfa8    00000004     SlaveController_pem4f.oem4f (.const:ti_sysbios_family_arm_m3_Hwi_ccr__C)
                  0002dfac    00000004     SlaveController_pem4f.oem4f (.const:ti_sysbios_family_arm_m3_Hwi_excHandlerFunc__C)
                  0002dfb0    00000004     SlaveController_pem4f.oem4f (.const:ti_sysbios_family_arm_m3_Hwi_excHookFuncs__C)
                  0002dfb4    00000004     SlaveController_pem4f.oem4f (.const:ti_sysbios_family_arm_m3_Hwi_nullIsrFunc__C)
                  0002dfb8    00000004     SlaveController_pem4f.oem4f (.const:ti_sysbios_family_arm_m3_Hwi_priGroup__C)
                  0002dfbc    00000004     SlaveController_pem4f.oem4f (.const:ti_sysbios_family_arm_m3_TaskSupport_stackAlignment__C)
                  0002dfc0    00000004     SlaveController_pem4f.oem4f (.const:ti_sysbios_gates_GateMutex_A_badContext__C)
                  0002dfc4    00000004     SlaveController_pem4f.oem4f (.const:ti_sysbios_gates_GateMutex_Instance_State_sem__O)
                  0002dfc8    00000004     SlaveController_pem4f.oem4f (.const:ti_sysbios_gates_GateMutex_Module__diagsEnabled__C)
                  0002dfcc    00000004     SlaveController_pem4f.oem4f (.const:ti_sysbios_gates_GateMutex_Module__diagsIncluded__C)
                  0002dfd0    00000004     SlaveController_pem4f.oem4f (.const:ti_sysbios_gates_GateMutex_Module__diagsMask__C)
                  0002dfd4    00000004     SlaveController_pem4f.oem4f (.const:ti_sysbios_hal_Hwi_E_stackOverflow__C)
                  0002dfd8    00000004     SlaveController_pem4f.oem4f (.const:ti_sysbios_heaps_HeapMem_A_align__C)
                  0002dfdc    00000004     SlaveController_pem4f.oem4f (.const:ti_sysbios_heaps_HeapMem_A_heapSize__C)
                  0002dfe0    00000004     SlaveController_pem4f.oem4f (.const:ti_sysbios_heaps_HeapMem_A_invalidFree__C)
                  0002dfe4    00000004     SlaveController_pem4f.oem4f (.const:ti_sysbios_heaps_HeapMem_A_zeroBlock__C)
                  0002dfe8    00000004     SlaveController_pem4f.oem4f (.const:ti_sysbios_heaps_HeapMem_E_memory__C)
                  0002dfec    00000004     SlaveController_pem4f.oem4f (.const:ti_sysbios_heaps_HeapMem_Module__diagsEnabled__C)
                  0002dff0    00000004     SlaveController_pem4f.oem4f (.const:ti_sysbios_heaps_HeapMem_Module__diagsIncluded__C)
                  0002dff4    00000004     SlaveController_pem4f.oem4f (.const:ti_sysbios_heaps_HeapMem_Module__diagsMask__C)
                  0002dff8    00000004     SlaveController_pem4f.oem4f (.const:ti_sysbios_heaps_HeapMem_Module__gateObj__C)
                  0002dffc    00000004     SlaveController_pem4f.oem4f (.const:ti_sysbios_heaps_HeapMem_Object__count__C)
                  0002e000    00000004     SlaveController_pem4f.oem4f (.const:ti_sysbios_heaps_HeapMem_reqAlign__C)
                  0002e004    00000004     SlaveController_pem4f.oem4f (.const:ti_sysbios_knl_Clock_A_badThreadType__C)
                  0002e008    00000004     SlaveController_pem4f.oem4f (.const:ti_sysbios_knl_Clock_Module_State_clockQ__O)
                  0002e00c    00000004     SlaveController_pem4f.oem4f (.const:ti_sysbios_knl_Clock_Module__diagsEnabled__C)
                  0002e010    00000004     SlaveController_pem4f.oem4f (.const:ti_sysbios_knl_Clock_Module__diagsIncluded__C)
                  0002e014    00000004     SlaveController_pem4f.oem4f (.const:ti_sysbios_knl_Clock_Module__diagsMask__C)
                  0002e018    00000004     SlaveController_pem4f.oem4f (.const:ti_sysbios_knl_Idle_funcList__A)
                  0002e01c    00000004     SlaveController_pem4f.oem4f (.const:ti_sysbios_knl_Semaphore_A_badContext__C)
                  0002e020    00000004     SlaveController_pem4f.oem4f (.const:ti_sysbios_knl_Semaphore_A_noEvents__C)
                  0002e024    00000004     SlaveController_pem4f.oem4f (.const:ti_sysbios_knl_Semaphore_A_overflow__C)
                  0002e028    00000004     SlaveController_pem4f.oem4f (.const:ti_sysbios_knl_Semaphore_A_pendTaskDisabled__C)
                  0002e02c    00000004     SlaveController_pem4f.oem4f (.const:ti_sysbios_knl_Semaphore_Instance_State_pendQ__O)
                  0002e030    00000004     SlaveController_pem4f.oem4f (.const:ti_sysbios_knl_Semaphore_Module__diagsEnabled__C)
                  0002e034    00000004     SlaveController_pem4f.oem4f (.const:ti_sysbios_knl_Semaphore_Module__diagsIncluded__C)
                  0002e038    00000004     SlaveController_pem4f.oem4f (.const:ti_sysbios_knl_Semaphore_Module__diagsMask__C)
                  0002e03c    00000004     SlaveController_pem4f.oem4f (.const:ti_sysbios_knl_Swi_Object__count__C)
                  0002e040    00000004     SlaveController_pem4f.oem4f (.const:ti_sysbios_knl_Task_A_badPriority__C)
                  0002e044    00000004     SlaveController_pem4f.oem4f (.const:ti_sysbios_knl_Task_A_badTaskState__C)
                  0002e048    00000004     SlaveController_pem4f.oem4f (.const:ti_sysbios_knl_Task_A_badThreadType__C)
                  0002e04c    00000004     SlaveController_pem4f.oem4f (.const:ti_sysbios_knl_Task_A_badTimeout__C)
                  0002e050    00000004     SlaveController_pem4f.oem4f (.const:ti_sysbios_knl_Task_A_noPendElem__C)
                  0002e054    00000004     SlaveController_pem4f.oem4f (.const:ti_sysbios_knl_Task_A_sleepTaskDisabled__C)
                  0002e058    00000004     SlaveController_pem4f.oem4f (.const:ti_sysbios_knl_Task_E_spOutOfBounds__C)
                  0002e05c    00000004     SlaveController_pem4f.oem4f (.const:ti_sysbios_knl_Task_E_stackOverflow__C)
                  0002e060    00000004     SlaveController_pem4f.oem4f (.const:ti_sysbios_knl_Task_Module_State_inactiveQ__O)
                  0002e064    00000004     SlaveController_pem4f.oem4f (.const:ti_sysbios_knl_Task_Module__diagsEnabled__C)
                  0002e068    00000004     SlaveController_pem4f.oem4f (.const:ti_sysbios_knl_Task_Module__diagsIncluded__C)
                  0002e06c    00000004     SlaveController_pem4f.oem4f (.const:ti_sysbios_knl_Task_Module__diagsMask__C)
                  0002e070    00000004     SlaveController_pem4f.oem4f (.const:ti_sysbios_knl_Task_Object__count__C)
                  0002e074    00000004     SlaveController_pem4f.oem4f (.const:ti_sysbios_knl_Task_allBlockedFunc__C)
                  0002e078    00000004     SlaveController_pem4f.oem4f (.const:ti_sysbios_knl_Task_defaultStackHeap__C)
                  0002e07c    00000004     SlaveController_pem4f.oem4f (.const:ti_sysbios_knl_Task_defaultStackSize__C)
                  0002e080    00000004     SlaveController_pem4f.oem4f (.const:ti_sysbios_knl_Task_numConstructedTasks__C)
                  0002e084    00000004     SlaveController_pem4f.oem4f (.const:xdc_runtime_Assert_E_assertFailed__C)
                  0002e088    00000004     SlaveController_pem4f.oem4f (.const:xdc_runtime_Core_A_initializedParams__C)
                  0002e08c    00000004     SlaveController_pem4f.oem4f (.const:xdc_runtime_Core_Module__diagsEnabled__C)
                  0002e090    00000004     SlaveController_pem4f.oem4f (.const:xdc_runtime_Core_Module__diagsIncluded__C)
                  0002e094    00000004     SlaveController_pem4f.oem4f (.const:xdc_runtime_Core_Module__diagsMask__C)
                  0002e098    00000004     SlaveController_pem4f.oem4f (.const:xdc_runtime_Error_E_memory__C)
                  0002e09c    00000004     SlaveController_pem4f.oem4f (.const:xdc_runtime_Error_Module__diagsEnabled__C)
                  0002e0a0    00000004     SlaveController_pem4f.oem4f (.const:xdc_runtime_Error_Module__diagsIncluded__C)
                  0002e0a4    00000004     SlaveController_pem4f.oem4f (.const:xdc_runtime_Error_Module__diagsMask__C)
                  0002e0a8    00000004     SlaveController_pem4f.oem4f (.const:xdc_runtime_Error_Module__loggerFxn8__C)
                  0002e0ac    00000004     SlaveController_pem4f.oem4f (.const:xdc_runtime_Error_Module__loggerObj__C)
                  0002e0b0    00000004     SlaveController_pem4f.oem4f (.const:xdc_runtime_Error_policyFxn__C)
                  0002e0b4    00000004     SlaveController_pem4f.oem4f (.const:xdc_runtime_Error_raiseHook__C)
                  0002e0b8    00000004     SlaveController_pem4f.oem4f (.const:xdc_runtime_IGateProvider_Interface__BASE__C)
                  0002e0bc    00000004     SlaveController_pem4f.oem4f (.const:xdc_runtime_IHeap_Interface__BASE__C)
                  0002e0c0    00000004     SlaveController_pem4f.oem4f (.const:xdc_runtime_IModule_Interface__BASE__C)
                  0002e0c4    00000004     SlaveController_pem4f.oem4f (.const:xdc_runtime_Log_L_error__C)
                  0002e0c8    00000004     SlaveController_pem4f.oem4f (.const:xdc_runtime_Memory_defaultHeapInstance__C)
                  0002e0cc    00000004     SlaveController_pem4f.oem4f (.const:xdc_runtime_Startup_execImpl__C)
                  0002e0d0    00000004     SlaveController_pem4f.oem4f (.const:xdc_runtime_Startup_lastFxns__A)
                  0002e0d4    00000004     SlaveController_pem4f.oem4f (.const:xdc_runtime_Startup_maxPasses__C)
                  0002e0d8    00000004     SlaveController_pem4f.oem4f (.const:xdc_runtime_Startup_sfxnRts__C)
                  0002e0dc    00000004     SlaveController_pem4f.oem4f (.const:xdc_runtime_Startup_sfxnTab__C)
                  0002e0e0    00000004     SlaveController_pem4f.oem4f (.const:xdc_runtime_SysMin_bufSize__C)
                  0002e0e4    00000004     SlaveController_pem4f.oem4f (.const:xdc_runtime_SysMin_outputFunc__C)
                  0002e0e8    00000004     SlaveController_pem4f.oem4f (.const:xdc_runtime_System_Module__gateObj__C)
                  0002e0ec    00000004     SlaveController_pem4f.oem4f (.const:xdc_runtime_System_abortFxn__C)
                  0002e0f0    00000004     SlaveController_pem4f.oem4f (.const:xdc_runtime_System_exitFxn__C)
                  0002e0f4    00000004     SlaveController_pem4f.oem4f (.const:xdc_runtime_System_extendFxn__C)
                  0002e0f8    00000004     SlaveController_pem4f.oem4f (.const:xdc_runtime_System_maxAtexitHandlers__C)
                  0002e0fc    00000004     SlaveController_pem4f.oem4f (.const:xdc_runtime_Text_charTab__C)
                  0002e100    00000004     SlaveController_pem4f.oem4f (.const:xdc_runtime_Text_nameEmpty__C)
                  0002e104    00000004     SlaveController_pem4f.oem4f (.const:xdc_runtime_Text_nameStatic__C)
                  0002e108    00000004     SlaveController_pem4f.oem4f (.const:xdc_runtime_Text_nameUnknown__C)
                  0002e10c    00000004     SlaveController_pem4f.oem4f (.const:xdc_runtime_Text_nodeTab__C)
                  0002e110    00000004     SlaveController_pem4f.oem4f (.const:xdc_runtime_Text_visitRopeFxn__C)
                  0002e114    00000002     SlaveController_pem4f.oem4f (.const:ti_sysbios_gates_GateMutex_Module__id__C)
                  0002e116    00000002     SlaveController_pem4f.oem4f (.const:ti_sysbios_hal_Hwi_Module__id__C)
                  0002e118    00000002     SlaveController_pem4f.oem4f (.const:ti_sysbios_heaps_HeapMem_Module__id__C)
                  0002e11a    00000002     SlaveController_pem4f.oem4f (.const:ti_sysbios_knl_Clock_Module__id__C)
                  0002e11c    00000002     SlaveController_pem4f.oem4f (.const:ti_sysbios_knl_Semaphore_Module__id__C)
                  0002e11e    00000002     SlaveController_pem4f.oem4f (.const:ti_sysbios_knl_Task_Module__id__C)
                  0002e120    00000002     SlaveController_pem4f.oem4f (.const:xdc_runtime_Core_Module__id__C)
                  0002e122    00000002     SlaveController_pem4f.oem4f (.const:xdc_runtime_Error_Module__loggerDefined__C)
                  0002e124    00000002     SlaveController_pem4f.oem4f (.const:xdc_runtime_Error_maxDepth__C)
                  0002e126    00000002     SlaveController_pem4f.oem4f (.const:xdc_runtime_Memory_Module__id__C)
                  0002e128    00000002     SlaveController_pem4f.oem4f (.const:xdc_runtime_SysMin_flushAtExit__C)
                  0002e12a    00000002     SlaveController_pem4f.oem4f (.const:xdc_runtime_Text_charCnt__C)
                  0002e12c    00000002     SlaveController_pem4f.oem4f (.const:xdc_runtime_Text_isLoaded__C)
                  0002e12e    00000002     SlaveController_pem4f.oem4f (.const:xdc_runtime_Text_registryModsLastId__C)
                  0002e130    00000002     SlaveController_pem4f.oem4f (.const:xdc_runtime_Text_unnamedModsLastId__C)

.text      0    0002e138    0000b9c2     
                  0002e138    0000077c     animator.obj (.text:_Z15animator_updatev)
                  0002e8b4    00000004     driverlib.lib : ssi.obj (.text:SSIIntClear)
                  0002e8b8    00000430     sysbios.aem4f : BIOS.obj (.text:ti_sysbios_family_arm_m3_Hwi_excDumpRegs__I)
                  0002ece8    0000034c     ti.targets.arm.rtsarm.aem4f : System.oem4f (.text:xdc_runtime_System_doPrint__I)
                  0002f034    00000324     ti.mw.fatfs.aem4f : ff.oem4f (.text:find_volume)
                  0002f358    000002bc     start.obj (.text:_Z5startjj)
                  0002f614    00000004     driverlib.lib : uart.obj (.text:UARTIntClear)
                  0002f618    000002b8     sysbios.aem4f : BIOS.obj (.text:ti_sysbios_knl_Semaphore_pend__E)
                  0002f8d0    000002a0     rtsv7M4_T_le_v4SPD16_eabi.lib : mktime.c.obj (.text:__mktime32)
                  0002fb70    00000278     animator.obj (.text:_Z28animator_readCharacterSDCardh)
                  0002fde8    0000026c     sysbios.aem4f : BIOS.obj (.text:ti_sysbios_heaps_HeapMem_free__E)
                  00030054    00000004     rtsv7M4_T_le_v4SPD16_eabi.lib : exit.c.obj (.text:abort:abort)
                  00030058    00000250     sysbios.aem4f : BIOS.obj (.text:ti_sysbios_heaps_HeapMem_alloc__E)
                  000302a8    00000234                   : BIOS.obj (.text:ti_sysbios_knl_Task_Instance_finalize__E)
                  000304dc    0000020c     drivers_tivaware.aem4f : UARTTiva.oem4f (.text:UARTTiva_open)
                  000306e8    000001f4                            : SDSPITiva.oem4f (.text:SDSPITiva_diskInitialize)
                  000308dc    00000004     ti.mw.fatfs.aem4f : ffosal.oem4f (.text:ff_rel_grant)
                  000308e0    000001f4     sysbios.aem4f : BIOS.obj (.text:ti_sysbios_family_arm_m3_Hwi_excHandlerMax__I)
                  00030ad4    00000004     ti.mw.fatfs.aem4f : diskio.oem4f (.text:get_fattime)
                  00030ad8    000001d8     sysbios.aem4f : BIOS.obj (.text:ti_sysbios_knl_Task_sleep__E)
                  00030cb0    000001cc     animator.obj (.text:_Z16animator_animatehhsshhhhhb)
                  00030e7c    00000004     SlaveController_pem4f.oem4f (.text:ti_sysbios_BIOS_RtsGateProxy_enter__E)
                  00030e80    000001c0     sysbios.aem4f : BIOS.obj (.text:ti_sysbios_knl_Task_Instance_init__E)
                  00031040    000001a4     ti.mw.fatfs.aem4f : ff.oem4f (.text:f_write)
                  000311e4    00000178                       : ff.oem4f (.text:f_read)
                  0003135c    00000004     SlaveController_pem4f.oem4f (.text:ti_sysbios_BIOS_RtsGateProxy_leave__E)
                  00031360    00000174     sysbios.aem4f : BIOS.obj (.text:ti_sysbios_family_arm_m3_Hwi_excBusFault__I)
                  000314d4    00000170     ILI9341.obj (.text:_Z12ILI9341_initv)
                  00031644    00000164     ti.mw.fatfs.aem4f : ff.oem4f (.text:f_open)
                  000317a8    00000164     sysbios.aem4f : BIOS.obj (.text:ti_sysbios_family_arm_m3_Hwi_excUsageFault__I)
                  0003190c    0000015a     ti.mw.fatfs.aem4f : ff.oem4f (.text:f_lseek)
                  00031a66    00000002     drivers_tivaware.aem4f : SPITivaDMA.oem4f (.text:SPITivaDMA_serviceISR)
                  00031a68    00000150                            : GPIOTiva.oem4f (.text:GPIO_setConfig)
                  00031bb8    00000148     sysbios.aem4f : BIOS.obj (.text:ti_sysbios_family_arm_m3_Hwi_excMemFault__I)
                  00031d00    0000013c     animator.obj (.text:_Z29animator_readPersistentSpritePKcth)
                  00031e3c    00000004     sysbios.aem4f : BIOS.obj (.text:ti_sysbios_family_arm_lm4_Timer_masterEnable__I)
                  00031e40    0000013c                   : BIOS.obj (.text:ti_sysbios_heaps_HeapMem_Instance_init__E)
                  00031f7c    00000134     rtsv7M4_T_le_v4SPD16_eabi.lib : localtim.c.obj (.text:__localtime32)
                  000320b0    00000130     driverlib.lib : gpio.obj (.text:GPIOPadConfigSet)
                  000321e0    00000123     ti.mw.fatfs.aem4f : ff.oem4f (.text:create_name)
                  00032303    00000001     --HOLE-- [fill = 0]
                  00032304    00000004     SlaveController_pem4f.oem4f (.text:ti_sysbios_family_arm_m3_Hwi_destruct)
                  00032308    0000011c     sysbios.aem4f : BIOS.obj (.text:ti_sysbios_knl_Clock_Instance_init__E)
                  00032424    00000118     ti.targets.arm.rtsarm.aem4f : Error.oem4f (.text:xdc_runtime_Error_policyDefault__E)
                  0003253c    0000010c     rtsv7M4_T_le_v4SPD16_eabi.lib : fopen.c.obj (.text:_openfile)
                  00032648    00000108     drivers_tivaware.aem4f : SDSPITiva.oem4f (.text:SDSPITiva_open)
                  00032750    00000108     sysbios.aem4f : BIOS.obj (.text:ti_sysbios_family_arm_lm4_Timer_start__E)
                  00032858    00000104     Flash.obj (.text:Flash_writeMemory_specifiedAddress)
                  0003295c    00000100     Boot.aem4f : Boot_sysctl.oem4f (.text:ti_catalog_arm_cortexm4_tiva_ce_Boot_sysCtlClockSetI__I)
                  00032a5c    00000100     ti.targets.arm.rtsarm.aem4f : Core-mem.oem4f (.text:xdc_runtime_Core_createObject__I)
                  00032b5c    000000fe     ti.mw.fatfs.aem4f : ff.oem4f (.text:f_rename)
                  00032c5a    000000fa                       : ff.oem4f (.text:dir_next)
                  00032d54    000000f8     rtsv7M4_T_le_v4SPD16_eabi.lib : fread.c.obj (.text:fread)
                  00032e4c    000000f8     ti.targets.arm.rtsarm.aem4f : Startup.oem4f (.text:xdc_runtime_Startup_startMods__I)
                  00032f44    000000f8     SlaveController_pem4f.oem4f (.text:xdc_runtime_System_printfExtend__I)
                  0003303c    000000f4     drivers_tivaware.aem4f : SDSPITiva.oem4f (.text:SDSPITiva_diskIOctrl)
                  00033130    000000f4     sysbios.aem4f : m3_Hwi_asm.obj (.text:ti_sysbios_family_arm_m3_Hwi_dispatch__I)
                  00033224    000000ec     ti.mw.fatfs.aem4f : ff.oem4f (.text:put_fat)
                  00033310    000000ec     sysbios.aem4f : BIOS.obj (.text:ti_sysbios_knl_Semaphore_post__E)
                  000333fc    000000e8     drivers_tivaware.aem4f : SDSPITiva.oem4f (.text:SDSPITiva_diskWrite)
                  000334e4    000000dc     rtsv7M4_T_le_v4SPD16_eabi.lib : setvbuf.c.obj (.text:setvbuf)
                  000335c0    000000d8     drivers_tivaware.aem4f : SPITivaDMA.oem4f (.text:SPITivaDMA_open)
                  00033698    000000d8     sysbios.aem4f : BIOS.obj (.text:ti_sysbios_family_arm_lm4_TimestampProvider_get32__E)
                  00033770    000000d6     ti.mw.fatfs.aem4f : ff.oem4f (.text:get_fat)
                  00033846    00000002     rtsv7M4_T_le_v4SPD16_eabi.lib : _lock.c.obj (.text:_nop)
                  00033848    000000d0     animator.obj (.text:_Z19animator_initializev)
                  00033918    000000cc     ti.targets.arm.rtsarm.aem4f : Core-smem.oem4f (.text:xdc_runtime_Core_constructObject__I)
                  000339e4    000000c6     drivers_tivaware.aem4f : SDSPITiva.oem4f (.text:send_cmd)
                  00033aaa    00000002     rtsv7M4_T_le_v4SPD16_eabi.lib : div0.asm.obj (.text)
                  00033aac    000000c0     drivers_tivaware.aem4f : SDSPITiva.oem4f (.text:SDSPITiva_diskRead)
                  00033b6c    000000c0                            : SPITivaDMA.oem4f (.text:SPITivaDMA_configDMA)
                  00033c2c    000000bc     EK_TM4C123GXL.obj (.text:EK_TM4C123GXL_initSPI)
                  00033ce8    000000bc     rtsv7M4_T_le_v4SPD16_eabi.lib : open.c.obj (.text:open)
                  00033da4    00000004     SlaveController_pem4f.oem4f (.text:ti_sysbios_family_arm_m3_TaskSupport_Module__startupDone__S)
                  00033da8    000000bc     sysbios.aem4f : BIOS.obj (.text:ti_sysbios_family_arm_m3_Hwi_excDebugMon__I)
                  00033e64    00000004     SlaveController_pem4f.oem4f (.text:ti_sysbios_heaps_HeapMem_Module_GateProxy_enter__E)
                  00033e68    000000bc     sysbios.aem4f : BIOS.obj (.text:ti_sysbios_family_arm_m3_Hwi_excHardFault__I)
                  00033f24    000000b8     rtsv7M4_T_le_v4SPD16_eabi.lib : add_device.c.obj (.text:add_device)
                  00033fdc    000000b8     ti.mw.fatfs.aem4f : ffcio.oem4f (.text:ffcio_open)
                  00034094    000000b4                       : ff.oem4f (.text:sync_fs)
                  00034148    000000b4     sysbios.aem4f : BIOS.obj (.text:ti_sysbios_gates_GateMutex_enter__E)
                  000341fc    00000004     SlaveController_pem4f.oem4f (.text:ti_sysbios_heaps_HeapMem_Module_GateProxy_leave__E)
                  00034200    000000b4     sysbios.aem4f : BIOS.obj (.text:ti_sysbios_knl_Task_checkStacks__E)
                  000342b4    000000ac     drivers_tivaware.aem4f : UARTTiva.oem4f (.text:readTaskBlocking)
                  00034360    000000ac     sysbios.aem4f : BIOS.obj (.text:ti_sysbios_family_arm_lm4_Timer_enableTiva__I)
                  0003440c    000000a8     ti.mw.fatfs.aem4f : ff.oem4f (.text:create_chain)
                  000344b4    000000a4     drivers_tivaware.aem4f : SPITivaDMA.oem4f (.text:SPITivaDMA_initHw)
                  00034558    000000a4     ti.mw.fatfs.aem4f : ff.oem4f (.text:f_unlink)
                  000345fc    00000004     SlaveController_pem4f.oem4f (.text:ti_sysbios_knl_Clock_TimerProxy_getMaxTicks__E)
                  00034600    000000a4     sysbios.aem4f : BIOS.obj (.text:ti_sysbios_knl_Clock_Instance_finalize__E)
                  000346a4    000000a0     auto_init.aem4f : auto_init.oem4f (.text)
                  00034744    000000a0     start.obj (.text:main)
                  000347e4    000000a0     drivers_tivaware.aem4f : SDSPITiva.oem4f (.text:rcvr_datablock)
                  00034884    000000a0     ti.targets.arm.rtsarm.aem4f : Text.oem4f (.text:xdc_runtime_Text_putMod__E)
                  00034924    0000009c     rtsv7M4_T_le_v4SPD16_eabi.lib : _bufread.c.obj (.text:__TI_buff_read)
                  000349c0    0000009c     ti.mw.fatfs.aem4f : ff.oem4f (.text:f_sync)
                  00034a5c    0000009c     rtsv7M4_T_le_v4SPD16_eabi.lib : fopen.c.obj (.text:fopen)
                  00034af8    0000009c                                   : memcpy_t2.asm.obj (.text)
                  00034b94    00000004     SlaveController_pem4f.oem4f (.text:ti_sysbios_knl_Clock_TimerProxy_getPeriod__E)
                  00034b98    0000009c     sysbios.aem4f : BIOS.obj (.text:ti_sysbios_knl_Semaphore_Instance_init__E)
                  00034c34    0000009a     ILI9341.obj (.text:_Z16ILI9341_fillRectjjjjj)
                  00034cce    00000002     SlaveController_pem4f.oem4f (.text:ti_sysbios_BIOS_nullFunc__I)
                  00034cd0    0000009a     ti.targets.arm.rtsarm.aem4f : Text.oem4f (.text:xdc_runtime_Text_putSite__E)
                  00034d6a    0000009a     drivers_tivaware.aem4f : SDSPITiva.oem4f (.text:xmit_datablock)
                  00034e04    00000098                            : UARTTiva.oem4f (.text:UARTTiva_readPolling)
                  00034e9c    00000098     ILI9341.obj (.text:_Z11commandListPKh)
                  00034f34    00000098     Boot.aem4f : Boot.oem4f (.text:ti_catalog_arm_cortexm4_tiva_ce_Boot_sysCtlClockSet__E)
                  00034fcc    00000096     rtsv7M4_T_le_v4SPD16_eabi.lib : ull_div_t2.asm.obj (.text)
                  00035062    00000094     drivers_tivaware.aem4f : UARTTiva.oem4f (.text:UARTTiva_write)
                  000350f6    00000002     SlaveController_pem4f.oem4f (.text:xdc_runtime_Startup_reset__I)
                  000350f8    00000094     sysbios.aem4f : BIOS.obj (.text:ti_sysbios_family_arm_m3_Hwi_Instance_init__E)
                  0003518c    00000004     SlaveController_pem4f.oem4f (.text:ti_sysbios_knl_Clock_destruct)
                  00035190    00000094     sysbios.aem4f : BIOS.obj (.text:ti_sysbios_family_arm_m3_Hwi_initNVIC__E)
                  00035224    00000004     SlaveController_pem4f.oem4f (.text:ti_sysbios_knl_Queue_destruct)
                  00035228    00000094     sysbios.aem4f : BIOS.obj (.text:ti_sysbios_knl_Task_postInit__I)
                  000352bc    00000090     Flash.obj (.text:Flash_init)
                  0003534c    0000008c     drivers_tivaware.aem4f : GPIOTiva.oem4f (.text:GPIO_init)
                  000353d8    0000008c                            : UARTTiva.oem4f (.text:UARTTiva_control)
                  00035464    0000008c     sysbios.aem4f : m3_TaskSupport_asm.obj (.text:ti_sysbios_family_arm_m3_TaskSupport_buildTaskStack)
                  000354f0    0000008a     drivers_tivaware.aem4f : UARTTiva.oem4f (.text:readIsrTextBlocking)
                  0003557a    00000002     --HOLE-- [fill = 0]
                  0003557c    00000088     EK_TM4C123GXL.obj (.text:EK_TM4C123GXL_initDMA)
                  00035604    00000088     ILI9341.obj (.text:_Z18ILI9341_drawColorsjjPit)
                  0003568c    00000084     UART.obj (.text:UART_start)
                  00035710    00000084     sysbios.aem4f : BIOS.obj (.text:ti_sysbios_family_arm_m3_Hwi_postInit__I)
                  00035794    00000084     driverlib.lib : udma.obj (.text:uDMAChannelTransferSet)
                  00035818    00000082     drivers_tivaware.aem4f : UARTTiva.oem4f (.text:readIsrTextCallback)
                  0003589a    0000007e     ti.mw.fatfs.aem4f : ff.oem4f (.text:dir_sdi)
                  00035918    0000007c                       : ff.oem4f (.text:f_mount)
                  00035994    0000007a     drivers_tivaware.aem4f : UARTTiva.oem4f (.text:readTaskCallback)
                  00035a0e    0000007a     rtsv7M4_T_le_v4SPD16_eabi.lib : memset_t2.asm.obj (.text)
                  00035a88    00000076     ILI9341.obj (.text:_ZN33_INTERNAL_11_ILI9341_cpp_6ff9e12f17ILI9341_setCoordsEtttt)
                  00035afe    00000002     --HOLE-- [fill = 0]
                  00035b00    00000074     rtsv7M4_T_le_v4SPD16_eabi.lib : fclose.c.obj (.text:__TI_closefile)
                  00035b74    00000074     ti.mw.fatfs.aem4f : ff.oem4f (.text:check_fs)
                  00035be8    00000074     sysbios.aem4f : BIOS.obj (.text:ti_sysbios_knl_Clock_start__E)
                  00035c5c    00000004     SlaveController_pem4f.oem4f (.text:ti_sysbios_knl_Semaphore_destruct)
                  00035c60    00000070     sysbios.aem4f : BIOS.obj (.text:ti_sysbios_knl_Clock_workFunc__E)
                  00035cd0    00000070                   : BIOS.obj (.text:ti_sysbios_knl_Task_exit__E)
                  00035d40    0000006e     rtsv7M4_T_le_v4SPD16_eabi.lib : ll_div_t2.asm.obj (.text)
                  00035dae    00000002     --HOLE-- [fill = 0]
                  00035db0    0000006d     ti.targets.arm.rtsarm.aem4f : System.oem4f (.text:xdc_runtime_System_formatNum__I)
                  00035e1d    00000003     --HOLE-- [fill = 0]
                  00035e20    0000006c     Flash.obj (.text:Flash_readMemory)
                  00035e8c    00000004     ti.targets.arm.rtsarm.aem4f : Error.oem4f (.text:xdc_runtime_Error_getSite__E)
                  00035e90    0000006c     sysbios.aem4f : BIOS.obj (.text:ti_sysbios_knl_Swi_restoreHwi__E)
                  00035efc    0000006c     drivers_tivaware.aem4f : UARTTiva.oem4f (.text:writeData)
                  00035f68    0000006c     ti.targets.arm.rtsarm.aem4f : Error.oem4f (.text:xdc_runtime_Error_print__E)
                  00035fd4    0000006c                                 : Memory.oem4f (.text:xdc_runtime_Memory_alloc__E)
                  00036040    00000068     rtsv7M4_T_le_v4SPD16_eabi.lib : hostlseek.c.obj (.text:HOSTlseek)
                  000360a8    00000068                                   : hostrename.c.obj (.text:HOSTrename)
                  00036110    00000068     SD.obj (.text:SD_startSDCard)
                  00036178    00000068     rtsv7M4_T_le_v4SPD16_eabi.lib : copy_decompress_lzss.c.obj (.text:decompress:lzss:__TI_decompress_lzss)
                  000361e0    00000066     ti.targets.arm.rtsarm.aem4f : Core-mem.oem4f (.text:xdc_runtime_Core_deleteObject__I)
                  00036246    00000002     --HOLE-- [fill = 0]
                  00036248    00000064     Flash.obj (.text:Flash_pendWriteOpCompletion)
                  000362ac    00000064     drivers_tivaware.aem4f : GPIOTiva.oem4f (.text:GPIO_hwiIntFxn)
                  00036310    00000064     ti.mw.fatfs.aem4f : ff.oem4f (.text:follow_path)
                  00036374    00000004     SlaveController_pem4f.oem4f (.text:xdc_runtime_System_Module_GateProxy_enter__E)
                  00036378    00000064     sysbios.aem4f : BIOS.obj (.text:ti_sysbios_family_arm_lm4_Timer_Module_startup__E)
                  000363dc    00000064     SlaveController_pem4f.oem4f (.text:ti_sysbios_family_arm_m3_Hwi_create)
                  00036440    00000064     sysbios.aem4f : BIOS.obj (.text:ti_sysbios_family_arm_m3_Hwi_dispatchC__I)
                  000364a4    00000062     drivers_tivaware.aem4f : SPITivaDMA.oem4f (.text:SPITivaDMA_transfer)
                  00036506    00000002     --HOLE-- [fill = 0]
                  00036508    00000060     rtsv7M4_T_le_v4SPD16_eabi.lib : hostopen.c.obj (.text:HOSTopen)
                  00036568    00000060     sysbios.aem4f : BIOS.obj (.text:ti_sysbios_knl_Task_schedule__I)
                  000365c8    0000005e     drivers_tivaware.aem4f : UARTTiva.oem4f (.text:readIsrBinaryBlocking)
                  00036626    0000005e     ti.mw.fatfs.aem4f : ff.oem4f (.text:remove_chain)
                  00036684    0000005c     EK_TM4C123GXL.obj (.text:EK_TM4C123GXL_initSDSPI)
                  000366e0    0000005c     SD.obj (.text:SD_openFile)
                  0003673c    0000005c     rtsv7M4_T_le_v4SPD16_eabi.lib : close.c.obj (.text:close)
                  00036798    0000005c     sysbios.aem4f : BIOS.obj (.text:ti_sysbios_knl_Swi_run__I)
                  000367f4    00000004     SlaveController_pem4f.oem4f (.text:xdc_runtime_System_Module_GateProxy_leave__E)
                  000367f8    0000005c     sysbios.aem4f : BIOS.obj (.text:ti_sysbios_knl_Swi_schedule__I)
                  00036854    00000004     ti.targets.arm.rtsarm.aem4f : System.oem4f (.text:xdc_runtime_System_aprintf_va__F)
                  00036858    0000005c     sysbios.aem4f : BIOS.obj (.text:ti_sysbios_knl_Task_Module_startup__E)
                  000368b4    00000004     ti.targets.arm.rtsarm.aem4f : System.oem4f (.text:xdc_runtime_System_printf_va__F)
                  000368b8    0000005c     sysbios.aem4f : BIOS.obj (.text:ti_sysbios_knl_Task_startCore__E)
                  00036914    0000005c     drivers_tivaware.aem4f : SDSPITiva.oem4f (.text:wait_ready)
                  00036970    0000005b     ti.targets.arm.rtsarm.aem4f : Text.oem4f (.text:xdc_runtime_Text_putLab__E)
                  000369cb    00000001     --HOLE-- [fill = 0]
                  000369cc    00000058     boot.aem4f : boot.oem4f (.text)
                  00036a24    00000058     rtsv7M4_T_le_v4SPD16_eabi.lib : hostread.c.obj (.text:HOSTread)
                  00036a7c    00000058                                   : hostwrite.c.obj (.text:HOSTwrite)
                  00036ad4    00000058     tirtosport.aem4f : SemaphoreP_tirtos.oem4f (.text:SemaphoreP_create)
                  00036b2c    00000058     SlaveController_pem4f.oem4f (.text:ti_sysbios_family_arm_m3_Hwi_construct)
                  00036b84    00000058     sysbios.aem4f : m3_Hwi_asm_switch.obj (.text:ti_sysbios_family_arm_m3_Hwi_initStacks__E)
                  00036bdc    00000056     driverlib.lib : gpio.obj (.text:GPIOIntTypeSet)
                  00036c32    00000056     ti.mw.fatfs.aem4f : ff.oem4f (.text:dir_read)
                  00036c88    00000054     drivers_tivaware.aem4f : UARTTiva.oem4f (.text:readIsrBinaryCallback)
                  00036cdc    00000054     ti.mw.fatfs.aem4f : ff.oem4f (.text:sync_window)
                  00036d30    00000054     sysbios.aem4f : BIOS.obj (.text:ti_sysbios_family_arm_lm4_Timer_initDevice__I)
                  00036d84    00000054     SlaveController_pem4f.oem4f (.text:ti_sysbios_knl_Task_construct)
                  00036dd8    00000054     ti.targets.arm.rtsarm.aem4f : Assert.oem4f (.text:xdc_runtime_Assert_raise__I)
                  00036e2c    00000050     drivers_tivaware.aem4f : GPIOTiva.oem4f (.text:GPIO_setCallback)
                  00036e7c    00000050     driverlib.lib : sysctl.obj (.text:SysCtlPeripheralReset)
                  00036ecc    00000050     drivers_tivaware.aem4f : UARTTiva.oem4f (.text:UARTTiva_writeCancel)
                  00036f1c    00000050     ILI9341.obj (.text:_ZN33_INTERNAL_11_ILI9341_cpp_6ff9e12f16ILI9341_setColorEj)
                  00036f6c    00000004     --HOLE-- [fill = 0]
                  00036f70    00000050     sysbios.aem4f : BIOS.obj (.text:ti_sysbios_family_arm_m3_Hwi_Module_startup__E)
                  00036fc0    00000050     ti.targets.arm.rtsarm.aem4f : Startup.oem4f (.text:xdc_runtime_Startup_exec__E)
                  00037010    00000050                                 : Text.oem4f (.text:xdc_runtime_Text_visitRope2__I)
                  00037060    0000004c     drivers_tivaware.aem4f : UARTTiva.oem4f (.text:UARTTiva_close)
                  000370ac    0000004c     rtsv7M4_T_le_v4SPD16_eabi.lib : fflush.c.obj (.text:__TI_doflush)
                  000370f8    0000004c                                   : cpy_tbl.c.obj (.text:copy_in)
                  00037144    0000004c     SlaveController_pem4f.oem4f (.text:ti_mw_fatfs_startup)
                  00037190    0000004c     sysbios.aem4f : BIOS.obj (.text:ti_sysbios_heaps_HeapMem_getStats__E)
                  000371dc    00000004     --HOLE-- [fill = 0]
                  000371e0    0000004c                   : BIOS.obj (.text:ti_sysbios_knl_Swi_runLoop__I)
                  0003722c    00000004     --HOLE-- [fill = 0]
                  00037230    0000004c                   : BIOS.obj (.text:ti_sysbios_knl_Task_allBlockedFunction__I)
                  0003727c    0000004a     rtsv7M4_T_le_v4SPD16_eabi.lib : _io_perm.c.obj (.text:__TI_rd_ok)
                  000372c6    00000002     --HOLE-- [fill = 0]
                  000372c8    00000048     driverlib.lib : gpio.obj (.text:GPIOPinConfigure)
                  00037310    00000048     ti.mw.fatfs.aem4f : ff.oem4f (.text:dir_find)
                  00037358    00000048     rtsv7M4_T_le_v4SPD16_eabi.lib : exit.c.obj (.text:exit)
                  000373a0    00000048     sysbios.aem4f : BIOS.obj (.text:ti_sysbios_family_arm_lm4_Timer_enableTimers__I)
                  000373e8    00000048                   : BIOS.obj (.text:ti_sysbios_family_arm_m3_Hwi_disableInterrupt__E)
                  00037430    00000048                   : BIOS.obj (.text:ti_sysbios_family_arm_m3_Hwi_enableInterrupt__E)
                  00037478    00000048                   : BIOS.obj (.text:ti_sysbios_family_arm_m3_Hwi_excReserved__I)
                  000374c0    00000046     drivers_tivaware.aem4f : RingBuf.oem4f (.text:RingBuf_put)
                  00037506    00000046     ti.targets.arm.rtsarm.aem4f : Core-params.oem4f (.text:xdc_runtime_Core_assignParams__I)
                  0003754c    00000044     rtsv7M4_T_le_v4SPD16_eabi.lib : hostclose.c.obj (.text:HOSTclose)
                  00037590    00000044                                   : hostunlink.c.obj (.text:HOSTunlink)
                  000375d4    00000044     SD.obj (.text:SD_read)
                  00037618    00000044     SD.obj (.text:SD_readNextChar)
                  0003765c    00000044     drivers_tivaware.aem4f : SPITivaDMA.oem4f (.text:SPITivaDMA_hwiFxn)
                  000376a0    00000044     ti.mw.fatfs.aem4f : ff.oem4f (.text:dir_alloc)
                  000376e4    00000044     rtsv7M4_T_le_v4SPD16_eabi.lib : getdevice.c.obj (.text:getdevice)
                  00037728    00000044     drivers_tivaware.aem4f : SDSPITiva.oem4f (.text:send_initial_clock_train)
                  0003776c    00000004     --HOLE-- [fill = 0]
                  00037770    00000044     sysbios.aem4f : BIOS.obj (.text:ti_sysbios_family_arm_lm4_Timer_isrStub__E)
                  000377b4    00000004     --HOLE-- [fill = 0]
                  000377b8    00000044                   : BIOS.obj (.text:ti_sysbios_family_arm_m3_Hwi_getStackInfo__E)
                  000377fc    00000004     --HOLE-- [fill = 0]
                  00037800    00000044                   : BIOS.obj (.text:ti_sysbios_knl_Swi_post__E)
                  00037844    00000044     ti.targets.arm.rtsarm.aem4f : Error.oem4f (.text:xdc_runtime_Error_setX__E)
                  00037888    00000044                                 : SysMin.oem4f (.text:xdc_runtime_SysMin_flush__E)
                  000378cc    00000044                                 : Text.oem4f (.text:xdc_runtime_Text_xprintf__I)
                  00037910    00000042     drivers_tivaware.aem4f : SPITivaDMA.oem4f (.text:SPITivaDMA_transferCancel)
                  00037952    00000042     driverlib.lib : uart.obj (.text:UARTConfigSetExpClk)
                  00037994    00000042     drivers_tivaware.aem4f : UARTTiva.oem4f (.text:UARTTiva_hwiIntFxn)
                  000379d6    00000042                            : UARTTiva.oem4f (.text:UARTTiva_writePolling)
                  00037a18    00000040     EK_TM4C123GXL.obj (.text:EK_TM4C123GXL_initGeneral)
                  00037a58    00000040     Flash.obj (.text:Flash_transferSPICS)
                  00037a98    00000040     Flash.obj (.text:Flash_writeCommandCS)
                  00037ad8    00000040     drivers_tivaware.aem4f : RingBuf.oem4f (.text:RingBuf_get)
                  00037b18    00000040                            : SDSPITiva.oem4f (.text:SDSPITiva_close)
                  00037b58    00000040                            : UARTTiva.oem4f (.text:UARTTiva_read)
                  00037b98    00000040     ILI9341.obj (.text:_ZN33_INTERNAL_11_ILI9341_cpp_6ff9e12f12writeCommandEh)
                  00037bd8    00000040     ti.mw.fatfs.aem4f : ff.oem4f (.text:get_ldnumber)
                  00037c18    00000040     rtsv7M4_T_le_v4SPD16_eabi.lib : u_divt2.asm.obj (.text)
                  00037c58    00000040     sysbios.aem4f : BIOS.obj (.text:ti_sysbios_family_arm_lm4_Timer_startup__E)
                  00037c98    0000003c     drivers_tivaware.aem4f : SPITivaDMA.oem4f (.text:SPITivaDMA_close)
                  00037cd4    0000003c     driverlib.lib : ssi.obj (.text:SSIConfigSetExpClk)
                  00037d10    0000003c     animator.obj (.text:_Z9readUntilcPh)
                  00037d4c    0000003c     EK_TM4C123GXL.obj (.text:dmaErrorHwi)
                  00037d88    0000003c     sysbios.aem4f : BIOS.obj (.text:ti_sysbios_family_arm_m3_Hwi_excSvCall__I)
                  00037dc4    00000004     --HOLE-- [fill = 0]
                  00037dc8    0000003c                   : BIOS.obj (.text:ti_sysbios_heaps_HeapMem_init__I)
                  00037e04    00000004     --HOLE-- [fill = 0]
                  00037e08    0000003c                   : BIOS.obj (.text:ti_sysbios_knl_Swi_restore__E)
                  00037e44    00000038     drivers_tivaware.aem4f : SDSPI.oem4f (.text:SDSPI_init)
                  00037e7c    00000038                            : SPI.oem4f (.text:SPI_init)
                  00037eb4    00000038                            : UART.oem4f (.text:UART_init)
                  00037eec    00000038     rtsv7M4_T_le_v4SPD16_eabi.lib : trgmsg.c.obj (.text:__TI_writemsg)
                  00037f24    00000038     ti.mw.fatfs.aem4f : ff.oem4f (.text:dir_register)
                  00037f5c    00000004     --HOLE-- [fill = 0]
                  00037f60    00000038     sysbios.aem4f : BIOS.obj (.text:ti_sysbios_family_arm_m3_Hwi_excNoIsr__I)
                  00037f98    00000038                   : BIOS.obj (.text:ti_sysbios_knl_Task_processVitalTaskFlag__I)
                  00037fd0    00000038     ti.targets.arm.rtsarm.aem4f : SysMin.oem4f (.text:xdc_runtime_SysMin_putch__E)
                  00038008    00000038                                 : System.oem4f (.text:xdc_runtime_System_atexit__E)
                  00038040    00000036     drivers_tivaware.aem4f : UARTTiva.oem4f (.text:UARTTiva_readCancel)
                  00038076    00000036     ti.mw.fatfs.aem4f : ff.oem4f (.text:move_window)
                  000380ac    00000036     rtsv7M4_T_le_v4SPD16_eabi.lib : strncpy.c.obj (.text:strncpy)
                  000380e2    00000036     SlaveController_pem4f.oem4f (.text:ti_mw_fatfs_getFatTime)
                  00038118    00000034     EK_TM4C123GXL.obj (.text:EK_TM4C123GXL_initUART)
                  0003814c    00000034     driverlib.lib : sysctl.obj (.text:SysCtlPeripheralEnable)
                  00038180    00000034     rtsv7M4_T_le_v4SPD16_eabi.lib : fopen.c.obj (.text:__TI_cleanup)
                  000381b4    00000034                                   : trgmsg.c.obj (.text:__TI_readmsg)
                  000381e8    00000034     ti.mw.fatfs.aem4f : ff.oem4f (.text:dir_remove)
                  0003821c    00000034                       : ffcio.oem4f (.text:ffcio_lseek)
                  00038250    00000034     sysbios.aem4f : BIOS.obj (.text:ti_sysbios_family_arm_m3_Hwi_Instance_finalize__E)
                  00038284    00000004     --HOLE-- [fill = 0]
                  00038288    00000034                   : BIOS.obj (.text:ti_sysbios_family_arm_m3_Hwi_excNmi__I)
                  000382bc    00000004     --HOLE-- [fill = 0]
                  000382c0    00000034                   : BIOS.obj (.text:ti_sysbios_hal_Hwi_checkStack)
                  000382f4    00000034     SlaveController_pem4f.oem4f (.text:ti_sysbios_knl_Clock_construct)
                  00038328    00000034     ti.mw.fatfs.aem4f : ff.oem4f (.text:validate)
                  0003835c    00000034     ti.targets.arm.rtsarm.aem4f : Core-label.oem4f (.text:xdc_runtime_Core_assignLabel__I)
                  00038390    00000033                                 : Text.oem4f (.text:xdc_runtime_Text_printVisFxn__I)
                  000383c3    00000005     --HOLE-- [fill = 0]
                  000383c8    00000032     sysbios.aem4f : BIOS.obj (.text:ti_sysbios_hal_Hwi_initStack)
                  000383fa    00000002     --HOLE-- [fill = 0]
                  000383fc    00000030     EK_TM4C123GXL.obj (.text:EK_TM4C123GXL_initGPIO)
                  0003842c    00000030     drivers_tivaware.aem4f : SDSPI.oem4f (.text:SDSPI_open)
                  0003845c    00000030                            : SPI.oem4f (.text:SPI_open)
                  0003848c    00000030                            : UART.oem4f (.text:UART_open)
                  000384bc    00000030     ILI9341.obj (.text:_ZN33_INTERNAL_11_ILI9341_cpp_6ff9e12f9writeDataEh)
                  000384ec    00000030     rtsv7M4_T_le_v4SPD16_eabi.lib : getdevice.c.obj (.text:finddevice)
                  0003851c    00000030     SlaveController_pem4f.oem4f (.text:ti_sysbios_BIOS_atExitFunc__I)
                  0003854c    00000004     --HOLE-- [fill = 0]
                  00038550    00000030     sysbios.aem4f : BIOS.obj (.text:ti_sysbios_family_arm_lm4_Timer_stop__E)
                  00038580    00000030                   : BIOS.obj (.text:ti_sysbios_family_arm_m3_TaskSupport_start__E)
                  000385b0    00000030     SlaveController_pem4f.oem4f (.text:ti_sysbios_gates_GateHwi_Object__create__S)
                  000385e0    00000030     SlaveController_pem4f.oem4f (.text:ti_sysbios_gates_GateMutex_Object__create__S)
                  00038610    00000030     SlaveController_pem4f.oem4f (.text:ti_sysbios_heaps_HeapMem_Object__create__S)
                  00038640    00000030     SlaveController_pem4f.oem4f (.text:ti_sysbios_knl_Semaphore_construct)
                  00038670    00000030     sysbios.aem4f : BIOS.obj (.text:ti_sysbios_knl_Semaphore_pendTimeout__I)
                  000386a0    00000030                   : BIOS.obj (.text:ti_sysbios_knl_Task_unblockI__E)
                  000386d0    00000030     ti.targets.arm.rtsarm.aem4f : SysMin.oem4f (.text:xdc_runtime_SysMin_abort__E)
                  00038700    00000030                                 : System.oem4f (.text:xdc_runtime_System_processAtExit__E)
                  00038730    0000002e     SlaveController_pem4f.oem4f (.text:malloc)
                  0003875e    00000002     --HOLE-- [fill = 0]
                  00038760    0000002c     Flash.obj (.text:Flash_writeMemory)
                  0003878c    0000002c     ti.mw.fatfs.aem4f : diskio.oem4f (.text:disk_register)
                  000387b8    0000002c     rtsv7M4_T_le_v4SPD16_eabi.lib : fclose.c.obj (.text:fclose)
                  000387e4    0000002c     SlaveController_pem4f.oem4f (.text:ti_sysbios_knl_Clock_doTick__I)
                  00038810    0000002c     SlaveController_pem4f.oem4f (.text:ti_sysbios_knl_Queue_construct)
                  0003883c    00000004     --HOLE-- [fill = 0]
                  00038840    0000002c     sysbios.aem4f : BIOS.obj (.text:ti_sysbios_knl_Task_restore__E)
                  0003886c    0000002c     driverlib.lib : udma.obj (.text:uDMAChannelAssign)
                  00038898    0000002c     rtsv7M4_T_le_v4SPD16_eabi.lib : unlink.c.obj (.text:unlink)
                  000388c4    0000002c     ti.targets.arm.rtsarm.aem4f : Text.oem4f (.text:xdc_runtime_Text_cordText__E)
                  000388f0    0000002a     driverlib.lib : gpio.obj (.text:GPIODirModeSet)
                  0003891a    0000002a     ti.targets.arm.rtsarm.aem4f : System.oem4f (.text:xdc_runtime_System_putchar__I)
                  00038944    00000028     ti.mw.fatfs.aem4f : diskio.oem4f (.text:disk_unregister)
                  0003896c    00000028     rtsv7M4_T_le_v4SPD16_eabi.lib : read.c.obj (.text:read)
                  00038994    00000028     SlaveController_pem4f.oem4f (.text:ti_sysbios_BIOS_startFunc__I)
                  000389bc    00000004     --HOLE-- [fill = 0]
                  000389c0    00000028     sysbios.aem4f : BIOS.obj (.text:ti_sysbios_knl_Swi_Module_startup__E)
                  000389e8    00000028     rtsv7M4_T_le_v4SPD16_eabi.lib : write.c.obj (.text:write)
                  00038a10    00000026     sysbios.aem4f : m3_Hwi_asm.obj (.text:ti_sysbios_family_arm_m3_Hwi_pendSV__I)
                  00038a36    00000026     ti.targets.arm.rtsarm.aem4f : System.oem4f (.text:xdc_runtime_System_avprintf__E)
                  00038a5c    00000024     ti.mw.fatfs.aem4f : diskio.oem4f (.text:disk_ioctl)
                  00038a80    00000024                       : diskio.oem4f (.text:disk_read)
                  00038aa4    00000024                       : ff.oem4f (.text:f_close)
                  00038ac8    00000024                       : ffcio.oem4f (.text:ffcio_close)
                  00038aec    00000024     SlaveController_pem4f.oem4f (.text:ti_sysbios_BIOS_errorRaiseHook__I)
                  00038b10    00000024     SlaveController_pem4f.oem4f (.text:ti_sysbios_BIOS_registerRTSLock__I)
                  00038b34    00000024     SlaveController_pem4f.oem4f (.text:ti_sysbios_BIOS_removeRTSLock__I)
                  00038b58    00000024     SlaveController_pem4f.oem4f (.text:ti_sysbios_gates_GateMutex_Object__delete__S)
                  00038b7c    00000004     --HOLE-- [fill = 0]
                  00038b80    00000024     sysbios.aem4f : BIOS.obj (.text:ti_sysbios_knl_Clock_Module_startup__E)
                  00038ba4    00000004     --HOLE-- [fill = 0]
                  00038ba8    00000024                   : BIOS.obj (.text:ti_sysbios_knl_Task_restoreHwi__E)
                  00038bcc    00000024     driverlib.lib : udma.obj (.text:uDMAChannelControlSet)
                  00038bf0    00000024     ti.targets.arm.rtsarm.aem4f : System.oem4f (.text:xdc_runtime_System_vprintf__E)
                  00038c14    00000004     --HOLE-- [fill = 0]
                  00038c18    00000022     sysbios.aem4f : BIOS.obj (.text:ti_sysbios_family_arm_lm4_Timer_write__I)
                  00038c3a    00000022     SlaveController_pem4f.oem4f (.text:xdc_runtime_SysMin_output__I)
                  00038c5c    00000020     Flash.obj (.text:Flash_allocateMemory)
                  00038c7c    00000020     ti.mw.fatfs.aem4f : diskio.oem4f (.text:disk_write)
                  00038c9c    00000020                       : ffcio.oem4f (.text:ffcio_read)
                  00038cbc    00000020                       : ffcio.oem4f (.text:ffcio_write)
                  00038cdc    00000020     SlaveController_pem4f.oem4f (.text:ti_sysbios_BIOS_rtsLock__I)
                  00038cfc    00000004     --HOLE-- [fill = 0]
                  00038d00    00000020     sysbios.aem4f : BIOS.obj (.text:ti_sysbios_family_arm_m3_Hwi_clearInterrupt__E)
                  00038d20    00000020                   : m3_Hwi_asm.obj (.text:ti_sysbios_family_arm_m3_Hwi_excHandlerAsm__I)
                  00038d40    00000020                   : BIOS.obj (.text:ti_sysbios_family_arm_m3_Hwi_excHandler__I)
                  00038d60    00000020     SlaveController_pem4f.oem4f (.text:ti_sysbios_gates_GateHwi_Object__delete__S)
                  00038d80    00000020     SlaveController_pem4f.oem4f (.text:ti_sysbios_heaps_HeapMem_Object__delete__S)
                  00038da0    00000020     SlaveController_pem4f.oem4f (.text:ti_sysbios_knl_Clock_Object__destruct__S)
                  00038dc0    00000020     sysbios.aem4f : BIOS.obj (.text:ti_sysbios_knl_Idle_run__E)
                  00038de0    00000020     SlaveController_pem4f.oem4f (.text:ti_sysbios_knl_Semaphore_Object__destruct__S)
                  00038e00    00000020     ti.targets.arm.rtsarm.aem4f : Registry.oem4f (.text:xdc_runtime_Registry_findById__E)
                  00038e20    00000020                                 : SysMin.oem4f (.text:xdc_runtime_SysMin_Module_startup__E)
                  00038e40    0000001e     ti.mw.fatfs.aem4f : ff.oem4f (.text:ld_clust)
                  00038e5e    0000001e     rtsv7M4_T_le_v4SPD16_eabi.lib : strcat.c.obj (.text:strcat)
                  00038e7c    0000001e     sysbios.aem4f : m3_Hwi_asm_switch.obj (.text:ti_sysbios_family_xxx_Hwi_switchAndRunFunc)
                  00038e9a    00000002     --HOLE-- [fill = 0]
                  00038e9c    0000001c     driverlib.lib : uart.obj (.text:UARTDisable)
                  00038eb8    0000001c     UART.obj (.text:UART_transmit)
                  00038ed4    0000001c     ti.mw.fatfs.aem4f : diskio.oem4f (.text:disk_initialize)
                  00038ef0    0000001c                       : diskio.oem4f (.text:disk_status)
                  00038f0c    0000001c     drivers_tivaware.aem4f : GPIOTiva.oem4f (.text:getGpioIntIndex)
                  00038f28    0000001c     ti.mw.fatfs.aem4f : ff.oem4f (.text:mem_cmp)
                  00038f44    00000004     --HOLE-- [fill = 0]
                  00038f48    0000001c     sysbios.aem4f : BIOS.obj (.text:ti_sysbios_family_arm_lm4_Seconds_get__E)
                  00038f64    0000001c     SlaveController_pem4f.oem4f (.text:ti_sysbios_family_arm_m3_Hwi_Object__destruct__S)
                  00038f80    0000001c     sysbios.aem4f : BIOS.obj (.text:ti_sysbios_gates_GateMutex_Instance_init__E)
                  00038f9c    0000001c     SlaveController_pem4f.oem4f (.text:ti_sysbios_knl_Queue_Object__destruct__S)
                  00038fb8    0000001c     sysbios.aem4f : BIOS.obj (.text:ti_sysbios_knl_Queue_put__E)
                  00038fd4    00000004     --HOLE-- [fill = 0]
                  00038fd8    0000001c                   : BIOS.obj (.text:ti_sysbios_knl_Task_enter__I)
                  00038ff4    0000001c     ti.targets.arm.rtsarm.aem4f : Error.oem4f (.text:xdc_runtime_Error_raiseX__E)
                  00039010    0000001c                                 : Memory.oem4f (.text:xdc_runtime_Memory_valloc__E)
                  0003902c    0000001c                                 : SysMin.oem4f (.text:xdc_runtime_SysMin_exit__E)
                  00039048    0000001c                                 : System.oem4f (.text:xdc_runtime_System_abort__E)
                  00039064    0000001a     SlaveController_pem4f.oem4f (.text:free)
                  0003907e    0000001a     SlaveController_pem4f.oem4f (.text:ti_sysbios_family_arm_m3_Hwi_Handle__label__S)
                  00039098    0000001a     SlaveController_pem4f.oem4f (.text:ti_sysbios_gates_GateHwi_Handle__label__S)
                  000390b2    0000001a     SlaveController_pem4f.oem4f (.text:ti_sysbios_gates_GateMutex_Handle__label__S)
                  000390cc    0000001a     SlaveController_pem4f.oem4f (.text:ti_sysbios_heaps_HeapMem_Handle__label__S)
                  000390e6    0000001a     SlaveController_pem4f.oem4f (.text:ti_sysbios_knl_Swi_Handle__label__S)
                  00039100    0000001a     SlaveController_pem4f.oem4f (.text:ti_sysbios_knl_Task_Handle__label__S)
                  0003911a    0000001a     ti.mw.fatfs.aem4f : ff.oem4f (.text:unlock_fs)
                  00039134    0000001a     SlaveController_pem4f.oem4f (.text:xdc_runtime_System_aprintf__E)
                  0003914e    0000001a     SlaveController_pem4f.oem4f (.text:xdc_runtime_System_printf__E)
                  00039168    00000018     driverlib.lib : gpio.obj (.text:GPIOPinTypeGPIOOutput)
                  00039180    00000018     drivers_tivaware.aem4f : UART.oem4f (.text:UART_Params_init)
                  00039198    00000018     UART.obj (.text:UART_receive)
                  000391b0    00000018     animator.obj (.text:_Z11readHalfIntPh)
                  000391c8    00000018     ILI9341.obj (.text:_Z18ILI9341_fillScreenj)
                  000391e0    00000018     ILI9341.obj (.text:_ZN33_INTERNAL_11_ILI9341_cpp_6ff9e12f8deselectEv)
                  000391f8    00000018     rtsv7M4_T_le_v4SPD16_eabi.lib : args_main.c.obj (.text:_args_main)
                  00039210    00000018     ti.mw.fatfs.aem4f : ff.oem4f (.text:clust2sect)
                  00039228    00000018                       : ffosal.oem4f (.text:ff_cre_syncobj)
                  00039240    00000018     rtsv7M4_T_le_v4SPD16_eabi.lib : strcmp.c.obj (.text:strcmp)
                  00039258    00000018     SlaveController_pem4f.oem4f (.text:ti_sysbios_BIOS_rtsUnlock__I)
                  00039270    00000018     SlaveController_pem4f.oem4f (.text:ti_sysbios_family_arm_lm4_Timer_Module__startupDone__F)
                  00039288    00000018     SlaveController_pem4f.oem4f (.text:ti_sysbios_family_arm_m3_Hwi_Module__startupDone__F)
                  000392a0    00000018     sysbios.aem4f : m3_TaskSupport_asm.obj (.text:ti_sysbios_family_arm_m3_TaskSupport_swap__E)
                  000392b8    00000018                   : BIOS.obj (.text:ti_sysbios_gates_GateMutex_leave__E)
                  000392d0    00000018                   : BIOS.obj (.text:ti_sysbios_knl_Task_sleepTimeout__I)
                  000392e8    00000018     SlaveController_pem4f.oem4f (.text:time)
                  00039300    00000018     driverlib.lib : udma.obj (.text:uDMAChannelDisable)
                  00039318    00000018                   : udma.obj (.text:uDMAChannelEnable)
                  00039330    00000018                   : udma.obj (.text:uDMAChannelIsEnabled)
                  00039348    00000018     ti.targets.arm.rtsarm.aem4f : Error.oem4f (.text:xdc_runtime_Error_check__E)
                  00039360    00000018                                 : System.oem4f (.text:xdc_runtime_System_exit__E)
                  00039378    00000018                                 : Text.oem4f (.text:xdc_runtime_Text_ropeText__E)
                  00039390    00000016     tirtosport.aem4f : SemaphoreP_tirtos.oem4f (.text:SemaphoreP_delete)
                  000393a6    00000016     start.obj (.text:_ZN30_INTERNAL_9_start_cpp_c81e5b2e31ti_sysbios_knl_Task_Params_initEP26ti_sysbios_knl_Task_Params)
                  000393bc    00000016     ti.mw.fatfs.aem4f : ff.oem4f (.text:mem_cpy)
                  000393d2    00000016     rtsv7M4_T_le_v4SPD16_eabi.lib : strchr.c.obj (.text:strchr)
                  000393e8    00000016     SlaveController_pem4f.oem4f (.text:ti_sysbios_BIOS_exitFunc__I)
                  000393fe    00000016     EK_TM4C123GXL.obj (.text:ti_sysbios_family_arm_m3_Hwi_Params_init)
                  00039414    00000014     drivers_tivaware.aem4f : SPI.oem4f (.text:SPI_Params_init)
                  00039428    00000014     driverlib.lib : uart.obj (.text:UARTEnable)
                  0003943c    00000014     animator.obj (.text:_Z28animator_setBackgroundColorsPKj)
                  00039450    00000014     ti.mw.fatfs.aem4f : ffosal.oem4f (.text:ff_req_grant)
                  00039464    00000014                       : ff.oem4f (.text:mem_set)
                  00039478    00000014     rtsv7M4_T_le_v4SPD16_eabi.lib : strcpy.c.obj (.text:strcpy)
                  0003948c    00000014                                   : strlen.c.obj (.text:strlen)
                  000394a0    00000014     SlaveController_pem4f.oem4f (.text:ti_sysbios_family_arm_m3_Hwi_Object__get__S)
                  000394b4    00000004     --HOLE-- [fill = 0]
                  000394b8    00000014     sysbios.aem4f : BIOS.obj (.text:ti_sysbios_family_arm_m3_Hwi_switchFromBootStack__E)
                  000394cc    00000014     SlaveController_pem4f.oem4f (.text:ti_sysbios_heaps_HeapMem_Object__get__S)
                  000394e0    00000014     SlaveController_pem4f.oem4f (.text:ti_sysbios_knl_Swi_Object__get__S)
                  000394f4    00000012     Flash.obj (.text:Flash_writeCommand)
                  00039506    00000012     driverlib.lib : gpio.obj (.text:GPIOPinTypeGPIOInput)
                  00039518    00000012                   : gpio.obj (.text:GPIOPinTypeSSI)
                  0003952a    00000012                   : gpio.obj (.text:GPIOPinTypeUART)
                  0003953c    00000012     drivers_tivaware.aem4f : RingBuf.oem4f (.text:RingBuf_construct)
                  0003954e    00000012                            : SDSPITiva.oem4f (.text:SDSPITiva_init)
                  00039560    00000012     driverlib.lib : ssi.obj (.text:SSIDataGetNonBlocking)
                  00039572    00000012     tirtosport.aem4f : SemaphoreP_tirtos.oem4f (.text:SemaphoreP_pend)
                  00039584    00000012     ti.mw.fatfs.aem4f : ff.oem4f (.text:chk_chr)
                  00039596    00000012                       : ffcio.oem4f (.text:ffcio_rename)
                  000395a8    00000012                       : ffcio.oem4f (.text:ffcio_unlink)
                  000395ba    00000006     driverlib.lib : gpio.obj (.text:GPIOIntClear)
                  000395c0    00000012     sysbios.aem4f : BIOS.obj (.text:ti_sysbios_hal_Hwi_Module_startup__E)
                  000395d2    00000012     SlaveController_pem4f.oem4f (.text:xdc_runtime_Startup_exec__I)
                  000395e4    00000010     Flash.obj (.text:Flash_releaseSPI)
                  000395f4    00000010     drivers_tivaware.aem4f : SDSPITiva.oem4f (.text:SDSPITiva_diskStatus)
                  00039604    00000010                            : SDSPI.oem4f (.text:SDSPI_Params_init)
                  00039614    00000010     SD.obj (.text:SD_closeFile)
                  00039624    00000010     SD.obj (.text:SD_releaseSDCard)
                  00039634    00000010     UART.obj (.text:UART_sendByte)
                  00039644    00000010     ILI9341.obj (.text:_Z19beginSPITransactionv)
                  00039654    00000010     drivers_tivaware.aem4f : UARTTiva.oem4f (.text:readBlockingTimeout)
                  00039664    00000010     ti.mw.fatfs.aem4f : ff.oem4f (.text:st_clust)
                  00039674    00000004     --HOLE-- [fill = 0]
                  00039678    00000010     sysbios.aem4f : BIOS.obj (.text:ti_sysbios_BIOS_getCpuFreq__E)
                  00039688    00000010                   : BIOS.obj (.text:ti_sysbios_BIOS_setThreadType__E)
                  00039698    00000010                   : BIOS.obj (.text:ti_sysbios_BIOS_start__E)
                  000396a8    00000010                   : BIOS.obj (.text:ti_sysbios_family_arm_lm4_TimestampProvider_rolloverFunc__E)
                  000396b8    00000010                   : m3_TaskSupport_asm.obj (.text:ti_sysbios_family_arm_m3_TaskSupport_glue)
                  000396c8    00000010                   : BIOS.obj (.text:ti_sysbios_gates_GateMutex_Instance_finalize__E)
                  000396d8    00000010                   : BIOS.obj (.text:ti_sysbios_knl_Semaphore_Instance_finalize__E)
                  000396e8    00000010                   : BIOS.obj (.text:ti_sysbios_knl_Swi_disable__E)
                  000396f8    00000010     SlaveController_pem4f.oem4f (.text:ti_sysbios_knl_Task_Object__get__S)
                  00039708    00000010     sysbios.aem4f : BIOS.obj (.text:ti_sysbios_knl_Task_disable__E)
                  00039718    00000010     driverlib.lib : udma.obj (.text:uDMAEnable)
                  00039728    00000010     ti.targets.arm.rtsarm.aem4f : Gate.oem4f (.text:xdc_runtime_Gate_leaveSystem__E)
                  00039738    00000010                                 : Memory.oem4f (.text:xdc_runtime_Memory_free__E)
                  00039748    00000010                                 : SysMin.oem4f (.text:xdc_runtime_SysMin_ready__E)
                  00039758    00000010                                 : System.oem4f (.text:xdc_runtime_System_vsnprintf__E)
                  00039768    00000010     SlaveController_pem4f.oem4f (.text:xdc_runtime_Text_visitRope__I)
                  00039778    0000000e     driverlib.lib : gpio.obj (.text:GPIOIntStatus)
                  00039786    0000000e                   : uart.obj (.text:UARTCharGetNonBlocking)
                  00039794    0000000e                   : uart.obj (.text:UARTCharPutNonBlocking)
                  000397a2    0000000e     rtsv7M4_T_le_v4SPD16_eabi.lib : copy_decompress_none.c.obj (.text:decompress:none:__TI_decompress_none)
                  000397b0    0000000e     sysbios.aem4f : BIOS.obj (.text:ti_sysbios_knl_Idle_loop__E)
                  000397be    00000002     --HOLE-- [fill = 0]
                  000397c0    0000000e                   : BIOS.obj (.text:ti_sysbios_knl_Queue_empty__E)
                  000397ce    00000002     --HOLE-- [fill = 0]
                  000397d0    0000000c     SlaveController_pem4f.oem4f (.text:.bootCodeSection:ti_catalog_arm_cortexm4_tiva_ce_Boot_init__I)
                  000397dc    0000000c     drivers_tivaware.aem4f : RingBuf.oem4f (.text:RingBuf_peek)
                  000397e8    0000000c     driverlib.lib : ssi.obj (.text:SSIDataGet)
                  000397f4    0000000c                   : uart.obj (.text:UARTFlowControlSet)
                  00039800    0000000c     drivers_tivaware.aem4f : UARTTiva.oem4f (.text:UARTTiva_init)
                  0003980c    0000000c     rtsv7M4_T_le_v4SPD16_eabi.lib : _lock.c.obj (.text:_register_lock)
                  00039818    0000000c                                   : _lock.c.obj (.text:_register_unlock)
                  00039824    0000000c                                   : copy_zero_init.c.obj (.text:decompress:ZI:__TI_zero_init)
                  00039830    0000000c     Utils.obj (.text:sleep)
                  0003983c    00000004     --HOLE-- [fill = 0]
                  00039840    0000000c     sysbios.aem4f : BIOS.obj (.text:ti_sysbios_family_arm_lm4_Timer_getMaxTicks__E)
                  0003984c    00000004     --HOLE-- [fill = 0]
                  00039850    0000000c                   : BIOS.obj (.text:ti_sysbios_family_arm_lm4_TimestampProvider_startTimer__E)
                  0003985c    0000000c     SlaveController_pem4f.oem4f (.text:ti_sysbios_family_arm_m3_Hwi_Params__init__S)
                  00039868    0000000c     sysbios.aem4f : BIOS.obj (.text:ti_sysbios_family_arm_m3_Hwi_disableFxn__E)
                  00039874    00000004     --HOLE-- [fill = 0]
                  00039878    0000000c                   : BIOS.obj (.text:ti_sysbios_family_arm_m3_TaskSupport_checkStack__E)
                  00039884    00000004     --HOLE-- [fill = 0]
                  00039888    0000000c                   : BIOS.obj (.text:ti_sysbios_family_arm_m3_TaskSupport_getStackAlignment__E)
                  00039894    00000004     --HOLE-- [fill = 0]
                  00039898    0000000c                   : BIOS.obj (.text:ti_sysbios_gates_GateHwi_enter__E)
                  000398a4    0000000c     SlaveController_pem4f.oem4f (.text:ti_sysbios_knl_Clock_Params__init__S)
                  000398b0    0000000c     sysbios.aem4f : BIOS.obj (.text:ti_sysbios_knl_Clock_getTicks__E)
                  000398bc    0000000c     SlaveController_pem4f.oem4f (.text:ti_sysbios_knl_Queue_Object__get__S)
                  000398c8    0000000c     SlaveController_pem4f.oem4f (.text:ti_sysbios_knl_Semaphore_Params__init__S)
                  000398d4    0000000c     SlaveController_pem4f.oem4f (.text:ti_sysbios_knl_Task_Params__init__S)
                  000398e0    0000000c     driverlib.lib : udma.obj (.text:uDMAControlBaseSet)
                  000398ec    0000000c                   : udma.obj (.text:uDMAErrorStatusClear)
                  000398f8    0000000c                   : udma.obj (.text:uDMAErrorStatusGet)
                  00039904    0000000c                   : udma.obj (.text:uDMAIntStatus)
                  00039910    0000000c     ti.targets.arm.rtsarm.aem4f : Error.oem4f (.text:xdc_runtime_Error_init__E)
                  0003991c    0000000c                                 : Gate.oem4f (.text:xdc_runtime_Gate_enterSystem__E)
                  00039928    0000000c                                 : Memory.oem4f (.text:xdc_runtime_Memory_calloc__E)
                  00039934    0000000c                                 : Memory.oem4f (.text:xdc_runtime_Memory_getMaxDefaultTypeAlign__E)
                  00039940    0000000a     Flash.obj (.text:Flash_transferSPI)
                  0003994a    0000000a     drivers_tivaware.aem4f : SDSPI.oem4f (.text:SDSPI_close)
                  00039954    0000000a                            : SPITivaDMA.oem4f (.text:SPITivaDMA_init)
                  0003995e    0000000a                            : SPI.oem4f (.text:SPI_close)
                  00039968    0000000a                            : SPI.oem4f (.text:SPI_transfer)
                  00039972    0000000a     driverlib.lib : ssi.obj (.text:SSIDMADisable)
                  0003997c    0000000a                   : ssi.obj (.text:SSIDataPut)
                  00039986    0000000a                   : ssi.obj (.text:SSIDisable)
                  00039990    0000000a                   : ssi.obj (.text:SSIEnable)
                  0003999a    0000000a                   : ssi.obj (.text:SSIIntDisable)
                  000399a4    0000000a     tirtosport.aem4f : SemaphoreP_tirtos.oem4f (.text:SemaphoreP_post)
                  000399ae    0000000a     driverlib.lib : uart.obj (.text:UARTCharGet)
                  000399b8    0000000a                   : uart.obj (.text:UARTCharPut)
[...]
00039451  ff_req_grant                                                      
00039479  strcpy                                                            
0003948d  strlen                                                            
000394a1  ti_sysbios_family_arm_m3_Hwi_Object__get__S                       
000394b9  ti_sysbios_family_arm_m3_Hwi_switchFromBootStack__E               
000394b9  ti_sysbios_hal_Hwi_HwiProxy_switchFromBootStack__E                
000394b9  ti_sysbios_hal_Hwi_switchFromBootStack__E                         
000394cd  ti_sysbios_heaps_HeapMem_Object__get__S                           
000394e1  ti_sysbios_knl_Swi_Object__get__S                                 
000394f5  Flash_writeCommand                                                
00039507  GPIOPinTypeGPIOInput                                              
00039519  GPIOPinTypeSSI                                                    
0003952b  GPIOPinTypeUART                                                   
0003953d  RingBuf_construct                                                 
0003954f  SDSPITiva_init                                                    
00039561  SSIDataGetNonBlocking                                             
00039573  SemaphoreP_pend                                                   
00039597  ffcio_rename                                                      
000395a9  ffcio_unlink                                                      
000395bb  GPIOIntClear                                                      
000395c1  ti_sysbios_hal_Hwi_Module_startup__E                              
000395d3  xdc_runtime_Startup_exec__I                                       
000395e5  Flash_releaseSPI                                                  
000395f5  SDSPITiva_diskStatus                                              
00039605  SDSPI_Params_init                                                 
00039615  SD_closeFile                                                      
00039625  SD_releaseSDCard                                                  
00039635  UART_sendByte                                                     
00039645  _Z19beginSPITransactionv                                          
00039679  ti_sysbios_BIOS_getCpuFreq__E                                     
00039679  ti_sysbios_family_arm_lm4_TimestampProvider_getFreq__E            
00039679  xdc_runtime_Timestamp_SupportProxy_getFreq__E                     
00039679  xdc_runtime_Timestamp_getFreq__E                                  
00039689  ti_sysbios_BIOS_setThreadType__E                                  
00039699  osi_start                                                         
00039699  ti_sysbios_BIOS_start__E                                          
000396a9  ti_sysbios_family_arm_lm4_TimestampProvider_rolloverFunc__E       
000396b9  ti_sysbios_family_arm_m3_TaskSupport_glue                         
000396c9  ti_sysbios_gates_GateMutex_Instance_finalize__E                   
000396d9  ti_sysbios_knl_Semaphore_Instance_finalize__E                     
000396e9  ti_sysbios_knl_Swi_disable__E                                     
000396f9  ti_sysbios_knl_Task_Object__get__S                                
00039709  osi_TaskDisable                                                   
00039709  ti_sysbios_knl_Task_disable__E                                    
00039719  uDMAEnable                                                        
00039729  xdc_runtime_Gate_leaveSystem__E                                   
00039739  xdc_runtime_Memory_free__E                                        
00039749  xdc_runtime_SysMin_ready__E                                       
00039749  xdc_runtime_System_SupportProxy_ready__E                          
00039759  xdc_runtime_System_vsnprintf__E                                   
00039769  xdc_runtime_Text_visitRope__I                                     
00039779  GPIOIntStatus                                                     
00039787  UARTCharGetNonBlocking                                            
00039795  UARTCharPutNonBlocking                                            
000397a3  __TI_decompress_none                                              
000397b1  ti_sysbios_knl_Idle_loop__E                                       
000397c1  ti_sysbios_knl_Queue_empty__E                                     
000397d1  ti_catalog_arm_cortexm4_tiva_ce_Boot_init__I                      
000397dd  RingBuf_peek                                                      
000397e9  SSIDataGet                                                        
000397f5  UARTFlowControlSet                                                
00039801  UARTTiva_init                                                     
0003980d  _register_lock                                                    
00039819  _register_unlock                                                  
00039825  __TI_zero_init                                                    
00039831  sleep                                                             
00039841  ti_sysbios_family_arm_lm4_Timer_getMaxTicks__E                    
00039851  ti_sysbios_family_arm_lm4_TimestampProvider_startTimer__E         
0003985d  ti_sysbios_family_arm_m3_Hwi_Params__init__S                      
0003985d  ti_sysbios_hal_Hwi_HwiProxy_Params__init__S                       
00039869  ti_sysbios_family_arm_m3_Hwi_disableFxn__E                        
00039869  ti_sysbios_hal_Hwi_HwiProxy_disable__E                            
00039879  ti_sysbios_family_arm_m3_TaskSupport_checkStack__E                
00039879  ti_sysbios_knl_Task_SupportProxy_checkStack__E                    
00039889  ti_sysbios_family_arm_m3_TaskSupport_getStackAlignment__E         
00039889  ti_sysbios_knl_Task_SupportProxy_getStackAlignment__E             
00039899  ti_sysbios_gates_GateHwi_enter__E                                 
000398a5  ti_sysbios_knl_Clock_Params__init__S                              
000398b1  ti_sysbios_knl_Clock_getTicks__E                                  
000398bd  ti_sysbios_knl_Queue_Object__get__S                               
000398c9  ti_sysbios_knl_Semaphore_Params__init__S                          
000398d5  ti_sysbios_knl_Task_Params__init__S                               
000398e1  uDMAControlBaseSet                                                
000398ed  uDMAErrorStatusClear                                              
000398f9  uDMAErrorStatusGet                                                
00039905  uDMAIntStatus                                                     
00039911  xdc_runtime_Error_init__E                                         
0003991d  xdc_runtime_Gate_enterSystem__E                                   
00039929  xdc_runtime_Memory_calloc__E                                      
00039935  xdc_runtime_Memory_getMaxDefaultTypeAlign__E                      
00039941  Flash_transferSPI                                                 
0003994b  SDSPI_close                                                       
00039955  SPITivaDMA_init                                                   
0003995f  SPI_close                                                         
00039969  SPI_transfer                                                      
00039973  SSIDMADisable                                                     
0003997d  SSIDataPut                                                        
00039987  SSIDisable                                                        
00039991  SSIEnable                                                         
0003999b  SSIIntDisable                                                     
000399a5  SemaphoreP_post                                                   
000399a5  SemaphoreP_postFromClock                                          
000399a5  SemaphoreP_postFromISR                                            
000399af  UARTCharGet                                                       
000399b9  UARTCharPut                                                       
000399c3  UARTIntDisable                                                    
000399cd  UARTIntStatus                                                     
000399d7  UART_read                                                         
000399e1  UART_write                                                        
000399eb  ff_del_syncobj                                                    
000399f5  xdc_runtime_Memory_HeapProxy_alloc__E                             
000399ff  xdc_runtime_Memory_HeapProxy_free__E                              
00039a09  SSIDMAEnable                                                      
00039a11  SSIIntEnable                                                      
00039a19  UARTIntEnable                                                     
00039a21  UARTRxErrorGet                                                    
00039a29  millis                                                            
00039a39  ti_sysbios_family_arm_lm4_Timer_masterDisable__I                  
00039a41  ti_sysbios_family_arm_m3_Hwi_doSwiRestore__I                      
00039a49  ti_sysbios_family_arm_m3_Hwi_startup__E                           
00039a49  ti_sysbios_hal_Hwi_HwiProxy_startup__E                            
00039a49  ti_sysbios_hal_Hwi_startup__E                                     
00039a59  GPIOPinWrite                                                      
00039a5f  SDSPITiva_control                                                 
00039a65  SPITivaDMA_control                                                
00039a71  UARTFIFOLevelSet                                                  
00039a77  UARTRxErrorClear                                                  
00039a83  ti_catalog_arm_cortexm4_tiva_ce_Boot_sysCtlDelayI__I              
00039a89  ti_sysbios_family_arm_lm4_TimestampProvider_Module_startup__E     
00039a91  ti_sysbios_family_arm_m3_Hwi_doTaskRestore__I                     
00039a99  ti_sysbios_family_arm_m3_Hwi_restoreFxn__E                        
00039a99  ti_sysbios_hal_Hwi_HwiProxy_restore__E                            
00039aa1  ti_sysbios_gates_GateHwi_leave__E                                 
00039aa9  ti_sysbios_heaps_HeapMem_isBlocking__E                            
00039ab1  ti_sysbios_knl_Clock_stop__E                                      
00039ab9  ti_sysbios_knl_Queue_Instance_init__E                             
00039ac1  ti_sysbios_knl_Swi_startup__E                                     
00039ac7  xdc_runtime_System_Module_startup__E                              
00039ad1  ti_sysbios_family_arm_lm4_Timer_getPeriod__E                      
00039ad9  ti_sysbios_gates_GateHwi_query__E                                 
00039ad9  xdc_runtime_Main_Module_GateProxy_query__E                        
00039ad9  xdc_runtime_System_Module_GateProxy_query__E                      
00039ae1  ti_sysbios_BIOS_RtsGateProxy_query__E                             
00039ae1  ti_sysbios_gates_GateMutex_query__E                               
00039ae1  ti_sysbios_heaps_HeapMem_Module_GateProxy_query__E                
00039ae9  ti_sysbios_knl_Task_startup__E                                    
00039af1  ti_sysbios_gates_GateHwi_Instance_init__E                         
00039af9  ti_sysbios_knl_Clock_logTick__E                                   
00039b00  __TI_static_base__                                                
00039d58  __TI_Handler_Table_Base                                           
00039d64  __TI_Handler_Table_Limit                                          
00039d78  __TI_CINIT_Base                                                   
00039d90  __TI_CINIT_Limit                                                  
20000000  __start___llvm_prf_cnts                                           
20000000  __stop___llvm_prf_cnts                                            
20000000  ti_sysbios_family_arm_m3_Hwi_ramVectors                           
20000400  ti_sysbios_heaps_HeapMem_Instance_State_0_buf__A                  
20002400  st                                                                
20004340  animation                                                         
20005240  finalColors                                                       
20005744  ti_sysbios_family_arm_m3_Hwi_dispatchTable                        
20005aa4  buffer                                                            
20005d60  sdspiTivaObjects                                                  
20005fa0  ts                                                                
20006200  ti_sysbios_knl_Task_Instance_State_0_stack__A                     
20006400  layer                                                             
20006544  Flash_txBuffer                                                    
20006670  smallBuffer2                                                      
2000679c  __CIOBUF_                                                         
200068bc  rowsToUpdate                                                      
200069b0  spiTivaDMAObjects                                                 
20006a94  spriteSendables                                                   
20006b74  uartTivaObjects                                                   
20006c40  __TI_tmpnams                                                      
20006d70  xdc_runtime_SysMin_Module_State_0_outbuf__A                       
20006e18  uartParams                                                        
20006e3c  Flash_spi_params                                                  
20006e5c  uartTivaRingBuffer                                                
20006e98  Flash_transaction                                                 
20006eac  backgroundColorIndex                                              
20006ec0  colors                                                            
20006ee4  parmbuf                                                           
20006eec  sdspiParams                                                       
20006ef4  Flash_spi                                                         
20006ef8  backgroundColors                                                  
20006efc  bufferptr                                                         
20006f00  spiTivaDMAscratchBuf                                              
20006f0c  currentLocation                                                   
20006f14  persistentBackgroundMemLocation                                   
20006f18  sdspiHandle                                                       
20006f1c  src                                                               
20006f20  uart                                                              
20006f28  _ftable                                                           
20007018  ti_sysbios_family_arm_lm4_Timer_Object__table__V                  
20007098  ti_sysbios_knl_Swi_Module_State_0_readyQ__A                       
20007118  ti_sysbios_knl_Task_Module_State_0_readyQ__A                      
20007198  _device                                                           
20007210  _stream                                                           
200072b0  ti_sysbios_knl_Task_Object__table__V                              
200072fc  ti_sysbios_knl_Task_Module__state__V                              
20007340  ti_sysbios_gates_GateMutex_Object__table__V                       
20007378  ti_sysbios_family_arm_m3_Hwi_Module__state__V                     
200073ac  ti_sysbios_family_arm_lm4_Timer_Module_State_0_device__A          
200073dc  ti_sysbios_family_arm_m3_Hwi_Object__table__V                     
2000740c  ti_sysbios_knl_Swi_Object__table__V                               
2000743c  ti_sysbios_knl_Clock_Module__state__V                             
2000748c  ti_sysbios_BIOS_Module__state__V                                  
200074b0  ti_sysbios_knl_Swi_Module__state__V                               
200074cc  ti_sysbios_family_arm_lm4_Timer_Module_State_0_handles__A         
200074e4  ti_sysbios_heaps_HeapMem_Object__table__V                         
200074fc  gpioPinConfigs                                                    
20007510  _tz                                                               
20007520  __TI_ft_end                                                       
20007524  __aeabi_stdin                                                     
20007528  __aeabi_stdout                                                    
2000752c  __aeabi_stderr                                                    
20007530  __TI_cleanup_ptr                                                  
20007534  __TI_dtors_ptr                                                    
20007538  __TI_enable_exit_profile_output                                   
2000753c  ti_sysbios_family_arm_lm4_Timer_Module__state__V                  
20007548  xdc_runtime_SysMin_Module__state__V                               
20007554  _lock                                                             
20007558  _unlock                                                           
2000755c  gpioCallbackFunctions                                             
20007564  ti_sysbios_family_arm_lm4_Seconds_Module__state__V                
2000756c  ti_sysbios_family_arm_lm4_TimestampProvider_Module__state__V      
20007574  ti_sysbios_family_arm_m3_Hwi_Module__root__V                      
2000757c  ti_sysbios_gates_GateHwi_Module__root__V                          
20007584  ti_sysbios_gates_GateMutex_Module__root__V                        
2000758c  ti_sysbios_heaps_HeapMem_Module__root__V                          
20007594  ti_sysbios_knl_Clock_Module__root__V                              
2000759c  ti_sysbios_knl_Queue_Module__root__V                              
200075a4  ti_sysbios_knl_Semaphore_Module__root__V                          
200075ac  ti_sysbios_knl_Task_Module__root__V                               
200075b4  xdc_runtime_Registry_Module__state__V                             
200075bc  xdc_runtime_Startup_Module__state__V                              
200075c4  xdc_runtime_System_Module_State_0_atexitHandlers__A               
200075cc  xdc_runtime_System_Module__state__V                               
200075da  activeAnimations                                                  
200075dc  toRemove                                                          
200075de  ti_sysbios_family_arm_m3_Hwi_Module_State_0_excActive__A          
200075fc  main_func_sp                                                      
20007604  ti_sysbios_family_arm_m3_Hwi_Module_State_0_excContext__A         
20007608  ti_sysbios_family_arm_m3_Hwi_Module_State_0_excStack__A           
2000760c  ti_sysbios_gates_GateHwi_Object__table__V                         
20007610  ti_sysbios_knl_Task_Module_State_0_idleTask__A                    
20007614  xdc_runtime_Memory_Module__state__V                               
20007618  xdc_runtime_Error_Module__state__V                                
20007620  __stack                                                           
20007a20  __STACK_END                                                       
e000e000  ti_sysbios_family_arm_m3_Hwi_nvic                                 
ffffffff  __TI_pprof_out_hndl                                               
ffffffff  __TI_prof_data_size                                               
ffffffff  __TI_prof_data_start                                              
ffffffff  __binit__                                                         
ffffffff  __c_args__                                                        
ffffffff  binit                                                             
UNDEFED   SHT$$INIT_ARRAY$$Base                                             
UNDEFED   SHT$$INIT_ARRAY$$Limit                                            

[848 symbols]
