******************************************************************************
                  TI ARM Linker PC v19.6.0                     
******************************************************************************
>> Linked Sat Apr 18 16:08:02 2020

OUTPUT FILE NAME:   <SlaveController.out>
ENTRY POINT SYMBOL: "_c_int00"  address: 000264ad


MEMORY CONFIGURATION

         name            origin    length      used     unused   attr    fill
----------------------  --------  ---------  --------  --------  ----  --------
  FLASH                 00000000   00040000  00029836  000167ca  R  X
  SRAM                  20000000   00008000  00007d30  000002d0  RW X


SEGMENT ALLOCATION MAP

run origin  load origin   length   init length attrs members
----------  ----------- ---------- ----------- ----- -------
00000000    00000000    00029840   00029840    r-x
  00000000    00000000    0000003c   0000003c    r-- .resetVecs
  0000003c    0000003c    0001dd00   0001dd00    r-- .const
  0001dd40    0001dd40    0000b86a   0000b86a    r-x .text
  000295b0    000295b0    00000290   00000290    r-- .cinit
20000000    20000000    00000360   00000000    rw-
  20000000    20000000    00000360   00000000    rw- .vecs
20000400    20000400    000079d8   00000000    rw-
  20000400    20000400    00006eda   00000000    rw- .bss
  200072dc    200072dc    000006f6   00000000    rw- .data
  200079d8    200079d8    00000400   00000000    rw- .stack


SECTION ALLOCATION MAP

 output                                  attributes/
section   page    origin      length       input sections
--------  ----  ----------  ----------   ----------------
.const     0    0000003c    0001dd00     
                  0000003c    0001a638     start.obj (.const:colors_tower)
                  0001a674    00001885     SlaveController_pem4f.oem4f (.const:xdc_runtime_Text_charTab__A)
                  0001bef9    00000c00     animator.obj (.const:animations)
                  0001caf9    00000001     SlaveController_pem4f.oem4f (.const:xdc_runtime_Error_policy__C)
                  0001cafa    00000002     SlaveController_pem4f.oem4f (.const:ti_catalog_arm_cortexm4_tiva_ce_Boot_Module__id__C)
                  0001cafc    00000400     start.obj (.const:colors_fdst)
                  0001cefc    000001e0     animator.obj (.const:colors_misc)
                  0001d0dc    0000010c     animator.obj (.const:colors_kirby)
                  0001d1e8    000000cc     SlaveController_pem4f.oem4f (.const:xdc_runtime_Text_nodeTab__A)
                  0001d2b4    00000090     driverlib.lib : gpio.obj (.const:g_pui32GPIOBaseAddrs)
                  0001d344    0000007f     ILI9341.obj (.const:.string:cmd_ili9341)
                  0001d3c3    00000001     --HOLE-- [fill = 0]
                  0001d3c4    00000078     EK_TM4C123GXL.obj (.const:spiTivaDMAHWAttrs)
                  0001d43c    00000064     drivers_tivaware.aem4f : SPITivaDMA.oem4f (.const)
                  0001d4a0    00000060     rtsv7M4_T_le_v4SPD16_eabi.lib : mktime.c.obj (.const:$O1$$)
                  0001d500    00000054     drivers_tivaware.aem4f : GPIOTiva.oem4f (.const:.string)
                  0001d554    0000004c                            : UARTTiva.oem4f (.const)
                  0001d5a0    00000048     SlaveController_pem4f.oem4f (.const:.string)
                  0001d5e8    00000048     drivers_tivaware.aem4f : GPIOTiva.oem4f (.const:gpioBaseAddresses)
                  0001d630    00000046     SD.obj (.const:.string:$P$T0$1)
                  0001d676    0000003c     animator.obj (.const:characterNames)
                  0001d6b2    00000002     SlaveController_pem4f.oem4f (.const:ti_sysbios_family_arm_lm4_TimestampProvider_useClockTimer__C)
                  0001d6b4    0000003c     SlaveController_pem4f.oem4f (.const:ti_sysbios_knl_Task_Object__PARAMS__C)
                  0001d6f0    00000030     EK_TM4C123GXL.obj (.const:SPI_config)
                  0001d720    00000030     SlaveController_pem4f.oem4f (.const:ti_sysbios_family_arm_m3_Hwi_Object__PARAMS__C)
                  0001d750    00000028     animator.obj (.const:.string:$P$T0$1)
                  0001d778    00000028     animator.obj (.const:.string:$P$T2$3)
                  0001d7a0    00000028     drivers_tivaware.aem4f : UARTTiva.oem4f (.const:UARTTiva_fxnTable)
                  0001d7c8    00000028     start.obj (.const:persistentSprites)
                  0001d7f0    00000028     SlaveController_pem4f.oem4f (.const:ti_sysbios_heaps_HeapMem_Module__FXNS__C)
                  0001d818    00000024     drivers_tivaware.aem4f : UART.oem4f (.const:UART_defaultParams)
                  0001d83c    00000024     EK_TM4C123GXL.obj (.const:sdspiTivaHWattrs)
                  0001d860    00000024     SlaveController_pem4f.oem4f (.const:ti_sysbios_gates_GateHwi_Module__FXNS__C)
                  0001d884    00000024     SlaveController_pem4f.oem4f (.const:ti_sysbios_gates_GateMutex_Module__FXNS__C)
                  0001d8a8    00000024     SlaveController_pem4f.oem4f (.const:ti_sysbios_heaps_HeapMem_Object__PARAMS__C)
                  0001d8cc    00000024     SlaveController_pem4f.oem4f (.const:ti_sysbios_knl_Clock_Object__PARAMS__C)
                  0001d8f0    00000024     SlaveController_pem4f.oem4f (.const:ti_sysbios_knl_Semaphore_Object__PARAMS__C)
                  0001d914    00000024     SlaveController_pem4f.oem4f (.const:xdc_runtime_Startup_sfxnTab__A)
                  0001d938    00000020     drivers_tivaware.aem4f : SPI.oem4f (.const)
                  0001d958    00000020     SlaveController_pem4f.oem4f (.const:ti_sysbios_family_arm_m3_Hwi_Object__DESC__C)
                  0001d978    00000020     SlaveController_pem4f.oem4f (.const:ti_sysbios_gates_GateHwi_Object__DESC__C)
                  0001d998    00000020     SlaveController_pem4f.oem4f (.const:ti_sysbios_gates_GateMutex_Object__DESC__C)
                  0001d9b8    00000020     SlaveController_pem4f.oem4f (.const:ti_sysbios_heaps_HeapMem_Object__DESC__C)
                  0001d9d8    00000020     SlaveController_pem4f.oem4f (.const:ti_sysbios_knl_Clock_Object__DESC__C)
                  0001d9f8    00000020     SlaveController_pem4f.oem4f (.const:ti_sysbios_knl_Queue_Object__DESC__C)
                  0001da18    00000020     SlaveController_pem4f.oem4f (.const:ti_sysbios_knl_Semaphore_Object__DESC__C)
                  0001da38    00000020     SlaveController_pem4f.oem4f (.const:ti_sysbios_knl_Task_Object__DESC__C)
                  0001da58    00000018     EK_TM4C123GXL.obj (.const:SDSPI_config)
                  0001da70    00000018     EK_TM4C123GXL.obj (.const:UART_config)
                  0001da88    00000018     SlaveController_pem4f.oem4f (.const:ti_sysbios_gates_GateHwi_Object__PARAMS__C)
                  0001daa0    00000018     SlaveController_pem4f.oem4f (.const:ti_sysbios_gates_GateMutex_Object__PARAMS__C)
                  0001dab8    00000018     SlaveController_pem4f.oem4f (.const:ti_sysbios_knl_Queue_Object__PARAMS__C)
                  0001dad0    00000018     EK_TM4C123GXL.obj (.const:uartTivaHWAttrs)
                  0001dae8    00000014     EK_TM4C123GXL.obj (.const:GPIOTiva_config)
                  0001dafc    00000014     SlaveController_pem4f.oem4f (.const:xdc_runtime_Startup_firstFxns__A)
                  0001db10    00000012     SlaveController_pem4f.oem4f (.const:xdc_runtime_Startup_sfxnRts__A)
                  0001db22    00000002     SlaveController_pem4f.oem4f (.const:ti_sysbios_family_arm_m3_Hwi_Module__id__C)
                  0001db24    00000010     drivers_tivaware.aem4f : SDSPITiva.oem4f (.const)
                  0001db34    00000008                            : SDSPI.oem4f (.const)
                  0001db3c    00000008     SlaveController_pem4f.oem4f (.const:ti_sysbios_family_arm_m3_Hwi_excHookFuncs__A)
                  0001db44    00000008     SlaveController_pem4f.oem4f (.const:ti_sysbios_knl_Idle_funcList__C)
                  0001db4c    00000008     SlaveController_pem4f.oem4f (.const:xdc_runtime_Startup_firstFxns__C)
                  0001db54    00000008     SlaveController_pem4f.oem4f (.const:xdc_runtime_Startup_lastFxns__C)
                  0001db5c    00000005     animator.obj (.const:.string:$P$T1$2)
                  0001db61    00000005     animator.obj (.const:.string:$P$T3$4)
                  0001db66    00000002     SlaveController_pem4f.oem4f (.const:ti_sysbios_gates_GateMutex_Module__id__C)
                  0001db68    00000004     SlaveController_pem4f.oem4f (.const:ti_catalog_arm_cortexm4_tiva_ce_Boot_A_mustUseEnhancedClockMode__C)
                  0001db6c    00000004     SlaveController_pem4f.oem4f (.const:ti_catalog_arm_cortexm4_tiva_ce_Boot_Module__diagsEnabled__C)
                  0001db70    00000004     SlaveController_pem4f.oem4f (.const:ti_catalog_arm_cortexm4_tiva_ce_Boot_Module__diagsIncluded__C)
                  0001db74    00000004     SlaveController_pem4f.oem4f (.const:ti_catalog_arm_cortexm4_tiva_ce_Boot_Module__diagsMask__C)
                  0001db78    00000004     SlaveController_pem4f.oem4f (.const:ti_sysbios_family_arm_lm4_Timer_enableFunc__C)
                  0001db7c    00000004     SlaveController_pem4f.oem4f (.const:ti_sysbios_family_arm_lm4_Timer_numTimerDevices__C)
                  0001db80    00000004     SlaveController_pem4f.oem4f (.const:ti_sysbios_family_arm_lm4_Timer_startupNeeded__C)
                  0001db84    00000004     SlaveController_pem4f.oem4f (.const:ti_sysbios_family_arm_m3_Hwi_E_NMI__C)
                  0001db88    00000004     SlaveController_pem4f.oem4f (.const:ti_sysbios_family_arm_m3_Hwi_E_alreadyDefined__C)
                  0001db8c    00000004     SlaveController_pem4f.oem4f (.const:ti_sysbios_family_arm_m3_Hwi_E_busFault__C)
                  0001db90    00000004     SlaveController_pem4f.oem4f (.const:ti_sysbios_family_arm_m3_Hwi_E_debugMon__C)
                  0001db94    00000004     SlaveController_pem4f.oem4f (.const:ti_sysbios_family_arm_m3_Hwi_E_hardFault__C)
                  0001db98    00000004     SlaveController_pem4f.oem4f (.const:ti_sysbios_family_arm_m3_Hwi_E_memFault__C)
                  0001db9c    00000004     SlaveController_pem4f.oem4f (.const:ti_sysbios_family_arm_m3_Hwi_E_noIsr__C)
                  0001dba0    00000004     SlaveController_pem4f.oem4f (.const:ti_sysbios_family_arm_m3_Hwi_E_reserved__C)
                  0001dba4    00000004     SlaveController_pem4f.oem4f (.const:ti_sysbios_family_arm_m3_Hwi_E_svCall__C)
                  0001dba8    00000004     SlaveController_pem4f.oem4f (.const:ti_sysbios_family_arm_m3_Hwi_E_usageFault__C)
                  0001dbac    00000004     SlaveController_pem4f.oem4f (.const:ti_sysbios_family_arm_m3_Hwi_NUM_INTERRUPTS__C)
                  0001dbb0    00000004     SlaveController_pem4f.oem4f (.const:ti_sysbios_family_arm_m3_Hwi_Object__count__C)
                  0001dbb4    00000004     SlaveController_pem4f.oem4f (.const:ti_sysbios_family_arm_m3_Hwi_ccr__C)
                  0001dbb8    00000004     SlaveController_pem4f.oem4f (.const:ti_sysbios_family_arm_m3_Hwi_excHandlerFunc__C)
                  0001dbbc    00000004     SlaveController_pem4f.oem4f (.const:ti_sysbios_family_arm_m3_Hwi_excHookFuncs__C)
                  0001dbc0    00000004     SlaveController_pem4f.oem4f (.const:ti_sysbios_family_arm_m3_Hwi_nullIsrFunc__C)
                  0001dbc4    00000004     SlaveController_pem4f.oem4f (.const:ti_sysbios_family_arm_m3_Hwi_priGroup__C)
                  0001dbc8    00000004     SlaveController_pem4f.oem4f (.const:ti_sysbios_family_arm_m3_TaskSupport_stackAlignment__C)
                  0001dbcc    00000004     SlaveController_pem4f.oem4f (.const:ti_sysbios_gates_GateMutex_A_badContext__C)
                  0001dbd0    00000004     SlaveController_pem4f.oem4f (.const:ti_sysbios_gates_GateMutex_Instance_State_sem__O)
                  0001dbd4    00000004     SlaveController_pem4f.oem4f (.const:ti_sysbios_gates_GateMutex_Module__diagsEnabled__C)
                  0001dbd8    00000004     SlaveController_pem4f.oem4f (.const:ti_sysbios_gates_GateMutex_Module__diagsIncluded__C)
                  0001dbdc    00000004     SlaveController_pem4f.oem4f (.const:ti_sysbios_gates_GateMutex_Module__diagsMask__C)
                  0001dbe0    00000004     SlaveController_pem4f.oem4f (.const:ti_sysbios_hal_Hwi_E_stackOverflow__C)
                  0001dbe4    00000004     SlaveController_pem4f.oem4f (.const:ti_sysbios_heaps_HeapMem_A_align__C)
                  0001dbe8    00000004     SlaveController_pem4f.oem4f (.const:ti_sysbios_heaps_HeapMem_A_heapSize__C)
                  0001dbec    00000004     SlaveController_pem4f.oem4f (.const:ti_sysbios_heaps_HeapMem_A_invalidFree__C)
                  0001dbf0    00000004     SlaveController_pem4f.oem4f (.const:ti_sysbios_heaps_HeapMem_A_zeroBlock__C)
                  0001dbf4    00000004     SlaveController_pem4f.oem4f (.const:ti_sysbios_heaps_HeapMem_E_memory__C)
                  0001dbf8    00000004     SlaveController_pem4f.oem4f (.const:ti_sysbios_heaps_HeapMem_Module__diagsEnabled__C)
                  0001dbfc    00000004     SlaveController_pem4f.oem4f (.const:ti_sysbios_heaps_HeapMem_Module__diagsIncluded__C)
                  0001dc00    00000004     SlaveController_pem4f.oem4f (.const:ti_sysbios_heaps_HeapMem_Module__diagsMask__C)
                  0001dc04    00000004     SlaveController_pem4f.oem4f (.const:ti_sysbios_heaps_HeapMem_Module__gateObj__C)
                  0001dc08    00000004     SlaveController_pem4f.oem4f (.const:ti_sysbios_heaps_HeapMem_Object__count__C)
                  0001dc0c    00000004     SlaveController_pem4f.oem4f (.const:ti_sysbios_heaps_HeapMem_reqAlign__C)
                  0001dc10    00000004     SlaveController_pem4f.oem4f (.const:ti_sysbios_knl_Clock_A_badThreadType__C)
                  0001dc14    00000004     SlaveController_pem4f.oem4f (.const:ti_sysbios_knl_Clock_Module_State_clockQ__O)
                  0001dc18    00000004     SlaveController_pem4f.oem4f (.const:ti_sysbios_knl_Clock_Module__diagsEnabled__C)
                  0001dc1c    00000004     SlaveController_pem4f.oem4f (.const:ti_sysbios_knl_Clock_Module__diagsIncluded__C)
                  0001dc20    00000004     SlaveController_pem4f.oem4f (.const:ti_sysbios_knl_Clock_Module__diagsMask__C)
                  0001dc24    00000004     SlaveController_pem4f.oem4f (.const:ti_sysbios_knl_Idle_funcList__A)
                  0001dc28    00000004     SlaveController_pem4f.oem4f (.const:ti_sysbios_knl_Semaphore_A_badContext__C)
                  0001dc2c    00000004     SlaveController_pem4f.oem4f (.const:ti_sysbios_knl_Semaphore_A_noEvents__C)
                  0001dc30    00000004     SlaveController_pem4f.oem4f (.const:ti_sysbios_knl_Semaphore_A_overflow__C)
                  0001dc34    00000004     SlaveController_pem4f.oem4f (.const:ti_sysbios_knl_Semaphore_A_pendTaskDisabled__C)
                  0001dc38    00000004     SlaveController_pem4f.oem4f (.const:ti_sysbios_knl_Semaphore_Instance_State_pendQ__O)
                  0001dc3c    00000004     SlaveController_pem4f.oem4f (.const:ti_sysbios_knl_Semaphore_Module__diagsEnabled__C)
                  0001dc40    00000004     SlaveController_pem4f.oem4f (.const:ti_sysbios_knl_Semaphore_Module__diagsIncluded__C)
                  0001dc44    00000004     SlaveController_pem4f.oem4f (.const:ti_sysbios_knl_Semaphore_Module__diagsMask__C)
                  0001dc48    00000004     SlaveController_pem4f.oem4f (.const:ti_sysbios_knl_Swi_Object__count__C)
                  0001dc4c    00000004     SlaveController_pem4f.oem4f (.const:ti_sysbios_knl_Task_A_badPriority__C)
                  0001dc50    00000004     SlaveController_pem4f.oem4f (.const:ti_sysbios_knl_Task_A_badTaskState__C)
                  0001dc54    00000004     SlaveController_pem4f.oem4f (.const:ti_sysbios_knl_Task_A_badThreadType__C)
                  0001dc58    00000004     SlaveController_pem4f.oem4f (.const:ti_sysbios_knl_Task_A_badTimeout__C)
                  0001dc5c    00000004     SlaveController_pem4f.oem4f (.const:ti_sysbios_knl_Task_A_noPendElem__C)
                  0001dc60    00000004     SlaveController_pem4f.oem4f (.const:ti_sysbios_knl_Task_A_sleepTaskDisabled__C)
                  0001dc64    00000004     SlaveController_pem4f.oem4f (.const:ti_sysbios_knl_Task_E_spOutOfBounds__C)
                  0001dc68    00000004     SlaveController_pem4f.oem4f (.const:ti_sysbios_knl_Task_E_stackOverflow__C)
                  0001dc6c    00000004     SlaveController_pem4f.oem4f (.const:ti_sysbios_knl_Task_Module_State_inactiveQ__O)
                  0001dc70    00000004     SlaveController_pem4f.oem4f (.const:ti_sysbios_knl_Task_Module__diagsEnabled__C)
                  0001dc74    00000004     SlaveController_pem4f.oem4f (.const:ti_sysbios_knl_Task_Module__diagsIncluded__C)
                  0001dc78    00000004     SlaveController_pem4f.oem4f (.const:ti_sysbios_knl_Task_Module__diagsMask__C)
                  0001dc7c    00000004     SlaveController_pem4f.oem4f (.const:ti_sysbios_knl_Task_Object__count__C)
                  0001dc80    00000004     SlaveController_pem4f.oem4f (.const:ti_sysbios_knl_Task_allBlockedFunc__C)
                  0001dc84    00000004     SlaveController_pem4f.oem4f (.const:ti_sysbios_knl_Task_defaultStackHeap__C)
                  0001dc88    00000004     SlaveController_pem4f.oem4f (.const:ti_sysbios_knl_Task_defaultStackSize__C)
                  0001dc8c    00000004     SlaveController_pem4f.oem4f (.const:ti_sysbios_knl_Task_numConstructedTasks__C)
                  0001dc90    00000004     SlaveController_pem4f.oem4f (.const:xdc_runtime_Assert_E_assertFailed__C)
                  0001dc94    00000004     SlaveController_pem4f.oem4f (.const:xdc_runtime_Core_A_initializedParams__C)
                  0001dc98    00000004     SlaveController_pem4f.oem4f (.const:xdc_runtime_Core_Module__diagsEnabled__C)
                  0001dc9c    00000004     SlaveController_pem4f.oem4f (.const:xdc_runtime_Core_Module__diagsIncluded__C)
                  0001dca0    00000004     SlaveController_pem4f.oem4f (.const:xdc_runtime_Core_Module__diagsMask__C)
                  0001dca4    00000004     SlaveController_pem4f.oem4f (.const:xdc_runtime_Error_E_memory__C)
                  0001dca8    00000004     SlaveController_pem4f.oem4f (.const:xdc_runtime_Error_Module__diagsEnabled__C)
                  0001dcac    00000004     SlaveController_pem4f.oem4f (.const:xdc_runtime_Error_Module__diagsIncluded__C)
                  0001dcb0    00000004     SlaveController_pem4f.oem4f (.const:xdc_runtime_Error_Module__diagsMask__C)
                  0001dcb4    00000004     SlaveController_pem4f.oem4f (.const:xdc_runtime_Error_Module__loggerFxn8__C)
                  0001dcb8    00000004     SlaveController_pem4f.oem4f (.const:xdc_runtime_Error_Module__loggerObj__C)
                  0001dcbc    00000004     SlaveController_pem4f.oem4f (.const:xdc_runtime_Error_policyFxn__C)
                  0001dcc0    00000004     SlaveController_pem4f.oem4f (.const:xdc_runtime_Error_raiseHook__C)
                  0001dcc4    00000004     SlaveController_pem4f.oem4f (.const:xdc_runtime_IGateProvider_Interface__BASE__C)
                  0001dcc8    00000004     SlaveController_pem4f.oem4f (.const:xdc_runtime_IHeap_Interface__BASE__C)
                  0001dccc    00000004     SlaveController_pem4f.oem4f (.const:xdc_runtime_IModule_Interface__BASE__C)
                  0001dcd0    00000004     SlaveController_pem4f.oem4f (.const:xdc_runtime_Log_L_error__C)
                  0001dcd4    00000004     SlaveController_pem4f.oem4f (.const:xdc_runtime_Memory_defaultHeapInstance__C)
                  0001dcd8    00000004     SlaveController_pem4f.oem4f (.const:xdc_runtime_Startup_execImpl__C)
                  0001dcdc    00000004     SlaveController_pem4f.oem4f (.const:xdc_runtime_Startup_lastFxns__A)
                  0001dce0    00000004     SlaveController_pem4f.oem4f (.const:xdc_runtime_Startup_maxPasses__C)
                  0001dce4    00000004     SlaveController_pem4f.oem4f (.const:xdc_runtime_Startup_sfxnRts__C)
                  0001dce8    00000004     SlaveController_pem4f.oem4f (.const:xdc_runtime_Startup_sfxnTab__C)
                  0001dcec    00000004     SlaveController_pem4f.oem4f (.const:xdc_runtime_SysMin_bufSize__C)
                  0001dcf0    00000004     SlaveController_pem4f.oem4f (.const:xdc_runtime_SysMin_outputFunc__C)
                  0001dcf4    00000004     SlaveController_pem4f.oem4f (.const:xdc_runtime_System_Module__gateObj__C)
                  0001dcf8    00000004     SlaveController_pem4f.oem4f (.const:xdc_runtime_System_abortFxn__C)
                  0001dcfc    00000004     SlaveController_pem4f.oem4f (.const:xdc_runtime_System_exitFxn__C)
                  0001dd00    00000004     SlaveController_pem4f.oem4f (.const:xdc_runtime_System_extendFxn__C)
                  0001dd04    00000004     SlaveController_pem4f.oem4f (.const:xdc_runtime_System_maxAtexitHandlers__C)
                  0001dd08    00000004     SlaveController_pem4f.oem4f (.const:xdc_runtime_Text_charTab__C)
                  0001dd0c    00000004     SlaveController_pem4f.oem4f (.const:xdc_runtime_Text_nameEmpty__C)
                  0001dd10    00000004     SlaveController_pem4f.oem4f (.const:xdc_runtime_Text_nameStatic__C)
                  0001dd14    00000004     SlaveController_pem4f.oem4f (.const:xdc_runtime_Text_nameUnknown__C)
                  0001dd18    00000004     SlaveController_pem4f.oem4f (.const:xdc_runtime_Text_nodeTab__C)
                  0001dd1c    00000004     SlaveController_pem4f.oem4f (.const:xdc_runtime_Text_visitRopeFxn__C)
                  0001dd20    00000002     SlaveController_pem4f.oem4f (.const:ti_sysbios_hal_Hwi_Module__id__C)
                  0001dd22    00000002     SlaveController_pem4f.oem4f (.const:ti_sysbios_heaps_HeapMem_Module__id__C)
                  0001dd24    00000002     SlaveController_pem4f.oem4f (.const:ti_sysbios_knl_Clock_Module__id__C)
                  0001dd26    00000002     SlaveController_pem4f.oem4f (.const:ti_sysbios_knl_Semaphore_Module__id__C)
                  0001dd28    00000002     SlaveController_pem4f.oem4f (.const:ti_sysbios_knl_Task_Module__id__C)
                  0001dd2a    00000002     SlaveController_pem4f.oem4f (.const:xdc_runtime_Core_Module__id__C)
                  0001dd2c    00000002     SlaveController_pem4f.oem4f (.const:xdc_runtime_Error_Module__loggerDefined__C)
                  0001dd2e    00000002     SlaveController_pem4f.oem4f (.const:xdc_runtime_Error_maxDepth__C)
                  0001dd30    00000002     SlaveController_pem4f.oem4f (.const:xdc_runtime_Memory_Module__id__C)
                  0001dd32    00000002     SlaveController_pem4f.oem4f (.const:xdc_runtime_SysMin_flushAtExit__C)
                  0001dd34    00000002     SlaveController_pem4f.oem4f (.const:xdc_runtime_Text_charCnt__C)
                  0001dd36    00000002     SlaveController_pem4f.oem4f (.const:xdc_runtime_Text_isLoaded__C)
                  0001dd38    00000002     SlaveController_pem4f.oem4f (.const:xdc_runtime_Text_registryModsLastId__C)
                  0001dd3a    00000002     SlaveController_pem4f.oem4f (.const:xdc_runtime_Text_unnamedModsLastId__C)

.text      0    0001dd40    0000b86a     
                  0001dd40    0000077c     animator.obj (.text:_Z15animator_updatev)
                  0001e4bc    00000004     driverlib.lib : ssi.obj (.text:SSIIntClear)
                  0001e4c0    00000430     sysbios.aem4f : BIOS.obj (.text:ti_sysbios_family_arm_m3_Hwi_excDumpRegs__I)
                  0001e8f0    0000034c     ti.targets.arm.rtsarm.aem4f : System.oem4f (.text:xdc_runtime_System_doPrint__I)
                  0001ec3c    00000324     ti.mw.fatfs.aem4f : ff.oem4f (.text:find_volume)
                  0001ef60    000002b8     sysbios.aem4f : BIOS.obj (.text:ti_sysbios_knl_Semaphore_pend__E)
                  0001f218    000002a0     rtsv7M4_T_le_v4SPD16_eabi.lib : mktime.c.obj (.text:__mktime32)
                  0001f4b8    00000274     animator.obj (.text:_Z28animator_readCharacterSDCardh)
                  0001f72c    00000004     driverlib.lib : uart.obj (.text:UARTIntClear)
                  0001f730    0000026c     sysbios.aem4f : BIOS.obj (.text:ti_sysbios_heaps_HeapMem_free__E)
                  0001f99c    00000004     rtsv7M4_T_le_v4SPD16_eabi.lib : exit.c.obj (.text:abort:abort)
                  0001f9a0    00000250     sysbios.aem4f : BIOS.obj (.text:ti_sysbios_heaps_HeapMem_alloc__E)
                  0001fbf0    00000234                   : BIOS.obj (.text:ti_sysbios_knl_Task_Instance_finalize__E)
                  0001fe24    0000020c     drivers_tivaware.aem4f : UARTTiva.oem4f (.text:UARTTiva_open)
                  00020030    000001f4                            : SDSPITiva.oem4f (.text:SDSPITiva_diskInitialize)
                  00020224    00000004     ti.mw.fatfs.aem4f : ffosal.oem4f (.text:ff_rel_grant)
                  00020228    000001f4     sysbios.aem4f : BIOS.obj (.text:ti_sysbios_family_arm_m3_Hwi_excHandlerMax__I)
                  0002041c    00000004     ti.mw.fatfs.aem4f : diskio.oem4f (.text:get_fattime)
                  00020420    000001d8     sysbios.aem4f : BIOS.obj (.text:ti_sysbios_knl_Task_sleep__E)
                  000205f8    000001cc     animator.obj (.text:_Z16animator_animatehhsshhhhhb)
                  000207c4    00000004     SlaveController_pem4f.oem4f (.text:ti_sysbios_BIOS_RtsGateProxy_enter__E)
                  000207c8    000001c0     sysbios.aem4f : BIOS.obj (.text:ti_sysbios_knl_Task_Instance_init__E)
                  00020988    000001a8     start.obj (.text:_Z5startjj)
                  00020b30    000001a4     ti.mw.fatfs.aem4f : ff.oem4f (.text:f_write)
                  00020cd4    00000178                       : ff.oem4f (.text:f_read)
                  00020e4c    00000004     SlaveController_pem4f.oem4f (.text:ti_sysbios_BIOS_RtsGateProxy_leave__E)
                  00020e50    00000174     sysbios.aem4f : BIOS.obj (.text:ti_sysbios_family_arm_m3_Hwi_excBusFault__I)
                  00020fc4    00000170     ILI9341.obj (.text:_Z12ILI9341_initv)
                  00021134    00000164     ti.mw.fatfs.aem4f : ff.oem4f (.text:f_open)
                  00021298    00000164     sysbios.aem4f : BIOS.obj (.text:ti_sysbios_family_arm_m3_Hwi_excUsageFault__I)
                  000213fc    0000015a     ti.mw.fatfs.aem4f : ff.oem4f (.text:f_lseek)
                  00021556    00000002     drivers_tivaware.aem4f : SPITivaDMA.oem4f (.text:SPITivaDMA_serviceISR)
                  00021558    00000150                            : GPIOTiva.oem4f (.text:GPIO_setConfig)
                  000216a8    00000148     sysbios.aem4f : BIOS.obj (.text:ti_sysbios_family_arm_m3_Hwi_excMemFault__I)
                  000217f0    0000013c     animator.obj (.text:_Z29animator_readPersistentSpritePKcth)
                  0002192c    00000004     sysbios.aem4f : BIOS.obj (.text:ti_sysbios_family_arm_lm4_Timer_masterEnable__I)
                  00021930    0000013c                   : BIOS.obj (.text:ti_sysbios_heaps_HeapMem_Instance_init__E)
                  00021a6c    00000134     rtsv7M4_T_le_v4SPD16_eabi.lib : localtim.c.obj (.text:__localtime32)
                  00021ba0    00000130     driverlib.lib : gpio.obj (.text:GPIOPadConfigSet)
                  00021cd0    00000123     ti.mw.fatfs.aem4f : ff.oem4f (.text:create_name)
                  00021df3    00000001     --HOLE-- [fill = 0]
                  00021df4    00000004     SlaveController_pem4f.oem4f (.text:ti_sysbios_family_arm_m3_Hwi_destruct)
                  00021df8    0000011c     sysbios.aem4f : BIOS.obj (.text:ti_sysbios_knl_Clock_Instance_init__E)
                  00021f14    00000118     ti.targets.arm.rtsarm.aem4f : Error.oem4f (.text:xdc_runtime_Error_policyDefault__E)
                  0002202c    0000010c     rtsv7M4_T_le_v4SPD16_eabi.lib : fopen.c.obj (.text:_openfile)
                  00022138    00000108     drivers_tivaware.aem4f : SDSPITiva.oem4f (.text:SDSPITiva_open)
                  00022240    00000108     sysbios.aem4f : BIOS.obj (.text:ti_sysbios_family_arm_lm4_Timer_start__E)
                  00022348    00000104     Flash.obj (.text:Flash_writeMemory_specifiedAddress)
                  0002244c    00000100     Boot.aem4f : Boot_sysctl.oem4f (.text:ti_catalog_arm_cortexm4_tiva_ce_Boot_sysCtlClockSetI__I)
                  0002254c    00000100     ti.targets.arm.rtsarm.aem4f : Core-mem.oem4f (.text:xdc_runtime_Core_createObject__I)
                  0002264c    000000fe     ti.mw.fatfs.aem4f : ff.oem4f (.text:f_rename)
                  0002274a    000000fa                       : ff.oem4f (.text:dir_next)
                  00022844    000000f8     rtsv7M4_T_le_v4SPD16_eabi.lib : fread.c.obj (.text:fread)
                  0002293c    000000f8     ti.targets.arm.rtsarm.aem4f : Startup.oem4f (.text:xdc_runtime_Startup_startMods__I)
                  00022a34    000000f8     SlaveController_pem4f.oem4f (.text:xdc_runtime_System_printfExtend__I)
                  00022b2c    000000f4     drivers_tivaware.aem4f : SDSPITiva.oem4f (.text:SDSPITiva_diskIOctrl)
                  00022c20    000000f4     sysbios.aem4f : m3_Hwi_asm.obj (.text:ti_sysbios_family_arm_m3_Hwi_dispatch__I)
                  00022d14    000000ec     ti.mw.fatfs.aem4f : ff.oem4f (.text:put_fat)
                  00022e00    000000ec     sysbios.aem4f : BIOS.obj (.text:ti_sysbios_knl_Semaphore_post__E)
                  00022eec    000000e8     drivers_tivaware.aem4f : SDSPITiva.oem4f (.text:SDSPITiva_diskWrite)
                  00022fd4    000000dc     rtsv7M4_T_le_v4SPD16_eabi.lib : setvbuf.c.obj (.text:setvbuf)
                  000230b0    000000d8     drivers_tivaware.aem4f : SPITivaDMA.oem4f (.text:SPITivaDMA_open)
                  00023188    000000d8     sysbios.aem4f : BIOS.obj (.text:ti_sysbios_family_arm_lm4_TimestampProvider_get32__E)
                  00023260    000000d6     ti.mw.fatfs.aem4f : ff.oem4f (.text:get_fat)
                  00023336    00000002     rtsv7M4_T_le_v4SPD16_eabi.lib : _lock.c.obj (.text:_nop)
                  00023338    000000cc     ti.targets.arm.rtsarm.aem4f : Core-smem.oem4f (.text:xdc_runtime_Core_constructObject__I)
                  00023404    000000c8     animator.obj (.text:_Z19animator_initializev)
                  000234cc    000000c6     drivers_tivaware.aem4f : SDSPITiva.oem4f (.text:send_cmd)
                  00023592    00000002     rtsv7M4_T_le_v4SPD16_eabi.lib : div0.asm.obj (.text)
                  00023594    000000c0     drivers_tivaware.aem4f : SDSPITiva.oem4f (.text:SDSPITiva_diskRead)
                  00023654    000000c0                            : SPITivaDMA.oem4f (.text:SPITivaDMA_configDMA)
                  00023714    000000bc     EK_TM4C123GXL.obj (.text:EK_TM4C123GXL_initSPI)
                  000237d0    000000bc     rtsv7M4_T_le_v4SPD16_eabi.lib : open.c.obj (.text:open)
                  0002388c    00000004     SlaveController_pem4f.oem4f (.text:ti_sysbios_family_arm_m3_TaskSupport_Module__startupDone__S)
                  00023890    000000bc     sysbios.aem4f : BIOS.obj (.text:ti_sysbios_family_arm_m3_Hwi_excDebugMon__I)
                  0002394c    00000004     SlaveController_pem4f.oem4f (.text:ti_sysbios_heaps_HeapMem_Module_GateProxy_enter__E)
                  00023950    000000bc     sysbios.aem4f : BIOS.obj (.text:ti_sysbios_family_arm_m3_Hwi_excHardFault__I)
                  00023a0c    000000b8     rtsv7M4_T_le_v4SPD16_eabi.lib : add_device.c.obj (.text:add_device)
                  00023ac4    000000b8     ti.mw.fatfs.aem4f : ffcio.oem4f (.text:ffcio_open)
                  00023b7c    000000b4                       : ff.oem4f (.text:sync_fs)
                  00023c30    000000b4     sysbios.aem4f : BIOS.obj (.text:ti_sysbios_gates_GateMutex_enter__E)
                  00023ce4    00000004     SlaveController_pem4f.oem4f (.text:ti_sysbios_heaps_HeapMem_Module_GateProxy_leave__E)
                  00023ce8    000000b4     sysbios.aem4f : BIOS.obj (.text:ti_sysbios_knl_Task_checkStacks__E)
                  00023d9c    000000ac     drivers_tivaware.aem4f : UARTTiva.oem4f (.text:readTaskBlocking)
                  00023e48    000000ac     sysbios.aem4f : BIOS.obj (.text:ti_sysbios_family_arm_lm4_Timer_enableTiva__I)
                  00023ef4    000000a8     ti.mw.fatfs.aem4f : ff.oem4f (.text:create_chain)
                  00023f9c    000000a4     drivers_tivaware.aem4f : SPITivaDMA.oem4f (.text:SPITivaDMA_initHw)
                  00024040    000000a4     ti.mw.fatfs.aem4f : ff.oem4f (.text:f_unlink)
                  000240e4    00000004     SlaveController_pem4f.oem4f (.text:ti_sysbios_knl_Clock_TimerProxy_getMaxTicks__E)
                  000240e8    000000a4     sysbios.aem4f : BIOS.obj (.text:ti_sysbios_knl_Clock_Instance_finalize__E)
                  0002418c    000000a0     auto_init.aem4f : auto_init.oem4f (.text)
                  0002422c    000000a0     start.obj (.text:main)
                  000242cc    000000a0     drivers_tivaware.aem4f : SDSPITiva.oem4f (.text:rcvr_datablock)
                  0002436c    000000a0     ti.targets.arm.rtsarm.aem4f : Text.oem4f (.text:xdc_runtime_Text_putMod__E)
                  0002440c    0000009c     rtsv7M4_T_le_v4SPD16_eabi.lib : _bufread.c.obj (.text:__TI_buff_read)
                  000244a8    0000009c     ti.mw.fatfs.aem4f : ff.oem4f (.text:f_sync)
                  00024544    0000009c     rtsv7M4_T_le_v4SPD16_eabi.lib : fopen.c.obj (.text:fopen)
                  000245e0    0000009c                                   : memcpy_t2.asm.obj (.text)
                  0002467c    00000004     SlaveController_pem4f.oem4f (.text:ti_sysbios_knl_Clock_TimerProxy_getPeriod__E)
                  00024680    0000009c     sysbios.aem4f : BIOS.obj (.text:ti_sysbios_knl_Semaphore_Instance_init__E)
                  0002471c    0000009a     ILI9341.obj (.text:_Z16ILI9341_fillRectjjjjj)
                  000247b6    00000002     SlaveController_pem4f.oem4f (.text:ti_sysbios_BIOS_nullFunc__I)
                  000247b8    0000009a     ti.targets.arm.rtsarm.aem4f : Text.oem4f (.text:xdc_runtime_Text_putSite__E)
                  00024852    0000009a     drivers_tivaware.aem4f : SDSPITiva.oem4f (.text:xmit_datablock)
                  000248ec    00000098                            : UARTTiva.oem4f (.text:UARTTiva_readPolling)
                  00024984    00000098     ILI9341.obj (.text:_Z11commandListPKh)
                  00024a1c    00000098     Boot.aem4f : Boot.oem4f (.text:ti_catalog_arm_cortexm4_tiva_ce_Boot_sysCtlClockSet__E)
                  00024ab4    00000096     rtsv7M4_T_le_v4SPD16_eabi.lib : ull_div_t2.asm.obj (.text)
                  00024b4a    00000094     drivers_tivaware.aem4f : UARTTiva.oem4f (.text:UARTTiva_write)
                  00024bde    00000002     SlaveController_pem4f.oem4f (.text:xdc_runtime_Startup_reset__I)
                  00024be0    00000094     sysbios.aem4f : BIOS.obj (.text:ti_sysbios_family_arm_m3_Hwi_Instance_init__E)
                  00024c74    00000004     SlaveController_pem4f.oem4f (.text:ti_sysbios_knl_Clock_destruct)
                  00024c78    00000094     sysbios.aem4f : BIOS.obj (.text:ti_sysbios_family_arm_m3_Hwi_initNVIC__E)
                  00024d0c    00000004     SlaveController_pem4f.oem4f (.text:ti_sysbios_knl_Queue_destruct)
                  00024d10    00000094     sysbios.aem4f : BIOS.obj (.text:ti_sysbios_knl_Task_postInit__I)
                  00024da4    0000008c     drivers_tivaware.aem4f : GPIOTiva.oem4f (.text:GPIO_init)
                  00024e30    0000008c                            : UARTTiva.oem4f (.text:UARTTiva_control)
                  00024ebc    0000008c     sysbios.aem4f : m3_TaskSupport_asm.obj (.text:ti_sysbios_family_arm_m3_TaskSupport_buildTaskStack)
                  00024f48    0000008a     drivers_tivaware.aem4f : UARTTiva.oem4f (.text:readIsrTextBlocking)
                  00024fd2    00000002     --HOLE-- [fill = 0]
                  00024fd4    00000088     EK_TM4C123GXL.obj (.text:EK_TM4C123GXL_initDMA)
                  0002505c    00000088     Flash.obj (.text:Flash_init)
                  000250e4    00000088     ILI9341.obj (.text:_Z18ILI9341_drawColorsjjPit)
                  0002516c    00000084     UART.obj (.text:UART_start)
                  000251f0    00000084     sysbios.aem4f : BIOS.obj (.text:ti_sysbios_family_arm_m3_Hwi_postInit__I)
                  00025274    00000084     driverlib.lib : udma.obj (.text:uDMAChannelTransferSet)
                  000252f8    00000082     drivers_tivaware.aem4f : UARTTiva.oem4f (.text:readIsrTextCallback)
                  0002537a    0000007e     ti.mw.fatfs.aem4f : ff.oem4f (.text:dir_sdi)
                  000253f8    0000007c                       : ff.oem4f (.text:f_mount)
                  00025474    0000007a     drivers_tivaware.aem4f : UARTTiva.oem4f (.text:readTaskCallback)
                  000254ee    0000007a     rtsv7M4_T_le_v4SPD16_eabi.lib : memset_t2.asm.obj (.text)
                  00025568    00000076     ILI9341.obj (.text:_ZN33_INTERNAL_11_ILI9341_cpp_6ff9e12f17ILI9341_setCoordsEtttt)
                  000255de    00000002     --HOLE-- [fill = 0]
                  000255e0    00000074     rtsv7M4_T_le_v4SPD16_eabi.lib : fclose.c.obj (.text:__TI_closefile)
                  00025654    00000074     ti.mw.fatfs.aem4f : ff.oem4f (.text:check_fs)
                  000256c8    00000074     sysbios.aem4f : BIOS.obj (.text:ti_sysbios_knl_Clock_start__E)
                  0002573c    00000004     SlaveController_pem4f.oem4f (.text:ti_sysbios_knl_Semaphore_destruct)
                  00025740    00000070     sysbios.aem4f : BIOS.obj (.text:ti_sysbios_knl_Clock_workFunc__E)
                  000257b0    00000070                   : BIOS.obj (.text:ti_sysbios_knl_Task_exit__E)
                  00025820    0000006e     rtsv7M4_T_le_v4SPD16_eabi.lib : ll_div_t2.asm.obj (.text)
                  0002588e    00000002     --HOLE-- [fill = 0]
                  00025890    0000006d     ti.targets.arm.rtsarm.aem4f : System.oem4f (.text:xdc_runtime_System_formatNum__I)
                  000258fd    00000003     --HOLE-- [fill = 0]
                  00025900    0000006c     Flash.obj (.text:Flash_readMemory)
                  0002596c    00000004     ti.targets.arm.rtsarm.aem4f : Error.oem4f (.text:xdc_runtime_Error_getSite__E)
                  00025970    0000006c     sysbios.aem4f : BIOS.obj (.text:ti_sysbios_knl_Swi_restoreHwi__E)
                  000259dc    0000006c     drivers_tivaware.aem4f : UARTTiva.oem4f (.text:writeData)
                  00025a48    0000006c     ti.targets.arm.rtsarm.aem4f : Error.oem4f (.text:xdc_runtime_Error_print__E)
                  00025ab4    0000006c                                 : Memory.oem4f (.text:xdc_runtime_Memory_alloc__E)
                  00025b20    00000068     rtsv7M4_T_le_v4SPD16_eabi.lib : hostlseek.c.obj (.text:HOSTlseek)
                  00025b88    00000068                                   : hostrename.c.obj (.text:HOSTrename)
                  00025bf0    00000068     SD.obj (.text:SD_startSDCard)
                  00025c58    00000068     rtsv7M4_T_le_v4SPD16_eabi.lib : copy_decompress_lzss.c.obj (.text:decompress:lzss:__TI_decompress_lzss)
                  00025cc0    00000066     ti.targets.arm.rtsarm.aem4f : Core-mem.oem4f (.text:xdc_runtime_Core_deleteObject__I)
                  00025d26    00000002     --HOLE-- [fill = 0]
                  00025d28    00000064     Flash.obj (.text:Flash_pendWriteOpCompletion)
                  00025d8c    00000064     drivers_tivaware.aem4f : GPIOTiva.oem4f (.text:GPIO_hwiIntFxn)
                  00025df0    00000064     ti.mw.fatfs.aem4f : ff.oem4f (.text:follow_path)
                  00025e54    00000004     SlaveController_pem4f.oem4f (.text:xdc_runtime_System_Module_GateProxy_enter__E)
                  00025e58    00000064     sysbios.aem4f : BIOS.obj (.text:ti_sysbios_family_arm_lm4_Timer_Module_startup__E)
                  00025ebc    00000064     SlaveController_pem4f.oem4f (.text:ti_sysbios_family_arm_m3_Hwi_create)
                  00025f20    00000064     sysbios.aem4f : BIOS.obj (.text:ti_sysbios_family_arm_m3_Hwi_dispatchC__I)
                  00025f84    00000062     drivers_tivaware.aem4f : SPITivaDMA.oem4f (.text:SPITivaDMA_transfer)
                  00025fe6    00000002     --HOLE-- [fill = 0]
                  00025fe8    00000060     rtsv7M4_T_le_v4SPD16_eabi.lib : hostopen.c.obj (.text:HOSTopen)
                  00026048    00000060     sysbios.aem4f : BIOS.obj (.text:ti_sysbios_knl_Task_schedule__I)
                  000260a8    0000005e     drivers_tivaware.aem4f : UARTTiva.oem4f (.text:readIsrBinaryBlocking)
                  00026106    0000005e     ti.mw.fatfs.aem4f : ff.oem4f (.text:remove_chain)
                  00026164    0000005c     EK_TM4C123GXL.obj (.text:EK_TM4C123GXL_initSDSPI)
                  000261c0    0000005c     SD.obj (.text:SD_openFile)
                  0002621c    0000005c     rtsv7M4_T_le_v4SPD16_eabi.lib : close.c.obj (.text:close)
                  00026278    0000005c     sysbios.aem4f : BIOS.obj (.text:ti_sysbios_knl_Swi_run__I)
                  000262d4    00000004     SlaveController_pem4f.oem4f (.text:xdc_runtime_System_Module_GateProxy_leave__E)
                  000262d8    0000005c     sysbios.aem4f : BIOS.obj (.text:ti_sysbios_knl_Swi_schedule__I)
                  00026334    00000004     ti.targets.arm.rtsarm.aem4f : System.oem4f (.text:xdc_runtime_System_aprintf_va__F)
                  00026338    0000005c     sysbios.aem4f : BIOS.obj (.text:ti_sysbios_knl_Task_Module_startup__E)
                  00026394    00000004     ti.targets.arm.rtsarm.aem4f : System.oem4f (.text:xdc_runtime_System_printf_va__F)
                  00026398    0000005c     sysbios.aem4f : BIOS.obj (.text:ti_sysbios_knl_Task_startCore__E)
                  000263f4    0000005c     drivers_tivaware.aem4f : SDSPITiva.oem4f (.text:wait_ready)
                  00026450    0000005b     ti.targets.arm.rtsarm.aem4f : Text.oem4f (.text:xdc_runtime_Text_putLab__E)
                  000264ab    00000001     --HOLE-- [fill = 0]
                  000264ac    00000058     boot.aem4f : boot.oem4f (.text)
                  00026504    00000058     rtsv7M4_T_le_v4SPD16_eabi.lib : hostread.c.obj (.text:HOSTread)
                  0002655c    00000058                                   : hostwrite.c.obj (.text:HOSTwrite)
                  000265b4    00000058     tirtosport.aem4f : SemaphoreP_tirtos.oem4f (.text:SemaphoreP_create)
                  0002660c    00000058     SlaveController_pem4f.oem4f (.text:ti_sysbios_family_arm_m3_Hwi_construct)
                  00026664    00000058     sysbios.aem4f : m3_Hwi_asm_switch.obj (.text:ti_sysbios_family_arm_m3_Hwi_initStacks__E)
                  000266bc    00000056     driverlib.lib : gpio.obj (.text:GPIOIntTypeSet)
                  00026712    00000056     ti.mw.fatfs.aem4f : ff.oem4f (.text:dir_read)
                  00026768    00000054     drivers_tivaware.aem4f : UARTTiva.oem4f (.text:readIsrBinaryCallback)
                  000267bc    00000054     ti.mw.fatfs.aem4f : ff.oem4f (.text:sync_window)
                  00026810    00000054     sysbios.aem4f : BIOS.obj (.text:ti_sysbios_family_arm_lm4_Timer_initDevice__I)
                  00026864    00000054     SlaveController_pem4f.oem4f (.text:ti_sysbios_knl_Task_construct)
                  000268b8    00000054     ti.targets.arm.rtsarm.aem4f : Assert.oem4f (.text:xdc_runtime_Assert_raise__I)
                  0002690c    00000050     drivers_tivaware.aem4f : GPIOTiva.oem4f (.text:GPIO_setCallback)
                  0002695c    00000050     driverlib.lib : sysctl.obj (.text:SysCtlPeripheralReset)
                  000269ac    00000050     drivers_tivaware.aem4f : UARTTiva.oem4f (.text:UARTTiva_writeCancel)
                  000269fc    00000050     ILI9341.obj (.text:_ZN33_INTERNAL_11_ILI9341_cpp_6ff9e12f16ILI9341_setColorEj)
                  00026a4c    00000004     --HOLE-- [fill = 0]
                  00026a50    00000050     sysbios.aem4f : BIOS.obj (.text:ti_sysbios_family_arm_m3_Hwi_Module_startup__E)
                  00026aa0    00000050     ti.targets.arm.rtsarm.aem4f : Startup.oem4f (.text:xdc_runtime_Startup_exec__E)
                  00026af0    00000050                                 : Text.oem4f (.text:xdc_runtime_Text_visitRope2__I)
                  00026b40    0000004c     drivers_tivaware.aem4f : UARTTiva.oem4f (.text:UARTTiva_close)
                  00026b8c    0000004c     rtsv7M4_T_le_v4SPD16_eabi.lib : fflush.c.obj (.text:__TI_doflush)
                  00026bd8    0000004c                                   : cpy_tbl.c.obj (.text:copy_in)
                  00026c24    0000004c     SlaveController_pem4f.oem4f (.text:ti_mw_fatfs_startup)
                  00026c70    0000004c     sysbios.aem4f : BIOS.obj (.text:ti_sysbios_heaps_HeapMem_getStats__E)
                  00026cbc    00000004     --HOLE-- [fill = 0]
                  00026cc0    0000004c                   : BIOS.obj (.text:ti_sysbios_knl_Swi_runLoop__I)
                  00026d0c    00000004     --HOLE-- [fill = 0]
                  00026d10    0000004c                   : BIOS.obj (.text:ti_sysbios_knl_Task_allBlockedFunction__I)
                  00026d5c    0000004a     rtsv7M4_T_le_v4SPD16_eabi.lib : _io_perm.c.obj (.text:__TI_rd_ok)
                  00026da6    00000002     --HOLE-- [fill = 0]
                  00026da8    00000048     driverlib.lib : gpio.obj (.text:GPIOPinConfigure)
                  00026df0    00000048     ti.mw.fatfs.aem4f : ff.oem4f (.text:dir_find)
                  00026e38    00000048     rtsv7M4_T_le_v4SPD16_eabi.lib : exit.c.obj (.text:exit)
                  00026e80    00000048     sysbios.aem4f : BIOS.obj (.text:ti_sysbios_family_arm_lm4_Timer_enableTimers__I)
                  00026ec8    00000048                   : BIOS.obj (.text:ti_sysbios_family_arm_m3_Hwi_disableInterrupt__E)
                  00026f10    00000048                   : BIOS.obj (.text:ti_sysbios_family_arm_m3_Hwi_enableInterrupt__E)
                  00026f58    00000048                   : BIOS.obj (.text:ti_sysbios_family_arm_m3_Hwi_excReserved__I)
                  00026fa0    00000046     drivers_tivaware.aem4f : RingBuf.oem4f (.text:RingBuf_put)
                  00026fe6    00000046     ti.targets.arm.rtsarm.aem4f : Core-params.oem4f (.text:xdc_runtime_Core_assignParams__I)
                  0002702c    00000044     rtsv7M4_T_le_v4SPD16_eabi.lib : hostclose.c.obj (.text:HOSTclose)
                  00027070    00000044                                   : hostunlink.c.obj (.text:HOSTunlink)
                  000270b4    00000044     SD.obj (.text:SD_read)
                  000270f8    00000044     SD.obj (.text:SD_readNextChar)
                  0002713c    00000044     drivers_tivaware.aem4f : SPITivaDMA.oem4f (.text:SPITivaDMA_hwiFxn)
                  00027180    00000044     ti.mw.fatfs.aem4f : ff.oem4f (.text:dir_alloc)
                  000271c4    00000044     rtsv7M4_T_le_v4SPD16_eabi.lib : getdevice.c.obj (.text:getdevice)
                  00027208    00000044     drivers_tivaware.aem4f : SDSPITiva.oem4f (.text:send_initial_clock_train)
                  0002724c    00000004     --HOLE-- [fill = 0]
                  00027250    00000044     sysbios.aem4f : BIOS.obj (.text:ti_sysbios_family_arm_lm4_Timer_isrStub__E)
                  00027294    00000004     --HOLE-- [fill = 0]
                  00027298    00000044                   : BIOS.obj (.text:ti_sysbios_family_arm_m3_Hwi_getStackInfo__E)
                  000272dc    00000004     --HOLE-- [fill = 0]
                  000272e0    00000044                   : BIOS.obj (.text:ti_sysbios_knl_Swi_post__E)
                  00027324    00000044     ti.targets.arm.rtsarm.aem4f : Error.oem4f (.text:xdc_runtime_Error_setX__E)
                  00027368    00000044                                 : SysMin.oem4f (.text:xdc_runtime_SysMin_flush__E)
                  000273ac    00000044                                 : Text.oem4f (.text:xdc_runtime_Text_xprintf__I)
                  000273f0    00000042     drivers_tivaware.aem4f : SPITivaDMA.oem4f (.text:SPITivaDMA_transferCancel)
                  00027432    00000042     driverlib.lib : uart.obj (.text:UARTConfigSetExpClk)
                  00027474    00000042     drivers_tivaware.aem4f : UARTTiva.oem4f (.text:UARTTiva_hwiIntFxn)
                  000274b6    00000042                            : UARTTiva.oem4f (.text:UARTTiva_writePolling)
                  000274f8    00000040     EK_TM4C123GXL.obj (.text:EK_TM4C123GXL_initGeneral)
                  00027538    00000040     Flash.obj (.text:Flash_transferSPICS)
                  00027578    00000040     Flash.obj (.text:Flash_writeCommandCS)
                  000275b8    00000040     drivers_tivaware.aem4f : RingBuf.oem4f (.text:RingBuf_get)
                  000275f8    00000040                            : SDSPITiva.oem4f (.text:SDSPITiva_close)
                  00027638    00000040                            : UARTTiva.oem4f (.text:UARTTiva_read)
                  00027678    00000040     ILI9341.obj (.text:_ZN33_INTERNAL_11_ILI9341_cpp_6ff9e12f12writeCommandEh)
                  000276b8    00000040     ti.mw.fatfs.aem4f : ff.oem4f (.text:get_ldnumber)
                  000276f8    00000040     rtsv7M4_T_le_v4SPD16_eabi.lib : u_divt2.asm.obj (.text)
                  00027738    00000040     sysbios.aem4f : BIOS.obj (.text:ti_sysbios_family_arm_lm4_Timer_startup__E)
                  00027778    0000003c     drivers_tivaware.aem4f : SPITivaDMA.oem4f (.text:SPITivaDMA_close)
                  000277b4    0000003c     driverlib.lib : ssi.obj (.text:SSIConfigSetExpClk)
                  000277f0    0000003c     animator.obj (.text:_Z9readUntilcPh)
                  0002782c    0000003c     EK_TM4C123GXL.obj (.text:dmaErrorHwi)
                  00027868    0000003c     sysbios.aem4f : BIOS.obj (.text:ti_sysbios_family_arm_m3_Hwi_excSvCall__I)
                  000278a4    00000004     --HOLE-- [fill = 0]
                  000278a8    0000003c                   : BIOS.obj (.text:ti_sysbios_heaps_HeapMem_init__I)
                  000278e4    00000004     --HOLE-- [fill = 0]
                  000278e8    0000003c                   : BIOS.obj (.text:ti_sysbios_knl_Swi_restore__E)
                  00027924    00000038     drivers_tivaware.aem4f : SDSPI.oem4f (.text:SDSPI_init)
                  0002795c    00000038                            : SPI.oem4f (.text:SPI_init)
                  00027994    00000038                            : UART.oem4f (.text:UART_init)
                  000279cc    00000038     rtsv7M4_T_le_v4SPD16_eabi.lib : trgmsg.c.obj (.text:__TI_writemsg)
                  00027a04    00000038     ti.mw.fatfs.aem4f : ff.oem4f (.text:dir_register)
                  00027a3c    00000004     --HOLE-- [fill = 0]
                  00027a40    00000038     sysbios.aem4f : BIOS.obj (.text:ti_sysbios_family_arm_m3_Hwi_excNoIsr__I)
                  00027a78    00000038                   : BIOS.obj (.text:ti_sysbios_knl_Task_processVitalTaskFlag__I)
                  00027ab0    00000038     ti.targets.arm.rtsarm.aem4f : SysMin.oem4f (.text:xdc_runtime_SysMin_putch__E)
                  00027ae8    00000038                                 : System.oem4f (.text:xdc_runtime_System_atexit__E)
                  00027b20    00000036     drivers_tivaware.aem4f : UARTTiva.oem4f (.text:UARTTiva_readCancel)
                  00027b56    00000036     ti.mw.fatfs.aem4f : ff.oem4f (.text:move_window)
                  00027b8c    00000036     rtsv7M4_T_le_v4SPD16_eabi.lib : strncpy.c.obj (.text:strncpy)
                  00027bc2    00000036     SlaveController_pem4f.oem4f (.text:ti_mw_fatfs_getFatTime)
                  00027bf8    00000034     EK_TM4C123GXL.obj (.text:EK_TM4C123GXL_initUART)
                  00027c2c    00000034     driverlib.lib : sysctl.obj (.text:SysCtlPeripheralEnable)
                  00027c60    00000034     rtsv7M4_T_le_v4SPD16_eabi.lib : fopen.c.obj (.text:__TI_cleanup)
                  00027c94    00000034                                   : trgmsg.c.obj (.text:__TI_readmsg)
                  00027cc8    00000034     ti.mw.fatfs.aem4f : ff.oem4f (.text:dir_remove)
                  00027cfc    00000034                       : ffcio.oem4f (.text:ffcio_lseek)
                  00027d30    00000034     sysbios.aem4f : BIOS.obj (.text:ti_sysbios_family_arm_m3_Hwi_Instance_finalize__E)
                  00027d64    00000004     --HOLE-- [fill = 0]
                  00027d68    00000034                   : BIOS.obj (.text:ti_sysbios_family_arm_m3_Hwi_excNmi__I)
                  00027d9c    00000004     --HOLE-- [fill = 0]
                  00027da0    00000034                   : BIOS.obj (.text:ti_sysbios_hal_Hwi_checkStack)
                  00027dd4    00000034     SlaveController_pem4f.oem4f (.text:ti_sysbios_knl_Clock_construct)
                  00027e08    00000034     ti.mw.fatfs.aem4f : ff.oem4f (.text:validate)
                  00027e3c    00000034     ti.targets.arm.rtsarm.aem4f : Core-label.oem4f (.text:xdc_runtime_Core_assignLabel__I)
                  00027e70    00000033                                 : Text.oem4f (.text:xdc_runtime_Text_printVisFxn__I)
                  00027ea3    00000005     --HOLE-- [fill = 0]
                  00027ea8    00000032     sysbios.aem4f : BIOS.obj (.text:ti_sysbios_hal_Hwi_initStack)
                  00027eda    00000002     --HOLE-- [fill = 0]
                  00027edc    00000030     EK_TM4C123GXL.obj (.text:EK_TM4C123GXL_initGPIO)
                  00027f0c    00000030     drivers_tivaware.aem4f : SDSPI.oem4f (.text:SDSPI_open)
                  00027f3c    00000030                            : SPI.oem4f (.text:SPI_open)
                  00027f6c    00000030                            : UART.oem4f (.text:UART_open)
                  00027f9c    00000030     ILI9341.obj (.text:_ZN33_INTERNAL_11_ILI9341_cpp_6ff9e12f9writeDataEh)
                  00027fcc    00000030     rtsv7M4_T_le_v4SPD16_eabi.lib : getdevice.c.obj (.text:finddevice)
                  00027ffc    00000030     SlaveController_pem4f.oem4f (.text:ti_sysbios_BIOS_atExitFunc__I)
                  0002802c    00000004     --HOLE-- [fill = 0]
                  00028030    00000030     sysbios.aem4f : BIOS.obj (.text:ti_sysbios_family_arm_lm4_Timer_stop__E)
                  00028060    00000030                   : BIOS.obj (.text:ti_sysbios_family_arm_m3_TaskSupport_start__E)
                  00028090    00000030     SlaveController_pem4f.oem4f (.text:ti_sysbios_gates_GateHwi_Object__create__S)
                  000280c0    00000030     SlaveController_pem4f.oem4f (.text:ti_sysbios_gates_GateMutex_Object__create__S)
                  000280f0    00000030     SlaveController_pem4f.oem4f (.text:ti_sysbios_heaps_HeapMem_Object__create__S)
                  00028120    00000030     SlaveController_pem4f.oem4f (.text:ti_sysbios_knl_Semaphore_construct)
                  00028150    00000030     sysbios.aem4f : BIOS.obj (.text:ti_sysbios_knl_Semaphore_pendTimeout__I)
                  00028180    00000030                   : BIOS.obj (.text:ti_sysbios_knl_Task_unblockI__E)
                  000281b0    00000030     ti.targets.arm.rtsarm.aem4f : SysMin.oem4f (.text:xdc_runtime_SysMin_abort__E)
                  000281e0    00000030                                 : System.oem4f (.text:xdc_runtime_System_processAtExit__E)
                  00028210    0000002e     SlaveController_pem4f.oem4f (.text:malloc)
                  0002823e    00000002     --HOLE-- [fill = 0]
                  00028240    0000002c     Flash.obj (.text:Flash_writeMemory)
                  0002826c    0000002c     ti.mw.fatfs.aem4f : diskio.oem4f (.text:disk_register)
                  00028298    0000002c     rtsv7M4_T_le_v4SPD16_eabi.lib : fclose.c.obj (.text:fclose)
                  000282c4    0000002c     SlaveController_pem4f.oem4f (.text:ti_sysbios_knl_Clock_doTick__I)
                  000282f0    0000002c     SlaveController_pem4f.oem4f (.text:ti_sysbios_knl_Queue_construct)
                  0002831c    00000004     --HOLE-- [fill = 0]
                  00028320    0000002c     sysbios.aem4f : BIOS.obj (.text:ti_sysbios_knl_Task_restore__E)
                  0002834c    0000002c     driverlib.lib : udma.obj (.text:uDMAChannelAssign)
                  00028378    0000002c     rtsv7M4_T_le_v4SPD16_eabi.lib : unlink.c.obj (.text:unlink)
                  000283a4    0000002c     ti.targets.arm.rtsarm.aem4f : Text.oem4f (.text:xdc_runtime_Text_cordText__E)
                  000283d0    0000002a     driverlib.lib : gpio.obj (.text:GPIODirModeSet)
                  000283fa    0000002a     ti.targets.arm.rtsarm.aem4f : System.oem4f (.text:xdc_runtime_System_putchar__I)
                  00028424    00000028     ti.mw.fatfs.aem4f : diskio.oem4f (.text:disk_unregister)
                  0002844c    00000028     rtsv7M4_T_le_v4SPD16_eabi.lib : read.c.obj (.text:read)
                  00028474    00000028     SlaveController_pem4f.oem4f (.text:ti_sysbios_BIOS_startFunc__I)
                  0002849c    00000004     --HOLE-- [fill = 0]
                  000284a0    00000028     sysbios.aem4f : BIOS.obj (.text:ti_sysbios_knl_Swi_Module_startup__E)
                  000284c8    00000028     rtsv7M4_T_le_v4SPD16_eabi.lib : write.c.obj (.text:write)
                  000284f0    00000026     sysbios.aem4f : m3_Hwi_asm.obj (.text:ti_sysbios_family_arm_m3_Hwi_pendSV__I)
                  00028516    00000026     ti.targets.arm.rtsarm.aem4f : System.oem4f (.text:xdc_runtime_System_avprintf__E)
                  0002853c    00000024     ti.mw.fatfs.aem4f : diskio.oem4f (.text:disk_ioctl)
                  00028560    00000024                       : diskio.oem4f (.text:disk_read)
                  00028584    00000024                       : ff.oem4f (.text:f_close)
                  000285a8    00000024                       : ffcio.oem4f (.text:ffcio_close)
                  000285cc    00000024     SlaveController_pem4f.oem4f (.text:ti_sysbios_BIOS_errorRaiseHook__I)
                  000285f0    00000024     SlaveController_pem4f.oem4f (.text:ti_sysbios_BIOS_registerRTSLock__I)
                  00028614    00000024     SlaveController_pem4f.oem4f (.text:ti_sysbios_BIOS_removeRTSLock__I)
                  00028638    00000024     SlaveController_pem4f.oem4f (.text:ti_sysbios_gates_GateMutex_Object__delete__S)
                  0002865c    00000004     --HOLE-- [fill = 0]
                  00028660    00000024     sysbios.aem4f : BIOS.obj (.text:ti_sysbios_knl_Clock_Module_startup__E)
                  00028684    00000004     --HOLE-- [fill = 0]
                  00028688    00000024                   : BIOS.obj (.text:ti_sysbios_knl_Task_restoreHwi__E)
                  000286ac    00000024     driverlib.lib : udma.obj (.text:uDMAChannelControlSet)
                  000286d0    00000024     ti.targets.arm.rtsarm.aem4f : System.oem4f (.text:xdc_runtime_System_vprintf__E)
                  000286f4    00000004     --HOLE-- [fill = 0]
                  000286f8    00000022     sysbios.aem4f : BIOS.obj (.text:ti_sysbios_family_arm_lm4_Timer_write__I)
                  0002871a    00000022     SlaveController_pem4f.oem4f (.text:xdc_runtime_SysMin_output__I)
                  0002873c    00000020     Flash.obj (.text:Flash_allocateMemory)
                  0002875c    00000020     ti.mw.fatfs.aem4f : diskio.oem4f (.text:disk_write)
                  0002877c    00000020                       : ffcio.oem4f (.text:ffcio_read)
                  0002879c    00000020                       : ffcio.oem4f (.text:ffcio_write)
                  000287bc    00000020     SlaveController_pem4f.oem4f (.text:ti_sysbios_BIOS_rtsLock__I)
                  000287dc    00000004     --HOLE-- [fill = 0]
                  000287e0    00000020     sysbios.aem4f : BIOS.obj (.text:ti_sysbios_family_arm_m3_Hwi_clearInterrupt__E)
                  00028800    00000020                   : m3_Hwi_asm.obj (.text:ti_sysbios_family_arm_m3_Hwi_excHandlerAsm__I)
                  00028820    00000020                   : BIOS.obj (.text:ti_sysbios_family_arm_m3_Hwi_excHandler__I)
                  00028840    00000020     SlaveController_pem4f.oem4f (.text:ti_sysbios_gates_GateHwi_Object__delete__S)
                  00028860    00000020     SlaveController_pem4f.oem4f (.text:ti_sysbios_heaps_HeapMem_Object__delete__S)
                  00028880    00000020     SlaveController_pem4f.oem4f (.text:ti_sysbios_knl_Clock_Object__destruct__S)
                  000288a0    00000020     sysbios.aem4f : BIOS.obj (.text:ti_sysbios_knl_Idle_run__E)
                  000288c0    00000020     SlaveController_pem4f.oem4f (.text:ti_sysbios_knl_Semaphore_Object__destruct__S)
                  000288e0    00000020     ti.targets.arm.rtsarm.aem4f : Registry.oem4f (.text:xdc_runtime_Registry_findById__E)
                  00028900    00000020                                 : SysMin.oem4f (.text:xdc_runtime_SysMin_Module_startup__E)
                  00028920    0000001e     ti.mw.fatfs.aem4f : ff.oem4f (.text:ld_clust)
                  0002893e    0000001e     rtsv7M4_T_le_v4SPD16_eabi.lib : strcat.c.obj (.text:strcat)
                  0002895c    0000001e     sysbios.aem4f : m3_Hwi_asm_switch.obj (.text:ti_sysbios_family_xxx_Hwi_switchAndRunFunc)
                  0002897a    00000002     --HOLE-- [fill = 0]
                  0002897c    0000001c     driverlib.lib : uart.obj (.text:UARTDisable)
                  00028998    0000001c     UART.obj (.text:UART_transmit)
                  000289b4    0000001c     ti.mw.fatfs.aem4f : diskio.oem4f (.text:disk_initialize)
                  000289d0    0000001c                       : diskio.oem4f (.text:disk_status)
                  000289ec    0000001c     drivers_tivaware.aem4f : GPIOTiva.oem4f (.text:getGpioIntIndex)
                  00028a08    0000001c     ti.mw.fatfs.aem4f : ff.oem4f (.text:mem_cmp)
                  00028a24    00000004     --HOLE-- [fill = 0]
                  00028a28    0000001c     sysbios.aem4f : BIOS.obj (.text:ti_sysbios_family_arm_lm4_Seconds_get__E)
                  00028a44    0000001c     SlaveController_pem4f.oem4f (.text:ti_sysbios_family_arm_m3_Hwi_Object__destruct__S)
                  00028a60    0000001c     sysbios.aem4f : BIOS.obj (.text:ti_sysbios_gates_GateMutex_Instance_init__E)
                  00028a7c    0000001c     SlaveController_pem4f.oem4f (.text:ti_sysbios_knl_Queue_Object__destruct__S)
                  00028a98    0000001c     sysbios.aem4f : BIOS.obj (.text:ti_sysbios_knl_Queue_put__E)
                  00028ab4    00000004     --HOLE-- [fill = 0]
                  00028ab8    0000001c                   : BIOS.obj (.text:ti_sysbios_knl_Task_enter__I)
                  00028ad4    0000001c     ti.targets.arm.rtsarm.aem4f : Error.oem4f (.text:xdc_runtime_Error_raiseX__E)
                  00028af0    0000001c                                 : Memory.oem4f (.text:xdc_runtime_Memory_valloc__E)
                  00028b0c    0000001c                                 : SysMin.oem4f (.text:xdc_runtime_SysMin_exit__E)
                  00028b28    0000001c                                 : System.oem4f (.text:xdc_runtime_System_abort__E)
                  00028b44    0000001a     SlaveController_pem4f.oem4f (.text:free)
                  00028b5e    0000001a     SlaveController_pem4f.oem4f (.text:ti_sysbios_family_arm_m3_Hwi_Handle__label__S)
                  00028b78    0000001a     SlaveController_pem4f.oem4f (.text:ti_sysbios_gates_GateHwi_Handle__label__S)
                  00028b92    0000001a     SlaveController_pem4f.oem4f (.text:ti_sysbios_gates_GateMutex_Handle__label__S)
                  00028bac    0000001a     SlaveController_pem4f.oem4f (.text:ti_sysbios_heaps_HeapMem_Handle__label__S)
                  00028bc6    0000001a     SlaveController_pem4f.oem4f (.text:ti_sysbios_knl_Swi_Handle__label__S)
                  00028be0    0000001a     SlaveController_pem4f.oem4f (.text:ti_sysbios_knl_Task_Handle__label__S)
                  00028bfa    0000001a     ti.mw.fatfs.aem4f : ff.oem4f (.text:unlock_fs)
                  00028c14    0000001a     SlaveController_pem4f.oem4f (.text:xdc_runtime_System_aprintf__E)
                  00028c2e    0000001a     SlaveController_pem4f.oem4f (.text:xdc_runtime_System_printf__E)
                  00028c48    00000018     driverlib.lib : gpio.obj (.text:GPIOPinTypeGPIOOutput)
                  00028c60    00000018     drivers_tivaware.aem4f : UART.oem4f (.text:UART_Params_init)
                  00028c78    00000018     UART.obj (.text:UART_receive)
                  00028c90    00000018     animator.obj (.text:_Z11readHalfIntPh)
                  00028ca8    00000018     ILI9341.obj (.text:_Z18ILI9341_fillScreenj)
                  00028cc0    00000018     ILI9341.obj (.text:_ZN33_INTERNAL_11_ILI9341_cpp_6ff9e12f8deselectEv)
                  00028cd8    00000018     rtsv7M4_T_le_v4SPD16_eabi.lib : args_main.c.obj (.text:_args_main)
                  00028cf0    00000018     ti.mw.fatfs.aem4f : ff.oem4f (.text:clust2sect)
                  00028d08    00000018                       : ffosal.oem4f (.text:ff_cre_syncobj)
                  00028d20    00000018     rtsv7M4_T_le_v4SPD16_eabi.lib : strcmp.c.obj (.text:strcmp)
                  00028d38    00000018     SlaveController_pem4f.oem4f (.text:ti_sysbios_BIOS_rtsUnlock__I)
                  00028d50    00000018     SlaveController_pem4f.oem4f (.text:ti_sysbios_family_arm_lm4_Timer_Module__startupDone__F)
                  00028d68    00000018     SlaveController_pem4f.oem4f (.text:ti_sysbios_family_arm_m3_Hwi_Module__startupDone__F)
                  00028d80    00000018     sysbios.aem4f : m3_TaskSupport_asm.obj (.text:ti_sysbios_family_arm_m3_TaskSupport_swap__E)
                  00028d98    00000018                   : BIOS.obj (.text:ti_sysbios_gates_GateMutex_leave__E)
                  00028db0    00000018                   : BIOS.obj (.text:ti_sysbios_knl_Task_sleepTimeout__I)
                  00028dc8    00000018     SlaveController_pem4f.oem4f (.text:time)
                  00028de0    00000018     driverlib.lib : udma.obj (.text:uDMAChannelDisable)
                  00028df8    00000018                   : udma.obj (.text:uDMAChannelEnable)
                  00028e10    00000018                   : udma.obj (.text:uDMAChannelIsEnabled)
                  00028e28    00000018     ti.targets.arm.rtsarm.aem4f : Error.oem4f (.text:xdc_runtime_Error_check__E)
                  00028e40    00000018                                 : System.oem4f (.text:xdc_runtime_System_exit__E)
                  00028e58    00000018                                 : Text.oem4f (.text:xdc_runtime_Text_ropeText__E)
                  00028e70    00000016     tirtosport.aem4f : SemaphoreP_tirtos.oem4f (.text:SemaphoreP_delete)
                  00028e86    00000016     start.obj (.text:_ZN30_INTERNAL_9_start_cpp_c81e5b2e31ti_sysbios_knl_Task_Params_initEP26ti_sysbios_knl_Task_Params)
                  00028e9c    00000016     ti.mw.fatfs.aem4f : ff.oem4f (.text:mem_cpy)
                  00028eb2    00000016     rtsv7M4_T_le_v4SPD16_eabi.lib : strchr.c.obj (.text:strchr)
                  00028ec8    00000016     SlaveController_pem4f.oem4f (.text:ti_sysbios_BIOS_exitFunc__I)
                  00028ede    00000016     EK_TM4C123GXL.obj (.text:ti_sysbios_family_arm_m3_Hwi_Params_init)
                  00028ef4    00000014     drivers_tivaware.aem4f : SPI.oem4f (.text:SPI_Params_init)
                  00028f08    00000014     driverlib.lib : uart.obj (.text:UARTEnable)
                  00028f1c    00000014     animator.obj (.text:_Z28animator_setBackgroundColorsPKj)
                  00028f30    00000014     ti.mw.fatfs.aem4f : ffosal.oem4f (.text:ff_req_grant)
                  00028f44    00000014                       : ff.oem4f (.text:mem_set)
                  00028f58    00000014     rtsv7M4_T_le_v4SPD16_eabi.lib : strcpy.c.obj (.text:strcpy)
                  00028f6c    00000014                                   : strlen.c.obj (.text:strlen)
                  00028f80    00000014     SlaveController_pem4f.oem4f (.text:ti_sysbios_family_arm_m3_Hwi_Object__get__S)
                  00028f94    00000004     --HOLE-- [fill = 0]
                  00028f98    00000014     sysbios.aem4f : BIOS.obj (.text:ti_sysbios_family_arm_m3_Hwi_switchFromBootStack__E)
                  00028fac    00000014     SlaveController_pem4f.oem4f (.text:ti_sysbios_heaps_HeapMem_Object__get__S)
                  00028fc0    00000014     SlaveController_pem4f.oem4f (.text:ti_sysbios_knl_Swi_Object__get__S)
                  00028fd4    00000012     Flash.obj (.text:Flash_writeCommand)
                  00028fe6    00000012     driverlib.lib : gpio.obj (.text:GPIOPinTypeGPIOInput)
                  00028ff8    00000012                   : gpio.obj (.text:GPIOPinTypeSSI)
                  0002900a    00000012                   : gpio.obj (.text:GPIOPinTypeUART)
                  0002901c    00000012     drivers_tivaware.aem4f : RingBuf.oem4f (.text:RingBuf_construct)
                  0002902e    00000012                            : SDSPITiva.oem4f (.text:SDSPITiva_init)
                  00029040    00000012     driverlib.lib : ssi.obj (.text:SSIDataGetNonBlocking)
                  00029052    00000012     tirtosport.aem4f : SemaphoreP_tirtos.oem4f (.text:SemaphoreP_pend)
                  00029064    00000012     ti.mw.fatfs.aem4f : ff.oem4f (.text:chk_chr)
                  00029076    00000012                       : ffcio.oem4f (.text:ffcio_rename)
                  00029088    00000012                       : ffcio.oem4f (.text:ffcio_unlink)
                  0002909a    00000006     driverlib.lib : gpio.obj (.text:GPIOIntClear)
                  000290a0    00000012     sysbios.aem4f : BIOS.obj (.text:ti_sysbios_hal_Hwi_Module_startup__E)
                  000290b2    00000012     SlaveController_pem4f.oem4f (.text:xdc_runtime_Startup_exec__I)
                  000290c4    00000010     drivers_tivaware.aem4f : SDSPITiva.oem4f (.text:SDSPITiva_diskStatus)
                  000290d4    00000010                            : SDSPI.oem4f (.text:SDSPI_Params_init)
                  000290e4    00000010     SD.obj (.text:SD_closeFile)
                  000290f4    00000010     UART.obj (.text:UART_sendByte)
                  00029104    00000010     ILI9341.obj (.text:_Z19beginSPITransactionv)
                  00029114    00000010     drivers_tivaware.aem4f : UARTTiva.oem4f (.text:readBlockingTimeout)
                  00029124    00000010     ti.mw.fatfs.aem4f : ff.oem4f (.text:st_clust)
                  00029134    00000004     --HOLE-- [fill = 0]
                  00029138    00000010     sysbios.aem4f : BIOS.obj (.text:ti_sysbios_BIOS_getCpuFreq__E)
                  00029148    00000010                   : BIOS.obj (.text:ti_sysbios_BIOS_setThreadType__E)
                  00029158    00000010                   : BIOS.obj (.text:ti_sysbios_BIOS_start__E)
                  00029168    00000010                   : BIOS.obj (.text:ti_sysbios_family_arm_lm4_TimestampProvider_rolloverFunc__E)
                  00029178    00000010                   : m3_TaskSupport_asm.obj (.text:ti_sysbios_family_arm_m3_TaskSupport_glue)
                  00029188    00000010                   : BIOS.obj (.text:ti_sysbios_gates_GateMutex_Instance_finalize__E)
                  00029198    00000010                   : BIOS.obj (.text:ti_sysbios_knl_Semaphore_Instance_finalize__E)
                  000291a8    00000010                   : BIOS.obj (.text:ti_sysbios_knl_Swi_disable__E)
                  000291b8    00000010     SlaveController_pem4f.oem4f (.text:ti_sysbios_knl_Task_Object__get__S)
                  000291c8    00000010     sysbios.aem4f : BIOS.obj (.text:ti_sysbios_knl_Task_disable__E)
                  000291d8    00000010     driverlib.lib : udma.obj (.text:uDMAEnable)
                  000291e8    00000010     ti.targets.arm.rtsarm.aem4f : Gate.oem4f (.text:xdc_runtime_Gate_leaveSystem__E)
                  000291f8    00000010                                 : Memory.oem4f (.text:xdc_runtime_Memory_free__E)
                  00029208    00000010                                 : SysMin.oem4f (.text:xdc_runtime_SysMin_ready__E)
                  00029218    00000010                                 : System.oem4f (.text:xdc_runtime_System_vsnprintf__E)
                  00029228    00000010     SlaveController_pem4f.oem4f (.text:xdc_runtime_Text_visitRope__I)
                  00029238    0000000e     driverlib.lib : gpio.obj (.text:GPIOIntStatus)
                  00029246    0000000e                   : uart.obj (.text:UARTCharGetNonBlocking)
                  00029254    0000000e                   : uart.obj (.text:UARTCharPutNonBlocking)
                  00029262    0000000e     rtsv7M4_T_le_v4SPD16_eabi.lib : copy_decompress_none.c.obj (.text:decompress:none:__TI_decompress_none)
                  00029270    0000000e     sysbios.aem4f : BIOS.obj (.text:ti_sysbios_knl_Idle_loop__E)
                  0002927e    00000002     --HOLE-- [fill = 0]
                  00029280    0000000e                   : BIOS.obj (.text:ti_sysbios_knl_Queue_empty__E)
                  0002928e    00000002     --HOLE-- [fill = 0]
                  00029290    0000000c     SlaveController_pem4f.oem4f (.text:.bootCodeSection:ti_catalog_arm_cortexm4_tiva_ce_Boot_init__I)
                  0002929c    0000000c     drivers_tivaware.aem4f : RingBuf.oem4f (.text:RingBuf_peek)
                  000292a8    0000000c     driverlib.lib : ssi.obj (.text:SSIDataGet)
                  000292b4    0000000c                   : uart.obj (.text:UARTFlowControlSet)
                  000292c0    0000000c     drivers_tivaware.aem4f : UARTTiva.oem4f (.text:UARTTiva_init)
                  000292cc    0000000c     rtsv7M4_T_le_v4SPD16_eabi.lib : _lock.c.obj (.text:_register_lock)
                  000292d8    0000000c                                   : _lock.c.obj (.text:_register_unlock)
                  000292e4    0000000c                                   : copy_zero_init.c.obj (.text:decompress:ZI:__TI_zero_init)
                  000292f0    0000000c     Utils.obj (.text:sleep)
                  000292fc    00000004     --HOLE-- [fill = 0]
                  00029300    0000000c     sysbios.aem4f : BIOS.obj (.text:ti_sysbios_family_arm_lm4_Timer_getMaxTicks__E)
                  0002930c    00000004     --HOLE-- [fill = 0]
                  00029310    0000000c                   : BIOS.obj (.text:ti_sysbios_family_arm_lm4_TimestampProvider_startTimer__E)
                  0002931c    0000000c     SlaveController_pem4f.oem4f (.text:ti_sysbios_family_arm_m3_Hwi_Params__init__S)
                  00029328    0000000c     sysbios.aem4f : BIOS.obj (.text:ti_sysbios_family_arm_m3_Hwi_disableFxn__E)
                  00029334    00000004     --HOLE-- [fill = 0]
                  00029338    0000000c                   : BIOS.obj (.text:ti_sysbios_family_arm_m3_TaskSupport_checkStack__E)
                  00029344    00000004     --HOLE-- [fill = 0]
                  00029348    0000000c                   : BIOS.obj (.text:ti_sysbios_family_arm_m3_TaskSupport_getStackAlignment__E)
                  00029354    00000004     --HOLE-- [fill = 0]
                  00029358    0000000c                   : BIOS.obj (.text:ti_sysbios_gates_GateHwi_enter__E)
                  00029364    0000000c     SlaveController_pem4f.oem4f (.text:ti_sysbios_knl_Clock_Params__init__S)
                  00029370    0000000c     sysbios.aem4f : BIOS.obj (.text:ti_sysbios_knl_Clock_getTicks__E)
                  0002937c    0000000c     SlaveController_pem4f.oem4f (.text:ti_sysbios_knl_Queue_Object__get__S)
                  00029388    0000000c     SlaveController_pem4f.oem4f (.text:ti_sysbios_knl_Semaphore_Params__init__S)
                  00029394    0000000c     SlaveController_pem4f.oem4f (.text:ti_sysbios_knl_Task_Params__init__S)
                  000293a0    0000000c     driverlib.lib : udma.obj (.text:uDMAControlBaseSet)
                  000293ac    0000000c                   : udma.obj (.text:uDMAErrorStatusClear)
                  000293b8    0000000c                   : udma.obj (.text:uDMAErrorStatusGet)
                  000293c4    0000000c                   : udma.obj (.text:uDMAIntStatus)
                  000293d0    0000000c     ti.targets.arm.rtsarm.aem4f : Error.oem4f (.text:xdc_runtime_Error_init__E)
                  000293dc    0000000c                                 : Gate.oem4f (.text:xdc_runtime_Gate_enterSystem__E)
                  000293e8    0000000c                                 : Memory.oem4f (.text:xdc_runtime_Memory_calloc__E)
                  000293f4    0000000c                                 : Memory.oem4f (.text:xdc_runtime_Memory_getMaxDefaultTypeAlign__E)
                  00029400    0000000a     Flash.obj (.text:Flash_transferSPI)
                  0002940a    0000000a     drivers_tivaware.aem4f : SPITivaDMA.oem4f (.text:SPITivaDMA_init)
                  00029414    0000000a                            : SPI.oem4f (.text:SPI_transfer)
                  0002941e    0000000a     driverlib.lib : ssi.obj (.text:SSIDMADisable)
                  00029428    0000000a                   : ssi.obj (.text:SSIDataPut)
                  00029432    0000000a                   : ssi.obj (.text:SSIDisable)
                  0002943c    0000000a                   : ssi.obj (.text:SSIEnable)
                  00029446    0000000a                   : ssi.obj (.text:SSIIntDisable)
                  00029450    0000000a     tirtosport.aem4f : SemaphoreP_tirtos.oem4f (.text:SemaphoreP_post)
                  0002945a    0000000a     driverlib.lib : uart.obj (.text:UARTCharGet)
                  00029464    0000000a                   : uart.obj (.text:UARTCharPut)
                  0002946e    0000000a                   : uart.obj (.text:UARTIntDisable)
                  00029478    0000000a                   : uart.obj (.text:UARTIntStatus)
                  00029482    0000000a     drivers_tivaware.aem4f : UART.oem4f (.text:UART_read)
                  0002948c    0000000a                            : UART.oem4f (.text:UART_write)
                  00029496    0000000a     ti.mw.fatfs.aem4f : ffosal.oem4f (.text:ff_del_syncobj)
                  000294a0    0000000a     SlaveController_pem4f.oem4f (.text:xdc_runtime_IHeap_alloc)
                  000294aa    0000000a     SlaveController_pem4f.oem4f (.text:xdc_runtime_IHeap_free)
                  000294b4    00000008     driverlib.lib : ssi.obj (.text:SSIDMAEnable)
                  000294bc    00000008                   : ssi.obj (.text:SSIIntEnable)
                  000294c4    00000008                   : uart.obj (.text:UARTIntEnable)
                  000294cc    00000008                   : uart.obj (.text:UARTRxErrorGet)
                  000294d4    00000008     Utils.obj (.text:millis)
                  000294dc    00000008     drivers_tivaware.aem4f : UARTTiva.oem4f (.text:readSemCallback)
                  000294e4    00000008     sysbios.aem4f : BIOS.obj (.text:ti_sysbios_family_arm_lm4_Timer_masterDisable__I)
                  000294ec    00000004     --HOLE-- [fill = 0]
[...]
00028ec9  ti_sysbios_BIOS_exitFunc__I                                       
00028ef5  SPI_Params_init                                                   
00028f09  UARTEnable                                                        
00028f1d  _Z28animator_setBackgroundColorsPKj                               
00028f31  ff_req_grant                                                      
00028f59  strcpy                                                            
00028f6d  strlen                                                            
00028f81  ti_sysbios_family_arm_m3_Hwi_Object__get__S                       
00028f99  ti_sysbios_family_arm_m3_Hwi_switchFromBootStack__E               
00028f99  ti_sysbios_hal_Hwi_HwiProxy_switchFromBootStack__E                
00028f99  ti_sysbios_hal_Hwi_switchFromBootStack__E                         
00028fad  ti_sysbios_heaps_HeapMem_Object__get__S                           
00028fc1  ti_sysbios_knl_Swi_Object__get__S                                 
00028fd5  Flash_writeCommand                                                
00028fe7  GPIOPinTypeGPIOInput                                              
00028ff9  GPIOPinTypeSSI                                                    
0002900b  GPIOPinTypeUART                                                   
0002901d  RingBuf_construct                                                 
0002902f  SDSPITiva_init                                                    
00029041  SSIDataGetNonBlocking                                             
00029053  SemaphoreP_pend                                                   
00029077  ffcio_rename                                                      
00029089  ffcio_unlink                                                      
0002909b  GPIOIntClear                                                      
000290a1  ti_sysbios_hal_Hwi_Module_startup__E                              
000290b3  xdc_runtime_Startup_exec__I                                       
000290c5  SDSPITiva_diskStatus                                              
000290d5  SDSPI_Params_init                                                 
000290e5  SD_closeFile                                                      
000290f5  UART_sendByte                                                     
00029105  _Z19beginSPITransactionv                                          
00029139  ti_sysbios_BIOS_getCpuFreq__E                                     
00029139  ti_sysbios_family_arm_lm4_TimestampProvider_getFreq__E            
00029139  xdc_runtime_Timestamp_SupportProxy_getFreq__E                     
00029139  xdc_runtime_Timestamp_getFreq__E                                  
00029149  ti_sysbios_BIOS_setThreadType__E                                  
00029159  osi_start                                                         
00029159  ti_sysbios_BIOS_start__E                                          
00029169  ti_sysbios_family_arm_lm4_TimestampProvider_rolloverFunc__E       
00029179  ti_sysbios_family_arm_m3_TaskSupport_glue                         
00029189  ti_sysbios_gates_GateMutex_Instance_finalize__E                   
00029199  ti_sysbios_knl_Semaphore_Instance_finalize__E                     
000291a9  ti_sysbios_knl_Swi_disable__E                                     
000291b9  ti_sysbios_knl_Task_Object__get__S                                
000291c9  osi_TaskDisable                                                   
000291c9  ti_sysbios_knl_Task_disable__E                                    
000291d9  uDMAEnable                                                        
000291e9  xdc_runtime_Gate_leaveSystem__E                                   
000291f9  xdc_runtime_Memory_free__E                                        
00029209  xdc_runtime_SysMin_ready__E                                       
00029209  xdc_runtime_System_SupportProxy_ready__E                          
00029219  xdc_runtime_System_vsnprintf__E                                   
00029229  xdc_runtime_Text_visitRope__I                                     
00029239  GPIOIntStatus                                                     
00029247  UARTCharGetNonBlocking                                            
00029255  UARTCharPutNonBlocking                                            
00029263  __TI_decompress_none                                              
00029271  ti_sysbios_knl_Idle_loop__E                                       
00029281  ti_sysbios_knl_Queue_empty__E                                     
00029291  ti_catalog_arm_cortexm4_tiva_ce_Boot_init__I                      
0002929d  RingBuf_peek                                                      
000292a9  SSIDataGet                                                        
000292b5  UARTFlowControlSet                                                
000292c1  UARTTiva_init                                                     
000292cd  _register_lock                                                    
000292d9  _register_unlock                                                  
000292e5  __TI_zero_init                                                    
000292f1  sleep                                                             
00029301  ti_sysbios_family_arm_lm4_Timer_getMaxTicks__E                    
00029311  ti_sysbios_family_arm_lm4_TimestampProvider_startTimer__E         
0002931d  ti_sysbios_family_arm_m3_Hwi_Params__init__S                      
0002931d  ti_sysbios_hal_Hwi_HwiProxy_Params__init__S                       
00029329  ti_sysbios_family_arm_m3_Hwi_disableFxn__E                        
00029329  ti_sysbios_hal_Hwi_HwiProxy_disable__E                            
00029339  ti_sysbios_family_arm_m3_TaskSupport_checkStack__E                
00029339  ti_sysbios_knl_Task_SupportProxy_checkStack__E                    
00029349  ti_sysbios_family_arm_m3_TaskSupport_getStackAlignment__E         
00029349  ti_sysbios_knl_Task_SupportProxy_getStackAlignment__E             
00029359  ti_sysbios_gates_GateHwi_enter__E                                 
00029365  ti_sysbios_knl_Clock_Params__init__S                              
00029371  ti_sysbios_knl_Clock_getTicks__E                                  
0002937d  ti_sysbios_knl_Queue_Object__get__S                               
00029389  ti_sysbios_knl_Semaphore_Params__init__S                          
00029395  ti_sysbios_knl_Task_Params__init__S                               
000293a1  uDMAControlBaseSet                                                
000293ad  uDMAErrorStatusClear                                              
000293b9  uDMAErrorStatusGet                                                
000293c5  uDMAIntStatus                                                     
000293d1  xdc_runtime_Error_init__E                                         
000293dd  xdc_runtime_Gate_enterSystem__E                                   
000293e9  xdc_runtime_Memory_calloc__E                                      
000293f5  xdc_runtime_Memory_getMaxDefaultTypeAlign__E                      
00029401  Flash_transferSPI                                                 
0002940b  SPITivaDMA_init                                                   
00029415  SPI_transfer                                                      
0002941f  SSIDMADisable                                                     
00029429  SSIDataPut                                                        
00029433  SSIDisable                                                        
0002943d  SSIEnable                                                         
00029447  SSIIntDisable                                                     
00029451  SemaphoreP_post                                                   
00029451  SemaphoreP_postFromClock                                          
00029451  SemaphoreP_postFromISR                                            
0002945b  UARTCharGet                                                       
00029465  UARTCharPut                                                       
0002946f  UARTIntDisable                                                    
00029479  UARTIntStatus                                                     
00029483  UART_read                                                         
0002948d  UART_write                                                        
00029497  ff_del_syncobj                                                    
000294a1  xdc_runtime_Memory_HeapProxy_alloc__E                             
000294ab  xdc_runtime_Memory_HeapProxy_free__E                              
000294b5  SSIDMAEnable                                                      
000294bd  SSIIntEnable                                                      
000294c5  UARTIntEnable                                                     
000294cd  UARTRxErrorGet                                                    
000294d5  millis                                                            
000294e5  ti_sysbios_family_arm_lm4_Timer_masterDisable__I                  
000294f1  ti_sysbios_family_arm_m3_Hwi_doSwiRestore__I                      
000294f9  ti_sysbios_family_arm_m3_Hwi_startup__E                           
000294f9  ti_sysbios_hal_Hwi_HwiProxy_startup__E                            
000294f9  ti_sysbios_hal_Hwi_startup__E                                     
00029509  GPIOPinWrite                                                      
0002950f  SDSPITiva_control                                                 
00029515  SPITivaDMA_control                                                
00029521  UARTFIFOLevelSet                                                  
00029527  UARTRxErrorClear                                                  
00029533  ti_catalog_arm_cortexm4_tiva_ce_Boot_sysCtlDelayI__I              
00029539  ti_sysbios_family_arm_lm4_TimestampProvider_Module_startup__E     
00029541  ti_sysbios_family_arm_m3_Hwi_doTaskRestore__I                     
00029549  ti_sysbios_family_arm_m3_Hwi_restoreFxn__E                        
00029549  ti_sysbios_hal_Hwi_HwiProxy_restore__E                            
00029551  ti_sysbios_gates_GateHwi_leave__E                                 
00029559  ti_sysbios_heaps_HeapMem_isBlocking__E                            
00029561  ti_sysbios_knl_Clock_stop__E                                      
00029569  ti_sysbios_knl_Queue_Instance_init__E                             
00029571  ti_sysbios_knl_Swi_startup__E                                     
00029577  xdc_runtime_System_Module_startup__E                              
00029581  ti_sysbios_family_arm_lm4_Timer_getPeriod__E                      
00029589  ti_sysbios_gates_GateHwi_query__E                                 
00029589  xdc_runtime_Main_Module_GateProxy_query__E                        
00029589  xdc_runtime_System_Module_GateProxy_query__E                      
00029591  ti_sysbios_BIOS_RtsGateProxy_query__E                             
00029591  ti_sysbios_gates_GateMutex_query__E                               
00029591  ti_sysbios_heaps_HeapMem_Module_GateProxy_query__E                
00029599  ti_sysbios_knl_Task_startup__E                                    
000295a1  ti_sysbios_gates_GateHwi_Instance_init__E                         
000295a9  ti_sysbios_knl_Clock_logTick__E                                   
000295b0  __TI_static_base__                                                
0002980c  __TI_Handler_Table_Base                                           
00029818  __TI_Handler_Table_Limit                                          
00029828  __TI_CINIT_Base                                                   
00029840  __TI_CINIT_Limit                                                  
20000000  __start___llvm_prf_cnts                                           
20000000  __stop___llvm_prf_cnts                                            
20000000  ti_sysbios_family_arm_m3_Hwi_ramVectors                           
20000400  ti_sysbios_heaps_HeapMem_Instance_State_0_buf__A                  
20002400  st                                                                
20004340  animation                                                         
20005600  finalColors                                                       
20005b04  ti_sysbios_family_arm_m3_Hwi_dispatchTable                        
20005e64  buffer                                                            
20006120  sdspiTivaObjects                                                  
20006360  __TI_tmpnams                                                      
20006600  ti_sysbios_knl_Task_Instance_State_0_stack__A                     
20006800  layer                                                             
20006944  Flash_txBuffer                                                    
20006a70  smallBuffer2                                                      
20006b9c  __CIOBUF_                                                         
20006cbc  rowsToUpdate                                                      
20006db0  spiTivaDMAObjects                                                 
20006e94  spriteSendables                                                   
20006f74  uartTivaObjects                                                   
200070d0  xdc_runtime_SysMin_Module_State_0_outbuf__A                       
20007150  ts                                                                
200071c8  uartParams                                                        
200071ec  Flash_spi_params                                                  
2000720c  uartTivaRingBuffer                                                
20007248  Flash_transaction                                                 
2000726c  backgroundColorIndex                                              
2000727c  colors                                                            
2000729c  Flash_spi                                                         
200072a0  spiTivaDMAscratchBuf                                              
200072ac  parmbuf                                                           
200072b4  sdspiParams                                                       
200072bc  backgroundColors                                                  
200072c0  bufferptr                                                         
200072c8  persistentBackgroundMemLocation                                   
200072cc  sdspiHandle                                                       
200072d0  src                                                               
200072d4  uart                                                              
200072dc  _ftable                                                           
200073cc  ti_sysbios_family_arm_lm4_Timer_Object__table__V                  
2000744c  ti_sysbios_knl_Swi_Module_State_0_readyQ__A                       
200074cc  ti_sysbios_knl_Task_Module_State_0_readyQ__A                      
2000754c  _device                                                           
200075c4  _stream                                                           
20007664  ti_sysbios_knl_Task_Object__table__V                              
200076b0  ti_sysbios_knl_Task_Module__state__V                              
200076f4  ti_sysbios_gates_GateMutex_Object__table__V                       
2000772c  ti_sysbios_family_arm_m3_Hwi_Module__state__V                     
20007760  ti_sysbios_family_arm_lm4_Timer_Module_State_0_device__A          
20007790  ti_sysbios_family_arm_m3_Hwi_Object__table__V                     
200077c0  ti_sysbios_knl_Swi_Object__table__V                               
200077f0  ti_sysbios_knl_Clock_Module__state__V                             
20007840  ti_sysbios_BIOS_Module__state__V                                  
20007864  ti_sysbios_knl_Swi_Module__state__V                               
20007880  ti_sysbios_family_arm_lm4_Timer_Module_State_0_handles__A         
20007898  ti_sysbios_heaps_HeapMem_Object__table__V                         
200078b0  gpioPinConfigs                                                    
200078c4  _tz                                                               
200078d4  __TI_ft_end                                                       
200078d8  __aeabi_stdin                                                     
200078dc  __aeabi_stdout                                                    
200078e0  __aeabi_stderr                                                    
200078e4  __TI_cleanup_ptr                                                  
200078e8  __TI_dtors_ptr                                                    
200078ec  __TI_enable_exit_profile_output                                   
200078f0  ti_sysbios_family_arm_lm4_Timer_Module__state__V                  
200078fc  xdc_runtime_SysMin_Module__state__V                               
20007908  _lock                                                             
2000790c  _unlock                                                           
20007910  gpioCallbackFunctions                                             
20007918  ti_sysbios_family_arm_lm4_Seconds_Module__state__V                
20007920  ti_sysbios_family_arm_lm4_TimestampProvider_Module__state__V      
20007928  ti_sysbios_family_arm_m3_Hwi_Module__root__V                      
20007930  ti_sysbios_gates_GateHwi_Module__root__V                          
20007938  ti_sysbios_gates_GateMutex_Module__root__V                        
20007940  ti_sysbios_heaps_HeapMem_Module__root__V                          
20007948  ti_sysbios_knl_Clock_Module__root__V                              
20007950  ti_sysbios_knl_Queue_Module__root__V                              
20007958  ti_sysbios_knl_Semaphore_Module__root__V                          
20007960  ti_sysbios_knl_Task_Module__root__V                               
20007968  xdc_runtime_Registry_Module__state__V                             
20007970  xdc_runtime_Startup_Module__state__V                              
20007978  xdc_runtime_System_Module_State_0_atexitHandlers__A               
20007980  xdc_runtime_System_Module__state__V                               
2000798e  ti_sysbios_family_arm_m3_Hwi_Module_State_0_excActive__A          
20007990  currentLocation                                                   
20007994  activeAnimations                                                  
20007996  toRemove                                                          
200079b4  main_func_sp                                                      
200079bc  ti_sysbios_family_arm_m3_Hwi_Module_State_0_excContext__A         
200079c0  ti_sysbios_family_arm_m3_Hwi_Module_State_0_excStack__A           
200079c4  ti_sysbios_gates_GateHwi_Object__table__V                         
200079c8  ti_sysbios_knl_Task_Module_State_0_idleTask__A                    
200079cc  xdc_runtime_Memory_Module__state__V                               
200079d0  xdc_runtime_Error_Module__state__V                                
200079d8  __stack                                                           
20007dd8  __STACK_END                                                       
e000e000  ti_sysbios_family_arm_m3_Hwi_nvic                                 
ffffffff  __TI_pprof_out_hndl                                               
ffffffff  __TI_prof_data_size                                               
ffffffff  __TI_prof_data_start                                              
ffffffff  __binit__                                                         
ffffffff  __c_args__                                                        
ffffffff  binit                                                             
UNDEFED   SHT$$INIT_ARRAY$$Base                                             
UNDEFED   SHT$$INIT_ARRAY$$Limit                                            

[844 symbols]
