******************************************************************************
                  TI ARM Linker PC v19.6.0                     
******************************************************************************
>> Linked Fri Apr 17 03:08:12 2020

OUTPUT FILE NAME:   <SlaveController.out>
ENTRY POINT SYMBOL: "_c_int00"  address: 000263ad


MEMORY CONFIGURATION

         name            origin    length      used     unused   attr    fill
----------------------  --------  ---------  --------  --------  ----  --------
  FLASH                 00000000   00040000  00029736  000168ca  R  X
  SRAM                  20000000   00008000  00007d30  000002d0  RW X


SEGMENT ALLOCATION MAP

run origin  load origin   length   init length attrs members
----------  ----------- ---------- ----------- ----- -------
00000000    00000000    00029740   00029740    r-x
  00000000    00000000    0000003c   0000003c    r-- .resetVecs
  0000003c    0000003c    0001dc00   0001dc00    r-- .const
  0001dc40    0001dc40    0000b86a   0000b86a    r-x .text
  000294b0    000294b0    00000290   00000290    r-- .cinit
20000000    20000000    00000360   00000000    rw-
  20000000    20000000    00000360   00000000    rw- .vecs
20000400    20000400    000079d8   00000000    rw-
  20000400    20000400    00006eda   00000000    rw- .bss
  200072dc    200072dc    000006f6   00000000    rw- .data
  200079d8    200079d8    00000400   00000000    rw- .stack


SECTION ALLOCATION MAP

 output                                  attributes/
section   page    origin      length       input sections
--------  ----  ----------  ----------   ----------------
.const     0    0000003c    0001dc00     
                  0000003c    0001a638     start.obj (.const:colors_tower)
                  0001a674    00001885     SlaveController_pem4f.oem4f (.const:xdc_runtime_Text_charTab__A)
                  0001bef9    00000c00     animator.obj (.const:animations)
                  0001caf9    00000001     SlaveController_pem4f.oem4f (.const:xdc_runtime_Error_policy__C)
                  0001cafa    00000002     SlaveController_pem4f.oem4f (.const:ti_catalog_arm_cortexm4_tiva_ce_Boot_Module__id__C)
                  0001cafc    00000400     start.obj (.const:colors_fdst)
                  0001cefc    0000010c     animator.obj (.const:colors_kirby)
                  0001d008    000000e0     animator.obj (.const:colors_misc)
                  0001d0e8    000000cc     SlaveController_pem4f.oem4f (.const:xdc_runtime_Text_nodeTab__A)
                  0001d1b4    00000090     driverlib.lib : gpio.obj (.const:g_pui32GPIOBaseAddrs)
                  0001d244    0000007f     ILI9341.obj (.const:.string:cmd_ili9341)
                  0001d2c3    00000001     --HOLE-- [fill = 0]
                  0001d2c4    00000078     EK_TM4C123GXL.obj (.const:spiTivaDMAHWAttrs)
                  0001d33c    00000064     drivers_tivaware.aem4f : SPITivaDMA.oem4f (.const)
                  0001d3a0    00000060     rtsv7M4_T_le_v4SPD16_eabi.lib : mktime.c.obj (.const:$O1$$)
                  0001d400    00000054     drivers_tivaware.aem4f : GPIOTiva.oem4f (.const:.string)
                  0001d454    0000004c                            : UARTTiva.oem4f (.const)
                  0001d4a0    00000048     SlaveController_pem4f.oem4f (.const:.string)
                  0001d4e8    00000048     drivers_tivaware.aem4f : GPIOTiva.oem4f (.const:gpioBaseAddresses)
                  0001d530    00000046     SD.obj (.const:.string:$P$T0$1)
                  0001d576    0000003c     animator.obj (.const:characterNames)
                  0001d5b2    00000002     SlaveController_pem4f.oem4f (.const:ti_sysbios_family_arm_lm4_TimestampProvider_useClockTimer__C)
                  0001d5b4    0000003c     SlaveController_pem4f.oem4f (.const:ti_sysbios_knl_Task_Object__PARAMS__C)
                  0001d5f0    00000030     EK_TM4C123GXL.obj (.const:SPI_config)
                  0001d620    00000030     SlaveController_pem4f.oem4f (.const:ti_sysbios_family_arm_m3_Hwi_Object__PARAMS__C)
                  0001d650    00000028     animator.obj (.const:.string:$P$T0$1)
                  0001d678    00000028     animator.obj (.const:.string:$P$T2$3)
                  0001d6a0    00000028     drivers_tivaware.aem4f : UARTTiva.oem4f (.const:UARTTiva_fxnTable)
                  0001d6c8    00000028     start.obj (.const:persistentSprites)
                  0001d6f0    00000028     SlaveController_pem4f.oem4f (.const:ti_sysbios_heaps_HeapMem_Module__FXNS__C)
                  0001d718    00000024     drivers_tivaware.aem4f : UART.oem4f (.const:UART_defaultParams)
                  0001d73c    00000024     EK_TM4C123GXL.obj (.const:sdspiTivaHWattrs)
                  0001d760    00000024     SlaveController_pem4f.oem4f (.const:ti_sysbios_gates_GateHwi_Module__FXNS__C)
                  0001d784    00000024     SlaveController_pem4f.oem4f (.const:ti_sysbios_gates_GateMutex_Module__FXNS__C)
                  0001d7a8    00000024     SlaveController_pem4f.oem4f (.const:ti_sysbios_heaps_HeapMem_Object__PARAMS__C)
                  0001d7cc    00000024     SlaveController_pem4f.oem4f (.const:ti_sysbios_knl_Clock_Object__PARAMS__C)
                  0001d7f0    00000024     SlaveController_pem4f.oem4f (.const:ti_sysbios_knl_Semaphore_Object__PARAMS__C)
                  0001d814    00000024     SlaveController_pem4f.oem4f (.const:xdc_runtime_Startup_sfxnTab__A)
                  0001d838    00000020     drivers_tivaware.aem4f : SPI.oem4f (.const)
                  0001d858    00000020     SlaveController_pem4f.oem4f (.const:ti_sysbios_family_arm_m3_Hwi_Object__DESC__C)
                  0001d878    00000020     SlaveController_pem4f.oem4f (.const:ti_sysbios_gates_GateHwi_Object__DESC__C)
                  0001d898    00000020     SlaveController_pem4f.oem4f (.const:ti_sysbios_gates_GateMutex_Object__DESC__C)
                  0001d8b8    00000020     SlaveController_pem4f.oem4f (.const:ti_sysbios_heaps_HeapMem_Object__DESC__C)
                  0001d8d8    00000020     SlaveController_pem4f.oem4f (.const:ti_sysbios_knl_Clock_Object__DESC__C)
                  0001d8f8    00000020     SlaveController_pem4f.oem4f (.const:ti_sysbios_knl_Queue_Object__DESC__C)
                  0001d918    00000020     SlaveController_pem4f.oem4f (.const:ti_sysbios_knl_Semaphore_Object__DESC__C)
                  0001d938    00000020     SlaveController_pem4f.oem4f (.const:ti_sysbios_knl_Task_Object__DESC__C)
                  0001d958    00000018     EK_TM4C123GXL.obj (.const:SDSPI_config)
                  0001d970    00000018     EK_TM4C123GXL.obj (.const:UART_config)
                  0001d988    00000018     SlaveController_pem4f.oem4f (.const:ti_sysbios_gates_GateHwi_Object__PARAMS__C)
                  0001d9a0    00000018     SlaveController_pem4f.oem4f (.const:ti_sysbios_gates_GateMutex_Object__PARAMS__C)
                  0001d9b8    00000018     SlaveController_pem4f.oem4f (.const:ti_sysbios_knl_Queue_Object__PARAMS__C)
                  0001d9d0    00000018     EK_TM4C123GXL.obj (.const:uartTivaHWAttrs)
                  0001d9e8    00000014     EK_TM4C123GXL.obj (.const:GPIOTiva_config)
                  0001d9fc    00000014     SlaveController_pem4f.oem4f (.const:xdc_runtime_Startup_firstFxns__A)
                  0001da10    00000012     SlaveController_pem4f.oem4f (.const:xdc_runtime_Startup_sfxnRts__A)
                  0001da22    00000002     SlaveController_pem4f.oem4f (.const:ti_sysbios_family_arm_m3_Hwi_Module__id__C)
                  0001da24    00000010     drivers_tivaware.aem4f : SDSPITiva.oem4f (.const)
                  0001da34    00000008                            : SDSPI.oem4f (.const)
                  0001da3c    00000008     SlaveController_pem4f.oem4f (.const:ti_sysbios_family_arm_m3_Hwi_excHookFuncs__A)
                  0001da44    00000008     SlaveController_pem4f.oem4f (.const:ti_sysbios_knl_Idle_funcList__C)
                  0001da4c    00000008     SlaveController_pem4f.oem4f (.const:xdc_runtime_Startup_firstFxns__C)
                  0001da54    00000008     SlaveController_pem4f.oem4f (.const:xdc_runtime_Startup_lastFxns__C)
                  0001da5c    00000005     animator.obj (.const:.string:$P$T1$2)
                  0001da61    00000005     animator.obj (.const:.string:$P$T3$4)
                  0001da66    00000002     SlaveController_pem4f.oem4f (.const:ti_sysbios_gates_GateMutex_Module__id__C)
                  0001da68    00000004     SlaveController_pem4f.oem4f (.const:ti_catalog_arm_cortexm4_tiva_ce_Boot_A_mustUseEnhancedClockMode__C)
                  0001da6c    00000004     SlaveController_pem4f.oem4f (.const:ti_catalog_arm_cortexm4_tiva_ce_Boot_Module__diagsEnabled__C)
                  0001da70    00000004     SlaveController_pem4f.oem4f (.const:ti_catalog_arm_cortexm4_tiva_ce_Boot_Module__diagsIncluded__C)
                  0001da74    00000004     SlaveController_pem4f.oem4f (.const:ti_catalog_arm_cortexm4_tiva_ce_Boot_Module__diagsMask__C)
                  0001da78    00000004     SlaveController_pem4f.oem4f (.const:ti_sysbios_family_arm_lm4_Timer_enableFunc__C)
                  0001da7c    00000004     SlaveController_pem4f.oem4f (.const:ti_sysbios_family_arm_lm4_Timer_numTimerDevices__C)
                  0001da80    00000004     SlaveController_pem4f.oem4f (.const:ti_sysbios_family_arm_lm4_Timer_startupNeeded__C)
                  0001da84    00000004     SlaveController_pem4f.oem4f (.const:ti_sysbios_family_arm_m3_Hwi_E_NMI__C)
                  0001da88    00000004     SlaveController_pem4f.oem4f (.const:ti_sysbios_family_arm_m3_Hwi_E_alreadyDefined__C)
                  0001da8c    00000004     SlaveController_pem4f.oem4f (.const:ti_sysbios_family_arm_m3_Hwi_E_busFault__C)
                  0001da90    00000004     SlaveController_pem4f.oem4f (.const:ti_sysbios_family_arm_m3_Hwi_E_debugMon__C)
                  0001da94    00000004     SlaveController_pem4f.oem4f (.const:ti_sysbios_family_arm_m3_Hwi_E_hardFault__C)
                  0001da98    00000004     SlaveController_pem4f.oem4f (.const:ti_sysbios_family_arm_m3_Hwi_E_memFault__C)
                  0001da9c    00000004     SlaveController_pem4f.oem4f (.const:ti_sysbios_family_arm_m3_Hwi_E_noIsr__C)
                  0001daa0    00000004     SlaveController_pem4f.oem4f (.const:ti_sysbios_family_arm_m3_Hwi_E_reserved__C)
                  0001daa4    00000004     SlaveController_pem4f.oem4f (.const:ti_sysbios_family_arm_m3_Hwi_E_svCall__C)
                  0001daa8    00000004     SlaveController_pem4f.oem4f (.const:ti_sysbios_family_arm_m3_Hwi_E_usageFault__C)
                  0001daac    00000004     SlaveController_pem4f.oem4f (.const:ti_sysbios_family_arm_m3_Hwi_NUM_INTERRUPTS__C)
                  0001dab0    00000004     SlaveController_pem4f.oem4f (.const:ti_sysbios_family_arm_m3_Hwi_Object__count__C)
                  0001dab4    00000004     SlaveController_pem4f.oem4f (.const:ti_sysbios_family_arm_m3_Hwi_ccr__C)
                  0001dab8    00000004     SlaveController_pem4f.oem4f (.const:ti_sysbios_family_arm_m3_Hwi_excHandlerFunc__C)
                  0001dabc    00000004     SlaveController_pem4f.oem4f (.const:ti_sysbios_family_arm_m3_Hwi_excHookFuncs__C)
                  0001dac0    00000004     SlaveController_pem4f.oem4f (.const:ti_sysbios_family_arm_m3_Hwi_nullIsrFunc__C)
                  0001dac4    00000004     SlaveController_pem4f.oem4f (.const:ti_sysbios_family_arm_m3_Hwi_priGroup__C)
                  0001dac8    00000004     SlaveController_pem4f.oem4f (.const:ti_sysbios_family_arm_m3_TaskSupport_stackAlignment__C)
                  0001dacc    00000004     SlaveController_pem4f.oem4f (.const:ti_sysbios_gates_GateMutex_A_badContext__C)
                  0001dad0    00000004     SlaveController_pem4f.oem4f (.const:ti_sysbios_gates_GateMutex_Instance_State_sem__O)
                  0001dad4    00000004     SlaveController_pem4f.oem4f (.const:ti_sysbios_gates_GateMutex_Module__diagsEnabled__C)
                  0001dad8    00000004     SlaveController_pem4f.oem4f (.const:ti_sysbios_gates_GateMutex_Module__diagsIncluded__C)
                  0001dadc    00000004     SlaveController_pem4f.oem4f (.const:ti_sysbios_gates_GateMutex_Module__diagsMask__C)
                  0001dae0    00000004     SlaveController_pem4f.oem4f (.const:ti_sysbios_hal_Hwi_E_stackOverflow__C)
                  0001dae4    00000004     SlaveController_pem4f.oem4f (.const:ti_sysbios_heaps_HeapMem_A_align__C)
                  0001dae8    00000004     SlaveController_pem4f.oem4f (.const:ti_sysbios_heaps_HeapMem_A_heapSize__C)
                  0001daec    00000004     SlaveController_pem4f.oem4f (.const:ti_sysbios_heaps_HeapMem_A_invalidFree__C)
                  0001daf0    00000004     SlaveController_pem4f.oem4f (.const:ti_sysbios_heaps_HeapMem_A_zeroBlock__C)
                  0001daf4    00000004     SlaveController_pem4f.oem4f (.const:ti_sysbios_heaps_HeapMem_E_memory__C)
                  0001daf8    00000004     SlaveController_pem4f.oem4f (.const:ti_sysbios_heaps_HeapMem_Module__diagsEnabled__C)
                  0001dafc    00000004     SlaveController_pem4f.oem4f (.const:ti_sysbios_heaps_HeapMem_Module__diagsIncluded__C)
                  0001db00    00000004     SlaveController_pem4f.oem4f (.const:ti_sysbios_heaps_HeapMem_Module__diagsMask__C)
                  0001db04    00000004     SlaveController_pem4f.oem4f (.const:ti_sysbios_heaps_HeapMem_Module__gateObj__C)
                  0001db08    00000004     SlaveController_pem4f.oem4f (.const:ti_sysbios_heaps_HeapMem_Object__count__C)
                  0001db0c    00000004     SlaveController_pem4f.oem4f (.const:ti_sysbios_heaps_HeapMem_reqAlign__C)
                  0001db10    00000004     SlaveController_pem4f.oem4f (.const:ti_sysbios_knl_Clock_A_badThreadType__C)
                  0001db14    00000004     SlaveController_pem4f.oem4f (.const:ti_sysbios_knl_Clock_Module_State_clockQ__O)
                  0001db18    00000004     SlaveController_pem4f.oem4f (.const:ti_sysbios_knl_Clock_Module__diagsEnabled__C)
                  0001db1c    00000004     SlaveController_pem4f.oem4f (.const:ti_sysbios_knl_Clock_Module__diagsIncluded__C)
                  0001db20    00000004     SlaveController_pem4f.oem4f (.const:ti_sysbios_knl_Clock_Module__diagsMask__C)
                  0001db24    00000004     SlaveController_pem4f.oem4f (.const:ti_sysbios_knl_Idle_funcList__A)
                  0001db28    00000004     SlaveController_pem4f.oem4f (.const:ti_sysbios_knl_Semaphore_A_badContext__C)
                  0001db2c    00000004     SlaveController_pem4f.oem4f (.const:ti_sysbios_knl_Semaphore_A_noEvents__C)
                  0001db30    00000004     SlaveController_pem4f.oem4f (.const:ti_sysbios_knl_Semaphore_A_overflow__C)
                  0001db34    00000004     SlaveController_pem4f.oem4f (.const:ti_sysbios_knl_Semaphore_A_pendTaskDisabled__C)
                  0001db38    00000004     SlaveController_pem4f.oem4f (.const:ti_sysbios_knl_Semaphore_Instance_State_pendQ__O)
                  0001db3c    00000004     SlaveController_pem4f.oem4f (.const:ti_sysbios_knl_Semaphore_Module__diagsEnabled__C)
                  0001db40    00000004     SlaveController_pem4f.oem4f (.const:ti_sysbios_knl_Semaphore_Module__diagsIncluded__C)
                  0001db44    00000004     SlaveController_pem4f.oem4f (.const:ti_sysbios_knl_Semaphore_Module__diagsMask__C)
                  0001db48    00000004     SlaveController_pem4f.oem4f (.const:ti_sysbios_knl_Swi_Object__count__C)
                  0001db4c    00000004     SlaveController_pem4f.oem4f (.const:ti_sysbios_knl_Task_A_badPriority__C)
                  0001db50    00000004     SlaveController_pem4f.oem4f (.const:ti_sysbios_knl_Task_A_badTaskState__C)
                  0001db54    00000004     SlaveController_pem4f.oem4f (.const:ti_sysbios_knl_Task_A_badThreadType__C)
                  0001db58    00000004     SlaveController_pem4f.oem4f (.const:ti_sysbios_knl_Task_A_badTimeout__C)
                  0001db5c    00000004     SlaveController_pem4f.oem4f (.const:ti_sysbios_knl_Task_A_noPendElem__C)
                  0001db60    00000004     SlaveController_pem4f.oem4f (.const:ti_sysbios_knl_Task_A_sleepTaskDisabled__C)
                  0001db64    00000004     SlaveController_pem4f.oem4f (.const:ti_sysbios_knl_Task_E_spOutOfBounds__C)
                  0001db68    00000004     SlaveController_pem4f.oem4f (.const:ti_sysbios_knl_Task_E_stackOverflow__C)
                  0001db6c    00000004     SlaveController_pem4f.oem4f (.const:ti_sysbios_knl_Task_Module_State_inactiveQ__O)
                  0001db70    00000004     SlaveController_pem4f.oem4f (.const:ti_sysbios_knl_Task_Module__diagsEnabled__C)
                  0001db74    00000004     SlaveController_pem4f.oem4f (.const:ti_sysbios_knl_Task_Module__diagsIncluded__C)
                  0001db78    00000004     SlaveController_pem4f.oem4f (.const:ti_sysbios_knl_Task_Module__diagsMask__C)
                  0001db7c    00000004     SlaveController_pem4f.oem4f (.const:ti_sysbios_knl_Task_Object__count__C)
                  0001db80    00000004     SlaveController_pem4f.oem4f (.const:ti_sysbios_knl_Task_allBlockedFunc__C)
                  0001db84    00000004     SlaveController_pem4f.oem4f (.const:ti_sysbios_knl_Task_defaultStackHeap__C)
                  0001db88    00000004     SlaveController_pem4f.oem4f (.const:ti_sysbios_knl_Task_defaultStackSize__C)
                  0001db8c    00000004     SlaveController_pem4f.oem4f (.const:ti_sysbios_knl_Task_numConstructedTasks__C)
                  0001db90    00000004     SlaveController_pem4f.oem4f (.const:xdc_runtime_Assert_E_assertFailed__C)
                  0001db94    00000004     SlaveController_pem4f.oem4f (.const:xdc_runtime_Core_A_initializedParams__C)
                  0001db98    00000004     SlaveController_pem4f.oem4f (.const:xdc_runtime_Core_Module__diagsEnabled__C)
                  0001db9c    00000004     SlaveController_pem4f.oem4f (.const:xdc_runtime_Core_Module__diagsIncluded__C)
                  0001dba0    00000004     SlaveController_pem4f.oem4f (.const:xdc_runtime_Core_Module__diagsMask__C)
                  0001dba4    00000004     SlaveController_pem4f.oem4f (.const:xdc_runtime_Error_E_memory__C)
                  0001dba8    00000004     SlaveController_pem4f.oem4f (.const:xdc_runtime_Error_Module__diagsEnabled__C)
                  0001dbac    00000004     SlaveController_pem4f.oem4f (.const:xdc_runtime_Error_Module__diagsIncluded__C)
                  0001dbb0    00000004     SlaveController_pem4f.oem4f (.const:xdc_runtime_Error_Module__diagsMask__C)
                  0001dbb4    00000004     SlaveController_pem4f.oem4f (.const:xdc_runtime_Error_Module__loggerFxn8__C)
                  0001dbb8    00000004     SlaveController_pem4f.oem4f (.const:xdc_runtime_Error_Module__loggerObj__C)
                  0001dbbc    00000004     SlaveController_pem4f.oem4f (.const:xdc_runtime_Error_policyFxn__C)
                  0001dbc0    00000004     SlaveController_pem4f.oem4f (.const:xdc_runtime_Error_raiseHook__C)
                  0001dbc4    00000004     SlaveController_pem4f.oem4f (.const:xdc_runtime_IGateProvider_Interface__BASE__C)
                  0001dbc8    00000004     SlaveController_pem4f.oem4f (.const:xdc_runtime_IHeap_Interface__BASE__C)
                  0001dbcc    00000004     SlaveController_pem4f.oem4f (.const:xdc_runtime_IModule_Interface__BASE__C)
                  0001dbd0    00000004     SlaveController_pem4f.oem4f (.const:xdc_runtime_Log_L_error__C)
                  0001dbd4    00000004     SlaveController_pem4f.oem4f (.const:xdc_runtime_Memory_defaultHeapInstance__C)
                  0001dbd8    00000004     SlaveController_pem4f.oem4f (.const:xdc_runtime_Startup_execImpl__C)
                  0001dbdc    00000004     SlaveController_pem4f.oem4f (.const:xdc_runtime_Startup_lastFxns__A)
                  0001dbe0    00000004     SlaveController_pem4f.oem4f (.const:xdc_runtime_Startup_maxPasses__C)
                  0001dbe4    00000004     SlaveController_pem4f.oem4f (.const:xdc_runtime_Startup_sfxnRts__C)
                  0001dbe8    00000004     SlaveController_pem4f.oem4f (.const:xdc_runtime_Startup_sfxnTab__C)
                  0001dbec    00000004     SlaveController_pem4f.oem4f (.const:xdc_runtime_SysMin_bufSize__C)
                  0001dbf0    00000004     SlaveController_pem4f.oem4f (.const:xdc_runtime_SysMin_outputFunc__C)
                  0001dbf4    00000004     SlaveController_pem4f.oem4f (.const:xdc_runtime_System_Module__gateObj__C)
                  0001dbf8    00000004     SlaveController_pem4f.oem4f (.const:xdc_runtime_System_abortFxn__C)
                  0001dbfc    00000004     SlaveController_pem4f.oem4f (.const:xdc_runtime_System_exitFxn__C)
                  0001dc00    00000004     SlaveController_pem4f.oem4f (.const:xdc_runtime_System_extendFxn__C)
                  0001dc04    00000004     SlaveController_pem4f.oem4f (.const:xdc_runtime_System_maxAtexitHandlers__C)
                  0001dc08    00000004     SlaveController_pem4f.oem4f (.const:xdc_runtime_Text_charTab__C)
                  0001dc0c    00000004     SlaveController_pem4f.oem4f (.const:xdc_runtime_Text_nameEmpty__C)
                  0001dc10    00000004     SlaveController_pem4f.oem4f (.const:xdc_runtime_Text_nameStatic__C)
                  0001dc14    00000004     SlaveController_pem4f.oem4f (.const:xdc_runtime_Text_nameUnknown__C)
                  0001dc18    00000004     SlaveController_pem4f.oem4f (.const:xdc_runtime_Text_nodeTab__C)
                  0001dc1c    00000004     SlaveController_pem4f.oem4f (.const:xdc_runtime_Text_visitRopeFxn__C)
                  0001dc20    00000002     SlaveController_pem4f.oem4f (.const:ti_sysbios_hal_Hwi_Module__id__C)
                  0001dc22    00000002     SlaveController_pem4f.oem4f (.const:ti_sysbios_heaps_HeapMem_Module__id__C)
                  0001dc24    00000002     SlaveController_pem4f.oem4f (.const:ti_sysbios_knl_Clock_Module__id__C)
                  0001dc26    00000002     SlaveController_pem4f.oem4f (.const:ti_sysbios_knl_Semaphore_Module__id__C)
                  0001dc28    00000002     SlaveController_pem4f.oem4f (.const:ti_sysbios_knl_Task_Module__id__C)
                  0001dc2a    00000002     SlaveController_pem4f.oem4f (.const:xdc_runtime_Core_Module__id__C)
                  0001dc2c    00000002     SlaveController_pem4f.oem4f (.const:xdc_runtime_Error_Module__loggerDefined__C)
                  0001dc2e    00000002     SlaveController_pem4f.oem4f (.const:xdc_runtime_Error_maxDepth__C)
                  0001dc30    00000002     SlaveController_pem4f.oem4f (.const:xdc_runtime_Memory_Module__id__C)
                  0001dc32    00000002     SlaveController_pem4f.oem4f (.const:xdc_runtime_SysMin_flushAtExit__C)
                  0001dc34    00000002     SlaveController_pem4f.oem4f (.const:xdc_runtime_Text_charCnt__C)
                  0001dc36    00000002     SlaveController_pem4f.oem4f (.const:xdc_runtime_Text_isLoaded__C)
                  0001dc38    00000002     SlaveController_pem4f.oem4f (.const:xdc_runtime_Text_registryModsLastId__C)
                  0001dc3a    00000002     SlaveController_pem4f.oem4f (.const:xdc_runtime_Text_unnamedModsLastId__C)

.text      0    0001dc40    0000b86a     
                  0001dc40    0000077c     animator.obj (.text:_Z15animator_updatev)
                  0001e3bc    00000004     driverlib.lib : ssi.obj (.text:SSIIntClear)
                  0001e3c0    00000430     sysbios.aem4f : BIOS.obj (.text:ti_sysbios_family_arm_m3_Hwi_excDumpRegs__I)
                  0001e7f0    0000034c     ti.targets.arm.rtsarm.aem4f : System.oem4f (.text:xdc_runtime_System_doPrint__I)
                  0001eb3c    00000324     ti.mw.fatfs.aem4f : ff.oem4f (.text:find_volume)
                  0001ee60    000002b8     sysbios.aem4f : BIOS.obj (.text:ti_sysbios_knl_Semaphore_pend__E)
                  0001f118    000002a0     rtsv7M4_T_le_v4SPD16_eabi.lib : mktime.c.obj (.text:__mktime32)
                  0001f3b8    00000274     animator.obj (.text:_Z28animator_readCharacterSDCardh)
                  0001f62c    00000004     driverlib.lib : uart.obj (.text:UARTIntClear)
                  0001f630    0000026c     sysbios.aem4f : BIOS.obj (.text:ti_sysbios_heaps_HeapMem_free__E)
                  0001f89c    00000004     rtsv7M4_T_le_v4SPD16_eabi.lib : exit.c.obj (.text:abort:abort)
                  0001f8a0    00000250     sysbios.aem4f : BIOS.obj (.text:ti_sysbios_heaps_HeapMem_alloc__E)
                  0001faf0    00000234                   : BIOS.obj (.text:ti_sysbios_knl_Task_Instance_finalize__E)
                  0001fd24    0000020c     drivers_tivaware.aem4f : UARTTiva.oem4f (.text:UARTTiva_open)
                  0001ff30    000001f4                            : SDSPITiva.oem4f (.text:SDSPITiva_diskInitialize)
                  00020124    00000004     ti.mw.fatfs.aem4f : ffosal.oem4f (.text:ff_rel_grant)
                  00020128    000001f4     sysbios.aem4f : BIOS.obj (.text:ti_sysbios_family_arm_m3_Hwi_excHandlerMax__I)
                  0002031c    00000004     ti.mw.fatfs.aem4f : diskio.oem4f (.text:get_fattime)
                  00020320    000001d8     sysbios.aem4f : BIOS.obj (.text:ti_sysbios_knl_Task_sleep__E)
                  000204f8    000001cc     animator.obj (.text:_Z16animator_animatehhsshhhhhb)
                  000206c4    00000004     SlaveController_pem4f.oem4f (.text:ti_sysbios_BIOS_RtsGateProxy_enter__E)
                  000206c8    000001c0     sysbios.aem4f : BIOS.obj (.text:ti_sysbios_knl_Task_Instance_init__E)
                  00020888    000001a8     start.obj (.text:_Z5startjj)
                  00020a30    000001a4     ti.mw.fatfs.aem4f : ff.oem4f (.text:f_write)
                  00020bd4    00000178                       : ff.oem4f (.text:f_read)
                  00020d4c    00000004     SlaveController_pem4f.oem4f (.text:ti_sysbios_BIOS_RtsGateProxy_leave__E)
                  00020d50    00000174     sysbios.aem4f : BIOS.obj (.text:ti_sysbios_family_arm_m3_Hwi_excBusFault__I)
                  00020ec4    00000170     ILI9341.obj (.text:_Z12ILI9341_initv)
                  00021034    00000164     ti.mw.fatfs.aem4f : ff.oem4f (.text:f_open)
                  00021198    00000164     sysbios.aem4f : BIOS.obj (.text:ti_sysbios_family_arm_m3_Hwi_excUsageFault__I)
                  000212fc    0000015a     ti.mw.fatfs.aem4f : ff.oem4f (.text:f_lseek)
                  00021456    00000002     drivers_tivaware.aem4f : SPITivaDMA.oem4f (.text:SPITivaDMA_serviceISR)
                  00021458    00000150                            : GPIOTiva.oem4f (.text:GPIO_setConfig)
                  000215a8    00000148     sysbios.aem4f : BIOS.obj (.text:ti_sysbios_family_arm_m3_Hwi_excMemFault__I)
                  000216f0    0000013c     animator.obj (.text:_Z29animator_readPersistentSpritePKcth)
                  0002182c    00000004     sysbios.aem4f : BIOS.obj (.text:ti_sysbios_family_arm_lm4_Timer_masterEnable__I)
                  00021830    0000013c                   : BIOS.obj (.text:ti_sysbios_heaps_HeapMem_Instance_init__E)
                  0002196c    00000134     rtsv7M4_T_le_v4SPD16_eabi.lib : localtim.c.obj (.text:__localtime32)
                  00021aa0    00000130     driverlib.lib : gpio.obj (.text:GPIOPadConfigSet)
                  00021bd0    00000123     ti.mw.fatfs.aem4f : ff.oem4f (.text:create_name)
                  00021cf3    00000001     --HOLE-- [fill = 0]
                  00021cf4    00000004     SlaveController_pem4f.oem4f (.text:ti_sysbios_family_arm_m3_Hwi_destruct)
                  00021cf8    0000011c     sysbios.aem4f : BIOS.obj (.text:ti_sysbios_knl_Clock_Instance_init__E)
                  00021e14    00000118     ti.targets.arm.rtsarm.aem4f : Error.oem4f (.text:xdc_runtime_Error_policyDefault__E)
                  00021f2c    0000010c     rtsv7M4_T_le_v4SPD16_eabi.lib : fopen.c.obj (.text:_openfile)
                  00022038    00000108     drivers_tivaware.aem4f : SDSPITiva.oem4f (.text:SDSPITiva_open)
                  00022140    00000108     sysbios.aem4f : BIOS.obj (.text:ti_sysbios_family_arm_lm4_Timer_start__E)
                  00022248    00000104     Flash.obj (.text:Flash_writeMemory_specifiedAddress)
                  0002234c    00000100     Boot.aem4f : Boot_sysctl.oem4f (.text:ti_catalog_arm_cortexm4_tiva_ce_Boot_sysCtlClockSetI__I)
                  0002244c    00000100     ti.targets.arm.rtsarm.aem4f : Core-mem.oem4f (.text:xdc_runtime_Core_createObject__I)
                  0002254c    000000fe     ti.mw.fatfs.aem4f : ff.oem4f (.text:f_rename)
                  0002264a    000000fa                       : ff.oem4f (.text:dir_next)
                  00022744    000000f8     rtsv7M4_T_le_v4SPD16_eabi.lib : fread.c.obj (.text:fread)
                  0002283c    000000f8     ti.targets.arm.rtsarm.aem4f : Startup.oem4f (.text:xdc_runtime_Startup_startMods__I)
                  00022934    000000f8     SlaveController_pem4f.oem4f (.text:xdc_runtime_System_printfExtend__I)
                  00022a2c    000000f4     drivers_tivaware.aem4f : SDSPITiva.oem4f (.text:SDSPITiva_diskIOctrl)
                  00022b20    000000f4     sysbios.aem4f : m3_Hwi_asm.obj (.text:ti_sysbios_family_arm_m3_Hwi_dispatch__I)
                  00022c14    000000ec     ti.mw.fatfs.aem4f : ff.oem4f (.text:put_fat)
                  00022d00    000000ec     sysbios.aem4f : BIOS.obj (.text:ti_sysbios_knl_Semaphore_post__E)
                  00022dec    000000e8     drivers_tivaware.aem4f : SDSPITiva.oem4f (.text:SDSPITiva_diskWrite)
                  00022ed4    000000dc     rtsv7M4_T_le_v4SPD16_eabi.lib : setvbuf.c.obj (.text:setvbuf)
                  00022fb0    000000d8     drivers_tivaware.aem4f : SPITivaDMA.oem4f (.text:SPITivaDMA_open)
                  00023088    000000d8     sysbios.aem4f : BIOS.obj (.text:ti_sysbios_family_arm_lm4_TimestampProvider_get32__E)
                  00023160    000000d6     ti.mw.fatfs.aem4f : ff.oem4f (.text:get_fat)
                  00023236    00000002     rtsv7M4_T_le_v4SPD16_eabi.lib : _lock.c.obj (.text:_nop)
                  00023238    000000cc     ti.targets.arm.rtsarm.aem4f : Core-smem.oem4f (.text:xdc_runtime_Core_constructObject__I)
                  00023304    000000c8     animator.obj (.text:_Z19animator_initializev)
                  000233cc    000000c6     drivers_tivaware.aem4f : SDSPITiva.oem4f (.text:send_cmd)
                  00023492    00000002     rtsv7M4_T_le_v4SPD16_eabi.lib : div0.asm.obj (.text)
                  00023494    000000c0     drivers_tivaware.aem4f : SDSPITiva.oem4f (.text:SDSPITiva_diskRead)
                  00023554    000000c0                            : SPITivaDMA.oem4f (.text:SPITivaDMA_configDMA)
                  00023614    000000bc     EK_TM4C123GXL.obj (.text:EK_TM4C123GXL_initSPI)
                  000236d0    000000bc     rtsv7M4_T_le_v4SPD16_eabi.lib : open.c.obj (.text:open)
                  0002378c    00000004     SlaveController_pem4f.oem4f (.text:ti_sysbios_family_arm_m3_TaskSupport_Module__startupDone__S)
                  00023790    000000bc     sysbios.aem4f : BIOS.obj (.text:ti_sysbios_family_arm_m3_Hwi_excDebugMon__I)
                  0002384c    00000004     SlaveController_pem4f.oem4f (.text:ti_sysbios_heaps_HeapMem_Module_GateProxy_enter__E)
                  00023850    000000bc     sysbios.aem4f : BIOS.obj (.text:ti_sysbios_family_arm_m3_Hwi_excHardFault__I)
                  0002390c    000000b8     rtsv7M4_T_le_v4SPD16_eabi.lib : add_device.c.obj (.text:add_device)
                  000239c4    000000b8     ti.mw.fatfs.aem4f : ffcio.oem4f (.text:ffcio_open)
                  00023a7c    000000b4                       : ff.oem4f (.text:sync_fs)
                  00023b30    000000b4     sysbios.aem4f : BIOS.obj (.text:ti_sysbios_gates_GateMutex_enter__E)
                  00023be4    00000004     SlaveController_pem4f.oem4f (.text:ti_sysbios_heaps_HeapMem_Module_GateProxy_leave__E)
                  00023be8    000000b4     sysbios.aem4f : BIOS.obj (.text:ti_sysbios_knl_Task_checkStacks__E)
                  00023c9c    000000ac     drivers_tivaware.aem4f : UARTTiva.oem4f (.text:readTaskBlocking)
                  00023d48    000000ac     sysbios.aem4f : BIOS.obj (.text:ti_sysbios_family_arm_lm4_Timer_enableTiva__I)
                  00023df4    000000a8     ti.mw.fatfs.aem4f : ff.oem4f (.text:create_chain)
                  00023e9c    000000a4     drivers_tivaware.aem4f : SPITivaDMA.oem4f (.text:SPITivaDMA_initHw)
                  00023f40    000000a4     ti.mw.fatfs.aem4f : ff.oem4f (.text:f_unlink)
                  00023fe4    00000004     SlaveController_pem4f.oem4f (.text:ti_sysbios_knl_Clock_TimerProxy_getMaxTicks__E)
                  00023fe8    000000a4     sysbios.aem4f : BIOS.obj (.text:ti_sysbios_knl_Clock_Instance_finalize__E)
                  0002408c    000000a0     auto_init.aem4f : auto_init.oem4f (.text)
                  0002412c    000000a0     start.obj (.text:main)
                  000241cc    000000a0     drivers_tivaware.aem4f : SDSPITiva.oem4f (.text:rcvr_datablock)
                  0002426c    000000a0     ti.targets.arm.rtsarm.aem4f : Text.oem4f (.text:xdc_runtime_Text_putMod__E)
                  0002430c    0000009c     rtsv7M4_T_le_v4SPD16_eabi.lib : _bufread.c.obj (.text:__TI_buff_read)
                  000243a8    0000009c     ti.mw.fatfs.aem4f : ff.oem4f (.text:f_sync)
                  00024444    0000009c     rtsv7M4_T_le_v4SPD16_eabi.lib : fopen.c.obj (.text:fopen)
                  000244e0    0000009c                                   : memcpy_t2.asm.obj (.text)
                  0002457c    00000004     SlaveController_pem4f.oem4f (.text:ti_sysbios_knl_Clock_TimerProxy_getPeriod__E)
                  00024580    0000009c     sysbios.aem4f : BIOS.obj (.text:ti_sysbios_knl_Semaphore_Instance_init__E)
                  0002461c    0000009a     ILI9341.obj (.text:_Z16ILI9341_fillRectjjjjj)
                  000246b6    00000002     SlaveController_pem4f.oem4f (.text:ti_sysbios_BIOS_nullFunc__I)
                  000246b8    0000009a     ti.targets.arm.rtsarm.aem4f : Text.oem4f (.text:xdc_runtime_Text_putSite__E)
                  00024752    0000009a     drivers_tivaware.aem4f : SDSPITiva.oem4f (.text:xmit_datablock)
                  000247ec    00000098                            : UARTTiva.oem4f (.text:UARTTiva_readPolling)
                  00024884    00000098     ILI9341.obj (.text:_Z11commandListPKh)
                  0002491c    00000098     Boot.aem4f : Boot.oem4f (.text:ti_catalog_arm_cortexm4_tiva_ce_Boot_sysCtlClockSet__E)
                  000249b4    00000096     rtsv7M4_T_le_v4SPD16_eabi.lib : ull_div_t2.asm.obj (.text)
                  00024a4a    00000094     drivers_tivaware.aem4f : UARTTiva.oem4f (.text:UARTTiva_write)
                  00024ade    00000002     SlaveController_pem4f.oem4f (.text:xdc_runtime_Startup_reset__I)
                  00024ae0    00000094     sysbios.aem4f : BIOS.obj (.text:ti_sysbios_family_arm_m3_Hwi_Instance_init__E)
                  00024b74    00000004     SlaveController_pem4f.oem4f (.text:ti_sysbios_knl_Clock_destruct)
                  00024b78    00000094     sysbios.aem4f : BIOS.obj (.text:ti_sysbios_family_arm_m3_Hwi_initNVIC__E)
                  00024c0c    00000004     SlaveController_pem4f.oem4f (.text:ti_sysbios_knl_Queue_destruct)
                  00024c10    00000094     sysbios.aem4f : BIOS.obj (.text:ti_sysbios_knl_Task_postInit__I)
                  00024ca4    0000008c     drivers_tivaware.aem4f : GPIOTiva.oem4f (.text:GPIO_init)
                  00024d30    0000008c                            : UARTTiva.oem4f (.text:UARTTiva_control)
                  00024dbc    0000008c     sysbios.aem4f : m3_TaskSupport_asm.obj (.text:ti_sysbios_family_arm_m3_TaskSupport_buildTaskStack)
                  00024e48    0000008a     drivers_tivaware.aem4f : UARTTiva.oem4f (.text:readIsrTextBlocking)
                  00024ed2    00000002     --HOLE-- [fill = 0]
                  00024ed4    00000088     EK_TM4C123GXL.obj (.text:EK_TM4C123GXL_initDMA)
                  00024f5c    00000088     Flash.obj (.text:Flash_init)
                  00024fe4    00000088     ILI9341.obj (.text:_Z18ILI9341_drawColorsjjPit)
                  0002506c    00000084     UART.obj (.text:UART_start)
                  000250f0    00000084     sysbios.aem4f : BIOS.obj (.text:ti_sysbios_family_arm_m3_Hwi_postInit__I)
                  00025174    00000084     driverlib.lib : udma.obj (.text:uDMAChannelTransferSet)
                  000251f8    00000082     drivers_tivaware.aem4f : UARTTiva.oem4f (.text:readIsrTextCallback)
                  0002527a    0000007e     ti.mw.fatfs.aem4f : ff.oem4f (.text:dir_sdi)
                  000252f8    0000007c                       : ff.oem4f (.text:f_mount)
                  00025374    0000007a     drivers_tivaware.aem4f : UARTTiva.oem4f (.text:readTaskCallback)
                  000253ee    0000007a     rtsv7M4_T_le_v4SPD16_eabi.lib : memset_t2.asm.obj (.text)
                  00025468    00000076     ILI9341.obj (.text:_ZN33_INTERNAL_11_ILI9341_cpp_6ff9e12f17ILI9341_setCoordsEtttt)
                  000254de    00000002     --HOLE-- [fill = 0]
                  000254e0    00000074     rtsv7M4_T_le_v4SPD16_eabi.lib : fclose.c.obj (.text:__TI_closefile)
                  00025554    00000074     ti.mw.fatfs.aem4f : ff.oem4f (.text:check_fs)
                  000255c8    00000074     sysbios.aem4f : BIOS.obj (.text:ti_sysbios_knl_Clock_start__E)
                  0002563c    00000004     SlaveController_pem4f.oem4f (.text:ti_sysbios_knl_Semaphore_destruct)
                  00025640    00000070     sysbios.aem4f : BIOS.obj (.text:ti_sysbios_knl_Clock_workFunc__E)
                  000256b0    00000070                   : BIOS.obj (.text:ti_sysbios_knl_Task_exit__E)
                  00025720    0000006e     rtsv7M4_T_le_v4SPD16_eabi.lib : ll_div_t2.asm.obj (.text)
                  0002578e    00000002     --HOLE-- [fill = 0]
                  00025790    0000006d     ti.targets.arm.rtsarm.aem4f : System.oem4f (.text:xdc_runtime_System_formatNum__I)
                  000257fd    00000003     --HOLE-- [fill = 0]
                  00025800    0000006c     Flash.obj (.text:Flash_readMemory)
                  0002586c    00000004     ti.targets.arm.rtsarm.aem4f : Error.oem4f (.text:xdc_runtime_Error_getSite__E)
                  00025870    0000006c     sysbios.aem4f : BIOS.obj (.text:ti_sysbios_knl_Swi_restoreHwi__E)
                  000258dc    0000006c     drivers_tivaware.aem4f : UARTTiva.oem4f (.text:writeData)
                  00025948    0000006c     ti.targets.arm.rtsarm.aem4f : Error.oem4f (.text:xdc_runtime_Error_print__E)
                  000259b4    0000006c                                 : Memory.oem4f (.text:xdc_runtime_Memory_alloc__E)
                  00025a20    00000068     rtsv7M4_T_le_v4SPD16_eabi.lib : hostlseek.c.obj (.text:HOSTlseek)
                  00025a88    00000068                                   : hostrename.c.obj (.text:HOSTrename)
                  00025af0    00000068     SD.obj (.text:SD_startSDCard)
                  00025b58    00000068     rtsv7M4_T_le_v4SPD16_eabi.lib : copy_decompress_lzss.c.obj (.text:decompress:lzss:__TI_decompress_lzss)
                  00025bc0    00000066     ti.targets.arm.rtsarm.aem4f : Core-mem.oem4f (.text:xdc_runtime_Core_deleteObject__I)
                  00025c26    00000002     --HOLE-- [fill = 0]
                  00025c28    00000064     Flash.obj (.text:Flash_pendWriteOpCompletion)
                  00025c8c    00000064     drivers_tivaware.aem4f : GPIOTiva.oem4f (.text:GPIO_hwiIntFxn)
                  00025cf0    00000064     ti.mw.fatfs.aem4f : ff.oem4f (.text:follow_path)
                  00025d54    00000004     SlaveController_pem4f.oem4f (.text:xdc_runtime_System_Module_GateProxy_enter__E)
                  00025d58    00000064     sysbios.aem4f : BIOS.obj (.text:ti_sysbios_family_arm_lm4_Timer_Module_startup__E)
                  00025dbc    00000064     SlaveController_pem4f.oem4f (.text:ti_sysbios_family_arm_m3_Hwi_create)
                  00025e20    00000064     sysbios.aem4f : BIOS.obj (.text:ti_sysbios_family_arm_m3_Hwi_dispatchC__I)
                  00025e84    00000062     drivers_tivaware.aem4f : SPITivaDMA.oem4f (.text:SPITivaDMA_transfer)
                  00025ee6    00000002     --HOLE-- [fill = 0]
                  00025ee8    00000060     rtsv7M4_T_le_v4SPD16_eabi.lib : hostopen.c.obj (.text:HOSTopen)
                  00025f48    00000060     sysbios.aem4f : BIOS.obj (.text:ti_sysbios_knl_Task_schedule__I)
                  00025fa8    0000005e     drivers_tivaware.aem4f : UARTTiva.oem4f (.text:readIsrBinaryBlocking)
                  00026006    0000005e     ti.mw.fatfs.aem4f : ff.oem4f (.text:remove_chain)
                  00026064    0000005c     EK_TM4C123GXL.obj (.text:EK_TM4C123GXL_initSDSPI)
                  000260c0    0000005c     SD.obj (.text:SD_openFile)
                  0002611c    0000005c     rtsv7M4_T_le_v4SPD16_eabi.lib : close.c.obj (.text:close)
                  00026178    0000005c     sysbios.aem4f : BIOS.obj (.text:ti_sysbios_knl_Swi_run__I)
                  000261d4    00000004     SlaveController_pem4f.oem4f (.text:xdc_runtime_System_Module_GateProxy_leave__E)
                  000261d8    0000005c     sysbios.aem4f : BIOS.obj (.text:ti_sysbios_knl_Swi_schedule__I)
                  00026234    00000004     ti.targets.arm.rtsarm.aem4f : System.oem4f (.text:xdc_runtime_System_aprintf_va__F)
                  00026238    0000005c     sysbios.aem4f : BIOS.obj (.text:ti_sysbios_knl_Task_Module_startup__E)
                  00026294    00000004     ti.targets.arm.rtsarm.aem4f : System.oem4f (.text:xdc_runtime_System_printf_va__F)
                  00026298    0000005c     sysbios.aem4f : BIOS.obj (.text:ti_sysbios_knl_Task_startCore__E)
                  000262f4    0000005c     drivers_tivaware.aem4f : SDSPITiva.oem4f (.text:wait_ready)
                  00026350    0000005b     ti.targets.arm.rtsarm.aem4f : Text.oem4f (.text:xdc_runtime_Text_putLab__E)
                  000263ab    00000001     --HOLE-- [fill = 0]
                  000263ac    00000058     boot.aem4f : boot.oem4f (.text)
                  00026404    00000058     rtsv7M4_T_le_v4SPD16_eabi.lib : hostread.c.obj (.text:HOSTread)
                  0002645c    00000058                                   : hostwrite.c.obj (.text:HOSTwrite)
                  000264b4    00000058     tirtosport.aem4f : SemaphoreP_tirtos.oem4f (.text:SemaphoreP_create)
                  0002650c    00000058     SlaveController_pem4f.oem4f (.text:ti_sysbios_family_arm_m3_Hwi_construct)
                  00026564    00000058     sysbios.aem4f : m3_Hwi_asm_switch.obj (.text:ti_sysbios_family_arm_m3_Hwi_initStacks__E)
                  000265bc    00000056     driverlib.lib : gpio.obj (.text:GPIOIntTypeSet)
                  00026612    00000056     ti.mw.fatfs.aem4f : ff.oem4f (.text:dir_read)
                  00026668    00000054     drivers_tivaware.aem4f : UARTTiva.oem4f (.text:readIsrBinaryCallback)
                  000266bc    00000054     ti.mw.fatfs.aem4f : ff.oem4f (.text:sync_window)
                  00026710    00000054     sysbios.aem4f : BIOS.obj (.text:ti_sysbios_family_arm_lm4_Timer_initDevice__I)
                  00026764    00000054     SlaveController_pem4f.oem4f (.text:ti_sysbios_knl_Task_construct)
                  000267b8    00000054     ti.targets.arm.rtsarm.aem4f : Assert.oem4f (.text:xdc_runtime_Assert_raise__I)
                  0002680c    00000050     drivers_tivaware.aem4f : GPIOTiva.oem4f (.text:GPIO_setCallback)
                  0002685c    00000050     driverlib.lib : sysctl.obj (.text:SysCtlPeripheralReset)
                  000268ac    00000050     drivers_tivaware.aem4f : UARTTiva.oem4f (.text:UARTTiva_writeCancel)
                  000268fc    00000050     ILI9341.obj (.text:_ZN33_INTERNAL_11_ILI9341_cpp_6ff9e12f16ILI9341_setColorEj)
                  0002694c    00000004     --HOLE-- [fill = 0]
                  00026950    00000050     sysbios.aem4f : BIOS.obj (.text:ti_sysbios_family_arm_m3_Hwi_Module_startup__E)
                  000269a0    00000050     ti.targets.arm.rtsarm.aem4f : Startup.oem4f (.text:xdc_runtime_Startup_exec__E)
                  000269f0    00000050                                 : Text.oem4f (.text:xdc_runtime_Text_visitRope2__I)
                  00026a40    0000004c     drivers_tivaware.aem4f : UARTTiva.oem4f (.text:UARTTiva_close)
                  00026a8c    0000004c     rtsv7M4_T_le_v4SPD16_eabi.lib : fflush.c.obj (.text:__TI_doflush)
                  00026ad8    0000004c                                   : cpy_tbl.c.obj (.text:copy_in)
                  00026b24    0000004c     SlaveController_pem4f.oem4f (.text:ti_mw_fatfs_startup)
                  00026b70    0000004c     sysbios.aem4f : BIOS.obj (.text:ti_sysbios_heaps_HeapMem_getStats__E)
                  00026bbc    00000004     --HOLE-- [fill = 0]
                  00026bc0    0000004c                   : BIOS.obj (.text:ti_sysbios_knl_Swi_runLoop__I)
                  00026c0c    00000004     --HOLE-- [fill = 0]
                  00026c10    0000004c                   : BIOS.obj (.text:ti_sysbios_knl_Task_allBlockedFunction__I)
                  00026c5c    0000004a     rtsv7M4_T_le_v4SPD16_eabi.lib : _io_perm.c.obj (.text:__TI_rd_ok)
                  00026ca6    00000002     --HOLE-- [fill = 0]
                  00026ca8    00000048     driverlib.lib : gpio.obj (.text:GPIOPinConfigure)
                  00026cf0    00000048     ti.mw.fatfs.aem4f : ff.oem4f (.text:dir_find)
                  00026d38    00000048     rtsv7M4_T_le_v4SPD16_eabi.lib : exit.c.obj (.text:exit)
                  00026d80    00000048     sysbios.aem4f : BIOS.obj (.text:ti_sysbios_family_arm_lm4_Timer_enableTimers__I)
                  00026dc8    00000048                   : BIOS.obj (.text:ti_sysbios_family_arm_m3_Hwi_disableInterrupt__E)
                  00026e10    00000048                   : BIOS.obj (.text:ti_sysbios_family_arm_m3_Hwi_enableInterrupt__E)
                  00026e58    00000048                   : BIOS.obj (.text:ti_sysbios_family_arm_m3_Hwi_excReserved__I)
                  00026ea0    00000046     drivers_tivaware.aem4f : RingBuf.oem4f (.text:RingBuf_put)
                  00026ee6    00000046     ti.targets.arm.rtsarm.aem4f : Core-params.oem4f (.text:xdc_runtime_Core_assignParams__I)
                  00026f2c    00000044     rtsv7M4_T_le_v4SPD16_eabi.lib : hostclose.c.obj (.text:HOSTclose)
                  00026f70    00000044                                   : hostunlink.c.obj (.text:HOSTunlink)
                  00026fb4    00000044     SD.obj (.text:SD_read)
                  00026ff8    00000044     SD.obj (.text:SD_readNextChar)
                  0002703c    00000044     drivers_tivaware.aem4f : SPITivaDMA.oem4f (.text:SPITivaDMA_hwiFxn)
                  00027080    00000044     ti.mw.fatfs.aem4f : ff.oem4f (.text:dir_alloc)
                  000270c4    00000044     rtsv7M4_T_le_v4SPD16_eabi.lib : getdevice.c.obj (.text:getdevice)
                  00027108    00000044     drivers_tivaware.aem4f : SDSPITiva.oem4f (.text:send_initial_clock_train)
                  0002714c    00000004     --HOLE-- [fill = 0]
                  00027150    00000044     sysbios.aem4f : BIOS.obj (.text:ti_sysbios_family_arm_lm4_Timer_isrStub__E)
                  00027194    00000004     --HOLE-- [fill = 0]
                  00027198    00000044                   : BIOS.obj (.text:ti_sysbios_family_arm_m3_Hwi_getStackInfo__E)
                  000271dc    00000004     --HOLE-- [fill = 0]
                  000271e0    00000044                   : BIOS.obj (.text:ti_sysbios_knl_Swi_post__E)
                  00027224    00000044     ti.targets.arm.rtsarm.aem4f : Error.oem4f (.text:xdc_runtime_Error_setX__E)
                  00027268    00000044                                 : SysMin.oem4f (.text:xdc_runtime_SysMin_flush__E)
                  000272ac    00000044                                 : Text.oem4f (.text:xdc_runtime_Text_xprintf__I)
                  000272f0    00000042     drivers_tivaware.aem4f : SPITivaDMA.oem4f (.text:SPITivaDMA_transferCancel)
                  00027332    00000042     driverlib.lib : uart.obj (.text:UARTConfigSetExpClk)
                  00027374    00000042     drivers_tivaware.aem4f : UARTTiva.oem4f (.text:UARTTiva_hwiIntFxn)
                  000273b6    00000042                            : UARTTiva.oem4f (.text:UARTTiva_writePolling)
                  000273f8    00000040     EK_TM4C123GXL.obj (.text:EK_TM4C123GXL_initGeneral)
                  00027438    00000040     Flash.obj (.text:Flash_transferSPICS)
                  00027478    00000040     Flash.obj (.text:Flash_writeCommandCS)
                  000274b8    00000040     drivers_tivaware.aem4f : RingBuf.oem4f (.text:RingBuf_get)
                  000274f8    00000040                            : SDSPITiva.oem4f (.text:SDSPITiva_close)
                  00027538    00000040                            : UARTTiva.oem4f (.text:UARTTiva_read)
                  00027578    00000040     ILI9341.obj (.text:_ZN33_INTERNAL_11_ILI9341_cpp_6ff9e12f12writeCommandEh)
                  000275b8    00000040     ti.mw.fatfs.aem4f : ff.oem4f (.text:get_ldnumber)
                  000275f8    00000040     rtsv7M4_T_le_v4SPD16_eabi.lib : u_divt2.asm.obj (.text)
                  00027638    00000040     sysbios.aem4f : BIOS.obj (.text:ti_sysbios_family_arm_lm4_Timer_startup__E)
                  00027678    0000003c     drivers_tivaware.aem4f : SPITivaDMA.oem4f (.text:SPITivaDMA_close)
                  000276b4    0000003c     driverlib.lib : ssi.obj (.text:SSIConfigSetExpClk)
                  000276f0    0000003c     animator.obj (.text:_Z9readUntilcPh)
                  0002772c    0000003c     EK_TM4C123GXL.obj (.text:dmaErrorHwi)
                  00027768    0000003c     sysbios.aem4f : BIOS.obj (.text:ti_sysbios_family_arm_m3_Hwi_excSvCall__I)
                  000277a4    00000004     --HOLE-- [fill = 0]
                  000277a8    0000003c                   : BIOS.obj (.text:ti_sysbios_heaps_HeapMem_init__I)
                  000277e4    00000004     --HOLE-- [fill = 0]
                  000277e8    0000003c                   : BIOS.obj (.text:ti_sysbios_knl_Swi_restore__E)
                  00027824    00000038     drivers_tivaware.aem4f : SDSPI.oem4f (.text:SDSPI_init)
                  0002785c    00000038                            : SPI.oem4f (.text:SPI_init)
                  00027894    00000038                            : UART.oem4f (.text:UART_init)
                  000278cc    00000038     rtsv7M4_T_le_v4SPD16_eabi.lib : trgmsg.c.obj (.text:__TI_writemsg)
                  00027904    00000038     ti.mw.fatfs.aem4f : ff.oem4f (.text:dir_register)
                  0002793c    00000004     --HOLE-- [fill = 0]
                  00027940    00000038     sysbios.aem4f : BIOS.obj (.text:ti_sysbios_family_arm_m3_Hwi_excNoIsr__I)
                  00027978    00000038                   : BIOS.obj (.text:ti_sysbios_knl_Task_processVitalTaskFlag__I)
                  000279b0    00000038     ti.targets.arm.rtsarm.aem4f : SysMin.oem4f (.text:xdc_runtime_SysMin_putch__E)
                  000279e8    00000038                                 : System.oem4f (.text:xdc_runtime_System_atexit__E)
                  00027a20    00000036     drivers_tivaware.aem4f : UARTTiva.oem4f (.text:UARTTiva_readCancel)
                  00027a56    00000036     ti.mw.fatfs.aem4f : ff.oem4f (.text:move_window)
                  00027a8c    00000036     rtsv7M4_T_le_v4SPD16_eabi.lib : strncpy.c.obj (.text:strncpy)
                  00027ac2    00000036     SlaveController_pem4f.oem4f (.text:ti_mw_fatfs_getFatTime)
                  00027af8    00000034     EK_TM4C123GXL.obj (.text:EK_TM4C123GXL_initUART)
                  00027b2c    00000034     driverlib.lib : sysctl.obj (.text:SysCtlPeripheralEnable)
                  00027b60    00000034     rtsv7M4_T_le_v4SPD16_eabi.lib : fopen.c.obj (.text:__TI_cleanup)
                  00027b94    00000034                                   : trgmsg.c.obj (.text:__TI_readmsg)
                  00027bc8    00000034     ti.mw.fatfs.aem4f : ff.oem4f (.text:dir_remove)
                  00027bfc    00000034                       : ffcio.oem4f (.text:ffcio_lseek)
                  00027c30    00000034     sysbios.aem4f : BIOS.obj (.text:ti_sysbios_family_arm_m3_Hwi_Instance_finalize__E)
                  00027c64    00000004     --HOLE-- [fill = 0]
                  00027c68    00000034                   : BIOS.obj (.text:ti_sysbios_family_arm_m3_Hwi_excNmi__I)
                  00027c9c    00000004     --HOLE-- [fill = 0]
                  00027ca0    00000034                   : BIOS.obj (.text:ti_sysbios_hal_Hwi_checkStack)
                  00027cd4    00000034     SlaveController_pem4f.oem4f (.text:ti_sysbios_knl_Clock_construct)
                  00027d08    00000034     ti.mw.fatfs.aem4f : ff.oem4f (.text:validate)
                  00027d3c    00000034     ti.targets.arm.rtsarm.aem4f : Core-label.oem4f (.text:xdc_runtime_Core_assignLabel__I)
                  00027d70    00000033                                 : Text.oem4f (.text:xdc_runtime_Text_printVisFxn__I)
                  00027da3    00000005     --HOLE-- [fill = 0]
                  00027da8    00000032     sysbios.aem4f : BIOS.obj (.text:ti_sysbios_hal_Hwi_initStack)
                  00027dda    00000002     --HOLE-- [fill = 0]
                  00027ddc    00000030     EK_TM4C123GXL.obj (.text:EK_TM4C123GXL_initGPIO)
                  00027e0c    00000030     drivers_tivaware.aem4f : SDSPI.oem4f (.text:SDSPI_open)
                  00027e3c    00000030                            : SPI.oem4f (.text:SPI_open)
                  00027e6c    00000030                            : UART.oem4f (.text:UART_open)
                  00027e9c    00000030     ILI9341.obj (.text:_ZN33_INTERNAL_11_ILI9341_cpp_6ff9e12f9writeDataEh)
                  00027ecc    00000030     rtsv7M4_T_le_v4SPD16_eabi.lib : getdevice.c.obj (.text:finddevice)
                  00027efc    00000030     SlaveController_pem4f.oem4f (.text:ti_sysbios_BIOS_atExitFunc__I)
                  00027f2c    00000004     --HOLE-- [fill = 0]
                  00027f30    00000030     sysbios.aem4f : BIOS.obj (.text:ti_sysbios_family_arm_lm4_Timer_stop__E)
                  00027f60    00000030                   : BIOS.obj (.text:ti_sysbios_family_arm_m3_TaskSupport_start__E)
                  00027f90    00000030     SlaveController_pem4f.oem4f (.text:ti_sysbios_gates_GateHwi_Object__create__S)
                  00027fc0    00000030     SlaveController_pem4f.oem4f (.text:ti_sysbios_gates_GateMutex_Object__create__S)
                  00027ff0    00000030     SlaveController_pem4f.oem4f (.text:ti_sysbios_heaps_HeapMem_Object__create__S)
                  00028020    00000030     SlaveController_pem4f.oem4f (.text:ti_sysbios_knl_Semaphore_construct)
                  00028050    00000030     sysbios.aem4f : BIOS.obj (.text:ti_sysbios_knl_Semaphore_pendTimeout__I)
                  00028080    00000030                   : BIOS.obj (.text:ti_sysbios_knl_Task_unblockI__E)
                  000280b0    00000030     ti.targets.arm.rtsarm.aem4f : SysMin.oem4f (.text:xdc_runtime_SysMin_abort__E)
                  000280e0    00000030                                 : System.oem4f (.text:xdc_runtime_System_processAtExit__E)
                  00028110    0000002e     SlaveController_pem4f.oem4f (.text:malloc)
                  0002813e    00000002     --HOLE-- [fill = 0]
                  00028140    0000002c     Flash.obj (.text:Flash_writeMemory)
                  0002816c    0000002c     ti.mw.fatfs.aem4f : diskio.oem4f (.text:disk_register)
                  00028198    0000002c     rtsv7M4_T_le_v4SPD16_eabi.lib : fclose.c.obj (.text:fclose)
                  000281c4    0000002c     SlaveController_pem4f.oem4f (.text:ti_sysbios_knl_Clock_doTick__I)
                  000281f0    0000002c     SlaveController_pem4f.oem4f (.text:ti_sysbios_knl_Queue_construct)
                  0002821c    00000004     --HOLE-- [fill = 0]
                  00028220    0000002c     sysbios.aem4f : BIOS.obj (.text:ti_sysbios_knl_Task_restore__E)
                  0002824c    0000002c     driverlib.lib : udma.obj (.text:uDMAChannelAssign)
                  00028278    0000002c     rtsv7M4_T_le_v4SPD16_eabi.lib : unlink.c.obj (.text:unlink)
                  000282a4    0000002c     ti.targets.arm.rtsarm.aem4f : Text.oem4f (.text:xdc_runtime_Text_cordText__E)
                  000282d0    0000002a     driverlib.lib : gpio.obj (.text:GPIODirModeSet)
                  000282fa    0000002a     ti.targets.arm.rtsarm.aem4f : System.oem4f (.text:xdc_runtime_System_putchar__I)
                  00028324    00000028     ti.mw.fatfs.aem4f : diskio.oem4f (.text:disk_unregister)
                  0002834c    00000028     rtsv7M4_T_le_v4SPD16_eabi.lib : read.c.obj (.text:read)
                  00028374    00000028     SlaveController_pem4f.oem4f (.text:ti_sysbios_BIOS_startFunc__I)
                  0002839c    00000004     --HOLE-- [fill = 0]
                  000283a0    00000028     sysbios.aem4f : BIOS.obj (.text:ti_sysbios_knl_Swi_Module_startup__E)
                  000283c8    00000028     rtsv7M4_T_le_v4SPD16_eabi.lib : write.c.obj (.text:write)
                  000283f0    00000026     sysbios.aem4f : m3_Hwi_asm.obj (.text:ti_sysbios_family_arm_m3_Hwi_pendSV__I)
                  00028416    00000026     ti.targets.arm.rtsarm.aem4f : System.oem4f (.text:xdc_runtime_System_avprintf__E)
                  0002843c    00000024     ti.mw.fatfs.aem4f : diskio.oem4f (.text:disk_ioctl)
                  00028460    00000024                       : diskio.oem4f (.text:disk_read)
                  00028484    00000024                       : ff.oem4f (.text:f_close)
                  000284a8    00000024                       : ffcio.oem4f (.text:ffcio_close)
                  000284cc    00000024     SlaveController_pem4f.oem4f (.text:ti_sysbios_BIOS_errorRaiseHook__I)
                  000284f0    00000024     SlaveController_pem4f.oem4f (.text:ti_sysbios_BIOS_registerRTSLock__I)
                  00028514    00000024     SlaveController_pem4f.oem4f (.text:ti_sysbios_BIOS_removeRTSLock__I)
                  00028538    00000024     SlaveController_pem4f.oem4f (.text:ti_sysbios_gates_GateMutex_Object__delete__S)
                  0002855c    00000004     --HOLE-- [fill = 0]
                  00028560    00000024     sysbios.aem4f : BIOS.obj (.text:ti_sysbios_knl_Clock_Module_startup__E)
                  00028584    00000004     --HOLE-- [fill = 0]
                  00028588    00000024                   : BIOS.obj (.text:ti_sysbios_knl_Task_restoreHwi__E)
                  000285ac    00000024     driverlib.lib : udma.obj (.text:uDMAChannelControlSet)
                  000285d0    00000024     ti.targets.arm.rtsarm.aem4f : System.oem4f (.text:xdc_runtime_System_vprintf__E)
                  000285f4    00000004     --HOLE-- [fill = 0]
                  000285f8    00000022     sysbios.aem4f : BIOS.obj (.text:ti_sysbios_family_arm_lm4_Timer_write__I)
                  0002861a    00000022     SlaveController_pem4f.oem4f (.text:xdc_runtime_SysMin_output__I)
                  0002863c    00000020     Flash.obj (.text:Flash_allocateMemory)
                  0002865c    00000020     ti.mw.fatfs.aem4f : diskio.oem4f (.text:disk_write)
                  0002867c    00000020                       : ffcio.oem4f (.text:ffcio_read)
                  0002869c    00000020                       : ffcio.oem4f (.text:ffcio_write)
                  000286bc    00000020     SlaveController_pem4f.oem4f (.text:ti_sysbios_BIOS_rtsLock__I)
                  000286dc    00000004     --HOLE-- [fill = 0]
                  000286e0    00000020     sysbios.aem4f : BIOS.obj (.text:ti_sysbios_family_arm_m3_Hwi_clearInterrupt__E)
                  00028700    00000020                   : m3_Hwi_asm.obj (.text:ti_sysbios_family_arm_m3_Hwi_excHandlerAsm__I)
                  00028720    00000020                   : BIOS.obj (.text:ti_sysbios_family_arm_m3_Hwi_excHandler__I)
                  00028740    00000020     SlaveController_pem4f.oem4f (.text:ti_sysbios_gates_GateHwi_Object__delete__S)
                  00028760    00000020     SlaveController_pem4f.oem4f (.text:ti_sysbios_heaps_HeapMem_Object__delete__S)
                  00028780    00000020     SlaveController_pem4f.oem4f (.text:ti_sysbios_knl_Clock_Object__destruct__S)
                  000287a0    00000020     sysbios.aem4f : BIOS.obj (.text:ti_sysbios_knl_Idle_run__E)
                  000287c0    00000020     SlaveController_pem4f.oem4f (.text:ti_sysbios_knl_Semaphore_Object__destruct__S)
                  000287e0    00000020     ti.targets.arm.rtsarm.aem4f : Registry.oem4f (.text:xdc_runtime_Registry_findById__E)
                  00028800    00000020                                 : SysMin.oem4f (.text:xdc_runtime_SysMin_Module_startup__E)
                  00028820    0000001e     ti.mw.fatfs.aem4f : ff.oem4f (.text:ld_clust)
                  0002883e    0000001e     rtsv7M4_T_le_v4SPD16_eabi.lib : strcat.c.obj (.text:strcat)
                  0002885c    0000001e     sysbios.aem4f : m3_Hwi_asm_switch.obj (.text:ti_sysbios_family_xxx_Hwi_switchAndRunFunc)
                  0002887a    00000002     --HOLE-- [fill = 0]
                  0002887c    0000001c     driverlib.lib : uart.obj (.text:UARTDisable)
                  00028898    0000001c     UART.obj (.text:UART_transmit)
                  000288b4    0000001c     ti.mw.fatfs.aem4f : diskio.oem4f (.text:disk_initialize)
                  000288d0    0000001c                       : diskio.oem4f (.text:disk_status)
                  000288ec    0000001c     drivers_tivaware.aem4f : GPIOTiva.oem4f (.text:getGpioIntIndex)
                  00028908    0000001c     ti.mw.fatfs.aem4f : ff.oem4f (.text:mem_cmp)
                  00028924    00000004     --HOLE-- [fill = 0]
                  00028928    0000001c     sysbios.aem4f : BIOS.obj (.text:ti_sysbios_family_arm_lm4_Seconds_get__E)
                  00028944    0000001c     SlaveController_pem4f.oem4f (.text:ti_sysbios_family_arm_m3_Hwi_Object__destruct__S)
                  00028960    0000001c     sysbios.aem4f : BIOS.obj (.text:ti_sysbios_gates_GateMutex_Instance_init__E)
                  0002897c    0000001c     SlaveController_pem4f.oem4f (.text:ti_sysbios_knl_Queue_Object__destruct__S)
                  00028998    0000001c     sysbios.aem4f : BIOS.obj (.text:ti_sysbios_knl_Queue_put__E)
                  000289b4    00000004     --HOLE-- [fill = 0]
                  000289b8    0000001c                   : BIOS.obj (.text:ti_sysbios_knl_Task_enter__I)
                  000289d4    0000001c     ti.targets.arm.rtsarm.aem4f : Error.oem4f (.text:xdc_runtime_Error_raiseX__E)
                  000289f0    0000001c                                 : Memory.oem4f (.text:xdc_runtime_Memory_valloc__E)
                  00028a0c    0000001c                                 : SysMin.oem4f (.text:xdc_runtime_SysMin_exit__E)
                  00028a28    0000001c                                 : System.oem4f (.text:xdc_runtime_System_abort__E)
                  00028a44    0000001a     SlaveController_pem4f.oem4f (.text:free)
                  00028a5e    0000001a     SlaveController_pem4f.oem4f (.text:ti_sysbios_family_arm_m3_Hwi_Handle__label__S)
                  00028a78    0000001a     SlaveController_pem4f.oem4f (.text:ti_sysbios_gates_GateHwi_Handle__label__S)
                  00028a92    0000001a     SlaveController_pem4f.oem4f (.text:ti_sysbios_gates_GateMutex_Handle__label__S)
                  00028aac    0000001a     SlaveController_pem4f.oem4f (.text:ti_sysbios_heaps_HeapMem_Handle__label__S)
                  00028ac6    0000001a     SlaveController_pem4f.oem4f (.text:ti_sysbios_knl_Swi_Handle__label__S)
                  00028ae0    0000001a     SlaveController_pem4f.oem4f (.text:ti_sysbios_knl_Task_Handle__label__S)
                  00028afa    0000001a     ti.mw.fatfs.aem4f : ff.oem4f (.text:unlock_fs)
                  00028b14    0000001a     SlaveController_pem4f.oem4f (.text:xdc_runtime_System_aprintf__E)
                  00028b2e    0000001a     SlaveController_pem4f.oem4f (.text:xdc_runtime_System_printf__E)
                  00028b48    00000018     driverlib.lib : gpio.obj (.text:GPIOPinTypeGPIOOutput)
                  00028b60    00000018     drivers_tivaware.aem4f : UART.oem4f (.text:UART_Params_init)
                  00028b78    00000018     UART.obj (.text:UART_receive)
                  00028b90    00000018     animator.obj (.text:_Z11readHalfIntPh)
                  00028ba8    00000018     ILI9341.obj (.text:_Z18ILI9341_fillScreenj)
                  00028bc0    00000018     ILI9341.obj (.text:_ZN33_INTERNAL_11_ILI9341_cpp_6ff9e12f8deselectEv)
                  00028bd8    00000018     rtsv7M4_T_le_v4SPD16_eabi.lib : args_main.c.obj (.text:_args_main)
                  00028bf0    00000018     ti.mw.fatfs.aem4f : ff.oem4f (.text:clust2sect)
                  00028c08    00000018                       : ffosal.oem4f (.text:ff_cre_syncobj)
                  00028c20    00000018     rtsv7M4_T_le_v4SPD16_eabi.lib : strcmp.c.obj (.text:strcmp)
                  00028c38    00000018     SlaveController_pem4f.oem4f (.text:ti_sysbios_BIOS_rtsUnlock__I)
                  00028c50    00000018     SlaveController_pem4f.oem4f (.text:ti_sysbios_family_arm_lm4_Timer_Module__startupDone__F)
                  00028c68    00000018     SlaveController_pem4f.oem4f (.text:ti_sysbios_family_arm_m3_Hwi_Module__startupDone__F)
                  00028c80    00000018     sysbios.aem4f : m3_TaskSupport_asm.obj (.text:ti_sysbios_family_arm_m3_TaskSupport_swap__E)
                  00028c98    00000018                   : BIOS.obj (.text:ti_sysbios_gates_GateMutex_leave__E)
                  00028cb0    00000018                   : BIOS.obj (.text:ti_sysbios_knl_Task_sleepTimeout__I)
                  00028cc8    00000018     SlaveController_pem4f.oem4f (.text:time)
                  00028ce0    00000018     driverlib.lib : udma.obj (.text:uDMAChannelDisable)
                  00028cf8    00000018                   : udma.obj (.text:uDMAChannelEnable)
                  00028d10    00000018                   : udma.obj (.text:uDMAChannelIsEnabled)
                  00028d28    00000018     ti.targets.arm.rtsarm.aem4f : Error.oem4f (.text:xdc_runtime_Error_check__E)
                  00028d40    00000018                                 : System.oem4f (.text:xdc_runtime_System_exit__E)
                  00028d58    00000018                                 : Text.oem4f (.text:xdc_runtime_Text_ropeText__E)
                  00028d70    00000016     tirtosport.aem4f : SemaphoreP_tirtos.oem4f (.text:SemaphoreP_delete)
                  00028d86    00000016     start.obj (.text:_ZN30_INTERNAL_9_start_cpp_c81e5b2e31ti_sysbios_knl_Task_Params_initEP26ti_sysbios_knl_Task_Params)
                  00028d9c    00000016     ti.mw.fatfs.aem4f : ff.oem4f (.text:mem_cpy)
                  00028db2    00000016     rtsv7M4_T_le_v4SPD16_eabi.lib : strchr.c.obj (.text:strchr)
                  00028dc8    00000016     SlaveController_pem4f.oem4f (.text:ti_sysbios_BIOS_exitFunc__I)
                  00028dde    00000016     EK_TM4C123GXL.obj (.text:ti_sysbios_family_arm_m3_Hwi_Params_init)
                  00028df4    00000014     drivers_tivaware.aem4f : SPI.oem4f (.text:SPI_Params_init)
                  00028e08    00000014     driverlib.lib : uart.obj (.text:UARTEnable)
                  00028e1c    00000014     animator.obj (.text:_Z28animator_setBackgroundColorsPKj)
                  00028e30    00000014     ti.mw.fatfs.aem4f : ffosal.oem4f (.text:ff_req_grant)
                  00028e44    00000014                       : ff.oem4f (.text:mem_set)
                  00028e58    00000014     rtsv7M4_T_le_v4SPD16_eabi.lib : strcpy.c.obj (.text:strcpy)
                  00028e6c    00000014                                   : strlen.c.obj (.text:strlen)
                  00028e80    00000014     SlaveController_pem4f.oem4f (.text:ti_sysbios_family_arm_m3_Hwi_Object__get__S)
                  00028e94    00000004     --HOLE-- [fill = 0]
                  00028e98    00000014     sysbios.aem4f : BIOS.obj (.text:ti_sysbios_family_arm_m3_Hwi_switchFromBootStack__E)
                  00028eac    00000014     SlaveController_pem4f.oem4f (.text:ti_sysbios_heaps_HeapMem_Object__get__S)
                  00028ec0    00000014     SlaveController_pem4f.oem4f (.text:ti_sysbios_knl_Swi_Object__get__S)
                  00028ed4    00000012     Flash.obj (.text:Flash_writeCommand)
                  00028ee6    00000012     driverlib.lib : gpio.obj (.text:GPIOPinTypeGPIOInput)
                  00028ef8    00000012                   : gpio.obj (.text:GPIOPinTypeSSI)
                  00028f0a    00000012                   : gpio.obj (.text:GPIOPinTypeUART)
                  00028f1c    00000012     drivers_tivaware.aem4f : RingBuf.oem4f (.text:RingBuf_construct)
                  00028f2e    00000012                            : SDSPITiva.oem4f (.text:SDSPITiva_init)
                  00028f40    00000012     driverlib.lib : ssi.obj (.text:SSIDataGetNonBlocking)
                  00028f52    00000012     tirtosport.aem4f : SemaphoreP_tirtos.oem4f (.text:SemaphoreP_pend)
                  00028f64    00000012     ti.mw.fatfs.aem4f : ff.oem4f (.text:chk_chr)
                  00028f76    00000012                       : ffcio.oem4f (.text:ffcio_rename)
                  00028f88    00000012                       : ffcio.oem4f (.text:ffcio_unlink)
                  00028f9a    00000006     driverlib.lib : gpio.obj (.text:GPIOIntClear)
                  00028fa0    00000012     sysbios.aem4f : BIOS.obj (.text:ti_sysbios_hal_Hwi_Module_startup__E)
                  00028fb2    00000012     SlaveController_pem4f.oem4f (.text:xdc_runtime_Startup_exec__I)
                  00028fc4    00000010     drivers_tivaware.aem4f : SDSPITiva.oem4f (.text:SDSPITiva_diskStatus)
                  00028fd4    00000010                            : SDSPI.oem4f (.text:SDSPI_Params_init)
                  00028fe4    00000010     SD.obj (.text:SD_closeFile)
                  00028ff4    00000010     UART.obj (.text:UART_sendByte)
                  00029004    00000010     ILI9341.obj (.text:_Z19beginSPITransactionv)
                  00029014    00000010     drivers_tivaware.aem4f : UARTTiva.oem4f (.text:readBlockingTimeout)
                  00029024    00000010     ti.mw.fatfs.aem4f : ff.oem4f (.text:st_clust)
                  00029034    00000004     --HOLE-- [fill = 0]
                  00029038    00000010     sysbios.aem4f : BIOS.obj (.text:ti_sysbios_BIOS_getCpuFreq__E)
                  00029048    00000010                   : BIOS.obj (.text:ti_sysbios_BIOS_setThreadType__E)
                  00029058    00000010                   : BIOS.obj (.text:ti_sysbios_BIOS_start__E)
                  00029068    00000010                   : BIOS.obj (.text:ti_sysbios_family_arm_lm4_TimestampProvider_rolloverFunc__E)
                  00029078    00000010                   : m3_TaskSupport_asm.obj (.text:ti_sysbios_family_arm_m3_TaskSupport_glue)
                  00029088    00000010                   : BIOS.obj (.text:ti_sysbios_gates_GateMutex_Instance_finalize__E)
                  00029098    00000010                   : BIOS.obj (.text:ti_sysbios_knl_Semaphore_Instance_finalize__E)
                  000290a8    00000010                   : BIOS.obj (.text:ti_sysbios_knl_Swi_disable__E)
                  000290b8    00000010     SlaveController_pem4f.oem4f (.text:ti_sysbios_knl_Task_Object__get__S)
                  000290c8    00000010     sysbios.aem4f : BIOS.obj (.text:ti_sysbios_knl_Task_disable__E)
                  000290d8    00000010     driverlib.lib : udma.obj (.text:uDMAEnable)
                  000290e8    00000010     ti.targets.arm.rtsarm.aem4f : Gate.oem4f (.text:xdc_runtime_Gate_leaveSystem__E)
                  000290f8    00000010                                 : Memory.oem4f (.text:xdc_runtime_Memory_free__E)
                  00029108    00000010                                 : SysMin.oem4f (.text:xdc_runtime_SysMin_ready__E)
                  00029118    00000010                                 : System.oem4f (.text:xdc_runtime_System_vsnprintf__E)
                  00029128    00000010     SlaveController_pem4f.oem4f (.text:xdc_runtime_Text_visitRope__I)
                  00029138    0000000e     driverlib.lib : gpio.obj (.text:GPIOIntStatus)
                  00029146    0000000e                   : uart.obj (.text:UARTCharGetNonBlocking)
                  00029154    0000000e                   : uart.obj (.text:UARTCharPutNonBlocking)
                  00029162    0000000e     rtsv7M4_T_le_v4SPD16_eabi.lib : copy_decompress_none.c.obj (.text:decompress:none:__TI_decompress_none)
                  00029170    0000000e     sysbios.aem4f : BIOS.obj (.text:ti_sysbios_knl_Idle_loop__E)
                  0002917e    00000002     --HOLE-- [fill = 0]
                  00029180    0000000e                   : BIOS.obj (.text:ti_sysbios_knl_Queue_empty__E)
                  0002918e    00000002     --HOLE-- [fill = 0]
                  00029190    0000000c     SlaveController_pem4f.oem4f (.text:.bootCodeSection:ti_catalog_arm_cortexm4_tiva_ce_Boot_init__I)
                  0002919c    0000000c     drivers_tivaware.aem4f : RingBuf.oem4f (.text:RingBuf_peek)
                  000291a8    0000000c     driverlib.lib : ssi.obj (.text:SSIDataGet)
                  000291b4    0000000c                   : uart.obj (.text:UARTFlowControlSet)
                  000291c0    0000000c     drivers_tivaware.aem4f : UARTTiva.oem4f (.text:UARTTiva_init)
                  000291cc    0000000c     rtsv7M4_T_le_v4SPD16_eabi.lib : _lock.c.obj (.text:_register_lock)
                  000291d8    0000000c                                   : _lock.c.obj (.text:_register_unlock)
                  000291e4    0000000c                                   : copy_zero_init.c.obj (.text:decompress:ZI:__TI_zero_init)
                  000291f0    0000000c     Utils.obj (.text:sleep)
                  000291fc    00000004     --HOLE-- [fill = 0]
                  00029200    0000000c     sysbios.aem4f : BIOS.obj (.text:ti_sysbios_family_arm_lm4_Timer_getMaxTicks__E)
                  0002920c    00000004     --HOLE-- [fill = 0]
                  00029210    0000000c                   : BIOS.obj (.text:ti_sysbios_family_arm_lm4_TimestampProvider_startTimer__E)
                  0002921c    0000000c     SlaveController_pem4f.oem4f (.text:ti_sysbios_family_arm_m3_Hwi_Params__init__S)
                  00029228    0000000c     sysbios.aem4f : BIOS.obj (.text:ti_sysbios_family_arm_m3_Hwi_disableFxn__E)
                  00029234    00000004     --HOLE-- [fill = 0]
                  00029238    0000000c                   : BIOS.obj (.text:ti_sysbios_family_arm_m3_TaskSupport_checkStack__E)
                  00029244    00000004     --HOLE-- [fill = 0]
                  00029248    0000000c                   : BIOS.obj (.text:ti_sysbios_family_arm_m3_TaskSupport_getStackAlignment__E)
                  00029254    00000004     --HOLE-- [fill = 0]
                  00029258    0000000c                   : BIOS.obj (.text:ti_sysbios_gates_GateHwi_enter__E)
                  00029264    0000000c     SlaveController_pem4f.oem4f (.text:ti_sysbios_knl_Clock_Params__init__S)
                  00029270    0000000c     sysbios.aem4f : BIOS.obj (.text:ti_sysbios_knl_Clock_getTicks__E)
                  0002927c    0000000c     SlaveController_pem4f.oem4f (.text:ti_sysbios_knl_Queue_Object__get__S)
                  00029288    0000000c     SlaveController_pem4f.oem4f (.text:ti_sysbios_knl_Semaphore_Params__init__S)
                  00029294    0000000c     SlaveController_pem4f.oem4f (.text:ti_sysbios_knl_Task_Params__init__S)
                  000292a0    0000000c     driverlib.lib : udma.obj (.text:uDMAControlBaseSet)
                  000292ac    0000000c                   : udma.obj (.text:uDMAErrorStatusClear)
                  000292b8    0000000c                   : udma.obj (.text:uDMAErrorStatusGet)
                  000292c4    0000000c                   : udma.obj (.text:uDMAIntStatus)
                  000292d0    0000000c     ti.targets.arm.rtsarm.aem4f : Error.oem4f (.text:xdc_runtime_Error_init__E)
                  000292dc    0000000c                                 : Gate.oem4f (.text:xdc_runtime_Gate_enterSystem__E)
                  000292e8    0000000c                                 : Memory.oem4f (.text:xdc_runtime_Memory_calloc__E)
                  000292f4    0000000c                                 : Memory.oem4f (.text:xdc_runtime_Memory_getMaxDefaultTypeAlign__E)
                  00029300    0000000a     Flash.obj (.text:Flash_transferSPI)
                  0002930a    0000000a     drivers_tivaware.aem4f : SPITivaDMA.oem4f (.text:SPITivaDMA_init)
                  00029314    0000000a                            : SPI.oem4f (.text:SPI_transfer)
                  0002931e    0000000a     driverlib.lib : ssi.obj (.text:SSIDMADisable)
                  00029328    0000000a                   : ssi.obj (.text:SSIDataPut)
                  00029332    0000000a                   : ssi.obj (.text:SSIDisable)
                  0002933c    0000000a                   : ssi.obj (.text:SSIEnable)
                  00029346    0000000a                   : ssi.obj (.text:SSIIntDisable)
                  00029350    0000000a     tirtosport.aem4f : SemaphoreP_tirtos.oem4f (.text:SemaphoreP_post)
                  0002935a    0000000a     driverlib.lib : uart.obj (.text:UARTCharGet)
                  00029364    0000000a                   : uart.obj (.text:UARTCharPut)
                  0002936e    0000000a                   : uart.obj (.text:UARTIntDisable)
                  00029378    0000000a                   : uart.obj (.text:UARTIntStatus)
                  00029382    0000000a     drivers_tivaware.aem4f : UART.oem4f (.text:UART_read)
                  0002938c    0000000a                            : UART.oem4f (.text:UART_write)
                  00029396    0000000a     ti.mw.fatfs.aem4f : ffosal.oem4f (.text:ff_del_syncobj)
                  000293a0    0000000a     SlaveController_pem4f.oem4f (.text:xdc_runtime_IHeap_alloc)
                  000293aa    0000000a     SlaveController_pem4f.oem4f (.text:xdc_runtime_IHeap_free)
                  000293b4    00000008     driverlib.lib : ssi.obj (.text:SSIDMAEnable)
                  000293bc    00000008                   : ssi.obj (.text:SSIIntEnable)
                  000293c4    00000008                   : uart.obj (.text:UARTIntEnable)
                  000293cc    00000008                   : uart.obj (.text:UARTRxErrorGet)
                  000293d4    00000008     Utils.obj (.text:millis)
                  000293dc    00000008     drivers_tivaware.aem4f : UARTTiva.oem4f (.text:readSemCallback)
                  000293e4    00000008     sysbios.aem4f : BIOS.obj (.text:ti_sysbios_family_arm_lm4_Timer_masterDisable__I)
                  000293ec    00000004     --HOLE-- [fill = 0]
[...]
00028dc9  ti_sysbios_BIOS_exitFunc__I                                       
00028df5  SPI_Params_init                                                   
00028e09  UARTEnable                                                        
00028e1d  _Z28animator_setBackgroundColorsPKj                               
00028e31  ff_req_grant                                                      
00028e59  strcpy                                                            
00028e6d  strlen                                                            
00028e81  ti_sysbios_family_arm_m3_Hwi_Object__get__S                       
00028e99  ti_sysbios_family_arm_m3_Hwi_switchFromBootStack__E               
00028e99  ti_sysbios_hal_Hwi_HwiProxy_switchFromBootStack__E                
00028e99  ti_sysbios_hal_Hwi_switchFromBootStack__E                         
00028ead  ti_sysbios_heaps_HeapMem_Object__get__S                           
00028ec1  ti_sysbios_knl_Swi_Object__get__S                                 
00028ed5  Flash_writeCommand                                                
00028ee7  GPIOPinTypeGPIOInput                                              
00028ef9  GPIOPinTypeSSI                                                    
00028f0b  GPIOPinTypeUART                                                   
00028f1d  RingBuf_construct                                                 
00028f2f  SDSPITiva_init                                                    
00028f41  SSIDataGetNonBlocking                                             
00028f53  SemaphoreP_pend                                                   
00028f77  ffcio_rename                                                      
00028f89  ffcio_unlink                                                      
00028f9b  GPIOIntClear                                                      
00028fa1  ti_sysbios_hal_Hwi_Module_startup__E                              
00028fb3  xdc_runtime_Startup_exec__I                                       
00028fc5  SDSPITiva_diskStatus                                              
00028fd5  SDSPI_Params_init                                                 
00028fe5  SD_closeFile                                                      
00028ff5  UART_sendByte                                                     
00029005  _Z19beginSPITransactionv                                          
00029039  ti_sysbios_BIOS_getCpuFreq__E                                     
00029039  ti_sysbios_family_arm_lm4_TimestampProvider_getFreq__E            
00029039  xdc_runtime_Timestamp_SupportProxy_getFreq__E                     
00029039  xdc_runtime_Timestamp_getFreq__E                                  
00029049  ti_sysbios_BIOS_setThreadType__E                                  
00029059  osi_start                                                         
00029059  ti_sysbios_BIOS_start__E                                          
00029069  ti_sysbios_family_arm_lm4_TimestampProvider_rolloverFunc__E       
00029079  ti_sysbios_family_arm_m3_TaskSupport_glue                         
00029089  ti_sysbios_gates_GateMutex_Instance_finalize__E                   
00029099  ti_sysbios_knl_Semaphore_Instance_finalize__E                     
000290a9  ti_sysbios_knl_Swi_disable__E                                     
000290b9  ti_sysbios_knl_Task_Object__get__S                                
000290c9  osi_TaskDisable                                                   
000290c9  ti_sysbios_knl_Task_disable__E                                    
000290d9  uDMAEnable                                                        
000290e9  xdc_runtime_Gate_leaveSystem__E                                   
000290f9  xdc_runtime_Memory_free__E                                        
00029109  xdc_runtime_SysMin_ready__E                                       
00029109  xdc_runtime_System_SupportProxy_ready__E                          
00029119  xdc_runtime_System_vsnprintf__E                                   
00029129  xdc_runtime_Text_visitRope__I                                     
00029139  GPIOIntStatus                                                     
00029147  UARTCharGetNonBlocking                                            
00029155  UARTCharPutNonBlocking                                            
00029163  __TI_decompress_none                                              
00029171  ti_sysbios_knl_Idle_loop__E                                       
00029181  ti_sysbios_knl_Queue_empty__E                                     
00029191  ti_catalog_arm_cortexm4_tiva_ce_Boot_init__I                      
0002919d  RingBuf_peek                                                      
000291a9  SSIDataGet                                                        
000291b5  UARTFlowControlSet                                                
000291c1  UARTTiva_init                                                     
000291cd  _register_lock                                                    
000291d9  _register_unlock                                                  
000291e5  __TI_zero_init                                                    
000291f1  sleep                                                             
00029201  ti_sysbios_family_arm_lm4_Timer_getMaxTicks__E                    
00029211  ti_sysbios_family_arm_lm4_TimestampProvider_startTimer__E         
0002921d  ti_sysbios_family_arm_m3_Hwi_Params__init__S                      
0002921d  ti_sysbios_hal_Hwi_HwiProxy_Params__init__S                       
00029229  ti_sysbios_family_arm_m3_Hwi_disableFxn__E                        
00029229  ti_sysbios_hal_Hwi_HwiProxy_disable__E                            
00029239  ti_sysbios_family_arm_m3_TaskSupport_checkStack__E                
00029239  ti_sysbios_knl_Task_SupportProxy_checkStack__E                    
00029249  ti_sysbios_family_arm_m3_TaskSupport_getStackAlignment__E         
00029249  ti_sysbios_knl_Task_SupportProxy_getStackAlignment__E             
00029259  ti_sysbios_gates_GateHwi_enter__E                                 
00029265  ti_sysbios_knl_Clock_Params__init__S                              
00029271  ti_sysbios_knl_Clock_getTicks__E                                  
0002927d  ti_sysbios_knl_Queue_Object__get__S                               
00029289  ti_sysbios_knl_Semaphore_Params__init__S                          
00029295  ti_sysbios_knl_Task_Params__init__S                               
000292a1  uDMAControlBaseSet                                                
000292ad  uDMAErrorStatusClear                                              
000292b9  uDMAErrorStatusGet                                                
000292c5  uDMAIntStatus                                                     
000292d1  xdc_runtime_Error_init__E                                         
000292dd  xdc_runtime_Gate_enterSystem__E                                   
000292e9  xdc_runtime_Memory_calloc__E                                      
000292f5  xdc_runtime_Memory_getMaxDefaultTypeAlign__E                      
00029301  Flash_transferSPI                                                 
0002930b  SPITivaDMA_init                                                   
00029315  SPI_transfer                                                      
0002931f  SSIDMADisable                                                     
00029329  SSIDataPut                                                        
00029333  SSIDisable                                                        
0002933d  SSIEnable                                                         
00029347  SSIIntDisable                                                     
00029351  SemaphoreP_post                                                   
00029351  SemaphoreP_postFromClock                                          
00029351  SemaphoreP_postFromISR                                            
0002935b  UARTCharGet                                                       
00029365  UARTCharPut                                                       
0002936f  UARTIntDisable                                                    
00029379  UARTIntStatus                                                     
00029383  UART_read                                                         
0002938d  UART_write                                                        
00029397  ff_del_syncobj                                                    
000293a1  xdc_runtime_Memory_HeapProxy_alloc__E                             
000293ab  xdc_runtime_Memory_HeapProxy_free__E                              
000293b5  SSIDMAEnable                                                      
000293bd  SSIIntEnable                                                      
000293c5  UARTIntEnable                                                     
000293cd  UARTRxErrorGet                                                    
000293d5  millis                                                            
000293e5  ti_sysbios_family_arm_lm4_Timer_masterDisable__I                  
000293f1  ti_sysbios_family_arm_m3_Hwi_doSwiRestore__I                      
000293f9  ti_sysbios_family_arm_m3_Hwi_startup__E                           
000293f9  ti_sysbios_hal_Hwi_HwiProxy_startup__E                            
000293f9  ti_sysbios_hal_Hwi_startup__E                                     
00029409  GPIOPinWrite                                                      
0002940f  SDSPITiva_control                                                 
00029415  SPITivaDMA_control                                                
00029421  UARTFIFOLevelSet                                                  
00029427  UARTRxErrorClear                                                  
00029433  ti_catalog_arm_cortexm4_tiva_ce_Boot_sysCtlDelayI__I              
00029439  ti_sysbios_family_arm_lm4_TimestampProvider_Module_startup__E     
00029441  ti_sysbios_family_arm_m3_Hwi_doTaskRestore__I                     
00029449  ti_sysbios_family_arm_m3_Hwi_restoreFxn__E                        
00029449  ti_sysbios_hal_Hwi_HwiProxy_restore__E                            
00029451  ti_sysbios_gates_GateHwi_leave__E                                 
00029459  ti_sysbios_heaps_HeapMem_isBlocking__E                            
00029461  ti_sysbios_knl_Clock_stop__E                                      
00029469  ti_sysbios_knl_Queue_Instance_init__E                             
00029471  ti_sysbios_knl_Swi_startup__E                                     
00029477  xdc_runtime_System_Module_startup__E                              
00029481  ti_sysbios_family_arm_lm4_Timer_getPeriod__E                      
00029489  ti_sysbios_gates_GateHwi_query__E                                 
00029489  xdc_runtime_Main_Module_GateProxy_query__E                        
00029489  xdc_runtime_System_Module_GateProxy_query__E                      
00029491  ti_sysbios_BIOS_RtsGateProxy_query__E                             
00029491  ti_sysbios_gates_GateMutex_query__E                               
00029491  ti_sysbios_heaps_HeapMem_Module_GateProxy_query__E                
00029499  ti_sysbios_knl_Task_startup__E                                    
000294a1  ti_sysbios_gates_GateHwi_Instance_init__E                         
000294a9  ti_sysbios_knl_Clock_logTick__E                                   
000294b0  __TI_static_base__                                                
0002970c  __TI_Handler_Table_Base                                           
00029718  __TI_Handler_Table_Limit                                          
00029728  __TI_CINIT_Base                                                   
00029740  __TI_CINIT_Limit                                                  
20000000  __start___llvm_prf_cnts                                           
20000000  __stop___llvm_prf_cnts                                            
20000000  ti_sysbios_family_arm_m3_Hwi_ramVectors                           
20000400  ti_sysbios_heaps_HeapMem_Instance_State_0_buf__A                  
20002400  st                                                                
20004340  animation                                                         
20005600  finalColors                                                       
20005b04  ti_sysbios_family_arm_m3_Hwi_dispatchTable                        
20005e64  buffer                                                            
20006120  sdspiTivaObjects                                                  
20006360  __TI_tmpnams                                                      
20006600  ti_sysbios_knl_Task_Instance_State_0_stack__A                     
20006800  layer                                                             
20006944  Flash_txBuffer                                                    
20006a70  smallBuffer2                                                      
20006b9c  __CIOBUF_                                                         
20006cbc  rowsToUpdate                                                      
20006db0  spiTivaDMAObjects                                                 
20006e94  spriteSendables                                                   
20006f74  uartTivaObjects                                                   
200070d0  xdc_runtime_SysMin_Module_State_0_outbuf__A                       
20007150  ts                                                                
200071c8  uartParams                                                        
200071ec  Flash_spi_params                                                  
2000720c  uartTivaRingBuffer                                                
20007248  Flash_transaction                                                 
2000726c  backgroundColorIndex                                              
2000727c  colors                                                            
2000729c  Flash_spi                                                         
200072a0  spiTivaDMAscratchBuf                                              
200072ac  parmbuf                                                           
200072b4  sdspiParams                                                       
200072bc  backgroundColors                                                  
200072c0  bufferptr                                                         
200072c8  persistentBackgroundMemLocation                                   
200072cc  sdspiHandle                                                       
200072d0  src                                                               
200072d4  uart                                                              
200072dc  _ftable                                                           
200073cc  ti_sysbios_family_arm_lm4_Timer_Object__table__V                  
2000744c  ti_sysbios_knl_Swi_Module_State_0_readyQ__A                       
200074cc  ti_sysbios_knl_Task_Module_State_0_readyQ__A                      
2000754c  _device                                                           
200075c4  _stream                                                           
20007664  ti_sysbios_knl_Task_Object__table__V                              
200076b0  ti_sysbios_knl_Task_Module__state__V                              
200076f4  ti_sysbios_gates_GateMutex_Object__table__V                       
2000772c  ti_sysbios_family_arm_m3_Hwi_Module__state__V                     
20007760  ti_sysbios_family_arm_lm4_Timer_Module_State_0_device__A          
20007790  ti_sysbios_family_arm_m3_Hwi_Object__table__V                     
200077c0  ti_sysbios_knl_Swi_Object__table__V                               
200077f0  ti_sysbios_knl_Clock_Module__state__V                             
20007840  ti_sysbios_BIOS_Module__state__V                                  
20007864  ti_sysbios_knl_Swi_Module__state__V                               
20007880  ti_sysbios_family_arm_lm4_Timer_Module_State_0_handles__A         
20007898  ti_sysbios_heaps_HeapMem_Object__table__V                         
200078b0  gpioPinConfigs                                                    
200078c4  _tz                                                               
200078d4  __TI_ft_end                                                       
200078d8  __aeabi_stdin                                                     
200078dc  __aeabi_stdout                                                    
200078e0  __aeabi_stderr                                                    
200078e4  __TI_cleanup_ptr                                                  
200078e8  __TI_dtors_ptr                                                    
200078ec  __TI_enable_exit_profile_output                                   
200078f0  ti_sysbios_family_arm_lm4_Timer_Module__state__V                  
200078fc  xdc_runtime_SysMin_Module__state__V                               
20007908  _lock                                                             
2000790c  _unlock                                                           
20007910  gpioCallbackFunctions                                             
20007918  ti_sysbios_family_arm_lm4_Seconds_Module__state__V                
20007920  ti_sysbios_family_arm_lm4_TimestampProvider_Module__state__V      
20007928  ti_sysbios_family_arm_m3_Hwi_Module__root__V                      
20007930  ti_sysbios_gates_GateHwi_Module__root__V                          
20007938  ti_sysbios_gates_GateMutex_Module__root__V                        
20007940  ti_sysbios_heaps_HeapMem_Module__root__V                          
20007948  ti_sysbios_knl_Clock_Module__root__V                              
20007950  ti_sysbios_knl_Queue_Module__root__V                              
20007958  ti_sysbios_knl_Semaphore_Module__root__V                          
20007960  ti_sysbios_knl_Task_Module__root__V                               
20007968  xdc_runtime_Registry_Module__state__V                             
20007970  xdc_runtime_Startup_Module__state__V                              
20007978  xdc_runtime_System_Module_State_0_atexitHandlers__A               
20007980  xdc_runtime_System_Module__state__V                               
2000798e  ti_sysbios_family_arm_m3_Hwi_Module_State_0_excActive__A          
20007990  currentLocation                                                   
20007994  activeAnimations                                                  
20007996  toRemove                                                          
200079b4  main_func_sp                                                      
200079bc  ti_sysbios_family_arm_m3_Hwi_Module_State_0_excContext__A         
200079c0  ti_sysbios_family_arm_m3_Hwi_Module_State_0_excStack__A           
200079c4  ti_sysbios_gates_GateHwi_Object__table__V                         
200079c8  ti_sysbios_knl_Task_Module_State_0_idleTask__A                    
200079cc  xdc_runtime_Memory_Module__state__V                               
200079d0  xdc_runtime_Error_Module__state__V                                
200079d8  __stack                                                           
20007dd8  __STACK_END                                                       
e000e000  ti_sysbios_family_arm_m3_Hwi_nvic                                 
ffffffff  __TI_pprof_out_hndl                                               
ffffffff  __TI_prof_data_size                                               
ffffffff  __TI_prof_data_start                                              
ffffffff  __binit__                                                         
ffffffff  __c_args__                                                        
ffffffff  binit                                                             
UNDEFED   SHT$$INIT_ARRAY$$Base                                             
UNDEFED   SHT$$INIT_ARRAY$$Limit                                            

[844 symbols]
