******************************************************************************
                  TI ARM Linker PC v19.6.0                     
******************************************************************************
>> Linked Mon May  4 23:03:41 2020

OUTPUT FILE NAME:   <SlaveController.out>
ENTRY POINT SYMBOL: "_c_int00"  address: 00037afd


MEMORY CONFIGURATION

         name            origin    length      used     unused   attr    fill
----------------------  --------  ---------  --------  --------  ----  --------
  FLASH                 00000000   00040000  0003aeb6  0000514a  R  X
  SRAM                  20000000   00008000  00007978  00000688  RW X


SEGMENT ALLOCATION MAP

run origin  load origin   length   init length attrs members
----------  ----------- ---------- ----------- ----- -------
00000000    00000000    0003aec0   0003aec0    r-x
  00000000    00000000    0000003c   0000003c    r-- .resetVecs
  0000003c    0000003c    0002f1a0   0002f1a0    r-- .const
  0002f1e0    0002f1e0    0000ba4a   0000ba4a    r-x .text
  0003ac30    0003ac30    00000290   00000290    r-- .cinit
20000000    20000000    00000360   00000000    rw-
  20000000    20000000    00000360   00000000    rw- .vecs
20000400    20000400    00007620   00000000    rw-
  20000400    20000400    00006b26   00000000    rw- .bss
  20006f28    20006f28    000006f2   00000000    rw- .data
  20007620    20007620    00000400   00000000    rw- .stack


SECTION ALLOCATION MAP

 output                                  attributes/
section   page    origin      length       input sections
--------  ----  ----------  ----------   ----------------
.const     0    0000003c    0002f1a0     
                  0000003c    0001a638     start.obj (.const:colors_tower)
                  0001a674    0000daa8     start.obj (.const:colors_charmenu)
                  0002811c    00001885     SlaveController_pem4f.oem4f (.const:xdc_runtime_Text_charTab__A)
                  000299a1    00000f00     animator.obj (.const:animations)
                  0002a8a1    00000001     SlaveController_pem4f.oem4f (.const:xdc_runtime_Error_policy__C)
                  0002a8a2    00000002     SlaveController_pem4f.oem4f (.const:ti_catalog_arm_cortexm4_tiva_ce_Boot_Module__id__C)
                  0002a8a4    00000400     start.obj (.const:colors_eer)
                  0002aca4    00000400     start.obj (.const:colors_fdst)
                  0002b0a4    00000400     start.obj (.const:colors_gregory)
                  0002b4a4    00000400     start.obj (.const:colors_smashville)
                  0002b8a4    00000400     start.obj (.const:colors_stagemenu)
                  0002bca4    000003fc     start.obj (.const:colors_battle)
                  0002c0a0    00000364     start.obj (.const:colors_w1va)
                  0002c404    00000364     start.obj (.const:colors_w1vac)
                  0002c768    0000034c     start.obj (.const:colors_w1gw)
                  0002cab4    0000034c     start.obj (.const:colors_w1gwc)
                  0002ce00    00000348     start.obj (.const:colors_w1kb)
                  0002d148    00000348     start.obj (.const:colors_w1kbc)
                  0002d490    00000238     start.obj (.const:colors_w2va)
                  0002d6c8    00000238     start.obj (.const:colors_w2vac)
                  0002d900    00000220     start.obj (.const:colors_w2gw)
                  0002db20    00000220     start.obj (.const:colors_w2gwc)
                  0002dd40    0000021c     start.obj (.const:colors_w2kb)
                  0002df5c    0000021c     start.obj (.const:colors_w2kbc)
                  0002e178    00000198     animator.obj (.const:colors_misc)
                  0002e310    00000130     animator.obj (.const:colors_kirby)
                  0002e440    000000cc     SlaveController_pem4f.oem4f (.const:xdc_runtime_Text_nodeTab__A)
                  0002e50c    000000b6     start.obj (.const:persistentSprites)
                  0002e5c2    00000002     SlaveController_pem4f.oem4f (.const:ti_sysbios_family_arm_lm4_TimestampProvider_useClockTimer__C)
                  0002e5c4    000000ac     animator.obj (.const:colors_valvano)
                  0002e670    000000a8     animator.obj (.const:colors_menu)
                  0002e718    00000090     driverlib.lib : gpio.obj (.const:g_pui32GPIOBaseAddrs)
                  0002e7a8    0000007f     ILI9341.obj (.const:.string:cmd_ili9341)
                  0002e827    00000001     --HOLE-- [fill = 0]
                  0002e828    00000078     EK_TM4C123GXL.obj (.const:spiTivaDMAHWAttrs)
                  0002e8a0    00000064     drivers_tivaware.aem4f : SPITivaDMA.oem4f (.const)
                  0002e904    00000060     rtsv7M4_T_le_v4SPD16_eabi.lib : mktime.c.obj (.const:$O1$$)
                  0002e964    0000005c     animator.obj (.const:colors_gameandwatch)
                  0002e9c0    00000054     drivers_tivaware.aem4f : GPIOTiva.oem4f (.const:.string)
                  0002ea14    0000004c                            : UARTTiva.oem4f (.const)
                  0002ea60    00000048     SlaveController_pem4f.oem4f (.const:.string)
                  0002eaa8    00000048     drivers_tivaware.aem4f : GPIOTiva.oem4f (.const:gpioBaseAddresses)
                  0002eaf0    00000046     SD.obj (.const:.string:$P$T0$1)
                  0002eb36    00000046     animator.obj (.const:characterNames)
                  0002eb7c    0000003c     SlaveController_pem4f.oem4f (.const:ti_sysbios_knl_Task_Object__PARAMS__C)
                  0002ebb8    00000030     EK_TM4C123GXL.obj (.const:SPI_config)
                  0002ebe8    00000030     SlaveController_pem4f.oem4f (.const:ti_sysbios_family_arm_m3_Hwi_Object__PARAMS__C)
                  0002ec18    00000028     animator.obj (.const:.string:$P$T0$1)
                  0002ec40    00000028     animator.obj (.const:.string:$P$T2$3)
                  0002ec68    00000028     drivers_tivaware.aem4f : UARTTiva.oem4f (.const:UARTTiva_fxnTable)
                  0002ec90    00000028     SlaveController_pem4f.oem4f (.const:ti_sysbios_heaps_HeapMem_Module__FXNS__C)
                  0002ecb8    00000024     drivers_tivaware.aem4f : UART.oem4f (.const:UART_defaultParams)
                  0002ecdc    00000024     EK_TM4C123GXL.obj (.const:sdspiTivaHWattrs)
                  0002ed00    00000024     SlaveController_pem4f.oem4f (.const:ti_sysbios_gates_GateHwi_Module__FXNS__C)
                  0002ed24    00000024     SlaveController_pem4f.oem4f (.const:ti_sysbios_gates_GateMutex_Module__FXNS__C)
                  0002ed48    00000024     SlaveController_pem4f.oem4f (.const:ti_sysbios_heaps_HeapMem_Object__PARAMS__C)
                  0002ed6c    00000024     SlaveController_pem4f.oem4f (.const:ti_sysbios_knl_Clock_Object__PARAMS__C)
                  0002ed90    00000024     SlaveController_pem4f.oem4f (.const:ti_sysbios_knl_Semaphore_Object__PARAMS__C)
                  0002edb4    00000024     SlaveController_pem4f.oem4f (.const:xdc_runtime_Startup_sfxnTab__A)
                  0002edd8    00000020     drivers_tivaware.aem4f : SPI.oem4f (.const)
                  0002edf8    00000020     SlaveController_pem4f.oem4f (.const:ti_sysbios_family_arm_m3_Hwi_Object__DESC__C)
                  0002ee18    00000020     SlaveController_pem4f.oem4f (.const:ti_sysbios_gates_GateHwi_Object__DESC__C)
                  0002ee38    00000020     SlaveController_pem4f.oem4f (.const:ti_sysbios_gates_GateMutex_Object__DESC__C)
                  0002ee58    00000020     SlaveController_pem4f.oem4f (.const:ti_sysbios_heaps_HeapMem_Object__DESC__C)
                  0002ee78    00000020     SlaveController_pem4f.oem4f (.const:ti_sysbios_knl_Clock_Object__DESC__C)
                  0002ee98    00000020     SlaveController_pem4f.oem4f (.const:ti_sysbios_knl_Queue_Object__DESC__C)
                  0002eeb8    00000020     SlaveController_pem4f.oem4f (.const:ti_sysbios_knl_Semaphore_Object__DESC__C)
                  0002eed8    00000020     SlaveController_pem4f.oem4f (.const:ti_sysbios_knl_Task_Object__DESC__C)
                  0002eef8    00000018     EK_TM4C123GXL.obj (.const:SDSPI_config)
                  0002ef10    00000018     EK_TM4C123GXL.obj (.const:UART_config)
                  0002ef28    00000018     SlaveController_pem4f.oem4f (.const:ti_sysbios_gates_GateHwi_Object__PARAMS__C)
                  0002ef40    00000018     SlaveController_pem4f.oem4f (.const:ti_sysbios_gates_GateMutex_Object__PARAMS__C)
                  0002ef58    00000018     SlaveController_pem4f.oem4f (.const:ti_sysbios_knl_Queue_Object__PARAMS__C)
                  0002ef70    00000018     EK_TM4C123GXL.obj (.const:uartTivaHWAttrs)
                  0002ef88    00000014     EK_TM4C123GXL.obj (.const:GPIOTiva_config)
                  0002ef9c    00000014     SlaveController_pem4f.oem4f (.const:xdc_runtime_Startup_firstFxns__A)
                  0002efb0    00000012     SlaveController_pem4f.oem4f (.const:xdc_runtime_Startup_sfxnRts__A)
                  0002efc2    00000002     SlaveController_pem4f.oem4f (.const:ti_sysbios_family_arm_m3_Hwi_Module__id__C)
                  0002efc4    00000010     drivers_tivaware.aem4f : SDSPITiva.oem4f (.const)
                  0002efd4    00000008                            : SDSPI.oem4f (.const)
                  0002efdc    00000008     SlaveController_pem4f.oem4f (.const:ti_sysbios_family_arm_m3_Hwi_excHookFuncs__A)
                  0002efe4    00000008     SlaveController_pem4f.oem4f (.const:ti_sysbios_knl_Idle_funcList__C)
                  0002efec    00000008     SlaveController_pem4f.oem4f (.const:xdc_runtime_Startup_firstFxns__C)
                  0002eff4    00000008     SlaveController_pem4f.oem4f (.const:xdc_runtime_Startup_lastFxns__C)
                  0002effc    00000005     animator.obj (.const:.string:$P$T1$2)
                  0002f001    00000005     animator.obj (.const:.string:$P$T3$4)
                  0002f006    00000002     SlaveController_pem4f.oem4f (.const:ti_sysbios_gates_GateMutex_Module__id__C)
                  0002f008    00000004     SlaveController_pem4f.oem4f (.const:ti_catalog_arm_cortexm4_tiva_ce_Boot_A_mustUseEnhancedClockMode__C)
                  0002f00c    00000004     SlaveController_pem4f.oem4f (.const:ti_catalog_arm_cortexm4_tiva_ce_Boot_Module__diagsEnabled__C)
                  0002f010    00000004     SlaveController_pem4f.oem4f (.const:ti_catalog_arm_cortexm4_tiva_ce_Boot_Module__diagsIncluded__C)
                  0002f014    00000004     SlaveController_pem4f.oem4f (.const:ti_catalog_arm_cortexm4_tiva_ce_Boot_Module__diagsMask__C)
                  0002f018    00000004     SlaveController_pem4f.oem4f (.const:ti_sysbios_family_arm_lm4_Timer_enableFunc__C)
                  0002f01c    00000004     SlaveController_pem4f.oem4f (.const:ti_sysbios_family_arm_lm4_Timer_numTimerDevices__C)
                  0002f020    00000004     SlaveController_pem4f.oem4f (.const:ti_sysbios_family_arm_lm4_Timer_startupNeeded__C)
                  0002f024    00000004     SlaveController_pem4f.oem4f (.const:ti_sysbios_family_arm_m3_Hwi_E_NMI__C)
                  0002f028    00000004     SlaveController_pem4f.oem4f (.const:ti_sysbios_family_arm_m3_Hwi_E_alreadyDefined__C)
                  0002f02c    00000004     SlaveController_pem4f.oem4f (.const:ti_sysbios_family_arm_m3_Hwi_E_busFault__C)
                  0002f030    00000004     SlaveController_pem4f.oem4f (.const:ti_sysbios_family_arm_m3_Hwi_E_debugMon__C)
                  0002f034    00000004     SlaveController_pem4f.oem4f (.const:ti_sysbios_family_arm_m3_Hwi_E_hardFault__C)
                  0002f038    00000004     SlaveController_pem4f.oem4f (.const:ti_sysbios_family_arm_m3_Hwi_E_memFault__C)
                  0002f03c    00000004     SlaveController_pem4f.oem4f (.const:ti_sysbios_family_arm_m3_Hwi_E_noIsr__C)
                  0002f040    00000004     SlaveController_pem4f.oem4f (.const:ti_sysbios_family_arm_m3_Hwi_E_reserved__C)
                  0002f044    00000004     SlaveController_pem4f.oem4f (.const:ti_sysbios_family_arm_m3_Hwi_E_svCall__C)
                  0002f048    00000004     SlaveController_pem4f.oem4f (.const:ti_sysbios_family_arm_m3_Hwi_E_usageFault__C)
                  0002f04c    00000004     SlaveController_pem4f.oem4f (.const:ti_sysbios_family_arm_m3_Hwi_NUM_INTERRUPTS__C)
                  0002f050    00000004     SlaveController_pem4f.oem4f (.const:ti_sysbios_family_arm_m3_Hwi_Object__count__C)
                  0002f054    00000004     SlaveController_pem4f.oem4f (.const:ti_sysbios_family_arm_m3_Hwi_ccr__C)
                  0002f058    00000004     SlaveController_pem4f.oem4f (.const:ti_sysbios_family_arm_m3_Hwi_excHandlerFunc__C)
                  0002f05c    00000004     SlaveController_pem4f.oem4f (.const:ti_sysbios_family_arm_m3_Hwi_excHookFuncs__C)
                  0002f060    00000004     SlaveController_pem4f.oem4f (.const:ti_sysbios_family_arm_m3_Hwi_nullIsrFunc__C)
                  0002f064    00000004     SlaveController_pem4f.oem4f (.const:ti_sysbios_family_arm_m3_Hwi_priGroup__C)
                  0002f068    00000004     SlaveController_pem4f.oem4f (.const:ti_sysbios_family_arm_m3_TaskSupport_stackAlignment__C)
                  0002f06c    00000004     SlaveController_pem4f.oem4f (.const:ti_sysbios_gates_GateMutex_A_badContext__C)
                  0002f070    00000004     SlaveController_pem4f.oem4f (.const:ti_sysbios_gates_GateMutex_Instance_State_sem__O)
                  0002f074    00000004     SlaveController_pem4f.oem4f (.const:ti_sysbios_gates_GateMutex_Module__diagsEnabled__C)
                  0002f078    00000004     SlaveController_pem4f.oem4f (.const:ti_sysbios_gates_GateMutex_Module__diagsIncluded__C)
                  0002f07c    00000004     SlaveController_pem4f.oem4f (.const:ti_sysbios_gates_GateMutex_Module__diagsMask__C)
                  0002f080    00000004     SlaveController_pem4f.oem4f (.const:ti_sysbios_hal_Hwi_E_stackOverflow__C)
                  0002f084    00000004     SlaveController_pem4f.oem4f (.const:ti_sysbios_heaps_HeapMem_A_align__C)
                  0002f088    00000004     SlaveController_pem4f.oem4f (.const:ti_sysbios_heaps_HeapMem_A_heapSize__C)
                  0002f08c    00000004     SlaveController_pem4f.oem4f (.const:ti_sysbios_heaps_HeapMem_A_invalidFree__C)
                  0002f090    00000004     SlaveController_pem4f.oem4f (.const:ti_sysbios_heaps_HeapMem_A_zeroBlock__C)
                  0002f094    00000004     SlaveController_pem4f.oem4f (.const:ti_sysbios_heaps_HeapMem_E_memory__C)
                  0002f098    00000004     SlaveController_pem4f.oem4f (.const:ti_sysbios_heaps_HeapMem_Module__diagsEnabled__C)
                  0002f09c    00000004     SlaveController_pem4f.oem4f (.const:ti_sysbios_heaps_HeapMem_Module__diagsIncluded__C)
                  0002f0a0    00000004     SlaveController_pem4f.oem4f (.const:ti_sysbios_heaps_HeapMem_Module__diagsMask__C)
                  0002f0a4    00000004     SlaveController_pem4f.oem4f (.const:ti_sysbios_heaps_HeapMem_Module__gateObj__C)
                  0002f0a8    00000004     SlaveController_pem4f.oem4f (.const:ti_sysbios_heaps_HeapMem_Object__count__C)
                  0002f0ac    00000004     SlaveController_pem4f.oem4f (.const:ti_sysbios_heaps_HeapMem_reqAlign__C)
                  0002f0b0    00000004     SlaveController_pem4f.oem4f (.const:ti_sysbios_knl_Clock_A_badThreadType__C)
                  0002f0b4    00000004     SlaveController_pem4f.oem4f (.const:ti_sysbios_knl_Clock_Module_State_clockQ__O)
                  0002f0b8    00000004     SlaveController_pem4f.oem4f (.const:ti_sysbios_knl_Clock_Module__diagsEnabled__C)
                  0002f0bc    00000004     SlaveController_pem4f.oem4f (.const:ti_sysbios_knl_Clock_Module__diagsIncluded__C)
                  0002f0c0    00000004     SlaveController_pem4f.oem4f (.const:ti_sysbios_knl_Clock_Module__diagsMask__C)
                  0002f0c4    00000004     SlaveController_pem4f.oem4f (.const:ti_sysbios_knl_Idle_funcList__A)
                  0002f0c8    00000004     SlaveController_pem4f.oem4f (.const:ti_sysbios_knl_Semaphore_A_badContext__C)
                  0002f0cc    00000004     SlaveController_pem4f.oem4f (.const:ti_sysbios_knl_Semaphore_A_noEvents__C)
                  0002f0d0    00000004     SlaveController_pem4f.oem4f (.const:ti_sysbios_knl_Semaphore_A_overflow__C)
                  0002f0d4    00000004     SlaveController_pem4f.oem4f (.const:ti_sysbios_knl_Semaphore_A_pendTaskDisabled__C)
                  0002f0d8    00000004     SlaveController_pem4f.oem4f (.const:ti_sysbios_knl_Semaphore_Instance_State_pendQ__O)
                  0002f0dc    00000004     SlaveController_pem4f.oem4f (.const:ti_sysbios_knl_Semaphore_Module__diagsEnabled__C)
                  0002f0e0    00000004     SlaveController_pem4f.oem4f (.const:ti_sysbios_knl_Semaphore_Module__diagsIncluded__C)
                  0002f0e4    00000004     SlaveController_pem4f.oem4f (.const:ti_sysbios_knl_Semaphore_Module__diagsMask__C)
                  0002f0e8    00000004     SlaveController_pem4f.oem4f (.const:ti_sysbios_knl_Swi_Object__count__C)
                  0002f0ec    00000004     SlaveController_pem4f.oem4f (.const:ti_sysbios_knl_Task_A_badPriority__C)
                  0002f0f0    00000004     SlaveController_pem4f.oem4f (.const:ti_sysbios_knl_Task_A_badTaskState__C)
                  0002f0f4    00000004     SlaveController_pem4f.oem4f (.const:ti_sysbios_knl_Task_A_badThreadType__C)
                  0002f0f8    00000004     SlaveController_pem4f.oem4f (.const:ti_sysbios_knl_Task_A_badTimeout__C)
                  0002f0fc    00000004     SlaveController_pem4f.oem4f (.const:ti_sysbios_knl_Task_A_noPendElem__C)
                  0002f100    00000004     SlaveController_pem4f.oem4f (.const:ti_sysbios_knl_Task_A_sleepTaskDisabled__C)
                  0002f104    00000004     SlaveController_pem4f.oem4f (.const:ti_sysbios_knl_Task_E_spOutOfBounds__C)
                  0002f108    00000004     SlaveController_pem4f.oem4f (.const:ti_sysbios_knl_Task_E_stackOverflow__C)
                  0002f10c    00000004     SlaveController_pem4f.oem4f (.const:ti_sysbios_knl_Task_Module_State_inactiveQ__O)
                  0002f110    00000004     SlaveController_pem4f.oem4f (.const:ti_sysbios_knl_Task_Module__diagsEnabled__C)
                  0002f114    00000004     SlaveController_pem4f.oem4f (.const:ti_sysbios_knl_Task_Module__diagsIncluded__C)
                  0002f118    00000004     SlaveController_pem4f.oem4f (.const:ti_sysbios_knl_Task_Module__diagsMask__C)
                  0002f11c    00000004     SlaveController_pem4f.oem4f (.const:ti_sysbios_knl_Task_Object__count__C)
                  0002f120    00000004     SlaveController_pem4f.oem4f (.const:ti_sysbios_knl_Task_allBlockedFunc__C)
                  0002f124    00000004     SlaveController_pem4f.oem4f (.const:ti_sysbios_knl_Task_defaultStackHeap__C)
                  0002f128    00000004     SlaveController_pem4f.oem4f (.const:ti_sysbios_knl_Task_defaultStackSize__C)
                  0002f12c    00000004     SlaveController_pem4f.oem4f (.const:ti_sysbios_knl_Task_numConstructedTasks__C)
                  0002f130    00000004     SlaveController_pem4f.oem4f (.const:xdc_runtime_Assert_E_assertFailed__C)
                  0002f134    00000004     SlaveController_pem4f.oem4f (.const:xdc_runtime_Core_A_initializedParams__C)
                  0002f138    00000004     SlaveController_pem4f.oem4f (.const:xdc_runtime_Core_Module__diagsEnabled__C)
                  0002f13c    00000004     SlaveController_pem4f.oem4f (.const:xdc_runtime_Core_Module__diagsIncluded__C)
                  0002f140    00000004     SlaveController_pem4f.oem4f (.const:xdc_runtime_Core_Module__diagsMask__C)
                  0002f144    00000004     SlaveController_pem4f.oem4f (.const:xdc_runtime_Error_E_memory__C)
                  0002f148    00000004     SlaveController_pem4f.oem4f (.const:xdc_runtime_Error_Module__diagsEnabled__C)
                  0002f14c    00000004     SlaveController_pem4f.oem4f (.const:xdc_runtime_Error_Module__diagsIncluded__C)
                  0002f150    00000004     SlaveController_pem4f.oem4f (.const:xdc_runtime_Error_Module__diagsMask__C)
                  0002f154    00000004     SlaveController_pem4f.oem4f (.const:xdc_runtime_Error_Module__loggerFxn8__C)
                  0002f158    00000004     SlaveController_pem4f.oem4f (.const:xdc_runtime_Error_Module__loggerObj__C)
                  0002f15c    00000004     SlaveController_pem4f.oem4f (.const:xdc_runtime_Error_policyFxn__C)
                  0002f160    00000004     SlaveController_pem4f.oem4f (.const:xdc_runtime_Error_raiseHook__C)
                  0002f164    00000004     SlaveController_pem4f.oem4f (.const:xdc_runtime_IGateProvider_Interface__BASE__C)
                  0002f168    00000004     SlaveController_pem4f.oem4f (.const:xdc_runtime_IHeap_Interface__BASE__C)
                  0002f16c    00000004     SlaveController_pem4f.oem4f (.const:xdc_runtime_IModule_Interface__BASE__C)
                  0002f170    00000004     SlaveController_pem4f.oem4f (.const:xdc_runtime_Log_L_error__C)
                  0002f174    00000004     SlaveController_pem4f.oem4f (.const:xdc_runtime_Memory_defaultHeapInstance__C)
                  0002f178    00000004     SlaveController_pem4f.oem4f (.const:xdc_runtime_Startup_execImpl__C)
                  0002f17c    00000004     SlaveController_pem4f.oem4f (.const:xdc_runtime_Startup_lastFxns__A)
                  0002f180    00000004     SlaveController_pem4f.oem4f (.const:xdc_runtime_Startup_maxPasses__C)
                  0002f184    00000004     SlaveController_pem4f.oem4f (.const:xdc_runtime_Startup_sfxnRts__C)
                  0002f188    00000004     SlaveController_pem4f.oem4f (.const:xdc_runtime_Startup_sfxnTab__C)
                  0002f18c    00000004     SlaveController_pem4f.oem4f (.const:xdc_runtime_SysMin_bufSize__C)
                  0002f190    00000004     SlaveController_pem4f.oem4f (.const:xdc_runtime_SysMin_outputFunc__C)
                  0002f194    00000004     SlaveController_pem4f.oem4f (.const:xdc_runtime_System_Module__gateObj__C)
                  0002f198    00000004     SlaveController_pem4f.oem4f (.const:xdc_runtime_System_abortFxn__C)
                  0002f19c    00000004     SlaveController_pem4f.oem4f (.const:xdc_runtime_System_exitFxn__C)
                  0002f1a0    00000004     SlaveController_pem4f.oem4f (.const:xdc_runtime_System_extendFxn__C)
                  0002f1a4    00000004     SlaveController_pem4f.oem4f (.const:xdc_runtime_System_maxAtexitHandlers__C)
                  0002f1a8    00000004     SlaveController_pem4f.oem4f (.const:xdc_runtime_Text_charTab__C)
                  0002f1ac    00000004     SlaveController_pem4f.oem4f (.const:xdc_runtime_Text_nameEmpty__C)
                  0002f1b0    00000004     SlaveController_pem4f.oem4f (.const:xdc_runtime_Text_nameStatic__C)
                  0002f1b4    00000004     SlaveController_pem4f.oem4f (.const:xdc_runtime_Text_nameUnknown__C)
                  0002f1b8    00000004     SlaveController_pem4f.oem4f (.const:xdc_runtime_Text_nodeTab__C)
                  0002f1bc    00000004     SlaveController_pem4f.oem4f (.const:xdc_runtime_Text_visitRopeFxn__C)
                  0002f1c0    00000002     SlaveController_pem4f.oem4f (.const:ti_sysbios_hal_Hwi_Module__id__C)
                  0002f1c2    00000002     SlaveController_pem4f.oem4f (.const:ti_sysbios_heaps_HeapMem_Module__id__C)
                  0002f1c4    00000002     SlaveController_pem4f.oem4f (.const:ti_sysbios_knl_Clock_Module__id__C)
                  0002f1c6    00000002     SlaveController_pem4f.oem4f (.const:ti_sysbios_knl_Semaphore_Module__id__C)
                  0002f1c8    00000002     SlaveController_pem4f.oem4f (.const:ti_sysbios_knl_Task_Module__id__C)
                  0002f1ca    00000002     SlaveController_pem4f.oem4f (.const:xdc_runtime_Core_Module__id__C)
                  0002f1cc    00000002     SlaveController_pem4f.oem4f (.const:xdc_runtime_Error_Module__loggerDefined__C)
                  0002f1ce    00000002     SlaveController_pem4f.oem4f (.const:xdc_runtime_Error_maxDepth__C)
                  0002f1d0    00000002     SlaveController_pem4f.oem4f (.const:xdc_runtime_Memory_Module__id__C)
                  0002f1d2    00000002     SlaveController_pem4f.oem4f (.const:xdc_runtime_SysMin_flushAtExit__C)
                  0002f1d4    00000002     SlaveController_pem4f.oem4f (.const:xdc_runtime_Text_charCnt__C)
                  0002f1d6    00000002     SlaveController_pem4f.oem4f (.const:xdc_runtime_Text_isLoaded__C)
                  0002f1d8    00000002     SlaveController_pem4f.oem4f (.const:xdc_runtime_Text_registryModsLastId__C)
                  0002f1da    00000002     SlaveController_pem4f.oem4f (.const:xdc_runtime_Text_unnamedModsLastId__C)

.text      0    0002f1e0    0000ba4a     
                  0002f1e0    0000077c     animator.obj (.text:_Z15animator_updatev)
                  0002f95c    00000004     driverlib.lib : ssi.obj (.text:SSIIntClear)
                  0002f960    00000430     sysbios.aem4f : BIOS.obj (.text:ti_sysbios_family_arm_m3_Hwi_excDumpRegs__I)
                  0002fd90    0000034c     ti.targets.arm.rtsarm.aem4f : System.oem4f (.text:xdc_runtime_System_doPrint__I)
                  000300dc    00000334     start.obj (.text:_Z5startjj)
                  00030410    00000324     ti.mw.fatfs.aem4f : ff.oem4f (.text:find_volume)
                  00030734    00000004     driverlib.lib : uart.obj (.text:UARTIntClear)
                  00030738    000002b8     sysbios.aem4f : BIOS.obj (.text:ti_sysbios_knl_Semaphore_pend__E)
                  000309f0    000002a0     rtsv7M4_T_le_v4SPD16_eabi.lib : mktime.c.obj (.text:__mktime32)
                  00030c90    00000278     animator.obj (.text:_Z28animator_readCharacterSDCardh)
                  00030f08    0000026c     sysbios.aem4f : BIOS.obj (.text:ti_sysbios_heaps_HeapMem_free__E)
                  00031174    00000004     rtsv7M4_T_le_v4SPD16_eabi.lib : exit.c.obj (.text:abort:abort)
                  00031178    00000250     sysbios.aem4f : BIOS.obj (.text:ti_sysbios_heaps_HeapMem_alloc__E)
                  000313c8    00000234                   : BIOS.obj (.text:ti_sysbios_knl_Task_Instance_finalize__E)
                  000315fc    0000020c     drivers_tivaware.aem4f : UARTTiva.oem4f (.text:UARTTiva_open)
                  00031808    000001f4                            : SDSPITiva.oem4f (.text:SDSPITiva_diskInitialize)
                  000319fc    00000004     ti.mw.fatfs.aem4f : ffosal.oem4f (.text:ff_rel_grant)
                  00031a00    000001f4     sysbios.aem4f : BIOS.obj (.text:ti_sysbios_family_arm_m3_Hwi_excHandlerMax__I)
                  00031bf4    00000004     ti.mw.fatfs.aem4f : diskio.oem4f (.text:get_fattime)
                  00031bf8    000001d8     sysbios.aem4f : BIOS.obj (.text:ti_sysbios_knl_Task_sleep__E)
                  00031dd0    000001cc     animator.obj (.text:_Z16animator_animatehhsshhhhhb)
                  00031f9c    00000004     SlaveController_pem4f.oem4f (.text:ti_sysbios_BIOS_RtsGateProxy_enter__E)
                  00031fa0    000001c0     sysbios.aem4f : BIOS.obj (.text:ti_sysbios_knl_Task_Instance_init__E)
                  00032160    000001a4     ti.mw.fatfs.aem4f : ff.oem4f (.text:f_write)
                  00032304    00000178                       : ff.oem4f (.text:f_read)
                  0003247c    00000004     SlaveController_pem4f.oem4f (.text:ti_sysbios_BIOS_RtsGateProxy_leave__E)
                  00032480    00000174     sysbios.aem4f : BIOS.obj (.text:ti_sysbios_family_arm_m3_Hwi_excBusFault__I)
                  000325f4    00000170     ILI9341.obj (.text:_Z12ILI9341_initv)
                  00032764    00000164     ti.mw.fatfs.aem4f : ff.oem4f (.text:f_open)
                  000328c8    00000164     sysbios.aem4f : BIOS.obj (.text:ti_sysbios_family_arm_m3_Hwi_excUsageFault__I)
                  00032a2c    0000015a     ti.mw.fatfs.aem4f : ff.oem4f (.text:f_lseek)
                  00032b86    00000002     drivers_tivaware.aem4f : SPITivaDMA.oem4f (.text:SPITivaDMA_serviceISR)
                  00032b88    00000150                            : GPIOTiva.oem4f (.text:GPIO_setConfig)
                  00032cd8    00000148     sysbios.aem4f : BIOS.obj (.text:ti_sysbios_family_arm_m3_Hwi_excMemFault__I)
                  00032e20    0000013c     animator.obj (.text:_Z29animator_readPersistentSpritePKcth)
                  00032f5c    00000004     sysbios.aem4f : BIOS.obj (.text:ti_sysbios_family_arm_lm4_Timer_masterEnable__I)
                  00032f60    0000013c                   : BIOS.obj (.text:ti_sysbios_heaps_HeapMem_Instance_init__E)
                  0003309c    00000134     rtsv7M4_T_le_v4SPD16_eabi.lib : localtim.c.obj (.text:__localtime32)
                  000331d0    00000130     driverlib.lib : gpio.obj (.text:GPIOPadConfigSet)
                  00033300    00000123     ti.mw.fatfs.aem4f : ff.oem4f (.text:create_name)
                  00033423    00000001     --HOLE-- [fill = 0]
                  00033424    00000004     SlaveController_pem4f.oem4f (.text:ti_sysbios_family_arm_m3_Hwi_destruct)
                  00033428    0000011c     sysbios.aem4f : BIOS.obj (.text:ti_sysbios_knl_Clock_Instance_init__E)
                  00033544    00000118     ti.targets.arm.rtsarm.aem4f : Error.oem4f (.text:xdc_runtime_Error_policyDefault__E)
                  0003365c    0000010c     rtsv7M4_T_le_v4SPD16_eabi.lib : fopen.c.obj (.text:_openfile)
                  00033768    00000108     drivers_tivaware.aem4f : SDSPITiva.oem4f (.text:SDSPITiva_open)
                  00033870    00000108     sysbios.aem4f : BIOS.obj (.text:ti_sysbios_family_arm_lm4_Timer_start__E)
                  00033978    00000104     Flash.obj (.text:Flash_writeMemory_specifiedAddress)
                  00033a7c    00000100     Boot.aem4f : Boot_sysctl.oem4f (.text:ti_catalog_arm_cortexm4_tiva_ce_Boot_sysCtlClockSetI__I)
                  00033b7c    00000100     ti.targets.arm.rtsarm.aem4f : Core-mem.oem4f (.text:xdc_runtime_Core_createObject__I)
                  00033c7c    000000fe     ti.mw.fatfs.aem4f : ff.oem4f (.text:f_rename)
                  00033d7a    000000fa                       : ff.oem4f (.text:dir_next)
                  00033e74    000000f8     rtsv7M4_T_le_v4SPD16_eabi.lib : fread.c.obj (.text:fread)
                  00033f6c    000000f8     ti.targets.arm.rtsarm.aem4f : Startup.oem4f (.text:xdc_runtime_Startup_startMods__I)
                  00034064    000000f8     SlaveController_pem4f.oem4f (.text:xdc_runtime_System_printfExtend__I)
                  0003415c    000000f4     drivers_tivaware.aem4f : SDSPITiva.oem4f (.text:SDSPITiva_diskIOctrl)
                  00034250    000000f4     sysbios.aem4f : m3_Hwi_asm.obj (.text:ti_sysbios_family_arm_m3_Hwi_dispatch__I)
                  00034344    000000ec     ti.mw.fatfs.aem4f : ff.oem4f (.text:put_fat)
                  00034430    000000ec     sysbios.aem4f : BIOS.obj (.text:ti_sysbios_knl_Semaphore_post__E)
                  0003451c    000000e8     drivers_tivaware.aem4f : SDSPITiva.oem4f (.text:SDSPITiva_diskWrite)
                  00034604    000000dc     animator.obj (.text:_Z19animator_initializev)
                  000346e0    000000dc     rtsv7M4_T_le_v4SPD16_eabi.lib : setvbuf.c.obj (.text:setvbuf)
                  000347bc    000000d8     drivers_tivaware.aem4f : SPITivaDMA.oem4f (.text:SPITivaDMA_open)
                  00034894    00000004     SlaveController_pem4f.oem4f (.text:ti_sysbios_family_arm_m3_TaskSupport_Module__startupDone__S)
                  00034898    000000d8     sysbios.aem4f : BIOS.obj (.text:ti_sysbios_family_arm_lm4_TimestampProvider_get32__E)
                  00034970    000000d6     ti.mw.fatfs.aem4f : ff.oem4f (.text:get_fat)
                  00034a46    00000002     rtsv7M4_T_le_v4SPD16_eabi.lib : _lock.c.obj (.text:_nop)
                  00034a48    000000cc     ti.targets.arm.rtsarm.aem4f : Core-smem.oem4f (.text:xdc_runtime_Core_constructObject__I)
                  00034b14    000000c6     drivers_tivaware.aem4f : SDSPITiva.oem4f (.text:send_cmd)
                  00034bda    00000002     rtsv7M4_T_le_v4SPD16_eabi.lib : div0.asm.obj (.text)
                  00034bdc    000000c0     drivers_tivaware.aem4f : SDSPITiva.oem4f (.text:SDSPITiva_diskRead)
                  00034c9c    000000c0                            : SPITivaDMA.oem4f (.text:SPITivaDMA_configDMA)
                  00034d5c    000000bc     EK_TM4C123GXL.obj (.text:EK_TM4C123GXL_initSPI)
                  00034e18    000000bc     rtsv7M4_T_le_v4SPD16_eabi.lib : open.c.obj (.text:open)
                  00034ed4    00000004     SlaveController_pem4f.oem4f (.text:ti_sysbios_heaps_HeapMem_Module_GateProxy_enter__E)
                  00034ed8    000000bc     sysbios.aem4f : BIOS.obj (.text:ti_sysbios_family_arm_m3_Hwi_excDebugMon__I)
                  00034f94    00000004     SlaveController_pem4f.oem4f (.text:ti_sysbios_heaps_HeapMem_Module_GateProxy_leave__E)
                  00034f98    000000bc     sysbios.aem4f : BIOS.obj (.text:ti_sysbios_family_arm_m3_Hwi_excHardFault__I)
                  00035054    000000b8     rtsv7M4_T_le_v4SPD16_eabi.lib : add_device.c.obj (.text:add_device)
                  0003510c    000000b8     ti.mw.fatfs.aem4f : ffcio.oem4f (.text:ffcio_open)
                  000351c4    000000b4                       : ff.oem4f (.text:sync_fs)
                  00035278    000000b4     sysbios.aem4f : BIOS.obj (.text:ti_sysbios_gates_GateMutex_enter__E)
                  0003532c    00000004     SlaveController_pem4f.oem4f (.text:ti_sysbios_knl_Clock_TimerProxy_getMaxTicks__E)
                  00035330    000000b4     sysbios.aem4f : BIOS.obj (.text:ti_sysbios_knl_Task_checkStacks__E)
                  000353e4    000000ac     drivers_tivaware.aem4f : UARTTiva.oem4f (.text:readTaskBlocking)
                  00035490    000000ac     sysbios.aem4f : BIOS.obj (.text:ti_sysbios_family_arm_lm4_Timer_enableTiva__I)
                  0003553c    000000a8     ti.mw.fatfs.aem4f : ff.oem4f (.text:create_chain)
                  000355e4    000000a4     drivers_tivaware.aem4f : SPITivaDMA.oem4f (.text:SPITivaDMA_initHw)
                  00035688    000000a4     ti.mw.fatfs.aem4f : ff.oem4f (.text:f_unlink)
                  0003572c    00000004     SlaveController_pem4f.oem4f (.text:ti_sysbios_knl_Clock_TimerProxy_getPeriod__E)
                  00035730    000000a4     sysbios.aem4f : BIOS.obj (.text:ti_sysbios_knl_Clock_Instance_finalize__E)
                  000357d4    000000a0     auto_init.aem4f : auto_init.oem4f (.text)
                  00035874    000000a0     start.obj (.text:main)
                  00035914    000000a0     drivers_tivaware.aem4f : SDSPITiva.oem4f (.text:rcvr_datablock)
                  000359b4    000000a0     ti.targets.arm.rtsarm.aem4f : Text.oem4f (.text:xdc_runtime_Text_putMod__E)
                  00035a54    0000009c     rtsv7M4_T_le_v4SPD16_eabi.lib : _bufread.c.obj (.text:__TI_buff_read)
                  00035af0    0000009c     ti.mw.fatfs.aem4f : ff.oem4f (.text:f_sync)
                  00035b8c    0000009c     rtsv7M4_T_le_v4SPD16_eabi.lib : fopen.c.obj (.text:fopen)
                  00035c28    0000009c                                   : memcpy_t2.asm.obj (.text)
                  00035cc4    00000004     SlaveController_pem4f.oem4f (.text:ti_sysbios_knl_Clock_destruct)
                  00035cc8    0000009c     sysbios.aem4f : BIOS.obj (.text:ti_sysbios_knl_Semaphore_Instance_init__E)
                  00035d64    0000009a     ILI9341.obj (.text:_Z16ILI9341_fillRectjjjjj)
                  00035dfe    00000002     SlaveController_pem4f.oem4f (.text:ti_sysbios_BIOS_nullFunc__I)
                  00035e00    0000009a     ti.targets.arm.rtsarm.aem4f : Text.oem4f (.text:xdc_runtime_Text_putSite__E)
                  00035e9a    0000009a     drivers_tivaware.aem4f : SDSPITiva.oem4f (.text:xmit_datablock)
                  00035f34    00000098                            : UARTTiva.oem4f (.text:UARTTiva_readPolling)
                  00035fcc    00000098     ILI9341.obj (.text:_Z11commandListPKh)
                  00036064    00000098     Boot.aem4f : Boot.oem4f (.text:ti_catalog_arm_cortexm4_tiva_ce_Boot_sysCtlClockSet__E)
                  000360fc    00000096     rtsv7M4_T_le_v4SPD16_eabi.lib : ull_div_t2.asm.obj (.text)
                  00036192    00000094     drivers_tivaware.aem4f : UARTTiva.oem4f (.text:UARTTiva_write)
                  00036226    00000002     SlaveController_pem4f.oem4f (.text:xdc_runtime_Startup_reset__I)
                  00036228    00000094     sysbios.aem4f : BIOS.obj (.text:ti_sysbios_family_arm_m3_Hwi_Instance_init__E)
                  000362bc    00000004     SlaveController_pem4f.oem4f (.text:ti_sysbios_knl_Queue_destruct)
                  000362c0    00000094     sysbios.aem4f : BIOS.obj (.text:ti_sysbios_family_arm_m3_Hwi_initNVIC__E)
                  00036354    00000004     SlaveController_pem4f.oem4f (.text:ti_sysbios_knl_Semaphore_destruct)
                  00036358    00000094     sysbios.aem4f : BIOS.obj (.text:ti_sysbios_knl_Task_postInit__I)
                  000363ec    00000090     Flash.obj (.text:Flash_init)
                  0003647c    0000008c     drivers_tivaware.aem4f : GPIOTiva.oem4f (.text:GPIO_init)
                  00036508    0000008c                            : UARTTiva.oem4f (.text:UARTTiva_control)
                  00036594    0000008c     sysbios.aem4f : m3_TaskSupport_asm.obj (.text:ti_sysbios_family_arm_m3_TaskSupport_buildTaskStack)
                  00036620    0000008a     drivers_tivaware.aem4f : UARTTiva.oem4f (.text:readIsrTextBlocking)
                  000366aa    00000002     --HOLE-- [fill = 0]
                  000366ac    00000088     EK_TM4C123GXL.obj (.text:EK_TM4C123GXL_initDMA)
                  00036734    00000088     ILI9341.obj (.text:_Z18ILI9341_drawColorsjjPit)
                  000367bc    00000084     UART.obj (.text:UART_start)
                  00036840    00000084     sysbios.aem4f : BIOS.obj (.text:ti_sysbios_family_arm_m3_Hwi_postInit__I)
                  000368c4    00000084     driverlib.lib : udma.obj (.text:uDMAChannelTransferSet)
                  00036948    00000082     drivers_tivaware.aem4f : UARTTiva.oem4f (.text:readIsrTextCallback)
                  000369ca    0000007e     ti.mw.fatfs.aem4f : ff.oem4f (.text:dir_sdi)
                  00036a48    0000007c                       : ff.oem4f (.text:f_mount)
                  00036ac4    0000007a     drivers_tivaware.aem4f : UARTTiva.oem4f (.text:readTaskCallback)
                  00036b3e    0000007a     rtsv7M4_T_le_v4SPD16_eabi.lib : memset_t2.asm.obj (.text)
                  00036bb8    00000076     ILI9341.obj (.text:_ZN33_INTERNAL_11_ILI9341_cpp_6ff9e12f17ILI9341_setCoordsEtttt)
                  00036c2e    00000002     --HOLE-- [fill = 0]
                  00036c30    00000074     rtsv7M4_T_le_v4SPD16_eabi.lib : fclose.c.obj (.text:__TI_closefile)
                  00036ca4    00000074     ti.mw.fatfs.aem4f : ff.oem4f (.text:check_fs)
                  00036d18    00000074     sysbios.aem4f : BIOS.obj (.text:ti_sysbios_knl_Clock_start__E)
                  00036d8c    00000004     ti.targets.arm.rtsarm.aem4f : Error.oem4f (.text:xdc_runtime_Error_getSite__E)
                  00036d90    00000070     sysbios.aem4f : BIOS.obj (.text:ti_sysbios_knl_Clock_workFunc__E)
                  00036e00    00000070                   : BIOS.obj (.text:ti_sysbios_knl_Task_exit__E)
                  00036e70    0000006e     rtsv7M4_T_le_v4SPD16_eabi.lib : ll_div_t2.asm.obj (.text)
                  00036ede    00000002     --HOLE-- [fill = 0]
                  00036ee0    0000006d     ti.targets.arm.rtsarm.aem4f : System.oem4f (.text:xdc_runtime_System_formatNum__I)
                  00036f4d    00000003     --HOLE-- [fill = 0]
                  00036f50    0000006c     Flash.obj (.text:Flash_readMemory)
                  00036fbc    00000004     SlaveController_pem4f.oem4f (.text:xdc_runtime_System_Module_GateProxy_enter__E)
                  00036fc0    0000006c     sysbios.aem4f : BIOS.obj (.text:ti_sysbios_knl_Swi_restoreHwi__E)
                  0003702c    0000006c     drivers_tivaware.aem4f : UARTTiva.oem4f (.text:writeData)
                  00037098    0000006c     ti.targets.arm.rtsarm.aem4f : Error.oem4f (.text:xdc_runtime_Error_print__E)
                  00037104    0000006c                                 : Memory.oem4f (.text:xdc_runtime_Memory_alloc__E)
                  00037170    00000068     rtsv7M4_T_le_v4SPD16_eabi.lib : hostlseek.c.obj (.text:HOSTlseek)
                  000371d8    00000068                                   : hostrename.c.obj (.text:HOSTrename)
                  00037240    00000068     SD.obj (.text:SD_startSDCard)
                  000372a8    00000068     rtsv7M4_T_le_v4SPD16_eabi.lib : copy_decompress_lzss.c.obj (.text:decompress:lzss:__TI_decompress_lzss)
                  00037310    00000066     ti.targets.arm.rtsarm.aem4f : Core-mem.oem4f (.text:xdc_runtime_Core_deleteObject__I)
                  00037376    00000002     --HOLE-- [fill = 0]
                  00037378    00000064     Flash.obj (.text:Flash_pendWriteOpCompletion)
                  000373dc    00000064     drivers_tivaware.aem4f : GPIOTiva.oem4f (.text:GPIO_hwiIntFxn)
                  00037440    00000064     ti.mw.fatfs.aem4f : ff.oem4f (.text:follow_path)
                  000374a4    00000004     SlaveController_pem4f.oem4f (.text:xdc_runtime_System_Module_GateProxy_leave__E)
                  000374a8    00000064     sysbios.aem4f : BIOS.obj (.text:ti_sysbios_family_arm_lm4_Timer_Module_startup__E)
                  0003750c    00000064     SlaveController_pem4f.oem4f (.text:ti_sysbios_family_arm_m3_Hwi_create)
                  00037570    00000064     sysbios.aem4f : BIOS.obj (.text:ti_sysbios_family_arm_m3_Hwi_dispatchC__I)
                  000375d4    00000062     drivers_tivaware.aem4f : SPITivaDMA.oem4f (.text:SPITivaDMA_transfer)
                  00037636    00000002     --HOLE-- [fill = 0]
                  00037638    00000060     rtsv7M4_T_le_v4SPD16_eabi.lib : hostopen.c.obj (.text:HOSTopen)
                  00037698    00000060     sysbios.aem4f : BIOS.obj (.text:ti_sysbios_knl_Task_schedule__I)
                  000376f8    0000005e     drivers_tivaware.aem4f : UARTTiva.oem4f (.text:readIsrBinaryBlocking)
                  00037756    0000005e     ti.mw.fatfs.aem4f : ff.oem4f (.text:remove_chain)
                  000377b4    0000005c     EK_TM4C123GXL.obj (.text:EK_TM4C123GXL_initSDSPI)
                  00037810    0000005c     SD.obj (.text:SD_openFile)
                  0003786c    0000005c     rtsv7M4_T_le_v4SPD16_eabi.lib : close.c.obj (.text:close)
                  000378c8    0000005c     sysbios.aem4f : BIOS.obj (.text:ti_sysbios_knl_Swi_run__I)
                  00037924    00000004     ti.targets.arm.rtsarm.aem4f : System.oem4f (.text:xdc_runtime_System_aprintf_va__F)
                  00037928    0000005c     sysbios.aem4f : BIOS.obj (.text:ti_sysbios_knl_Swi_schedule__I)
                  00037984    00000004     ti.targets.arm.rtsarm.aem4f : System.oem4f (.text:xdc_runtime_System_printf_va__F)
                  00037988    0000005c     sysbios.aem4f : BIOS.obj (.text:ti_sysbios_knl_Task_Module_startup__E)
                  000379e4    00000004     --HOLE-- [fill = 0]
                  000379e8    0000005c                   : BIOS.obj (.text:ti_sysbios_knl_Task_startCore__E)
                  00037a44    0000005c     drivers_tivaware.aem4f : SDSPITiva.oem4f (.text:wait_ready)
                  00037aa0    0000005b     ti.targets.arm.rtsarm.aem4f : Text.oem4f (.text:xdc_runtime_Text_putLab__E)
                  00037afb    00000001     --HOLE-- [fill = 0]
                  00037afc    00000058     boot.aem4f : boot.oem4f (.text)
                  00037b54    00000058     rtsv7M4_T_le_v4SPD16_eabi.lib : hostread.c.obj (.text:HOSTread)
                  00037bac    00000058                                   : hostwrite.c.obj (.text:HOSTwrite)
                  00037c04    00000058     tirtosport.aem4f : SemaphoreP_tirtos.oem4f (.text:SemaphoreP_create)
                  00037c5c    00000058     SlaveController_pem4f.oem4f (.text:ti_sysbios_family_arm_m3_Hwi_construct)
                  00037cb4    00000058     sysbios.aem4f : m3_Hwi_asm_switch.obj (.text:ti_sysbios_family_arm_m3_Hwi_initStacks__E)
                  00037d0c    00000056     driverlib.lib : gpio.obj (.text:GPIOIntTypeSet)
                  00037d62    00000056     ti.mw.fatfs.aem4f : ff.oem4f (.text:dir_read)
                  00037db8    00000054     drivers_tivaware.aem4f : UARTTiva.oem4f (.text:readIsrBinaryCallback)
                  00037e0c    00000054     ti.mw.fatfs.aem4f : ff.oem4f (.text:sync_window)
                  00037e60    00000054     sysbios.aem4f : BIOS.obj (.text:ti_sysbios_family_arm_lm4_Timer_initDevice__I)
                  00037eb4    00000054     SlaveController_pem4f.oem4f (.text:ti_sysbios_knl_Task_construct)
                  00037f08    00000054     ti.targets.arm.rtsarm.aem4f : Assert.oem4f (.text:xdc_runtime_Assert_raise__I)
                  00037f5c    00000050     drivers_tivaware.aem4f : GPIOTiva.oem4f (.text:GPIO_setCallback)
                  00037fac    00000050     driverlib.lib : sysctl.obj (.text:SysCtlPeripheralReset)
                  00037ffc    00000050     drivers_tivaware.aem4f : UARTTiva.oem4f (.text:UARTTiva_writeCancel)
                  0003804c    00000050     ILI9341.obj (.text:_ZN33_INTERNAL_11_ILI9341_cpp_6ff9e12f16ILI9341_setColorEj)
                  0003809c    00000004     --HOLE-- [fill = 0]
                  000380a0    00000050     sysbios.aem4f : BIOS.obj (.text:ti_sysbios_family_arm_m3_Hwi_Module_startup__E)
                  000380f0    00000050     ti.targets.arm.rtsarm.aem4f : Startup.oem4f (.text:xdc_runtime_Startup_exec__E)
                  00038140    00000050                                 : Text.oem4f (.text:xdc_runtime_Text_visitRope2__I)
                  00038190    0000004c     drivers_tivaware.aem4f : UARTTiva.oem4f (.text:UARTTiva_close)
                  000381dc    0000004c     rtsv7M4_T_le_v4SPD16_eabi.lib : fflush.c.obj (.text:__TI_doflush)
                  00038228    0000004c                                   : cpy_tbl.c.obj (.text:copy_in)
                  00038274    0000004c     SlaveController_pem4f.oem4f (.text:ti_mw_fatfs_startup)
                  000382c0    0000004c     sysbios.aem4f : BIOS.obj (.text:ti_sysbios_heaps_HeapMem_getStats__E)
                  0003830c    00000004     --HOLE-- [fill = 0]
                  00038310    0000004c                   : BIOS.obj (.text:ti_sysbios_knl_Swi_runLoop__I)
                  0003835c    00000004     --HOLE-- [fill = 0]
                  00038360    0000004c                   : BIOS.obj (.text:ti_sysbios_knl_Task_allBlockedFunction__I)
                  000383ac    0000004a     rtsv7M4_T_le_v4SPD16_eabi.lib : _io_perm.c.obj (.text:__TI_rd_ok)
                  000383f6    00000002     --HOLE-- [fill = 0]
                  000383f8    00000048     driverlib.lib : gpio.obj (.text:GPIOPinConfigure)
                  00038440    00000048     ti.mw.fatfs.aem4f : ff.oem4f (.text:dir_find)
                  00038488    00000048     rtsv7M4_T_le_v4SPD16_eabi.lib : exit.c.obj (.text:exit)
                  000384d0    00000048     sysbios.aem4f : BIOS.obj (.text:ti_sysbios_family_arm_lm4_Timer_enableTimers__I)
                  00038518    00000048                   : BIOS.obj (.text:ti_sysbios_family_arm_m3_Hwi_disableInterrupt__E)
                  00038560    00000048                   : BIOS.obj (.text:ti_sysbios_family_arm_m3_Hwi_enableInterrupt__E)
                  000385a8    00000048                   : BIOS.obj (.text:ti_sysbios_family_arm_m3_Hwi_excReserved__I)
                  000385f0    00000046     drivers_tivaware.aem4f : RingBuf.oem4f (.text:RingBuf_put)
                  00038636    00000046     ti.targets.arm.rtsarm.aem4f : Core-params.oem4f (.text:xdc_runtime_Core_assignParams__I)
                  0003867c    00000044     rtsv7M4_T_le_v4SPD16_eabi.lib : hostclose.c.obj (.text:HOSTclose)
                  000386c0    00000044                                   : hostunlink.c.obj (.text:HOSTunlink)
                  00038704    00000044     SD.obj (.text:SD_read)
                  00038748    00000044     SD.obj (.text:SD_readNextChar)
                  0003878c    00000044     drivers_tivaware.aem4f : SPITivaDMA.oem4f (.text:SPITivaDMA_hwiFxn)
                  000387d0    00000044     ti.mw.fatfs.aem4f : ff.oem4f (.text:dir_alloc)
                  00038814    00000044     rtsv7M4_T_le_v4SPD16_eabi.lib : getdevice.c.obj (.text:getdevice)
                  00038858    00000044     drivers_tivaware.aem4f : SDSPITiva.oem4f (.text:send_initial_clock_train)
                  0003889c    00000004     --HOLE-- [fill = 0]
                  000388a0    00000044     sysbios.aem4f : BIOS.obj (.text:ti_sysbios_family_arm_lm4_Timer_isrStub__E)
                  000388e4    00000004     --HOLE-- [fill = 0]
                  000388e8    00000044                   : BIOS.obj (.text:ti_sysbios_family_arm_m3_Hwi_getStackInfo__E)
                  0003892c    00000004     --HOLE-- [fill = 0]
                  00038930    00000044                   : BIOS.obj (.text:ti_sysbios_knl_Swi_post__E)
                  00038974    00000044     ti.targets.arm.rtsarm.aem4f : Error.oem4f (.text:xdc_runtime_Error_setX__E)
                  000389b8    00000044                                 : SysMin.oem4f (.text:xdc_runtime_SysMin_flush__E)
                  000389fc    00000044                                 : Text.oem4f (.text:xdc_runtime_Text_xprintf__I)
                  00038a40    00000042     drivers_tivaware.aem4f : SPITivaDMA.oem4f (.text:SPITivaDMA_transferCancel)
                  00038a82    00000042     driverlib.lib : uart.obj (.text:UARTConfigSetExpClk)
                  00038ac4    00000042     drivers_tivaware.aem4f : UARTTiva.oem4f (.text:UARTTiva_hwiIntFxn)
                  00038b06    00000042                            : UARTTiva.oem4f (.text:UARTTiva_writePolling)
                  00038b48    00000040     EK_TM4C123GXL.obj (.text:EK_TM4C123GXL_initGeneral)
                  00038b88    00000040     Flash.obj (.text:Flash_transferSPICS)
                  00038bc8    00000040     Flash.obj (.text:Flash_writeCommandCS)
                  00038c08    00000040     drivers_tivaware.aem4f : RingBuf.oem4f (.text:RingBuf_get)
                  00038c48    00000040                            : SDSPITiva.oem4f (.text:SDSPITiva_close)
                  00038c88    00000040                            : UARTTiva.oem4f (.text:UARTTiva_read)
                  00038cc8    00000040     ILI9341.obj (.text:_ZN33_INTERNAL_11_ILI9341_cpp_6ff9e12f12writeCommandEh)
                  00038d08    00000040     ti.mw.fatfs.aem4f : ff.oem4f (.text:get_ldnumber)
                  00038d48    00000040     rtsv7M4_T_le_v4SPD16_eabi.lib : u_divt2.asm.obj (.text)
                  00038d88    00000040     sysbios.aem4f : BIOS.obj (.text:ti_sysbios_family_arm_lm4_Timer_startup__E)
                  00038dc8    0000003c     drivers_tivaware.aem4f : SPITivaDMA.oem4f (.text:SPITivaDMA_close)
                  00038e04    0000003c     driverlib.lib : ssi.obj (.text:SSIConfigSetExpClk)
                  00038e40    0000003c     animator.obj (.text:_Z9readUntilcPh)
                  00038e7c    0000003c     EK_TM4C123GXL.obj (.text:dmaErrorHwi)
                  00038eb8    0000003c     sysbios.aem4f : BIOS.obj (.text:ti_sysbios_family_arm_m3_Hwi_excSvCall__I)
                  00038ef4    00000004     --HOLE-- [fill = 0]
                  00038ef8    0000003c                   : BIOS.obj (.text:ti_sysbios_heaps_HeapMem_init__I)
                  00038f34    00000004     --HOLE-- [fill = 0]
                  00038f38    0000003c                   : BIOS.obj (.text:ti_sysbios_knl_Swi_restore__E)
                  00038f74    00000038     drivers_tivaware.aem4f : SDSPI.oem4f (.text:SDSPI_init)
                  00038fac    00000038                            : SPI.oem4f (.text:SPI_init)
                  00038fe4    00000038                            : UART.oem4f (.text:UART_init)
                  0003901c    00000038     rtsv7M4_T_le_v4SPD16_eabi.lib : trgmsg.c.obj (.text:__TI_writemsg)
                  00039054    00000038     ti.mw.fatfs.aem4f : ff.oem4f (.text:dir_register)
                  0003908c    00000004     --HOLE-- [fill = 0]
                  00039090    00000038     sysbios.aem4f : BIOS.obj (.text:ti_sysbios_family_arm_m3_Hwi_excNoIsr__I)
                  000390c8    00000038                   : BIOS.obj (.text:ti_sysbios_knl_Task_processVitalTaskFlag__I)
                  00039100    00000038     ti.targets.arm.rtsarm.aem4f : SysMin.oem4f (.text:xdc_runtime_SysMin_putch__E)
                  00039138    00000038                                 : System.oem4f (.text:xdc_runtime_System_atexit__E)
                  00039170    00000036     drivers_tivaware.aem4f : UARTTiva.oem4f (.text:UARTTiva_readCancel)
                  000391a6    00000036     ti.mw.fatfs.aem4f : ff.oem4f (.text:move_window)
                  000391dc    00000036     rtsv7M4_T_le_v4SPD16_eabi.lib : strncpy.c.obj (.text:strncpy)
                  00039212    00000036     SlaveController_pem4f.oem4f (.text:ti_mw_fatfs_getFatTime)
                  00039248    00000034     EK_TM4C123GXL.obj (.text:EK_TM4C123GXL_initUART)
                  0003927c    00000034     driverlib.lib : sysctl.obj (.text:SysCtlPeripheralEnable)
                  000392b0    00000034     rtsv7M4_T_le_v4SPD16_eabi.lib : fopen.c.obj (.text:__TI_cleanup)
                  000392e4    00000034                                   : trgmsg.c.obj (.text:__TI_readmsg)
                  00039318    00000034     ti.mw.fatfs.aem4f : ff.oem4f (.text:dir_remove)
                  0003934c    00000034                       : ffcio.oem4f (.text:ffcio_lseek)
                  00039380    00000034     sysbios.aem4f : BIOS.obj (.text:ti_sysbios_family_arm_m3_Hwi_Instance_finalize__E)
                  000393b4    00000004     --HOLE-- [fill = 0]
                  000393b8    00000034                   : BIOS.obj (.text:ti_sysbios_family_arm_m3_Hwi_excNmi__I)
                  000393ec    00000004     --HOLE-- [fill = 0]
                  000393f0    00000034                   : BIOS.obj (.text:ti_sysbios_hal_Hwi_checkStack)
                  00039424    00000034     SlaveController_pem4f.oem4f (.text:ti_sysbios_knl_Clock_construct)
                  00039458    00000034     ti.mw.fatfs.aem4f : ff.oem4f (.text:validate)
                  0003948c    00000034     ti.targets.arm.rtsarm.aem4f : Core-label.oem4f (.text:xdc_runtime_Core_assignLabel__I)
                  000394c0    00000033                                 : Text.oem4f (.text:xdc_runtime_Text_printVisFxn__I)
                  000394f3    00000005     --HOLE-- [fill = 0]
                  000394f8    00000032     sysbios.aem4f : BIOS.obj (.text:ti_sysbios_hal_Hwi_initStack)
                  0003952a    00000002     --HOLE-- [fill = 0]
                  0003952c    00000030     EK_TM4C123GXL.obj (.text:EK_TM4C123GXL_initGPIO)
                  0003955c    00000030     drivers_tivaware.aem4f : SDSPI.oem4f (.text:SDSPI_open)
                  0003958c    00000030                            : SPI.oem4f (.text:SPI_open)
                  000395bc    00000030                            : UART.oem4f (.text:UART_open)
                  000395ec    00000030     ILI9341.obj (.text:_ZN33_INTERNAL_11_ILI9341_cpp_6ff9e12f9writeDataEh)
                  0003961c    00000030     rtsv7M4_T_le_v4SPD16_eabi.lib : getdevice.c.obj (.text:finddevice)
                  0003964c    00000030     SlaveController_pem4f.oem4f (.text:ti_sysbios_BIOS_atExitFunc__I)
                  0003967c    00000004     --HOLE-- [fill = 0]
                  00039680    00000030     sysbios.aem4f : BIOS.obj (.text:ti_sysbios_family_arm_lm4_Timer_stop__E)
                  000396b0    00000030                   : BIOS.obj (.text:ti_sysbios_family_arm_m3_TaskSupport_start__E)
                  000396e0    00000030     SlaveController_pem4f.oem4f (.text:ti_sysbios_gates_GateHwi_Object__create__S)
                  00039710    00000030     SlaveController_pem4f.oem4f (.text:ti_sysbios_gates_GateMutex_Object__create__S)
                  00039740    00000030     SlaveController_pem4f.oem4f (.text:ti_sysbios_heaps_HeapMem_Object__create__S)
                  00039770    00000030     SlaveController_pem4f.oem4f (.text:ti_sysbios_knl_Semaphore_construct)
                  000397a0    00000030     sysbios.aem4f : BIOS.obj (.text:ti_sysbios_knl_Semaphore_pendTimeout__I)
                  000397d0    00000030                   : BIOS.obj (.text:ti_sysbios_knl_Task_unblockI__E)
                  00039800    00000030     ti.targets.arm.rtsarm.aem4f : SysMin.oem4f (.text:xdc_runtime_SysMin_abort__E)
                  00039830    00000030                                 : System.oem4f (.text:xdc_runtime_System_processAtExit__E)
                  00039860    0000002e     SlaveController_pem4f.oem4f (.text:malloc)
                  0003988e    00000002     --HOLE-- [fill = 0]
                  00039890    0000002c     Flash.obj (.text:Flash_writeMemory)
                  000398bc    0000002c     ti.mw.fatfs.aem4f : diskio.oem4f (.text:disk_register)
                  000398e8    0000002c     rtsv7M4_T_le_v4SPD16_eabi.lib : fclose.c.obj (.text:fclose)
                  00039914    0000002c     SlaveController_pem4f.oem4f (.text:ti_sysbios_knl_Clock_doTick__I)
                  00039940    0000002c     SlaveController_pem4f.oem4f (.text:ti_sysbios_knl_Queue_construct)
                  0003996c    00000004     --HOLE-- [fill = 0]
                  00039970    0000002c     sysbios.aem4f : BIOS.obj (.text:ti_sysbios_knl_Task_restore__E)
                  0003999c    0000002c     driverlib.lib : udma.obj (.text:uDMAChannelAssign)
                  000399c8    0000002c     rtsv7M4_T_le_v4SPD16_eabi.lib : unlink.c.obj (.text:unlink)
                  000399f4    0000002c     ti.targets.arm.rtsarm.aem4f : Text.oem4f (.text:xdc_runtime_Text_cordText__E)
                  00039a20    0000002a     driverlib.lib : gpio.obj (.text:GPIODirModeSet)
                  00039a4a    0000002a     ti.targets.arm.rtsarm.aem4f : System.oem4f (.text:xdc_runtime_System_putchar__I)
                  00039a74    00000028     ti.mw.fatfs.aem4f : diskio.oem4f (.text:disk_unregister)
                  00039a9c    00000028     rtsv7M4_T_le_v4SPD16_eabi.lib : read.c.obj (.text:read)
                  00039ac4    00000028     SlaveController_pem4f.oem4f (.text:ti_sysbios_BIOS_startFunc__I)
                  00039aec    00000004     --HOLE-- [fill = 0]
                  00039af0    00000028     sysbios.aem4f : BIOS.obj (.text:ti_sysbios_knl_Swi_Module_startup__E)
                  00039b18    00000028     rtsv7M4_T_le_v4SPD16_eabi.lib : write.c.obj (.text:write)
                  00039b40    00000026     sysbios.aem4f : m3_Hwi_asm.obj (.text:ti_sysbios_family_arm_m3_Hwi_pendSV__I)
                  00039b66    00000026     ti.targets.arm.rtsarm.aem4f : System.oem4f (.text:xdc_runtime_System_avprintf__E)
                  00039b8c    00000024     ti.mw.fatfs.aem4f : diskio.oem4f (.text:disk_ioctl)
                  00039bb0    00000024                       : diskio.oem4f (.text:disk_read)
                  00039bd4    00000024                       : ff.oem4f (.text:f_close)
                  00039bf8    00000024                       : ffcio.oem4f (.text:ffcio_close)
                  00039c1c    00000024     SlaveController_pem4f.oem4f (.text:ti_sysbios_BIOS_errorRaiseHook__I)
                  00039c40    00000024     SlaveController_pem4f.oem4f (.text:ti_sysbios_BIOS_registerRTSLock__I)
                  00039c64    00000024     SlaveController_pem4f.oem4f (.text:ti_sysbios_BIOS_removeRTSLock__I)
                  00039c88    00000024     SlaveController_pem4f.oem4f (.text:ti_sysbios_gates_GateMutex_Object__delete__S)
                  00039cac    00000004     --HOLE-- [fill = 0]
                  00039cb0    00000024     sysbios.aem4f : BIOS.obj (.text:ti_sysbios_knl_Clock_Module_startup__E)
                  00039cd4    00000004     --HOLE-- [fill = 0]
                  00039cd8    00000024                   : BIOS.obj (.text:ti_sysbios_knl_Task_restoreHwi__E)
                  00039cfc    00000024     driverlib.lib : udma.obj (.text:uDMAChannelControlSet)
                  00039d20    00000024     ti.targets.arm.rtsarm.aem4f : System.oem4f (.text:xdc_runtime_System_vprintf__E)
                  00039d44    00000004     --HOLE-- [fill = 0]
                  00039d48    00000022     sysbios.aem4f : BIOS.obj (.text:ti_sysbios_family_arm_lm4_Timer_write__I)
                  00039d6a    00000022     SlaveController_pem4f.oem4f (.text:xdc_runtime_SysMin_output__I)
                  00039d8c    00000020     Flash.obj (.text:Flash_allocateMemory)
                  00039dac    00000020     ti.mw.fatfs.aem4f : diskio.oem4f (.text:disk_write)
                  00039dcc    00000020                       : ffcio.oem4f (.text:ffcio_read)
                  00039dec    00000020                       : ffcio.oem4f (.text:ffcio_write)
                  00039e0c    00000020     SlaveController_pem4f.oem4f (.text:ti_sysbios_BIOS_rtsLock__I)
                  00039e2c    00000004     --HOLE-- [fill = 0]
                  00039e30    00000020     sysbios.aem4f : BIOS.obj (.text:ti_sysbios_family_arm_m3_Hwi_clearInterrupt__E)
                  00039e50    00000020                   : m3_Hwi_asm.obj (.text:ti_sysbios_family_arm_m3_Hwi_excHandlerAsm__I)
                  00039e70    00000020                   : BIOS.obj (.text:ti_sysbios_family_arm_m3_Hwi_excHandler__I)
                  00039e90    00000020     SlaveController_pem4f.oem4f (.text:ti_sysbios_gates_GateHwi_Object__delete__S)
                  00039eb0    00000020     SlaveController_pem4f.oem4f (.text:ti_sysbios_heaps_HeapMem_Object__delete__S)
                  00039ed0    00000020     SlaveController_pem4f.oem4f (.text:ti_sysbios_knl_Clock_Object__destruct__S)
                  00039ef0    00000020     sysbios.aem4f : BIOS.obj (.text:ti_sysbios_knl_Idle_run__E)
                  00039f10    00000020     SlaveController_pem4f.oem4f (.text:ti_sysbios_knl_Semaphore_Object__destruct__S)
                  00039f30    00000020     ti.targets.arm.rtsarm.aem4f : Registry.oem4f (.text:xdc_runtime_Registry_findById__E)
                  00039f50    00000020                                 : SysMin.oem4f (.text:xdc_runtime_SysMin_Module_startup__E)
                  00039f70    0000001e     ti.mw.fatfs.aem4f : ff.oem4f (.text:ld_clust)
                  00039f8e    0000001e     rtsv7M4_T_le_v4SPD16_eabi.lib : strcat.c.obj (.text:strcat)
                  00039fac    0000001e     sysbios.aem4f : m3_Hwi_asm_switch.obj (.text:ti_sysbios_family_xxx_Hwi_switchAndRunFunc)
                  00039fca    00000002     --HOLE-- [fill = 0]
                  00039fcc    0000001c     driverlib.lib : uart.obj (.text:UARTDisable)
                  00039fe8    0000001c     UART.obj (.text:UART_transmit)
                  0003a004    0000001c     ti.mw.fatfs.aem4f : diskio.oem4f (.text:disk_initialize)
                  0003a020    0000001c                       : diskio.oem4f (.text:disk_status)
                  0003a03c    0000001c     drivers_tivaware.aem4f : GPIOTiva.oem4f (.text:getGpioIntIndex)
                  0003a058    0000001c     ti.mw.fatfs.aem4f : ff.oem4f (.text:mem_cmp)
                  0003a074    00000004     --HOLE-- [fill = 0]
                  0003a078    0000001c     sysbios.aem4f : BIOS.obj (.text:ti_sysbios_family_arm_lm4_Seconds_get__E)
                  0003a094    0000001c     SlaveController_pem4f.oem4f (.text:ti_sysbios_family_arm_m3_Hwi_Object__destruct__S)
                  0003a0b0    0000001c     sysbios.aem4f : BIOS.obj (.text:ti_sysbios_gates_GateMutex_Instance_init__E)
                  0003a0cc    0000001c     SlaveController_pem4f.oem4f (.text:ti_sysbios_knl_Queue_Object__destruct__S)
                  0003a0e8    0000001c     sysbios.aem4f : BIOS.obj (.text:ti_sysbios_knl_Queue_put__E)
                  0003a104    00000004     --HOLE-- [fill = 0]
                  0003a108    0000001c                   : BIOS.obj (.text:ti_sysbios_knl_Task_enter__I)
                  0003a124    0000001c     ti.targets.arm.rtsarm.aem4f : Error.oem4f (.text:xdc_runtime_Error_raiseX__E)
                  0003a140    0000001c                                 : Memory.oem4f (.text:xdc_runtime_Memory_valloc__E)
                  0003a15c    0000001c                                 : SysMin.oem4f (.text:xdc_runtime_SysMin_exit__E)
                  0003a178    0000001c                                 : System.oem4f (.text:xdc_runtime_System_abort__E)
                  0003a194    0000001a     SlaveController_pem4f.oem4f (.text:free)
                  0003a1ae    0000001a     SlaveController_pem4f.oem4f (.text:ti_sysbios_family_arm_m3_Hwi_Handle__label__S)
                  0003a1c8    0000001a     SlaveController_pem4f.oem4f (.text:ti_sysbios_gates_GateHwi_Handle__label__S)
                  0003a1e2    0000001a     SlaveController_pem4f.oem4f (.text:ti_sysbios_gates_GateMutex_Handle__label__S)
                  0003a1fc    0000001a     SlaveController_pem4f.oem4f (.text:ti_sysbios_heaps_HeapMem_Handle__label__S)
                  0003a216    0000001a     SlaveController_pem4f.oem4f (.text:ti_sysbios_knl_Swi_Handle__label__S)
                  0003a230    0000001a     SlaveController_pem4f.oem4f (.text:ti_sysbios_knl_Task_Handle__label__S)
                  0003a24a    0000001a     ti.mw.fatfs.aem4f : ff.oem4f (.text:unlock_fs)
                  0003a264    0000001a     SlaveController_pem4f.oem4f (.text:xdc_runtime_System_aprintf__E)
                  0003a27e    0000001a     SlaveController_pem4f.oem4f (.text:xdc_runtime_System_printf__E)
                  0003a298    00000018     driverlib.lib : gpio.obj (.text:GPIOPinTypeGPIOOutput)
                  0003a2b0    00000018     drivers_tivaware.aem4f : UART.oem4f (.text:UART_Params_init)
                  0003a2c8    00000018     UART.obj (.text:UART_receive)
                  0003a2e0    00000018     animator.obj (.text:_Z11readHalfIntPh)
                  0003a2f8    00000018     ILI9341.obj (.text:_Z18ILI9341_fillScreenj)
                  0003a310    00000018     ILI9341.obj (.text:_ZN33_INTERNAL_11_ILI9341_cpp_6ff9e12f8deselectEv)
                  0003a328    00000018     rtsv7M4_T_le_v4SPD16_eabi.lib : args_main.c.obj (.text:_args_main)
                  0003a340    00000018     ti.mw.fatfs.aem4f : ff.oem4f (.text:clust2sect)
                  0003a358    00000018                       : ffosal.oem4f (.text:ff_cre_syncobj)
                  0003a370    00000018     rtsv7M4_T_le_v4SPD16_eabi.lib : strcmp.c.obj (.text:strcmp)
                  0003a388    00000018     SlaveController_pem4f.oem4f (.text:ti_sysbios_BIOS_rtsUnlock__I)
                  0003a3a0    00000018     SlaveController_pem4f.oem4f (.text:ti_sysbios_family_arm_lm4_Timer_Module__startupDone__F)
                  0003a3b8    00000018     SlaveController_pem4f.oem4f (.text:ti_sysbios_family_arm_m3_Hwi_Module__startupDone__F)
                  0003a3d0    00000018     sysbios.aem4f : m3_TaskSupport_asm.obj (.text:ti_sysbios_family_arm_m3_TaskSupport_swap__E)
                  0003a3e8    00000018                   : BIOS.obj (.text:ti_sysbios_gates_GateMutex_leave__E)
                  0003a400    00000018                   : BIOS.obj (.text:ti_sysbios_knl_Task_sleepTimeout__I)
                  0003a418    00000018     SlaveController_pem4f.oem4f (.text:time)
                  0003a430    00000018     driverlib.lib : udma.obj (.text:uDMAChannelDisable)
                  0003a448    00000018                   : udma.obj (.text:uDMAChannelEnable)
                  0003a460    00000018                   : udma.obj (.text:uDMAChannelIsEnabled)
                  0003a478    00000018     ti.targets.arm.rtsarm.aem4f : Error.oem4f (.text:xdc_runtime_Error_check__E)
                  0003a490    00000018                                 : System.oem4f (.text:xdc_runtime_System_exit__E)
                  0003a4a8    00000018                                 : Text.oem4f (.text:xdc_runtime_Text_ropeText__E)
                  0003a4c0    00000016     tirtosport.aem4f : SemaphoreP_tirtos.oem4f (.text:SemaphoreP_delete)
                  0003a4d6    00000016     start.obj (.text:_ZN30_INTERNAL_9_start_cpp_c81e5b2e31ti_sysbios_knl_Task_Params_initEP26ti_sysbios_knl_Task_Params)
                  0003a4ec    00000016     ti.mw.fatfs.aem4f : ff.oem4f (.text:mem_cpy)
                  0003a502    00000016     rtsv7M4_T_le_v4SPD16_eabi.lib : strchr.c.obj (.text:strchr)
                  0003a518    00000016     SlaveController_pem4f.oem4f (.text:ti_sysbios_BIOS_exitFunc__I)
                  0003a52e    00000016     EK_TM4C123GXL.obj (.text:ti_sysbios_family_arm_m3_Hwi_Params_init)
                  0003a544    00000014     drivers_tivaware.aem4f : SPI.oem4f (.text:SPI_Params_init)
                  0003a558    00000014     driverlib.lib : uart.obj (.text:UARTEnable)
                  0003a56c    00000014     animator.obj (.text:_Z28animator_setBackgroundColorsPKj)
                  0003a580    00000014     ti.mw.fatfs.aem4f : ffosal.oem4f (.text:ff_req_grant)
                  0003a594    00000014                       : ff.oem4f (.text:mem_set)
                  0003a5a8    00000014     rtsv7M4_T_le_v4SPD16_eabi.lib : strcpy.c.obj (.text:strcpy)
                  0003a5bc    00000014                                   : strlen.c.obj (.text:strlen)
                  0003a5d0    00000014     SlaveController_pem4f.oem4f (.text:ti_sysbios_family_arm_m3_Hwi_Object__get__S)
                  0003a5e4    00000004     --HOLE-- [fill = 0]
                  0003a5e8    00000014     sysbios.aem4f : BIOS.obj (.text:ti_sysbios_family_arm_m3_Hwi_switchFromBootStack__E)
                  0003a5fc    00000014     SlaveController_pem4f.oem4f (.text:ti_sysbios_heaps_HeapMem_Object__get__S)
                  0003a610    00000014     SlaveController_pem4f.oem4f (.text:ti_sysbios_knl_Swi_Object__get__S)
                  0003a624    00000012     Flash.obj (.text:Flash_writeCommand)
                  0003a636    00000012     driverlib.lib : gpio.obj (.text:GPIOPinTypeGPIOInput)
                  0003a648    00000012                   : gpio.obj (.text:GPIOPinTypeSSI)
                  0003a65a    00000012                   : gpio.obj (.text:GPIOPinTypeUART)
                  0003a66c    00000012     drivers_tivaware.aem4f : RingBuf.oem4f (.text:RingBuf_construct)
                  0003a67e    00000012                            : SDSPITiva.oem4f (.text:SDSPITiva_init)
                  0003a690    00000012     driverlib.lib : ssi.obj (.text:SSIDataGetNonBlocking)
                  0003a6a2    00000012     tirtosport.aem4f : SemaphoreP_tirtos.oem4f (.text:SemaphoreP_pend)
                  0003a6b4    00000012     ti.mw.fatfs.aem4f : ff.oem4f (.text:chk_chr)
                  0003a6c6    00000012                       : ffcio.oem4f (.text:ffcio_rename)
                  0003a6d8    00000012                       : ffcio.oem4f (.text:ffcio_unlink)
                  0003a6ea    00000006     driverlib.lib : gpio.obj (.text:GPIOIntClear)
                  0003a6f0    00000012     sysbios.aem4f : BIOS.obj (.text:ti_sysbios_hal_Hwi_Module_startup__E)
                  0003a702    00000012     SlaveController_pem4f.oem4f (.text:xdc_runtime_Startup_exec__I)
                  0003a714    00000010     Flash.obj (.text:Flash_releaseSPI)
                  0003a724    00000010     drivers_tivaware.aem4f : SDSPITiva.oem4f (.text:SDSPITiva_diskStatus)
                  0003a734    00000010                            : SDSPI.oem4f (.text:SDSPI_Params_init)
                  0003a744    00000010     SD.obj (.text:SD_closeFile)
                  0003a754    00000010     SD.obj (.text:SD_releaseSDCard)
                  0003a764    00000010     UART.obj (.text:UART_sendByte)
                  0003a774    00000010     ILI9341.obj (.text:_Z19beginSPITransactionv)
                  0003a784    00000010     drivers_tivaware.aem4f : UARTTiva.oem4f (.text:readBlockingTimeout)
                  0003a794    00000010     ti.mw.fatfs.aem4f : ff.oem4f (.text:st_clust)
                  0003a7a4    00000004     --HOLE-- [fill = 0]
                  0003a7a8    00000010     sysbios.aem4f : BIOS.obj (.text:ti_sysbios_BIOS_getCpuFreq__E)
                  0003a7b8    00000010                   : BIOS.obj (.text:ti_sysbios_BIOS_setThreadType__E)
                  0003a7c8    00000010                   : BIOS.obj (.text:ti_sysbios_BIOS_start__E)
                  0003a7d8    00000010                   : BIOS.obj (.text:ti_sysbios_family_arm_lm4_TimestampProvider_rolloverFunc__E)
                  0003a7e8    00000010                   : m3_TaskSupport_asm.obj (.text:ti_sysbios_family_arm_m3_TaskSupport_glue)
                  0003a7f8    00000010                   : BIOS.obj (.text:ti_sysbios_gates_GateMutex_Instance_finalize__E)
                  0003a808    00000010                   : BIOS.obj (.text:ti_sysbios_knl_Semaphore_Instance_finalize__E)
                  0003a818    00000010                   : BIOS.obj (.text:ti_sysbios_knl_Swi_disable__E)
                  0003a828    00000010     SlaveController_pem4f.oem4f (.text:ti_sysbios_knl_Task_Object__get__S)
                  0003a838    00000010     sysbios.aem4f : BIOS.obj (.text:ti_sysbios_knl_Task_disable__E)
                  0003a848    00000010     driverlib.lib : udma.obj (.text:uDMAEnable)
                  0003a858    00000010     ti.targets.arm.rtsarm.aem4f : Gate.oem4f (.text:xdc_runtime_Gate_leaveSystem__E)
                  0003a868    00000010                                 : Memory.oem4f (.text:xdc_runtime_Memory_free__E)
                  0003a878    00000010                                 : SysMin.oem4f (.text:xdc_runtime_SysMin_ready__E)
                  0003a888    00000010                                 : System.oem4f (.text:xdc_runtime_System_vsnprintf__E)
                  0003a898    00000010     SlaveController_pem4f.oem4f (.text:xdc_runtime_Text_visitRope__I)
                  0003a8a8    0000000e     driverlib.lib : gpio.obj (.text:GPIOIntStatus)
                  0003a8b6    0000000e                   : uart.obj (.text:UARTCharGetNonBlocking)
                  0003a8c4    0000000e                   : uart.obj (.text:UARTCharPutNonBlocking)
                  0003a8d2    0000000e     rtsv7M4_T_le_v4SPD16_eabi.lib : copy_decompress_none.c.obj (.text:decompress:none:__TI_decompress_none)
                  0003a8e0    0000000e     sysbios.aem4f : BIOS.obj (.text:ti_sysbios_knl_Idle_loop__E)
                  0003a8ee    00000002     --HOLE-- [fill = 0]
                  0003a8f0    0000000e                   : BIOS.obj (.text:ti_sysbios_knl_Queue_empty__E)
                  0003a8fe    00000002     --HOLE-- [fill = 0]
                  0003a900    0000000c     SlaveController_pem4f.oem4f (.text:.bootCodeSection:ti_catalog_arm_cortexm4_tiva_ce_Boot_init__I)
                  0003a90c    0000000c     drivers_tivaware.aem4f : RingBuf.oem4f (.text:RingBuf_peek)
                  0003a918    0000000c     driverlib.lib : ssi.obj (.text:SSIDataGet)
                  0003a924    0000000c                   : uart.obj (.text:UARTFlowControlSet)
                  0003a930    0000000c     drivers_tivaware.aem4f : UARTTiva.oem4f (.text:UARTTiva_init)
                  0003a93c    0000000c     rtsv7M4_T_le_v4SPD16_eabi.lib : _lock.c.obj (.text:_register_lock)
                  0003a948    0000000c                                   : _lock.c.obj (.text:_register_unlock)
                  0003a954    0000000c                                   : copy_zero_init.c.obj (.text:decompress:ZI:__TI_zero_init)
                  0003a960    0000000c     Utils.obj (.text:sleep)
                  0003a96c    00000004     --HOLE-- [fill = 0]
                  0003a970    0000000c     sysbios.aem4f : BIOS.obj (.text:ti_sysbios_family_arm_lm4_Timer_getMaxTicks__E)
                  0003a97c    00000004     --HOLE-- [fill = 0]
                  0003a980    0000000c                   : BIOS.obj (.text:ti_sysbios_family_arm_lm4_TimestampProvider_startTimer__E)
                  0003a98c    0000000c     SlaveController_pem4f.oem4f (.text:ti_sysbios_family_arm_m3_Hwi_Params__init__S)
                  0003a998    0000000c     sysbios.aem4f : BIOS.obj (.text:ti_sysbios_family_arm_m3_Hwi_disableFxn__E)
                  0003a9a4    00000004     --HOLE-- [fill = 0]
                  0003a9a8    0000000c                   : BIOS.obj (.text:ti_sysbios_family_arm_m3_TaskSupport_checkStack__E)
                  0003a9b4    00000004     --HOLE-- [fill = 0]
                  0003a9b8    0000000c                   : BIOS.obj (.text:ti_sysbios_family_arm_m3_TaskSupport_getStackAlignment__E)
                  0003a9c4    00000004     --HOLE-- [fill = 0]
                  0003a9c8    0000000c                   : BIOS.obj (.text:ti_sysbios_gates_GateHwi_enter__E)
                  0003a9d4    0000000c     SlaveController_pem4f.oem4f (.text:ti_sysbios_knl_Clock_Params__init__S)
                  0003a9e0    0000000c     sysbios.aem4f : BIOS.obj (.text:ti_sysbios_knl_Clock_getTicks__E)
                  0003a9ec    0000000c     SlaveController_pem4f.oem4f (.text:ti_sysbios_knl_Queue_Object__get__S)
                  0003a9f8    0000000c     SlaveController_pem4f.oem4f (.text:ti_sysbios_knl_Semaphore_Params__init__S)
                  0003aa04    0000000c     SlaveController_pem4f.oem4f (.text:ti_sysbios_knl_Task_Params__init__S)
                  0003aa10    0000000c     driverlib.lib : udma.obj (.text:uDMAControlBaseSet)
                  0003aa1c    0000000c                   : udma.obj (.text:uDMAErrorStatusClear)
                  0003aa28    0000000c                   : udma.obj (.text:uDMAErrorStatusGet)
                  0003aa34    0000000c                   : udma.obj (.text:uDMAIntStatus)
                  0003aa40    0000000c     ti.targets.arm.rtsarm.aem4f : Error.oem4f (.text:xdc_runtime_Error_init__E)
                  0003aa4c    0000000c                                 : Gate.oem4f (.text:xdc_runtime_Gate_enterSystem__E)
                  0003aa58    0000000c                                 : Memory.oem4f (.text:xdc_runtime_Memory_calloc__E)
                  0003aa64    0000000c                                 : Memory.oem4f (.text:xdc_runtime_Memory_getMaxDefaultTypeAlign__E)
                  0003aa70    0000000a     Flash.obj (.text:Flash_transferSPI)
                  0003aa7a    0000000a     drivers_tivaware.aem4f : SDSPI.oem4f (.text:SDSPI_close)
                  0003aa84    0000000a                            : SPITivaDMA.oem4f (.text:SPITivaDMA_init)
                  0003aa8e    0000000a                            : SPI.oem4f (.text:SPI_close)
                  0003aa98    0000000a                            : SPI.oem4f (.text:SPI_transfer)
                  0003aaa2    0000000a     driverlib.lib : ssi.obj (.text:SSIDMADisable)
[...]
0003a581  ff_req_grant                                                      
0003a5a9  strcpy                                                            
0003a5bd  strlen                                                            
0003a5d1  ti_sysbios_family_arm_m3_Hwi_Object__get__S                       
0003a5e9  ti_sysbios_family_arm_m3_Hwi_switchFromBootStack__E               
0003a5e9  ti_sysbios_hal_Hwi_HwiProxy_switchFromBootStack__E                
0003a5e9  ti_sysbios_hal_Hwi_switchFromBootStack__E                         
0003a5fd  ti_sysbios_heaps_HeapMem_Object__get__S                           
0003a611  ti_sysbios_knl_Swi_Object__get__S                                 
0003a625  Flash_writeCommand                                                
0003a637  GPIOPinTypeGPIOInput                                              
0003a649  GPIOPinTypeSSI                                                    
0003a65b  GPIOPinTypeUART                                                   
0003a66d  RingBuf_construct                                                 
0003a67f  SDSPITiva_init                                                    
0003a691  SSIDataGetNonBlocking                                             
0003a6a3  SemaphoreP_pend                                                   
0003a6c7  ffcio_rename                                                      
0003a6d9  ffcio_unlink                                                      
0003a6eb  GPIOIntClear                                                      
0003a6f1  ti_sysbios_hal_Hwi_Module_startup__E                              
0003a703  xdc_runtime_Startup_exec__I                                       
0003a715  Flash_releaseSPI                                                  
0003a725  SDSPITiva_diskStatus                                              
0003a735  SDSPI_Params_init                                                 
0003a745  SD_closeFile                                                      
0003a755  SD_releaseSDCard                                                  
0003a765  UART_sendByte                                                     
0003a775  _Z19beginSPITransactionv                                          
0003a7a9  ti_sysbios_BIOS_getCpuFreq__E                                     
0003a7a9  ti_sysbios_family_arm_lm4_TimestampProvider_getFreq__E            
0003a7a9  xdc_runtime_Timestamp_SupportProxy_getFreq__E                     
0003a7a9  xdc_runtime_Timestamp_getFreq__E                                  
0003a7b9  ti_sysbios_BIOS_setThreadType__E                                  
0003a7c9  osi_start                                                         
0003a7c9  ti_sysbios_BIOS_start__E                                          
0003a7d9  ti_sysbios_family_arm_lm4_TimestampProvider_rolloverFunc__E       
0003a7e9  ti_sysbios_family_arm_m3_TaskSupport_glue                         
0003a7f9  ti_sysbios_gates_GateMutex_Instance_finalize__E                   
0003a809  ti_sysbios_knl_Semaphore_Instance_finalize__E                     
0003a819  ti_sysbios_knl_Swi_disable__E                                     
0003a829  ti_sysbios_knl_Task_Object__get__S                                
0003a839  osi_TaskDisable                                                   
0003a839  ti_sysbios_knl_Task_disable__E                                    
0003a849  uDMAEnable                                                        
0003a859  xdc_runtime_Gate_leaveSystem__E                                   
0003a869  xdc_runtime_Memory_free__E                                        
0003a879  xdc_runtime_SysMin_ready__E                                       
0003a879  xdc_runtime_System_SupportProxy_ready__E                          
0003a889  xdc_runtime_System_vsnprintf__E                                   
0003a899  xdc_runtime_Text_visitRope__I                                     
0003a8a9  GPIOIntStatus                                                     
0003a8b7  UARTCharGetNonBlocking                                            
0003a8c5  UARTCharPutNonBlocking                                            
0003a8d3  __TI_decompress_none                                              
0003a8e1  ti_sysbios_knl_Idle_loop__E                                       
0003a8f1  ti_sysbios_knl_Queue_empty__E                                     
0003a901  ti_catalog_arm_cortexm4_tiva_ce_Boot_init__I                      
0003a90d  RingBuf_peek                                                      
0003a919  SSIDataGet                                                        
0003a925  UARTFlowControlSet                                                
0003a931  UARTTiva_init                                                     
0003a93d  _register_lock                                                    
0003a949  _register_unlock                                                  
0003a955  __TI_zero_init                                                    
0003a961  sleep                                                             
0003a971  ti_sysbios_family_arm_lm4_Timer_getMaxTicks__E                    
0003a981  ti_sysbios_family_arm_lm4_TimestampProvider_startTimer__E         
0003a98d  ti_sysbios_family_arm_m3_Hwi_Params__init__S                      
0003a98d  ti_sysbios_hal_Hwi_HwiProxy_Params__init__S                       
0003a999  ti_sysbios_family_arm_m3_Hwi_disableFxn__E                        
0003a999  ti_sysbios_hal_Hwi_HwiProxy_disable__E                            
0003a9a9  ti_sysbios_family_arm_m3_TaskSupport_checkStack__E                
0003a9a9  ti_sysbios_knl_Task_SupportProxy_checkStack__E                    
0003a9b9  ti_sysbios_family_arm_m3_TaskSupport_getStackAlignment__E         
0003a9b9  ti_sysbios_knl_Task_SupportProxy_getStackAlignment__E             
0003a9c9  ti_sysbios_gates_GateHwi_enter__E                                 
0003a9d5  ti_sysbios_knl_Clock_Params__init__S                              
0003a9e1  ti_sysbios_knl_Clock_getTicks__E                                  
0003a9ed  ti_sysbios_knl_Queue_Object__get__S                               
0003a9f9  ti_sysbios_knl_Semaphore_Params__init__S                          
0003aa05  ti_sysbios_knl_Task_Params__init__S                               
0003aa11  uDMAControlBaseSet                                                
0003aa1d  uDMAErrorStatusClear                                              
0003aa29  uDMAErrorStatusGet                                                
0003aa35  uDMAIntStatus                                                     
0003aa41  xdc_runtime_Error_init__E                                         
0003aa4d  xdc_runtime_Gate_enterSystem__E                                   
0003aa59  xdc_runtime_Memory_calloc__E                                      
0003aa65  xdc_runtime_Memory_getMaxDefaultTypeAlign__E                      
0003aa71  Flash_transferSPI                                                 
0003aa7b  SDSPI_close                                                       
0003aa85  SPITivaDMA_init                                                   
0003aa8f  SPI_close                                                         
0003aa99  SPI_transfer                                                      
0003aaa3  SSIDMADisable                                                     
0003aaad  SSIDataPut                                                        
0003aab7  SSIDisable                                                        
0003aac1  SSIEnable                                                         
0003aacb  SSIIntDisable                                                     
0003aad5  SemaphoreP_post                                                   
0003aad5  SemaphoreP_postFromClock                                          
0003aad5  SemaphoreP_postFromISR                                            
0003aadf  UARTCharGet                                                       
0003aae9  UARTCharPut                                                       
0003aaf3  UARTIntDisable                                                    
0003aafd  UARTIntStatus                                                     
0003ab07  UART_read                                                         
0003ab11  UART_write                                                        
0003ab1b  ff_del_syncobj                                                    
0003ab25  xdc_runtime_Memory_HeapProxy_alloc__E                             
0003ab2f  xdc_runtime_Memory_HeapProxy_free__E                              
0003ab39  SSIDMAEnable                                                      
0003ab41  SSIIntEnable                                                      
0003ab49  UARTIntEnable                                                     
0003ab51  UARTRxErrorGet                                                    
0003ab59  millis                                                            
0003ab69  ti_sysbios_family_arm_lm4_Timer_masterDisable__I                  
0003ab71  ti_sysbios_family_arm_m3_Hwi_doSwiRestore__I                      
0003ab79  ti_sysbios_family_arm_m3_Hwi_startup__E                           
0003ab79  ti_sysbios_hal_Hwi_HwiProxy_startup__E                            
0003ab79  ti_sysbios_hal_Hwi_startup__E                                     
0003ab89  GPIOPinWrite                                                      
0003ab8f  SDSPITiva_control                                                 
0003ab95  SPITivaDMA_control                                                
0003aba1  UARTFIFOLevelSet                                                  
0003aba7  UARTRxErrorClear                                                  
0003abb3  ti_catalog_arm_cortexm4_tiva_ce_Boot_sysCtlDelayI__I              
0003abb9  ti_sysbios_family_arm_lm4_TimestampProvider_Module_startup__E     
0003abc1  ti_sysbios_family_arm_m3_Hwi_doTaskRestore__I                     
0003abc9  ti_sysbios_family_arm_m3_Hwi_restoreFxn__E                        
0003abc9  ti_sysbios_hal_Hwi_HwiProxy_restore__E                            
0003abd1  ti_sysbios_gates_GateHwi_leave__E                                 
0003abd9  ti_sysbios_heaps_HeapMem_isBlocking__E                            
0003abe1  ti_sysbios_knl_Clock_stop__E                                      
0003abe9  ti_sysbios_knl_Queue_Instance_init__E                             
0003abf1  ti_sysbios_knl_Swi_startup__E                                     
0003abf7  xdc_runtime_System_Module_startup__E                              
0003ac01  ti_sysbios_family_arm_lm4_Timer_getPeriod__E                      
0003ac09  ti_sysbios_gates_GateHwi_query__E                                 
0003ac09  xdc_runtime_Main_Module_GateProxy_query__E                        
0003ac09  xdc_runtime_System_Module_GateProxy_query__E                      
0003ac11  ti_sysbios_BIOS_RtsGateProxy_query__E                             
0003ac11  ti_sysbios_gates_GateMutex_query__E                               
0003ac11  ti_sysbios_heaps_HeapMem_Module_GateProxy_query__E                
0003ac19  ti_sysbios_knl_Task_startup__E                                    
0003ac21  ti_sysbios_gates_GateHwi_Instance_init__E                         
0003ac29  ti_sysbios_knl_Clock_logTick__E                                   
0003ac30  __TI_static_base__                                                
0003ae88  __TI_Handler_Table_Base                                           
0003ae94  __TI_Handler_Table_Limit                                          
0003aea8  __TI_CINIT_Base                                                   
0003aec0  __TI_CINIT_Limit                                                  
20000000  __start___llvm_prf_cnts                                           
20000000  __stop___llvm_prf_cnts                                            
20000000  ti_sysbios_family_arm_m3_Hwi_ramVectors                           
20000400  ti_sysbios_heaps_HeapMem_Instance_State_0_buf__A                  
20002400  st                                                                
20004340  animation                                                         
20005240  finalColors                                                       
20005744  ti_sysbios_family_arm_m3_Hwi_dispatchTable                        
20005aa4  buffer                                                            
20005d60  sdspiTivaObjects                                                  
20005fa0  ts                                                                
20006200  ti_sysbios_knl_Task_Instance_State_0_stack__A                     
20006400  layer                                                             
20006544  Flash_txBuffer                                                    
20006670  smallBuffer2                                                      
2000679c  __CIOBUF_                                                         
200068bc  rowsToUpdate                                                      
200069b0  spiTivaDMAObjects                                                 
20006a94  spriteSendables                                                   
20006b74  uartTivaObjects                                                   
20006c40  __TI_tmpnams                                                      
20006d70  xdc_runtime_SysMin_Module_State_0_outbuf__A                       
20006e18  uartParams                                                        
20006e3c  Flash_spi_params                                                  
20006e5c  uartTivaRingBuffer                                                
20006e98  Flash_transaction                                                 
20006eac  backgroundColorIndex                                              
20006ec0  colors                                                            
20006ee4  parmbuf                                                           
20006eec  sdspiParams                                                       
20006ef4  Flash_spi                                                         
20006ef8  backgroundColors                                                  
20006efc  bufferptr                                                         
20006f00  spiTivaDMAscratchBuf                                              
20006f0c  currentLocation                                                   
20006f14  persistentBackgroundMemLocation                                   
20006f18  sdspiHandle                                                       
20006f1c  src                                                               
20006f20  uart                                                              
20006f28  _ftable                                                           
20007018  ti_sysbios_family_arm_lm4_Timer_Object__table__V                  
20007098  ti_sysbios_knl_Swi_Module_State_0_readyQ__A                       
20007118  ti_sysbios_knl_Task_Module_State_0_readyQ__A                      
20007198  _device                                                           
20007210  _stream                                                           
200072b0  ti_sysbios_knl_Task_Object__table__V                              
200072fc  ti_sysbios_knl_Task_Module__state__V                              
20007340  ti_sysbios_gates_GateMutex_Object__table__V                       
20007378  ti_sysbios_family_arm_m3_Hwi_Module__state__V                     
200073ac  ti_sysbios_family_arm_lm4_Timer_Module_State_0_device__A          
200073dc  ti_sysbios_family_arm_m3_Hwi_Object__table__V                     
2000740c  ti_sysbios_knl_Swi_Object__table__V                               
2000743c  ti_sysbios_knl_Clock_Module__state__V                             
2000748c  ti_sysbios_BIOS_Module__state__V                                  
200074b0  ti_sysbios_knl_Swi_Module__state__V                               
200074cc  ti_sysbios_family_arm_lm4_Timer_Module_State_0_handles__A         
200074e4  ti_sysbios_heaps_HeapMem_Object__table__V                         
200074fc  gpioPinConfigs                                                    
20007510  _tz                                                               
20007520  __TI_ft_end                                                       
20007524  __aeabi_stdin                                                     
20007528  __aeabi_stdout                                                    
2000752c  __aeabi_stderr                                                    
20007530  __TI_cleanup_ptr                                                  
20007534  __TI_dtors_ptr                                                    
20007538  __TI_enable_exit_profile_output                                   
2000753c  ti_sysbios_family_arm_lm4_Timer_Module__state__V                  
20007548  xdc_runtime_SysMin_Module__state__V                               
20007554  _lock                                                             
20007558  _unlock                                                           
2000755c  gpioCallbackFunctions                                             
20007564  ti_sysbios_family_arm_lm4_Seconds_Module__state__V                
2000756c  ti_sysbios_family_arm_lm4_TimestampProvider_Module__state__V      
20007574  ti_sysbios_family_arm_m3_Hwi_Module__root__V                      
2000757c  ti_sysbios_gates_GateHwi_Module__root__V                          
20007584  ti_sysbios_gates_GateMutex_Module__root__V                        
2000758c  ti_sysbios_heaps_HeapMem_Module__root__V                          
20007594  ti_sysbios_knl_Clock_Module__root__V                              
2000759c  ti_sysbios_knl_Queue_Module__root__V                              
200075a4  ti_sysbios_knl_Semaphore_Module__root__V                          
200075ac  ti_sysbios_knl_Task_Module__root__V                               
200075b4  xdc_runtime_Registry_Module__state__V                             
200075bc  xdc_runtime_Startup_Module__state__V                              
200075c4  xdc_runtime_System_Module_State_0_atexitHandlers__A               
200075cc  xdc_runtime_System_Module__state__V                               
200075da  activeAnimations                                                  
200075dc  toRemove                                                          
200075de  ti_sysbios_family_arm_m3_Hwi_Module_State_0_excActive__A          
200075fc  main_func_sp                                                      
20007604  ti_sysbios_family_arm_m3_Hwi_Module_State_0_excContext__A         
20007608  ti_sysbios_family_arm_m3_Hwi_Module_State_0_excStack__A           
2000760c  ti_sysbios_gates_GateHwi_Object__table__V                         
20007610  ti_sysbios_knl_Task_Module_State_0_idleTask__A                    
20007614  xdc_runtime_Memory_Module__state__V                               
20007618  xdc_runtime_Error_Module__state__V                                
20007620  __stack                                                           
20007a20  __STACK_END                                                       
e000e000  ti_sysbios_family_arm_m3_Hwi_nvic                                 
ffffffff  __TI_pprof_out_hndl                                               
ffffffff  __TI_prof_data_size                                               
ffffffff  __TI_prof_data_start                                              
ffffffff  __binit__                                                         
ffffffff  __c_args__                                                        
ffffffff  binit                                                             
UNDEFED   SHT$$INIT_ARRAY$$Base                                             
UNDEFED   SHT$$INIT_ARRAY$$Limit                                            

[848 symbols]
