******************************************************************************
                  TI ARM Linker PC v19.6.0                     
******************************************************************************
>> Linked Tue May  5 16:24:32 2020

OUTPUT FILE NAME:   <SlaveController.out>
ENTRY POINT SYMBOL: "_c_int00"  address: 00038085


MEMORY CONFIGURATION

         name            origin    length      used     unused   attr    fill
----------------------  --------  ---------  --------  --------  ----  --------
  FLASH                 00000000   00040000  0003b442  00004bbe  R  X
  SRAM                  20000000   00008000  00007978  00000688  RW X


SEGMENT ALLOCATION MAP

run origin  load origin   length   init length attrs members
----------  ----------- ---------- ----------- ----- -------
00000000    00000000    0003b448   0003b448    r-x
  00000000    00000000    0000003c   0000003c    r-- .resetVecs
  0000003c    0000003c    0002f71c   0002f71c    r-- .const
  0002f758    0002f758    0000ba5a   0000ba5a    r-x .text
  0003b1b8    0003b1b8    00000290   00000290    r-- .cinit
20000000    20000000    00000360   00000000    rw-
  20000000    20000000    00000360   00000000    rw- .vecs
20000400    20000400    00007620   00000000    rw-
  20000400    20000400    00006b26   00000000    rw- .bss
  20006f28    20006f28    000006f2   00000000    rw- .data
  20007620    20007620    00000400   00000000    rw- .stack


SECTION ALLOCATION MAP

 output                                  attributes/
section   page    origin      length       input sections
--------  ----  ----------  ----------   ----------------
.const     0    0000003c    0002f71c     
                  0000003c    0001a638     start.obj (.const:colors_tower)
                  0001a674    0000daa8     start.obj (.const:colors_charmenu)
                  0002811c    00001885     SlaveController_pem4f.oem4f (.const:xdc_runtime_Text_charTab__A)
                  000299a1    00000f00     animator.obj (.const:animations)
                  0002a8a1    00000001     SlaveController_pem4f.oem4f (.const:xdc_runtime_Error_policy__C)
                  0002a8a2    00000002     SlaveController_pem4f.oem4f (.const:ti_catalog_arm_cortexm4_tiva_ce_Boot_Module__id__C)
                  0002a8a4    00000400     start.obj (.const:colors_eer)
                  0002aca4    00000400     start.obj (.const:colors_fdst)
                  0002b0a4    00000400     start.obj (.const:colors_gregory)
                  0002b4a4    00000400     start.obj (.const:colors_smashville)
                  0002b8a4    00000400     start.obj (.const:colors_stagemenu)
                  0002bca4    000003fc     start.obj (.const:colors_battle)
                  0002c0a0    000003d4     start.obj (.const:colors_title)
                  0002c474    00000364     start.obj (.const:colors_w1va)
                  0002c7d8    00000364     start.obj (.const:colors_w1vac)
                  0002cb3c    0000034c     start.obj (.const:colors_w1gw)
                  0002ce88    0000034c     start.obj (.const:colors_w1gwc)
                  0002d1d4    00000348     start.obj (.const:colors_w1kb)
                  0002d51c    00000348     start.obj (.const:colors_w1kbc)
                  0002d864    00000250     animator.obj (.const:colors_menu)
                  0002dab4    00000238     start.obj (.const:colors_w2va)
                  0002dcec    00000238     start.obj (.const:colors_w2vac)
                  0002df24    00000220     start.obj (.const:colors_w2gw)
                  0002e144    00000220     start.obj (.const:colors_w2gwc)
                  0002e364    0000021c     start.obj (.const:colors_w2kb)
                  0002e580    0000021c     start.obj (.const:colors_w2kbc)
                  0002e79c    00000198     animator.obj (.const:colors_misc)
                  0002e934    00000130     animator.obj (.const:colors_kirby)
                  0002ea64    000000cc     SlaveController_pem4f.oem4f (.const:xdc_runtime_Text_nodeTab__A)
                  0002eb30    000000b6     start.obj (.const:persistentSprites)
                  0002ebe6    00000002     SlaveController_pem4f.oem4f (.const:ti_sysbios_family_arm_lm4_TimestampProvider_useClockTimer__C)
                  0002ebe8    000000ac     animator.obj (.const:colors_valvano)
                  0002ec94    00000090     driverlib.lib : gpio.obj (.const:g_pui32GPIOBaseAddrs)
                  0002ed24    0000007f     ILI9341.obj (.const:.string:cmd_ili9341)
                  0002eda3    00000001     --HOLE-- [fill = 0]
                  0002eda4    00000078     EK_TM4C123GXL.obj (.const:spiTivaDMAHWAttrs)
                  0002ee1c    00000064     drivers_tivaware.aem4f : SPITivaDMA.oem4f (.const)
                  0002ee80    00000060     rtsv7M4_T_le_v4SPD16_eabi.lib : mktime.c.obj (.const:$O1$$)
                  0002eee0    0000005c     animator.obj (.const:colors_gameandwatch)
                  0002ef3c    00000054     drivers_tivaware.aem4f : GPIOTiva.oem4f (.const:.string)
                  0002ef90    0000004c                            : UARTTiva.oem4f (.const)
                  0002efdc    00000048     SlaveController_pem4f.oem4f (.const:.string)
                  0002f024    00000048     drivers_tivaware.aem4f : GPIOTiva.oem4f (.const:gpioBaseAddresses)
                  0002f06c    00000046     SD.obj (.const:.string:$P$T0$1)
                  0002f0b2    00000046     animator.obj (.const:characterNames)
                  0002f0f8    0000003c     SlaveController_pem4f.oem4f (.const:ti_sysbios_knl_Task_Object__PARAMS__C)
                  0002f134    00000030     EK_TM4C123GXL.obj (.const:SPI_config)
                  0002f164    00000030     SlaveController_pem4f.oem4f (.const:ti_sysbios_family_arm_m3_Hwi_Object__PARAMS__C)
                  0002f194    00000028     animator.obj (.const:.string:$P$T0$1)
                  0002f1bc    00000028     animator.obj (.const:.string:$P$T2$3)
                  0002f1e4    00000028     drivers_tivaware.aem4f : UARTTiva.oem4f (.const:UARTTiva_fxnTable)
                  0002f20c    00000028     SlaveController_pem4f.oem4f (.const:ti_sysbios_heaps_HeapMem_Module__FXNS__C)
                  0002f234    00000024     drivers_tivaware.aem4f : UART.oem4f (.const:UART_defaultParams)
                  0002f258    00000024     EK_TM4C123GXL.obj (.const:sdspiTivaHWattrs)
                  0002f27c    00000024     SlaveController_pem4f.oem4f (.const:ti_sysbios_gates_GateHwi_Module__FXNS__C)
                  0002f2a0    00000024     SlaveController_pem4f.oem4f (.const:ti_sysbios_gates_GateMutex_Module__FXNS__C)
                  0002f2c4    00000024     SlaveController_pem4f.oem4f (.const:ti_sysbios_heaps_HeapMem_Object__PARAMS__C)
                  0002f2e8    00000024     SlaveController_pem4f.oem4f (.const:ti_sysbios_knl_Clock_Object__PARAMS__C)
                  0002f30c    00000024     SlaveController_pem4f.oem4f (.const:ti_sysbios_knl_Semaphore_Object__PARAMS__C)
                  0002f330    00000024     SlaveController_pem4f.oem4f (.const:xdc_runtime_Startup_sfxnTab__A)
                  0002f354    00000020     drivers_tivaware.aem4f : SPI.oem4f (.const)
                  0002f374    00000020     SlaveController_pem4f.oem4f (.const:ti_sysbios_family_arm_m3_Hwi_Object__DESC__C)
                  0002f394    00000020     SlaveController_pem4f.oem4f (.const:ti_sysbios_gates_GateHwi_Object__DESC__C)
                  0002f3b4    00000020     SlaveController_pem4f.oem4f (.const:ti_sysbios_gates_GateMutex_Object__DESC__C)
                  0002f3d4    00000020     SlaveController_pem4f.oem4f (.const:ti_sysbios_heaps_HeapMem_Object__DESC__C)
                  0002f3f4    00000020     SlaveController_pem4f.oem4f (.const:ti_sysbios_knl_Clock_Object__DESC__C)
                  0002f414    00000020     SlaveController_pem4f.oem4f (.const:ti_sysbios_knl_Queue_Object__DESC__C)
                  0002f434    00000020     SlaveController_pem4f.oem4f (.const:ti_sysbios_knl_Semaphore_Object__DESC__C)
                  0002f454    00000020     SlaveController_pem4f.oem4f (.const:ti_sysbios_knl_Task_Object__DESC__C)
                  0002f474    00000018     EK_TM4C123GXL.obj (.const:SDSPI_config)
                  0002f48c    00000018     EK_TM4C123GXL.obj (.const:UART_config)
                  0002f4a4    00000018     SlaveController_pem4f.oem4f (.const:ti_sysbios_gates_GateHwi_Object__PARAMS__C)
                  0002f4bc    00000018     SlaveController_pem4f.oem4f (.const:ti_sysbios_gates_GateMutex_Object__PARAMS__C)
                  0002f4d4    00000018     SlaveController_pem4f.oem4f (.const:ti_sysbios_knl_Queue_Object__PARAMS__C)
                  0002f4ec    00000018     EK_TM4C123GXL.obj (.const:uartTivaHWAttrs)
                  0002f504    00000014     EK_TM4C123GXL.obj (.const:GPIOTiva_config)
                  0002f518    00000014     SlaveController_pem4f.oem4f (.const:xdc_runtime_Startup_firstFxns__A)
                  0002f52c    00000012     SlaveController_pem4f.oem4f (.const:xdc_runtime_Startup_sfxnRts__A)
                  0002f53e    00000002     SlaveController_pem4f.oem4f (.const:ti_sysbios_family_arm_m3_Hwi_Module__id__C)
                  0002f540    00000010     drivers_tivaware.aem4f : SDSPITiva.oem4f (.const)
                  0002f550    00000008                            : SDSPI.oem4f (.const)
                  0002f558    00000008     SlaveController_pem4f.oem4f (.const:ti_sysbios_family_arm_m3_Hwi_excHookFuncs__A)
                  0002f560    00000008     SlaveController_pem4f.oem4f (.const:ti_sysbios_knl_Idle_funcList__C)
                  0002f568    00000008     SlaveController_pem4f.oem4f (.const:xdc_runtime_Startup_firstFxns__C)
                  0002f570    00000008     SlaveController_pem4f.oem4f (.const:xdc_runtime_Startup_lastFxns__C)
                  0002f578    00000005     animator.obj (.const:.string:$P$T1$2)
                  0002f57d    00000005     animator.obj (.const:.string:$P$T3$4)
                  0002f582    00000002     SlaveController_pem4f.oem4f (.const:ti_sysbios_gates_GateMutex_Module__id__C)
                  0002f584    00000004     SlaveController_pem4f.oem4f (.const:ti_catalog_arm_cortexm4_tiva_ce_Boot_A_mustUseEnhancedClockMode__C)
                  0002f588    00000004     SlaveController_pem4f.oem4f (.const:ti_catalog_arm_cortexm4_tiva_ce_Boot_Module__diagsEnabled__C)
                  0002f58c    00000004     SlaveController_pem4f.oem4f (.const:ti_catalog_arm_cortexm4_tiva_ce_Boot_Module__diagsIncluded__C)
                  0002f590    00000004     SlaveController_pem4f.oem4f (.const:ti_catalog_arm_cortexm4_tiva_ce_Boot_Module__diagsMask__C)
                  0002f594    00000004     SlaveController_pem4f.oem4f (.const:ti_sysbios_family_arm_lm4_Timer_enableFunc__C)
                  0002f598    00000004     SlaveController_pem4f.oem4f (.const:ti_sysbios_family_arm_lm4_Timer_numTimerDevices__C)
                  0002f59c    00000004     SlaveController_pem4f.oem4f (.const:ti_sysbios_family_arm_lm4_Timer_startupNeeded__C)
                  0002f5a0    00000004     SlaveController_pem4f.oem4f (.const:ti_sysbios_family_arm_m3_Hwi_E_NMI__C)
                  0002f5a4    00000004     SlaveController_pem4f.oem4f (.const:ti_sysbios_family_arm_m3_Hwi_E_alreadyDefined__C)
                  0002f5a8    00000004     SlaveController_pem4f.oem4f (.const:ti_sysbios_family_arm_m3_Hwi_E_busFault__C)
                  0002f5ac    00000004     SlaveController_pem4f.oem4f (.const:ti_sysbios_family_arm_m3_Hwi_E_debugMon__C)
                  0002f5b0    00000004     SlaveController_pem4f.oem4f (.const:ti_sysbios_family_arm_m3_Hwi_E_hardFault__C)
                  0002f5b4    00000004     SlaveController_pem4f.oem4f (.const:ti_sysbios_family_arm_m3_Hwi_E_memFault__C)
                  0002f5b8    00000004     SlaveController_pem4f.oem4f (.const:ti_sysbios_family_arm_m3_Hwi_E_noIsr__C)
                  0002f5bc    00000004     SlaveController_pem4f.oem4f (.const:ti_sysbios_family_arm_m3_Hwi_E_reserved__C)
                  0002f5c0    00000004     SlaveController_pem4f.oem4f (.const:ti_sysbios_family_arm_m3_Hwi_E_svCall__C)
                  0002f5c4    00000004     SlaveController_pem4f.oem4f (.const:ti_sysbios_family_arm_m3_Hwi_E_usageFault__C)
                  0002f5c8    00000004     SlaveController_pem4f.oem4f (.const:ti_sysbios_family_arm_m3_Hwi_NUM_INTERRUPTS__C)
                  0002f5cc    00000004     SlaveController_pem4f.oem4f (.const:ti_sysbios_family_arm_m3_Hwi_Object__count__C)
                  0002f5d0    00000004     SlaveController_pem4f.oem4f (.const:ti_sysbios_family_arm_m3_Hwi_ccr__C)
                  0002f5d4    00000004     SlaveController_pem4f.oem4f (.const:ti_sysbios_family_arm_m3_Hwi_excHandlerFunc__C)
                  0002f5d8    00000004     SlaveController_pem4f.oem4f (.const:ti_sysbios_family_arm_m3_Hwi_excHookFuncs__C)
                  0002f5dc    00000004     SlaveController_pem4f.oem4f (.const:ti_sysbios_family_arm_m3_Hwi_nullIsrFunc__C)
                  0002f5e0    00000004     SlaveController_pem4f.oem4f (.const:ti_sysbios_family_arm_m3_Hwi_priGroup__C)
                  0002f5e4    00000004     SlaveController_pem4f.oem4f (.const:ti_sysbios_family_arm_m3_TaskSupport_stackAlignment__C)
                  0002f5e8    00000004     SlaveController_pem4f.oem4f (.const:ti_sysbios_gates_GateMutex_A_badContext__C)
                  0002f5ec    00000004     SlaveController_pem4f.oem4f (.const:ti_sysbios_gates_GateMutex_Instance_State_sem__O)
                  0002f5f0    00000004     SlaveController_pem4f.oem4f (.const:ti_sysbios_gates_GateMutex_Module__diagsEnabled__C)
                  0002f5f4    00000004     SlaveController_pem4f.oem4f (.const:ti_sysbios_gates_GateMutex_Module__diagsIncluded__C)
                  0002f5f8    00000004     SlaveController_pem4f.oem4f (.const:ti_sysbios_gates_GateMutex_Module__diagsMask__C)
                  0002f5fc    00000004     SlaveController_pem4f.oem4f (.const:ti_sysbios_hal_Hwi_E_stackOverflow__C)
                  0002f600    00000004     SlaveController_pem4f.oem4f (.const:ti_sysbios_heaps_HeapMem_A_align__C)
                  0002f604    00000004     SlaveController_pem4f.oem4f (.const:ti_sysbios_heaps_HeapMem_A_heapSize__C)
                  0002f608    00000004     SlaveController_pem4f.oem4f (.const:ti_sysbios_heaps_HeapMem_A_invalidFree__C)
                  0002f60c    00000004     SlaveController_pem4f.oem4f (.const:ti_sysbios_heaps_HeapMem_A_zeroBlock__C)
                  0002f610    00000004     SlaveController_pem4f.oem4f (.const:ti_sysbios_heaps_HeapMem_E_memory__C)
                  0002f614    00000004     SlaveController_pem4f.oem4f (.const:ti_sysbios_heaps_HeapMem_Module__diagsEnabled__C)
                  0002f618    00000004     SlaveController_pem4f.oem4f (.const:ti_sysbios_heaps_HeapMem_Module__diagsIncluded__C)
                  0002f61c    00000004     SlaveController_pem4f.oem4f (.const:ti_sysbios_heaps_HeapMem_Module__diagsMask__C)
                  0002f620    00000004     SlaveController_pem4f.oem4f (.const:ti_sysbios_heaps_HeapMem_Module__gateObj__C)
                  0002f624    00000004     SlaveController_pem4f.oem4f (.const:ti_sysbios_heaps_HeapMem_Object__count__C)
                  0002f628    00000004     SlaveController_pem4f.oem4f (.const:ti_sysbios_heaps_HeapMem_reqAlign__C)
                  0002f62c    00000004     SlaveController_pem4f.oem4f (.const:ti_sysbios_knl_Clock_A_badThreadType__C)
                  0002f630    00000004     SlaveController_pem4f.oem4f (.const:ti_sysbios_knl_Clock_Module_State_clockQ__O)
                  0002f634    00000004     SlaveController_pem4f.oem4f (.const:ti_sysbios_knl_Clock_Module__diagsEnabled__C)
                  0002f638    00000004     SlaveController_pem4f.oem4f (.const:ti_sysbios_knl_Clock_Module__diagsIncluded__C)
                  0002f63c    00000004     SlaveController_pem4f.oem4f (.const:ti_sysbios_knl_Clock_Module__diagsMask__C)
                  0002f640    00000004     SlaveController_pem4f.oem4f (.const:ti_sysbios_knl_Idle_funcList__A)
                  0002f644    00000004     SlaveController_pem4f.oem4f (.const:ti_sysbios_knl_Semaphore_A_badContext__C)
                  0002f648    00000004     SlaveController_pem4f.oem4f (.const:ti_sysbios_knl_Semaphore_A_noEvents__C)
                  0002f64c    00000004     SlaveController_pem4f.oem4f (.const:ti_sysbios_knl_Semaphore_A_overflow__C)
                  0002f650    00000004     SlaveController_pem4f.oem4f (.const:ti_sysbios_knl_Semaphore_A_pendTaskDisabled__C)
                  0002f654    00000004     SlaveController_pem4f.oem4f (.const:ti_sysbios_knl_Semaphore_Instance_State_pendQ__O)
                  0002f658    00000004     SlaveController_pem4f.oem4f (.const:ti_sysbios_knl_Semaphore_Module__diagsEnabled__C)
                  0002f65c    00000004     SlaveController_pem4f.oem4f (.const:ti_sysbios_knl_Semaphore_Module__diagsIncluded__C)
                  0002f660    00000004     SlaveController_pem4f.oem4f (.const:ti_sysbios_knl_Semaphore_Module__diagsMask__C)
                  0002f664    00000004     SlaveController_pem4f.oem4f (.const:ti_sysbios_knl_Swi_Object__count__C)
                  0002f668    00000004     SlaveController_pem4f.oem4f (.const:ti_sysbios_knl_Task_A_badPriority__C)
                  0002f66c    00000004     SlaveController_pem4f.oem4f (.const:ti_sysbios_knl_Task_A_badTaskState__C)
                  0002f670    00000004     SlaveController_pem4f.oem4f (.const:ti_sysbios_knl_Task_A_badThreadType__C)
                  0002f674    00000004     SlaveController_pem4f.oem4f (.const:ti_sysbios_knl_Task_A_badTimeout__C)
                  0002f678    00000004     SlaveController_pem4f.oem4f (.const:ti_sysbios_knl_Task_A_noPendElem__C)
                  0002f67c    00000004     SlaveController_pem4f.oem4f (.const:ti_sysbios_knl_Task_A_sleepTaskDisabled__C)
                  0002f680    00000004     SlaveController_pem4f.oem4f (.const:ti_sysbios_knl_Task_E_spOutOfBounds__C)
                  0002f684    00000004     SlaveController_pem4f.oem4f (.const:ti_sysbios_knl_Task_E_stackOverflow__C)
                  0002f688    00000004     SlaveController_pem4f.oem4f (.const:ti_sysbios_knl_Task_Module_State_inactiveQ__O)
                  0002f68c    00000004     SlaveController_pem4f.oem4f (.const:ti_sysbios_knl_Task_Module__diagsEnabled__C)
                  0002f690    00000004     SlaveController_pem4f.oem4f (.const:ti_sysbios_knl_Task_Module__diagsIncluded__C)
                  0002f694    00000004     SlaveController_pem4f.oem4f (.const:ti_sysbios_knl_Task_Module__diagsMask__C)
                  0002f698    00000004     SlaveController_pem4f.oem4f (.const:ti_sysbios_knl_Task_Object__count__C)
                  0002f69c    00000004     SlaveController_pem4f.oem4f (.const:ti_sysbios_knl_Task_allBlockedFunc__C)
                  0002f6a0    00000004     SlaveController_pem4f.oem4f (.const:ti_sysbios_knl_Task_defaultStackHeap__C)
                  0002f6a4    00000004     SlaveController_pem4f.oem4f (.const:ti_sysbios_knl_Task_defaultStackSize__C)
                  0002f6a8    00000004     SlaveController_pem4f.oem4f (.const:ti_sysbios_knl_Task_numConstructedTasks__C)
                  0002f6ac    00000004     SlaveController_pem4f.oem4f (.const:xdc_runtime_Assert_E_assertFailed__C)
                  0002f6b0    00000004     SlaveController_pem4f.oem4f (.const:xdc_runtime_Core_A_initializedParams__C)
                  0002f6b4    00000004     SlaveController_pem4f.oem4f (.const:xdc_runtime_Core_Module__diagsEnabled__C)
                  0002f6b8    00000004     SlaveController_pem4f.oem4f (.const:xdc_runtime_Core_Module__diagsIncluded__C)
                  0002f6bc    00000004     SlaveController_pem4f.oem4f (.const:xdc_runtime_Core_Module__diagsMask__C)
                  0002f6c0    00000004     SlaveController_pem4f.oem4f (.const:xdc_runtime_Error_E_memory__C)
                  0002f6c4    00000004     SlaveController_pem4f.oem4f (.const:xdc_runtime_Error_Module__diagsEnabled__C)
                  0002f6c8    00000004     SlaveController_pem4f.oem4f (.const:xdc_runtime_Error_Module__diagsIncluded__C)
                  0002f6cc    00000004     SlaveController_pem4f.oem4f (.const:xdc_runtime_Error_Module__diagsMask__C)
                  0002f6d0    00000004     SlaveController_pem4f.oem4f (.const:xdc_runtime_Error_Module__loggerFxn8__C)
                  0002f6d4    00000004     SlaveController_pem4f.oem4f (.const:xdc_runtime_Error_Module__loggerObj__C)
                  0002f6d8    00000004     SlaveController_pem4f.oem4f (.const:xdc_runtime_Error_policyFxn__C)
                  0002f6dc    00000004     SlaveController_pem4f.oem4f (.const:xdc_runtime_Error_raiseHook__C)
                  0002f6e0    00000004     SlaveController_pem4f.oem4f (.const:xdc_runtime_IGateProvider_Interface__BASE__C)
                  0002f6e4    00000004     SlaveController_pem4f.oem4f (.const:xdc_runtime_IHeap_Interface__BASE__C)
                  0002f6e8    00000004     SlaveController_pem4f.oem4f (.const:xdc_runtime_IModule_Interface__BASE__C)
                  0002f6ec    00000004     SlaveController_pem4f.oem4f (.const:xdc_runtime_Log_L_error__C)
                  0002f6f0    00000004     SlaveController_pem4f.oem4f (.const:xdc_runtime_Memory_defaultHeapInstance__C)
                  0002f6f4    00000004     SlaveController_pem4f.oem4f (.const:xdc_runtime_Startup_execImpl__C)
                  0002f6f8    00000004     SlaveController_pem4f.oem4f (.const:xdc_runtime_Startup_lastFxns__A)
                  0002f6fc    00000004     SlaveController_pem4f.oem4f (.const:xdc_runtime_Startup_maxPasses__C)
                  0002f700    00000004     SlaveController_pem4f.oem4f (.const:xdc_runtime_Startup_sfxnRts__C)
                  0002f704    00000004     SlaveController_pem4f.oem4f (.const:xdc_runtime_Startup_sfxnTab__C)
                  0002f708    00000004     SlaveController_pem4f.oem4f (.const:xdc_runtime_SysMin_bufSize__C)
                  0002f70c    00000004     SlaveController_pem4f.oem4f (.const:xdc_runtime_SysMin_outputFunc__C)
                  0002f710    00000004     SlaveController_pem4f.oem4f (.const:xdc_runtime_System_Module__gateObj__C)
                  0002f714    00000004     SlaveController_pem4f.oem4f (.const:xdc_runtime_System_abortFxn__C)
                  0002f718    00000004     SlaveController_pem4f.oem4f (.const:xdc_runtime_System_exitFxn__C)
                  0002f71c    00000004     SlaveController_pem4f.oem4f (.const:xdc_runtime_System_extendFxn__C)
                  0002f720    00000004     SlaveController_pem4f.oem4f (.const:xdc_runtime_System_maxAtexitHandlers__C)
                  0002f724    00000004     SlaveController_pem4f.oem4f (.const:xdc_runtime_Text_charTab__C)
                  0002f728    00000004     SlaveController_pem4f.oem4f (.const:xdc_runtime_Text_nameEmpty__C)
                  0002f72c    00000004     SlaveController_pem4f.oem4f (.const:xdc_runtime_Text_nameStatic__C)
                  0002f730    00000004     SlaveController_pem4f.oem4f (.const:xdc_runtime_Text_nameUnknown__C)
                  0002f734    00000004     SlaveController_pem4f.oem4f (.const:xdc_runtime_Text_nodeTab__C)
                  0002f738    00000004     SlaveController_pem4f.oem4f (.const:xdc_runtime_Text_visitRopeFxn__C)
                  0002f73c    00000002     SlaveController_pem4f.oem4f (.const:ti_sysbios_hal_Hwi_Module__id__C)
                  0002f73e    00000002     SlaveController_pem4f.oem4f (.const:ti_sysbios_heaps_HeapMem_Module__id__C)
                  0002f740    00000002     SlaveController_pem4f.oem4f (.const:ti_sysbios_knl_Clock_Module__id__C)
                  0002f742    00000002     SlaveController_pem4f.oem4f (.const:ti_sysbios_knl_Semaphore_Module__id__C)
                  0002f744    00000002     SlaveController_pem4f.oem4f (.const:ti_sysbios_knl_Task_Module__id__C)
                  0002f746    00000002     SlaveController_pem4f.oem4f (.const:xdc_runtime_Core_Module__id__C)
                  0002f748    00000002     SlaveController_pem4f.oem4f (.const:xdc_runtime_Error_Module__loggerDefined__C)
                  0002f74a    00000002     SlaveController_pem4f.oem4f (.const:xdc_runtime_Error_maxDepth__C)
                  0002f74c    00000002     SlaveController_pem4f.oem4f (.const:xdc_runtime_Memory_Module__id__C)
                  0002f74e    00000002     SlaveController_pem4f.oem4f (.const:xdc_runtime_SysMin_flushAtExit__C)
                  0002f750    00000002     SlaveController_pem4f.oem4f (.const:xdc_runtime_Text_charCnt__C)
                  0002f752    00000002     SlaveController_pem4f.oem4f (.const:xdc_runtime_Text_isLoaded__C)
                  0002f754    00000002     SlaveController_pem4f.oem4f (.const:xdc_runtime_Text_registryModsLastId__C)
                  0002f756    00000002     SlaveController_pem4f.oem4f (.const:xdc_runtime_Text_unnamedModsLastId__C)

.text      0    0002f758    0000ba5a     
                  0002f758    0000077c     animator.obj (.text:_Z15animator_updatev)
                  0002fed4    00000004     driverlib.lib : ssi.obj (.text:SSIIntClear)
                  0002fed8    00000430     sysbios.aem4f : BIOS.obj (.text:ti_sysbios_family_arm_m3_Hwi_excDumpRegs__I)
                  00030308    0000034c     ti.targets.arm.rtsarm.aem4f : System.oem4f (.text:xdc_runtime_System_doPrint__I)
                  00030654    00000348     start.obj (.text:_Z5startjj)
                  0003099c    00000324     ti.mw.fatfs.aem4f : ff.oem4f (.text:find_volume)
                  00030cc0    000002b8     sysbios.aem4f : BIOS.obj (.text:ti_sysbios_knl_Semaphore_pend__E)
                  00030f78    000002a0     rtsv7M4_T_le_v4SPD16_eabi.lib : mktime.c.obj (.text:__mktime32)
                  00031218    00000278     animator.obj (.text:_Z28animator_readCharacterSDCardh)
                  00031490    0000026c     sysbios.aem4f : BIOS.obj (.text:ti_sysbios_heaps_HeapMem_free__E)
                  000316fc    00000004     driverlib.lib : uart.obj (.text:UARTIntClear)
                  00031700    00000250     sysbios.aem4f : BIOS.obj (.text:ti_sysbios_heaps_HeapMem_alloc__E)
                  00031950    00000234                   : BIOS.obj (.text:ti_sysbios_knl_Task_Instance_finalize__E)
                  00031b84    0000020c     drivers_tivaware.aem4f : UARTTiva.oem4f (.text:UARTTiva_open)
                  00031d90    000001f4                            : SDSPITiva.oem4f (.text:SDSPITiva_diskInitialize)
                  00031f84    00000004     rtsv7M4_T_le_v4SPD16_eabi.lib : exit.c.obj (.text:abort:abort)
                  00031f88    000001f4     sysbios.aem4f : BIOS.obj (.text:ti_sysbios_family_arm_m3_Hwi_excHandlerMax__I)
                  0003217c    00000004     ti.mw.fatfs.aem4f : ffosal.oem4f (.text:ff_rel_grant)
                  00032180    000001d8     sysbios.aem4f : BIOS.obj (.text:ti_sysbios_knl_Task_sleep__E)
                  00032358    000001cc     animator.obj (.text:_Z16animator_animatehhsshhhhhb)
                  00032524    00000004     ti.mw.fatfs.aem4f : diskio.oem4f (.text:get_fattime)
                  00032528    000001c0     sysbios.aem4f : BIOS.obj (.text:ti_sysbios_knl_Task_Instance_init__E)
                  000326e8    000001a4     ti.mw.fatfs.aem4f : ff.oem4f (.text:f_write)
                  0003288c    00000178                       : ff.oem4f (.text:f_read)
                  00032a04    00000004     SlaveController_pem4f.oem4f (.text:ti_sysbios_BIOS_RtsGateProxy_enter__E)
                  00032a08    00000174     sysbios.aem4f : BIOS.obj (.text:ti_sysbios_family_arm_m3_Hwi_excBusFault__I)
                  00032b7c    00000170     ILI9341.obj (.text:_Z12ILI9341_initv)
                  00032cec    00000164     ti.mw.fatfs.aem4f : ff.oem4f (.text:f_open)
                  00032e50    00000164     sysbios.aem4f : BIOS.obj (.text:ti_sysbios_family_arm_m3_Hwi_excUsageFault__I)
                  00032fb4    0000015a     ti.mw.fatfs.aem4f : ff.oem4f (.text:f_lseek)
                  0003310e    00000002     drivers_tivaware.aem4f : SPITivaDMA.oem4f (.text:SPITivaDMA_serviceISR)
                  00033110    00000150                            : GPIOTiva.oem4f (.text:GPIO_setConfig)
                  00033260    00000148     sysbios.aem4f : BIOS.obj (.text:ti_sysbios_family_arm_m3_Hwi_excMemFault__I)
                  000333a8    0000013c     animator.obj (.text:_Z29animator_readPersistentSpritePKcth)
                  000334e4    00000004     SlaveController_pem4f.oem4f (.text:ti_sysbios_BIOS_RtsGateProxy_leave__E)
                  000334e8    0000013c     sysbios.aem4f : BIOS.obj (.text:ti_sysbios_heaps_HeapMem_Instance_init__E)
                  00033624    00000134     rtsv7M4_T_le_v4SPD16_eabi.lib : localtim.c.obj (.text:__localtime32)
                  00033758    00000130     driverlib.lib : gpio.obj (.text:GPIOPadConfigSet)
                  00033888    00000123     ti.mw.fatfs.aem4f : ff.oem4f (.text:create_name)
                  000339ab    00000001     --HOLE-- [fill = 0]
                  000339ac    00000004     sysbios.aem4f : BIOS.obj (.text:ti_sysbios_family_arm_lm4_Timer_masterEnable__I)
                  000339b0    0000011c                   : BIOS.obj (.text:ti_sysbios_knl_Clock_Instance_init__E)
                  00033acc    00000118     ti.targets.arm.rtsarm.aem4f : Error.oem4f (.text:xdc_runtime_Error_policyDefault__E)
                  00033be4    0000010c     rtsv7M4_T_le_v4SPD16_eabi.lib : fopen.c.obj (.text:_openfile)
                  00033cf0    00000108     drivers_tivaware.aem4f : SDSPITiva.oem4f (.text:SDSPITiva_open)
                  00033df8    00000108     sysbios.aem4f : BIOS.obj (.text:ti_sysbios_family_arm_lm4_Timer_start__E)
                  00033f00    00000104     Flash.obj (.text:Flash_writeMemory_specifiedAddress)
                  00034004    00000100     Boot.aem4f : Boot_sysctl.oem4f (.text:ti_catalog_arm_cortexm4_tiva_ce_Boot_sysCtlClockSetI__I)
                  00034104    00000100     ti.targets.arm.rtsarm.aem4f : Core-mem.oem4f (.text:xdc_runtime_Core_createObject__I)
                  00034204    000000fe     ti.mw.fatfs.aem4f : ff.oem4f (.text:f_rename)
                  00034302    000000fa                       : ff.oem4f (.text:dir_next)
                  000343fc    000000f8     rtsv7M4_T_le_v4SPD16_eabi.lib : fread.c.obj (.text:fread)
                  000344f4    000000f8     ti.targets.arm.rtsarm.aem4f : Startup.oem4f (.text:xdc_runtime_Startup_startMods__I)
                  000345ec    000000f8     SlaveController_pem4f.oem4f (.text:xdc_runtime_System_printfExtend__I)
                  000346e4    000000f4     drivers_tivaware.aem4f : SDSPITiva.oem4f (.text:SDSPITiva_diskIOctrl)
                  000347d8    000000f4     sysbios.aem4f : m3_Hwi_asm.obj (.text:ti_sysbios_family_arm_m3_Hwi_dispatch__I)
                  000348cc    000000ec     ti.mw.fatfs.aem4f : ff.oem4f (.text:put_fat)
                  000349b8    000000ec     sysbios.aem4f : BIOS.obj (.text:ti_sysbios_knl_Semaphore_post__E)
                  00034aa4    000000e8     drivers_tivaware.aem4f : SDSPITiva.oem4f (.text:SDSPITiva_diskWrite)
                  00034b8c    000000dc     animator.obj (.text:_Z19animator_initializev)
                  00034c68    000000dc     rtsv7M4_T_le_v4SPD16_eabi.lib : setvbuf.c.obj (.text:setvbuf)
                  00034d44    000000d8     drivers_tivaware.aem4f : SPITivaDMA.oem4f (.text:SPITivaDMA_open)
                  00034e1c    00000004     SlaveController_pem4f.oem4f (.text:ti_sysbios_family_arm_m3_Hwi_destruct)
                  00034e20    000000d8     sysbios.aem4f : BIOS.obj (.text:ti_sysbios_family_arm_lm4_TimestampProvider_get32__E)
                  00034ef8    000000d6     ti.mw.fatfs.aem4f : ff.oem4f (.text:get_fat)
                  00034fce    00000002     rtsv7M4_T_le_v4SPD16_eabi.lib : _lock.c.obj (.text:_nop)
                  00034fd0    000000cc     ti.targets.arm.rtsarm.aem4f : Core-smem.oem4f (.text:xdc_runtime_Core_constructObject__I)
                  0003509c    000000c6     drivers_tivaware.aem4f : SDSPITiva.oem4f (.text:send_cmd)
                  00035162    00000002     rtsv7M4_T_le_v4SPD16_eabi.lib : div0.asm.obj (.text)
                  00035164    000000c0     drivers_tivaware.aem4f : SDSPITiva.oem4f (.text:SDSPITiva_diskRead)
                  00035224    000000c0                            : SPITivaDMA.oem4f (.text:SPITivaDMA_configDMA)
                  000352e4    000000bc     EK_TM4C123GXL.obj (.text:EK_TM4C123GXL_initSPI)
                  000353a0    000000bc     rtsv7M4_T_le_v4SPD16_eabi.lib : open.c.obj (.text:open)
                  0003545c    00000004     SlaveController_pem4f.oem4f (.text:ti_sysbios_family_arm_m3_TaskSupport_Module__startupDone__S)
                  00035460    000000bc     sysbios.aem4f : BIOS.obj (.text:ti_sysbios_family_arm_m3_Hwi_excDebugMon__I)
                  0003551c    00000004     SlaveController_pem4f.oem4f (.text:ti_sysbios_heaps_HeapMem_Module_GateProxy_enter__E)
                  00035520    000000bc     sysbios.aem4f : BIOS.obj (.text:ti_sysbios_family_arm_m3_Hwi_excHardFault__I)
                  000355dc    000000b8     rtsv7M4_T_le_v4SPD16_eabi.lib : add_device.c.obj (.text:add_device)
                  00035694    000000b8     ti.mw.fatfs.aem4f : ffcio.oem4f (.text:ffcio_open)
                  0003574c    000000b4                       : ff.oem4f (.text:sync_fs)
                  00035800    000000b4     sysbios.aem4f : BIOS.obj (.text:ti_sysbios_gates_GateMutex_enter__E)
                  000358b4    00000004     SlaveController_pem4f.oem4f (.text:ti_sysbios_heaps_HeapMem_Module_GateProxy_leave__E)
                  000358b8    000000b4     sysbios.aem4f : BIOS.obj (.text:ti_sysbios_knl_Task_checkStacks__E)
                  0003596c    000000ac     drivers_tivaware.aem4f : UARTTiva.oem4f (.text:readTaskBlocking)
                  00035a18    000000ac     sysbios.aem4f : BIOS.obj (.text:ti_sysbios_family_arm_lm4_Timer_enableTiva__I)
                  00035ac4    000000a8     ti.mw.fatfs.aem4f : ff.oem4f (.text:create_chain)
                  00035b6c    000000a4     drivers_tivaware.aem4f : SPITivaDMA.oem4f (.text:SPITivaDMA_initHw)
                  00035c10    000000a4     ti.mw.fatfs.aem4f : ff.oem4f (.text:f_unlink)
                  00035cb4    00000004     SlaveController_pem4f.oem4f (.text:ti_sysbios_knl_Clock_TimerProxy_getMaxTicks__E)
                  00035cb8    000000a4     sysbios.aem4f : BIOS.obj (.text:ti_sysbios_knl_Clock_Instance_finalize__E)
                  00035d5c    000000a0     auto_init.aem4f : auto_init.oem4f (.text)
                  00035dfc    000000a0     start.obj (.text:main)
                  00035e9c    000000a0     drivers_tivaware.aem4f : SDSPITiva.oem4f (.text:rcvr_datablock)
                  00035f3c    000000a0     ti.targets.arm.rtsarm.aem4f : Text.oem4f (.text:xdc_runtime_Text_putMod__E)
                  00035fdc    0000009c     rtsv7M4_T_le_v4SPD16_eabi.lib : _bufread.c.obj (.text:__TI_buff_read)
                  00036078    0000009c     ti.mw.fatfs.aem4f : ff.oem4f (.text:f_sync)
                  00036114    0000009c     rtsv7M4_T_le_v4SPD16_eabi.lib : fopen.c.obj (.text:fopen)
                  000361b0    0000009c                                   : memcpy_t2.asm.obj (.text)
                  0003624c    00000004     SlaveController_pem4f.oem4f (.text:ti_sysbios_knl_Clock_TimerProxy_getPeriod__E)
                  00036250    0000009c     sysbios.aem4f : BIOS.obj (.text:ti_sysbios_knl_Semaphore_Instance_init__E)
                  000362ec    0000009a     ILI9341.obj (.text:_Z16ILI9341_fillRectjjjjj)
                  00036386    00000002     SlaveController_pem4f.oem4f (.text:ti_sysbios_BIOS_nullFunc__I)
                  00036388    0000009a     ti.targets.arm.rtsarm.aem4f : Text.oem4f (.text:xdc_runtime_Text_putSite__E)
                  00036422    0000009a     drivers_tivaware.aem4f : SDSPITiva.oem4f (.text:xmit_datablock)
                  000364bc    00000098                            : UARTTiva.oem4f (.text:UARTTiva_readPolling)
                  00036554    00000098     ILI9341.obj (.text:_Z11commandListPKh)
                  000365ec    00000098     Boot.aem4f : Boot.oem4f (.text:ti_catalog_arm_cortexm4_tiva_ce_Boot_sysCtlClockSet__E)
                  00036684    00000096     rtsv7M4_T_le_v4SPD16_eabi.lib : ull_div_t2.asm.obj (.text)
                  0003671a    00000094     drivers_tivaware.aem4f : UARTTiva.oem4f (.text:UARTTiva_write)
                  000367ae    00000002     SlaveController_pem4f.oem4f (.text:xdc_runtime_Startup_reset__I)
                  000367b0    00000094     sysbios.aem4f : BIOS.obj (.text:ti_sysbios_family_arm_m3_Hwi_Instance_init__E)
                  00036844    00000004     SlaveController_pem4f.oem4f (.text:ti_sysbios_knl_Clock_destruct)
                  00036848    00000094     sysbios.aem4f : BIOS.obj (.text:ti_sysbios_family_arm_m3_Hwi_initNVIC__E)
                  000368dc    00000004     SlaveController_pem4f.oem4f (.text:ti_sysbios_knl_Queue_destruct)
                  000368e0    00000094     sysbios.aem4f : BIOS.obj (.text:ti_sysbios_knl_Task_postInit__I)
                  00036974    00000090     Flash.obj (.text:Flash_init)
                  00036a04    0000008c     drivers_tivaware.aem4f : GPIOTiva.oem4f (.text:GPIO_init)
                  00036a90    0000008c                            : UARTTiva.oem4f (.text:UARTTiva_control)
                  00036b1c    0000008c     sysbios.aem4f : m3_TaskSupport_asm.obj (.text:ti_sysbios_family_arm_m3_TaskSupport_buildTaskStack)
                  00036ba8    0000008a     drivers_tivaware.aem4f : UARTTiva.oem4f (.text:readIsrTextBlocking)
                  00036c32    00000002     --HOLE-- [fill = 0]
                  00036c34    00000088     EK_TM4C123GXL.obj (.text:EK_TM4C123GXL_initDMA)
                  00036cbc    00000088     ILI9341.obj (.text:_Z18ILI9341_drawColorsjjPit)
                  00036d44    00000084     UART.obj (.text:UART_start)
                  00036dc8    00000084     sysbios.aem4f : BIOS.obj (.text:ti_sysbios_family_arm_m3_Hwi_postInit__I)
                  00036e4c    00000084     driverlib.lib : udma.obj (.text:uDMAChannelTransferSet)
                  00036ed0    00000082     drivers_tivaware.aem4f : UARTTiva.oem4f (.text:readIsrTextCallback)
                  00036f52    0000007e     ti.mw.fatfs.aem4f : ff.oem4f (.text:dir_sdi)
                  00036fd0    0000007c                       : ff.oem4f (.text:f_mount)
                  0003704c    0000007a     drivers_tivaware.aem4f : UARTTiva.oem4f (.text:readTaskCallback)
                  000370c6    0000007a     rtsv7M4_T_le_v4SPD16_eabi.lib : memset_t2.asm.obj (.text)
                  00037140    00000076     ILI9341.obj (.text:_ZN33_INTERNAL_11_ILI9341_cpp_6ff9e12f17ILI9341_setCoordsEtttt)
                  000371b6    00000002     --HOLE-- [fill = 0]
                  000371b8    00000074     rtsv7M4_T_le_v4SPD16_eabi.lib : fclose.c.obj (.text:__TI_closefile)
                  0003722c    00000074     ti.mw.fatfs.aem4f : ff.oem4f (.text:check_fs)
                  000372a0    00000074     sysbios.aem4f : BIOS.obj (.text:ti_sysbios_knl_Clock_start__E)
                  00037314    00000004     SlaveController_pem4f.oem4f (.text:ti_sysbios_knl_Semaphore_destruct)
                  00037318    00000070     sysbios.aem4f : BIOS.obj (.text:ti_sysbios_knl_Clock_workFunc__E)
                  00037388    00000070                   : BIOS.obj (.text:ti_sysbios_knl_Task_exit__E)
                  000373f8    0000006e     rtsv7M4_T_le_v4SPD16_eabi.lib : ll_div_t2.asm.obj (.text)
                  00037466    00000002     --HOLE-- [fill = 0]
                  00037468    0000006d     ti.targets.arm.rtsarm.aem4f : System.oem4f (.text:xdc_runtime_System_formatNum__I)
                  000374d5    00000003     --HOLE-- [fill = 0]
                  000374d8    0000006c     Flash.obj (.text:Flash_readMemory)
                  00037544    00000004     ti.targets.arm.rtsarm.aem4f : Error.oem4f (.text:xdc_runtime_Error_getSite__E)
                  00037548    0000006c     sysbios.aem4f : BIOS.obj (.text:ti_sysbios_knl_Swi_restoreHwi__E)
                  000375b4    0000006c     drivers_tivaware.aem4f : UARTTiva.oem4f (.text:writeData)
                  00037620    0000006c     ti.targets.arm.rtsarm.aem4f : Error.oem4f (.text:xdc_runtime_Error_print__E)
                  0003768c    0000006c                                 : Memory.oem4f (.text:xdc_runtime_Memory_alloc__E)
                  000376f8    00000068     rtsv7M4_T_le_v4SPD16_eabi.lib : hostlseek.c.obj (.text:HOSTlseek)
                  00037760    00000068                                   : hostrename.c.obj (.text:HOSTrename)
                  000377c8    00000068     SD.obj (.text:SD_startSDCard)
                  00037830    00000068     rtsv7M4_T_le_v4SPD16_eabi.lib : copy_decompress_lzss.c.obj (.text:decompress:lzss:__TI_decompress_lzss)
                  00037898    00000066     ti.targets.arm.rtsarm.aem4f : Core-mem.oem4f (.text:xdc_runtime_Core_deleteObject__I)
                  000378fe    00000002     --HOLE-- [fill = 0]
                  00037900    00000064     Flash.obj (.text:Flash_pendWriteOpCompletion)
                  00037964    00000064     drivers_tivaware.aem4f : GPIOTiva.oem4f (.text:GPIO_hwiIntFxn)
                  000379c8    00000064     ti.mw.fatfs.aem4f : ff.oem4f (.text:follow_path)
                  00037a2c    00000004     SlaveController_pem4f.oem4f (.text:xdc_runtime_System_Module_GateProxy_enter__E)
                  00037a30    00000064     sysbios.aem4f : BIOS.obj (.text:ti_sysbios_family_arm_lm4_Timer_Module_startup__E)
                  00037a94    00000064     SlaveController_pem4f.oem4f (.text:ti_sysbios_family_arm_m3_Hwi_create)
                  00037af8    00000064     sysbios.aem4f : BIOS.obj (.text:ti_sysbios_family_arm_m3_Hwi_dispatchC__I)
                  00037b5c    00000062     drivers_tivaware.aem4f : SPITivaDMA.oem4f (.text:SPITivaDMA_transfer)
                  00037bbe    00000002     --HOLE-- [fill = 0]
                  00037bc0    00000060     rtsv7M4_T_le_v4SPD16_eabi.lib : hostopen.c.obj (.text:HOSTopen)
                  00037c20    00000060     sysbios.aem4f : BIOS.obj (.text:ti_sysbios_knl_Task_schedule__I)
                  00037c80    0000005e     drivers_tivaware.aem4f : UARTTiva.oem4f (.text:readIsrBinaryBlocking)
                  00037cde    0000005e     ti.mw.fatfs.aem4f : ff.oem4f (.text:remove_chain)
                  00037d3c    0000005c     EK_TM4C123GXL.obj (.text:EK_TM4C123GXL_initSDSPI)
                  00037d98    0000005c     SD.obj (.text:SD_openFile)
                  00037df4    0000005c     rtsv7M4_T_le_v4SPD16_eabi.lib : close.c.obj (.text:close)
                  00037e50    0000005c     sysbios.aem4f : BIOS.obj (.text:ti_sysbios_knl_Swi_run__I)
                  00037eac    00000004     SlaveController_pem4f.oem4f (.text:xdc_runtime_System_Module_GateProxy_leave__E)
                  00037eb0    0000005c     sysbios.aem4f : BIOS.obj (.text:ti_sysbios_knl_Swi_schedule__I)
                  00037f0c    00000004     ti.targets.arm.rtsarm.aem4f : System.oem4f (.text:xdc_runtime_System_aprintf_va__F)
                  00037f10    0000005c     sysbios.aem4f : BIOS.obj (.text:ti_sysbios_knl_Task_Module_startup__E)
                  00037f6c    00000004     ti.targets.arm.rtsarm.aem4f : System.oem4f (.text:xdc_runtime_System_printf_va__F)
                  00037f70    0000005c     sysbios.aem4f : BIOS.obj (.text:ti_sysbios_knl_Task_startCore__E)
                  00037fcc    0000005c     drivers_tivaware.aem4f : SDSPITiva.oem4f (.text:wait_ready)
                  00038028    0000005b     ti.targets.arm.rtsarm.aem4f : Text.oem4f (.text:xdc_runtime_Text_putLab__E)
                  00038083    00000001     --HOLE-- [fill = 0]
                  00038084    00000058     boot.aem4f : boot.oem4f (.text)
                  000380dc    00000058     rtsv7M4_T_le_v4SPD16_eabi.lib : hostread.c.obj (.text:HOSTread)
                  00038134    00000058                                   : hostwrite.c.obj (.text:HOSTwrite)
                  0003818c    00000058     tirtosport.aem4f : SemaphoreP_tirtos.oem4f (.text:SemaphoreP_create)
                  000381e4    00000058     SlaveController_pem4f.oem4f (.text:ti_sysbios_family_arm_m3_Hwi_construct)
                  0003823c    00000058     sysbios.aem4f : m3_Hwi_asm_switch.obj (.text:ti_sysbios_family_arm_m3_Hwi_initStacks__E)
                  00038294    00000056     driverlib.lib : gpio.obj (.text:GPIOIntTypeSet)
                  000382ea    00000056     ti.mw.fatfs.aem4f : ff.oem4f (.text:dir_read)
                  00038340    00000054     drivers_tivaware.aem4f : UARTTiva.oem4f (.text:readIsrBinaryCallback)
                  00038394    00000054     ti.mw.fatfs.aem4f : ff.oem4f (.text:sync_window)
                  000383e8    00000054     sysbios.aem4f : BIOS.obj (.text:ti_sysbios_family_arm_lm4_Timer_initDevice__I)
                  0003843c    00000054     SlaveController_pem4f.oem4f (.text:ti_sysbios_knl_Task_construct)
                  00038490    00000054     ti.targets.arm.rtsarm.aem4f : Assert.oem4f (.text:xdc_runtime_Assert_raise__I)
                  000384e4    00000050     drivers_tivaware.aem4f : GPIOTiva.oem4f (.text:GPIO_setCallback)
                  00038534    00000050     driverlib.lib : sysctl.obj (.text:SysCtlPeripheralReset)
                  00038584    00000050     drivers_tivaware.aem4f : UARTTiva.oem4f (.text:UARTTiva_writeCancel)
                  000385d4    00000050     ILI9341.obj (.text:_ZN33_INTERNAL_11_ILI9341_cpp_6ff9e12f16ILI9341_setColorEj)
                  00038624    00000004     --HOLE-- [fill = 0]
                  00038628    00000050     sysbios.aem4f : BIOS.obj (.text:ti_sysbios_family_arm_m3_Hwi_Module_startup__E)
                  00038678    00000050     ti.targets.arm.rtsarm.aem4f : Startup.oem4f (.text:xdc_runtime_Startup_exec__E)
                  000386c8    00000050                                 : Text.oem4f (.text:xdc_runtime_Text_visitRope2__I)
                  00038718    0000004c     drivers_tivaware.aem4f : UARTTiva.oem4f (.text:UARTTiva_close)
                  00038764    0000004c     rtsv7M4_T_le_v4SPD16_eabi.lib : fflush.c.obj (.text:__TI_doflush)
                  000387b0    0000004c                                   : cpy_tbl.c.obj (.text:copy_in)
                  000387fc    0000004c     SlaveController_pem4f.oem4f (.text:ti_mw_fatfs_startup)
                  00038848    0000004c     sysbios.aem4f : BIOS.obj (.text:ti_sysbios_heaps_HeapMem_getStats__E)
                  00038894    00000004     --HOLE-- [fill = 0]
                  00038898    0000004c                   : BIOS.obj (.text:ti_sysbios_knl_Swi_runLoop__I)
                  000388e4    00000004     --HOLE-- [fill = 0]
                  000388e8    0000004c                   : BIOS.obj (.text:ti_sysbios_knl_Task_allBlockedFunction__I)
                  00038934    0000004a     rtsv7M4_T_le_v4SPD16_eabi.lib : _io_perm.c.obj (.text:__TI_rd_ok)
                  0003897e    00000002     --HOLE-- [fill = 0]
                  00038980    00000048     driverlib.lib : gpio.obj (.text:GPIOPinConfigure)
                  000389c8    00000048     ti.mw.fatfs.aem4f : ff.oem4f (.text:dir_find)
                  00038a10    00000048     rtsv7M4_T_le_v4SPD16_eabi.lib : exit.c.obj (.text:exit)
                  00038a58    00000048     sysbios.aem4f : BIOS.obj (.text:ti_sysbios_family_arm_lm4_Timer_enableTimers__I)
                  00038aa0    00000048                   : BIOS.obj (.text:ti_sysbios_family_arm_m3_Hwi_disableInterrupt__E)
                  00038ae8    00000048                   : BIOS.obj (.text:ti_sysbios_family_arm_m3_Hwi_enableInterrupt__E)
                  00038b30    00000048                   : BIOS.obj (.text:ti_sysbios_family_arm_m3_Hwi_excReserved__I)
                  00038b78    00000046     drivers_tivaware.aem4f : RingBuf.oem4f (.text:RingBuf_put)
                  00038bbe    00000046     ti.targets.arm.rtsarm.aem4f : Core-params.oem4f (.text:xdc_runtime_Core_assignParams__I)
                  00038c04    00000044     rtsv7M4_T_le_v4SPD16_eabi.lib : hostclose.c.obj (.text:HOSTclose)
                  00038c48    00000044                                   : hostunlink.c.obj (.text:HOSTunlink)
                  00038c8c    00000044     SD.obj (.text:SD_read)
                  00038cd0    00000044     SD.obj (.text:SD_readNextChar)
                  00038d14    00000044     drivers_tivaware.aem4f : SPITivaDMA.oem4f (.text:SPITivaDMA_hwiFxn)
                  00038d58    00000044     ti.mw.fatfs.aem4f : ff.oem4f (.text:dir_alloc)
                  00038d9c    00000044     rtsv7M4_T_le_v4SPD16_eabi.lib : getdevice.c.obj (.text:getdevice)
                  00038de0    00000044     drivers_tivaware.aem4f : SDSPITiva.oem4f (.text:send_initial_clock_train)
                  00038e24    00000004     --HOLE-- [fill = 0]
                  00038e28    00000044     sysbios.aem4f : BIOS.obj (.text:ti_sysbios_family_arm_lm4_Timer_isrStub__E)
                  00038e6c    00000004     --HOLE-- [fill = 0]
                  00038e70    00000044                   : BIOS.obj (.text:ti_sysbios_family_arm_m3_Hwi_getStackInfo__E)
                  00038eb4    00000004     --HOLE-- [fill = 0]
                  00038eb8    00000044                   : BIOS.obj (.text:ti_sysbios_knl_Swi_post__E)
                  00038efc    00000044     ti.targets.arm.rtsarm.aem4f : Error.oem4f (.text:xdc_runtime_Error_setX__E)
                  00038f40    00000044                                 : SysMin.oem4f (.text:xdc_runtime_SysMin_flush__E)
                  00038f84    00000044                                 : Text.oem4f (.text:xdc_runtime_Text_xprintf__I)
                  00038fc8    00000042     drivers_tivaware.aem4f : SPITivaDMA.oem4f (.text:SPITivaDMA_transferCancel)
                  0003900a    00000042     driverlib.lib : uart.obj (.text:UARTConfigSetExpClk)
                  0003904c    00000042     drivers_tivaware.aem4f : UARTTiva.oem4f (.text:UARTTiva_hwiIntFxn)
                  0003908e    00000042                            : UARTTiva.oem4f (.text:UARTTiva_writePolling)
                  000390d0    00000040     EK_TM4C123GXL.obj (.text:EK_TM4C123GXL_initGeneral)
                  00039110    00000040     Flash.obj (.text:Flash_transferSPICS)
                  00039150    00000040     Flash.obj (.text:Flash_writeCommandCS)
                  00039190    00000040     drivers_tivaware.aem4f : RingBuf.oem4f (.text:RingBuf_get)
                  000391d0    00000040                            : SDSPITiva.oem4f (.text:SDSPITiva_close)
                  00039210    00000040                            : UARTTiva.oem4f (.text:UARTTiva_read)
                  00039250    00000040     ILI9341.obj (.text:_ZN33_INTERNAL_11_ILI9341_cpp_6ff9e12f12writeCommandEh)
                  00039290    00000040     ti.mw.fatfs.aem4f : ff.oem4f (.text:get_ldnumber)
                  000392d0    00000040     rtsv7M4_T_le_v4SPD16_eabi.lib : u_divt2.asm.obj (.text)
                  00039310    00000040     sysbios.aem4f : BIOS.obj (.text:ti_sysbios_family_arm_lm4_Timer_startup__E)
                  00039350    0000003c     drivers_tivaware.aem4f : SPITivaDMA.oem4f (.text:SPITivaDMA_close)
                  0003938c    0000003c     driverlib.lib : ssi.obj (.text:SSIConfigSetExpClk)
                  000393c8    0000003c     animator.obj (.text:_Z9readUntilcPh)
                  00039404    0000003c     EK_TM4C123GXL.obj (.text:dmaErrorHwi)
                  00039440    0000003c     sysbios.aem4f : BIOS.obj (.text:ti_sysbios_family_arm_m3_Hwi_excSvCall__I)
                  0003947c    00000004     --HOLE-- [fill = 0]
                  00039480    0000003c                   : BIOS.obj (.text:ti_sysbios_heaps_HeapMem_init__I)
                  000394bc    00000004     --HOLE-- [fill = 0]
                  000394c0    0000003c                   : BIOS.obj (.text:ti_sysbios_knl_Swi_restore__E)
                  000394fc    00000038     drivers_tivaware.aem4f : SDSPI.oem4f (.text:SDSPI_init)
                  00039534    00000038                            : SPI.oem4f (.text:SPI_init)
                  0003956c    00000038                            : UART.oem4f (.text:UART_init)
                  000395a4    00000038     rtsv7M4_T_le_v4SPD16_eabi.lib : trgmsg.c.obj (.text:__TI_writemsg)
                  000395dc    00000038     ti.mw.fatfs.aem4f : ff.oem4f (.text:dir_register)
                  00039614    00000004     --HOLE-- [fill = 0]
                  00039618    00000038     sysbios.aem4f : BIOS.obj (.text:ti_sysbios_family_arm_m3_Hwi_excNoIsr__I)
                  00039650    00000038                   : BIOS.obj (.text:ti_sysbios_knl_Task_processVitalTaskFlag__I)
                  00039688    00000038     ti.targets.arm.rtsarm.aem4f : SysMin.oem4f (.text:xdc_runtime_SysMin_putch__E)
                  000396c0    00000038                                 : System.oem4f (.text:xdc_runtime_System_atexit__E)
                  000396f8    00000036     drivers_tivaware.aem4f : UARTTiva.oem4f (.text:UARTTiva_readCancel)
                  0003972e    00000036     ti.mw.fatfs.aem4f : ff.oem4f (.text:move_window)
                  00039764    00000036     rtsv7M4_T_le_v4SPD16_eabi.lib : strncpy.c.obj (.text:strncpy)
                  0003979a    00000036     SlaveController_pem4f.oem4f (.text:ti_mw_fatfs_getFatTime)
                  000397d0    00000034     EK_TM4C123GXL.obj (.text:EK_TM4C123GXL_initUART)
                  00039804    00000034     driverlib.lib : sysctl.obj (.text:SysCtlPeripheralEnable)
                  00039838    00000034     rtsv7M4_T_le_v4SPD16_eabi.lib : fopen.c.obj (.text:__TI_cleanup)
                  0003986c    00000034                                   : trgmsg.c.obj (.text:__TI_readmsg)
                  000398a0    00000034     ti.mw.fatfs.aem4f : ff.oem4f (.text:dir_remove)
                  000398d4    00000034                       : ffcio.oem4f (.text:ffcio_lseek)
                  00039908    00000034     sysbios.aem4f : BIOS.obj (.text:ti_sysbios_family_arm_m3_Hwi_Instance_finalize__E)
                  0003993c    00000004     --HOLE-- [fill = 0]
                  00039940    00000034                   : BIOS.obj (.text:ti_sysbios_family_arm_m3_Hwi_excNmi__I)
                  00039974    00000004     --HOLE-- [fill = 0]
                  00039978    00000034                   : BIOS.obj (.text:ti_sysbios_hal_Hwi_checkStack)
                  000399ac    00000034     SlaveController_pem4f.oem4f (.text:ti_sysbios_knl_Clock_construct)
                  000399e0    00000034     ti.mw.fatfs.aem4f : ff.oem4f (.text:validate)
                  00039a14    00000034     ti.targets.arm.rtsarm.aem4f : Core-label.oem4f (.text:xdc_runtime_Core_assignLabel__I)
                  00039a48    00000033                                 : Text.oem4f (.text:xdc_runtime_Text_printVisFxn__I)
                  00039a7b    00000005     --HOLE-- [fill = 0]
                  00039a80    00000032     sysbios.aem4f : BIOS.obj (.text:ti_sysbios_hal_Hwi_initStack)
                  00039ab2    00000002     --HOLE-- [fill = 0]
                  00039ab4    00000030     EK_TM4C123GXL.obj (.text:EK_TM4C123GXL_initGPIO)
                  00039ae4    00000030     drivers_tivaware.aem4f : SDSPI.oem4f (.text:SDSPI_open)
                  00039b14    00000030                            : SPI.oem4f (.text:SPI_open)
                  00039b44    00000030                            : UART.oem4f (.text:UART_open)
                  00039b74    00000030     ILI9341.obj (.text:_ZN33_INTERNAL_11_ILI9341_cpp_6ff9e12f9writeDataEh)
                  00039ba4    00000030     rtsv7M4_T_le_v4SPD16_eabi.lib : getdevice.c.obj (.text:finddevice)
                  00039bd4    00000030     SlaveController_pem4f.oem4f (.text:ti_sysbios_BIOS_atExitFunc__I)
                  00039c04    00000004     --HOLE-- [fill = 0]
                  00039c08    00000030     sysbios.aem4f : BIOS.obj (.text:ti_sysbios_family_arm_lm4_Timer_stop__E)
                  00039c38    00000030                   : BIOS.obj (.text:ti_sysbios_family_arm_m3_TaskSupport_start__E)
                  00039c68    00000030     SlaveController_pem4f.oem4f (.text:ti_sysbios_gates_GateHwi_Object__create__S)
                  00039c98    00000030     SlaveController_pem4f.oem4f (.text:ti_sysbios_gates_GateMutex_Object__create__S)
                  00039cc8    00000030     SlaveController_pem4f.oem4f (.text:ti_sysbios_heaps_HeapMem_Object__create__S)
                  00039cf8    00000030     SlaveController_pem4f.oem4f (.text:ti_sysbios_knl_Semaphore_construct)
                  00039d28    00000030     sysbios.aem4f : BIOS.obj (.text:ti_sysbios_knl_Semaphore_pendTimeout__I)
                  00039d58    00000030                   : BIOS.obj (.text:ti_sysbios_knl_Task_unblockI__E)
                  00039d88    00000030     ti.targets.arm.rtsarm.aem4f : SysMin.oem4f (.text:xdc_runtime_SysMin_abort__E)
                  00039db8    00000030                                 : System.oem4f (.text:xdc_runtime_System_processAtExit__E)
                  00039de8    0000002e     SlaveController_pem4f.oem4f (.text:malloc)
                  00039e16    00000002     --HOLE-- [fill = 0]
                  00039e18    0000002c     Flash.obj (.text:Flash_writeMemory)
                  00039e44    0000002c     ti.mw.fatfs.aem4f : diskio.oem4f (.text:disk_register)
                  00039e70    0000002c     rtsv7M4_T_le_v4SPD16_eabi.lib : fclose.c.obj (.text:fclose)
                  00039e9c    0000002c     SlaveController_pem4f.oem4f (.text:ti_sysbios_knl_Clock_doTick__I)
                  00039ec8    0000002c     SlaveController_pem4f.oem4f (.text:ti_sysbios_knl_Queue_construct)
                  00039ef4    00000004     --HOLE-- [fill = 0]
                  00039ef8    0000002c     sysbios.aem4f : BIOS.obj (.text:ti_sysbios_knl_Task_restore__E)
                  00039f24    0000002c     driverlib.lib : udma.obj (.text:uDMAChannelAssign)
                  00039f50    0000002c     rtsv7M4_T_le_v4SPD16_eabi.lib : unlink.c.obj (.text:unlink)
                  00039f7c    0000002c     ti.targets.arm.rtsarm.aem4f : Text.oem4f (.text:xdc_runtime_Text_cordText__E)
                  00039fa8    0000002a     driverlib.lib : gpio.obj (.text:GPIODirModeSet)
                  00039fd2    0000002a     ti.targets.arm.rtsarm.aem4f : System.oem4f (.text:xdc_runtime_System_putchar__I)
                  00039ffc    00000028     ti.mw.fatfs.aem4f : diskio.oem4f (.text:disk_unregister)
                  0003a024    00000028     rtsv7M4_T_le_v4SPD16_eabi.lib : read.c.obj (.text:read)
                  0003a04c    00000028     SlaveController_pem4f.oem4f (.text:ti_sysbios_BIOS_startFunc__I)
                  0003a074    00000004     --HOLE-- [fill = 0]
                  0003a078    00000028     sysbios.aem4f : BIOS.obj (.text:ti_sysbios_knl_Swi_Module_startup__E)
                  0003a0a0    00000028     rtsv7M4_T_le_v4SPD16_eabi.lib : write.c.obj (.text:write)
                  0003a0c8    00000026     sysbios.aem4f : m3_Hwi_asm.obj (.text:ti_sysbios_family_arm_m3_Hwi_pendSV__I)
                  0003a0ee    00000026     ti.targets.arm.rtsarm.aem4f : System.oem4f (.text:xdc_runtime_System_avprintf__E)
                  0003a114    00000024     ti.mw.fatfs.aem4f : diskio.oem4f (.text:disk_ioctl)
                  0003a138    00000024                       : diskio.oem4f (.text:disk_read)
                  0003a15c    00000024                       : ff.oem4f (.text:f_close)
                  0003a180    00000024                       : ffcio.oem4f (.text:ffcio_close)
                  0003a1a4    00000024     SlaveController_pem4f.oem4f (.text:ti_sysbios_BIOS_errorRaiseHook__I)
                  0003a1c8    00000024     SlaveController_pem4f.oem4f (.text:ti_sysbios_BIOS_registerRTSLock__I)
                  0003a1ec    00000024     SlaveController_pem4f.oem4f (.text:ti_sysbios_BIOS_removeRTSLock__I)
                  0003a210    00000024     SlaveController_pem4f.oem4f (.text:ti_sysbios_gates_GateMutex_Object__delete__S)
                  0003a234    00000004     --HOLE-- [fill = 0]
                  0003a238    00000024     sysbios.aem4f : BIOS.obj (.text:ti_sysbios_knl_Clock_Module_startup__E)
                  0003a25c    00000004     --HOLE-- [fill = 0]
                  0003a260    00000024                   : BIOS.obj (.text:ti_sysbios_knl_Task_restoreHwi__E)
                  0003a284    00000024     driverlib.lib : udma.obj (.text:uDMAChannelControlSet)
                  0003a2a8    00000024     ti.targets.arm.rtsarm.aem4f : System.oem4f (.text:xdc_runtime_System_vprintf__E)
                  0003a2cc    00000004     --HOLE-- [fill = 0]
                  0003a2d0    00000022     sysbios.aem4f : BIOS.obj (.text:ti_sysbios_family_arm_lm4_Timer_write__I)
                  0003a2f2    00000022     SlaveController_pem4f.oem4f (.text:xdc_runtime_SysMin_output__I)
                  0003a314    00000020     Flash.obj (.text:Flash_allocateMemory)
                  0003a334    00000020     ti.mw.fatfs.aem4f : diskio.oem4f (.text:disk_write)
                  0003a354    00000020                       : ffcio.oem4f (.text:ffcio_read)
                  0003a374    00000020                       : ffcio.oem4f (.text:ffcio_write)
                  0003a394    00000020     SlaveController_pem4f.oem4f (.text:ti_sysbios_BIOS_rtsLock__I)
                  0003a3b4    00000004     --HOLE-- [fill = 0]
                  0003a3b8    00000020     sysbios.aem4f : BIOS.obj (.text:ti_sysbios_family_arm_m3_Hwi_clearInterrupt__E)
                  0003a3d8    00000020                   : m3_Hwi_asm.obj (.text:ti_sysbios_family_arm_m3_Hwi_excHandlerAsm__I)
                  0003a3f8    00000020                   : BIOS.obj (.text:ti_sysbios_family_arm_m3_Hwi_excHandler__I)
                  0003a418    00000020     SlaveController_pem4f.oem4f (.text:ti_sysbios_gates_GateHwi_Object__delete__S)
                  0003a438    00000020     SlaveController_pem4f.oem4f (.text:ti_sysbios_heaps_HeapMem_Object__delete__S)
                  0003a458    00000020     SlaveController_pem4f.oem4f (.text:ti_sysbios_knl_Clock_Object__destruct__S)
                  0003a478    00000020     sysbios.aem4f : BIOS.obj (.text:ti_sysbios_knl_Idle_run__E)
                  0003a498    00000020     SlaveController_pem4f.oem4f (.text:ti_sysbios_knl_Semaphore_Object__destruct__S)
                  0003a4b8    00000020     ti.targets.arm.rtsarm.aem4f : Registry.oem4f (.text:xdc_runtime_Registry_findById__E)
                  0003a4d8    00000020                                 : SysMin.oem4f (.text:xdc_runtime_SysMin_Module_startup__E)
                  0003a4f8    0000001e     ti.mw.fatfs.aem4f : ff.oem4f (.text:ld_clust)
                  0003a516    0000001e     rtsv7M4_T_le_v4SPD16_eabi.lib : strcat.c.obj (.text:strcat)
                  0003a534    0000001e     sysbios.aem4f : m3_Hwi_asm_switch.obj (.text:ti_sysbios_family_xxx_Hwi_switchAndRunFunc)
                  0003a552    00000002     --HOLE-- [fill = 0]
                  0003a554    0000001c     driverlib.lib : uart.obj (.text:UARTDisable)
                  0003a570    0000001c     UART.obj (.text:UART_transmit)
                  0003a58c    0000001c     ti.mw.fatfs.aem4f : diskio.oem4f (.text:disk_initialize)
                  0003a5a8    0000001c                       : diskio.oem4f (.text:disk_status)
                  0003a5c4    0000001c     drivers_tivaware.aem4f : GPIOTiva.oem4f (.text:getGpioIntIndex)
                  0003a5e0    0000001c     ti.mw.fatfs.aem4f : ff.oem4f (.text:mem_cmp)
                  0003a5fc    00000004     --HOLE-- [fill = 0]
                  0003a600    0000001c     sysbios.aem4f : BIOS.obj (.text:ti_sysbios_family_arm_lm4_Seconds_get__E)
                  0003a61c    0000001c     SlaveController_pem4f.oem4f (.text:ti_sysbios_family_arm_m3_Hwi_Object__destruct__S)
                  0003a638    0000001c     sysbios.aem4f : BIOS.obj (.text:ti_sysbios_gates_GateMutex_Instance_init__E)
                  0003a654    0000001c     SlaveController_pem4f.oem4f (.text:ti_sysbios_knl_Queue_Object__destruct__S)
                  0003a670    0000001c     sysbios.aem4f : BIOS.obj (.text:ti_sysbios_knl_Queue_put__E)
                  0003a68c    00000004     --HOLE-- [fill = 0]
                  0003a690    0000001c                   : BIOS.obj (.text:ti_sysbios_knl_Task_enter__I)
                  0003a6ac    0000001c     ti.targets.arm.rtsarm.aem4f : Error.oem4f (.text:xdc_runtime_Error_raiseX__E)
                  0003a6c8    0000001c                                 : Memory.oem4f (.text:xdc_runtime_Memory_valloc__E)
                  0003a6e4    0000001c                                 : SysMin.oem4f (.text:xdc_runtime_SysMin_exit__E)
                  0003a700    0000001c                                 : System.oem4f (.text:xdc_runtime_System_abort__E)
                  0003a71c    0000001a     SlaveController_pem4f.oem4f (.text:free)
                  0003a736    0000001a     SlaveController_pem4f.oem4f (.text:ti_sysbios_family_arm_m3_Hwi_Handle__label__S)
                  0003a750    0000001a     SlaveController_pem4f.oem4f (.text:ti_sysbios_gates_GateHwi_Handle__label__S)
                  0003a76a    0000001a     SlaveController_pem4f.oem4f (.text:ti_sysbios_gates_GateMutex_Handle__label__S)
                  0003a784    0000001a     SlaveController_pem4f.oem4f (.text:ti_sysbios_heaps_HeapMem_Handle__label__S)
                  0003a79e    0000001a     SlaveController_pem4f.oem4f (.text:ti_sysbios_knl_Swi_Handle__label__S)
                  0003a7b8    0000001a     SlaveController_pem4f.oem4f (.text:ti_sysbios_knl_Task_Handle__label__S)
                  0003a7d2    0000001a     ti.mw.fatfs.aem4f : ff.oem4f (.text:unlock_fs)
                  0003a7ec    0000001a     SlaveController_pem4f.oem4f (.text:xdc_runtime_System_aprintf__E)
                  0003a806    0000001a     SlaveController_pem4f.oem4f (.text:xdc_runtime_System_printf__E)
                  0003a820    00000018     driverlib.lib : gpio.obj (.text:GPIOPinTypeGPIOOutput)
                  0003a838    00000018     drivers_tivaware.aem4f : UART.oem4f (.text:UART_Params_init)
                  0003a850    00000018     UART.obj (.text:UART_receive)
                  0003a868    00000018     animator.obj (.text:_Z11readHalfIntPh)
                  0003a880    00000018     ILI9341.obj (.text:_Z18ILI9341_fillScreenj)
                  0003a898    00000018     ILI9341.obj (.text:_ZN33_INTERNAL_11_ILI9341_cpp_6ff9e12f8deselectEv)
                  0003a8b0    00000018     rtsv7M4_T_le_v4SPD16_eabi.lib : args_main.c.obj (.text:_args_main)
                  0003a8c8    00000018     ti.mw.fatfs.aem4f : ff.oem4f (.text:clust2sect)
                  0003a8e0    00000018                       : ffosal.oem4f (.text:ff_cre_syncobj)
                  0003a8f8    00000018     rtsv7M4_T_le_v4SPD16_eabi.lib : strcmp.c.obj (.text:strcmp)
                  0003a910    00000018     SlaveController_pem4f.oem4f (.text:ti_sysbios_BIOS_rtsUnlock__I)
                  0003a928    00000018     SlaveController_pem4f.oem4f (.text:ti_sysbios_family_arm_lm4_Timer_Module__startupDone__F)
                  0003a940    00000018     SlaveController_pem4f.oem4f (.text:ti_sysbios_family_arm_m3_Hwi_Module__startupDone__F)
                  0003a958    00000018     sysbios.aem4f : m3_TaskSupport_asm.obj (.text:ti_sysbios_family_arm_m3_TaskSupport_swap__E)
                  0003a970    00000018                   : BIOS.obj (.text:ti_sysbios_gates_GateMutex_leave__E)
                  0003a988    00000018                   : BIOS.obj (.text:ti_sysbios_knl_Task_sleepTimeout__I)
                  0003a9a0    00000018     SlaveController_pem4f.oem4f (.text:time)
                  0003a9b8    00000018     driverlib.lib : udma.obj (.text:uDMAChannelDisable)
                  0003a9d0    00000018                   : udma.obj (.text:uDMAChannelEnable)
                  0003a9e8    00000018                   : udma.obj (.text:uDMAChannelIsEnabled)
                  0003aa00    00000018     ti.targets.arm.rtsarm.aem4f : Error.oem4f (.text:xdc_runtime_Error_check__E)
                  0003aa18    00000018                                 : System.oem4f (.text:xdc_runtime_System_exit__E)
                  0003aa30    00000018                                 : Text.oem4f (.text:xdc_runtime_Text_ropeText__E)
                  0003aa48    00000016     tirtosport.aem4f : SemaphoreP_tirtos.oem4f (.text:SemaphoreP_delete)
                  0003aa5e    00000016     start.obj (.text:_ZN30_INTERNAL_9_start_cpp_c81e5b2e31ti_sysbios_knl_Task_Params_initEP26ti_sysbios_knl_Task_Params)
                  0003aa74    00000016     ti.mw.fatfs.aem4f : ff.oem4f (.text:mem_cpy)
                  0003aa8a    00000016     rtsv7M4_T_le_v4SPD16_eabi.lib : strchr.c.obj (.text:strchr)
                  0003aaa0    00000016     SlaveController_pem4f.oem4f (.text:ti_sysbios_BIOS_exitFunc__I)
                  0003aab6    00000016     EK_TM4C123GXL.obj (.text:ti_sysbios_family_arm_m3_Hwi_Params_init)
                  0003aacc    00000014     drivers_tivaware.aem4f : SPI.oem4f (.text:SPI_Params_init)
                  0003aae0    00000014     driverlib.lib : uart.obj (.text:UARTEnable)
                  0003aaf4    00000014     animator.obj (.text:_Z28animator_setBackgroundColorsPKj)
                  0003ab08    00000014     ti.mw.fatfs.aem4f : ffosal.oem4f (.text:ff_req_grant)
                  0003ab1c    00000014                       : ff.oem4f (.text:mem_set)
                  0003ab30    00000014     rtsv7M4_T_le_v4SPD16_eabi.lib : strcpy.c.obj (.text:strcpy)
                  0003ab44    00000014                                   : strlen.c.obj (.text:strlen)
                  0003ab58    00000014     SlaveController_pem4f.oem4f (.text:ti_sysbios_family_arm_m3_Hwi_Object__get__S)
                  0003ab6c    00000004     --HOLE-- [fill = 0]
                  0003ab70    00000014     sysbios.aem4f : BIOS.obj (.text:ti_sysbios_family_arm_m3_Hwi_switchFromBootStack__E)
                  0003ab84    00000014     SlaveController_pem4f.oem4f (.text:ti_sysbios_heaps_HeapMem_Object__get__S)
                  0003ab98    00000014     SlaveController_pem4f.oem4f (.text:ti_sysbios_knl_Swi_Object__get__S)
                  0003abac    00000012     Flash.obj (.text:Flash_writeCommand)
                  0003abbe    00000012     driverlib.lib : gpio.obj (.text:GPIOPinTypeGPIOInput)
                  0003abd0    00000012                   : gpio.obj (.text:GPIOPinTypeSSI)
                  0003abe2    00000012                   : gpio.obj (.text:GPIOPinTypeUART)
                  0003abf4    00000012     drivers_tivaware.aem4f : RingBuf.oem4f (.text:RingBuf_construct)
                  0003ac06    00000012                            : SDSPITiva.oem4f (.text:SDSPITiva_init)
                  0003ac18    00000012     driverlib.lib : ssi.obj (.text:SSIDataGetNonBlocking)
                  0003ac2a    00000012     tirtosport.aem4f : SemaphoreP_tirtos.oem4f (.text:SemaphoreP_pend)
                  0003ac3c    00000012     ti.mw.fatfs.aem4f : ff.oem4f (.text:chk_chr)
                  0003ac4e    00000012                       : ffcio.oem4f (.text:ffcio_rename)
                  0003ac60    00000012                       : ffcio.oem4f (.text:ffcio_unlink)
                  0003ac72    00000006     driverlib.lib : gpio.obj (.text:GPIOIntClear)
                  0003ac78    00000012     sysbios.aem4f : BIOS.obj (.text:ti_sysbios_hal_Hwi_Module_startup__E)
                  0003ac8a    00000012     SlaveController_pem4f.oem4f (.text:xdc_runtime_Startup_exec__I)
                  0003ac9c    00000010     Flash.obj (.text:Flash_releaseSPI)
                  0003acac    00000010     drivers_tivaware.aem4f : SDSPITiva.oem4f (.text:SDSPITiva_diskStatus)
                  0003acbc    00000010                            : SDSPI.oem4f (.text:SDSPI_Params_init)
                  0003accc    00000010     SD.obj (.text:SD_closeFile)
                  0003acdc    00000010     SD.obj (.text:SD_releaseSDCard)
                  0003acec    00000010     UART.obj (.text:UART_sendByte)
                  0003acfc    00000010     ILI9341.obj (.text:_Z19beginSPITransactionv)
                  0003ad0c    00000010     drivers_tivaware.aem4f : UARTTiva.oem4f (.text:readBlockingTimeout)
                  0003ad1c    00000010     ti.mw.fatfs.aem4f : ff.oem4f (.text:st_clust)
                  0003ad2c    00000004     --HOLE-- [fill = 0]
                  0003ad30    00000010     sysbios.aem4f : BIOS.obj (.text:ti_sysbios_BIOS_getCpuFreq__E)
                  0003ad40    00000010                   : BIOS.obj (.text:ti_sysbios_BIOS_setThreadType__E)
                  0003ad50    00000010                   : BIOS.obj (.text:ti_sysbios_BIOS_start__E)
                  0003ad60    00000010                   : BIOS.obj (.text:ti_sysbios_family_arm_lm4_TimestampProvider_rolloverFunc__E)
                  0003ad70    00000010                   : m3_TaskSupport_asm.obj (.text:ti_sysbios_family_arm_m3_TaskSupport_glue)
                  0003ad80    00000010                   : BIOS.obj (.text:ti_sysbios_gates_GateMutex_Instance_finalize__E)
                  0003ad90    00000010                   : BIOS.obj (.text:ti_sysbios_knl_Semaphore_Instance_finalize__E)
                  0003ada0    00000010                   : BIOS.obj (.text:ti_sysbios_knl_Swi_disable__E)
                  0003adb0    00000010     SlaveController_pem4f.oem4f (.text:ti_sysbios_knl_Task_Object__get__S)
                  0003adc0    00000010     sysbios.aem4f : BIOS.obj (.text:ti_sysbios_knl_Task_disable__E)
                  0003add0    00000010     driverlib.lib : udma.obj (.text:uDMAEnable)
                  0003ade0    00000010     ti.targets.arm.rtsarm.aem4f : Gate.oem4f (.text:xdc_runtime_Gate_leaveSystem__E)
                  0003adf0    00000010                                 : Memory.oem4f (.text:xdc_runtime_Memory_free__E)
                  0003ae00    00000010                                 : SysMin.oem4f (.text:xdc_runtime_SysMin_ready__E)
                  0003ae10    00000010                                 : System.oem4f (.text:xdc_runtime_System_vsnprintf__E)
                  0003ae20    00000010     SlaveController_pem4f.oem4f (.text:xdc_runtime_Text_visitRope__I)
                  0003ae30    0000000e     driverlib.lib : gpio.obj (.text:GPIOIntStatus)
                  0003ae3e    0000000e                   : uart.obj (.text:UARTCharGetNonBlocking)
                  0003ae4c    0000000e                   : uart.obj (.text:UARTCharPutNonBlocking)
                  0003ae5a    0000000e     rtsv7M4_T_le_v4SPD16_eabi.lib : copy_decompress_none.c.obj (.text:decompress:none:__TI_decompress_none)
                  0003ae68    0000000e     sysbios.aem4f : BIOS.obj (.text:ti_sysbios_knl_Idle_loop__E)
                  0003ae76    00000002     --HOLE-- [fill = 0]
                  0003ae78    0000000e                   : BIOS.obj (.text:ti_sysbios_knl_Queue_empty__E)
                  0003ae86    00000002     --HOLE-- [fill = 0]
                  0003ae88    0000000c     SlaveController_pem4f.oem4f (.text:.bootCodeSection:ti_catalog_arm_cortexm4_tiva_ce_Boot_init__I)
                  0003ae94    0000000c     drivers_tivaware.aem4f : RingBuf.oem4f (.text:RingBuf_peek)
                  0003aea0    0000000c     driverlib.lib : ssi.obj (.text:SSIDataGet)
                  0003aeac    0000000c                   : uart.obj (.text:UARTFlowControlSet)
                  0003aeb8    0000000c     drivers_tivaware.aem4f : UARTTiva.oem4f (.text:UARTTiva_init)
                  0003aec4    0000000c     rtsv7M4_T_le_v4SPD16_eabi.lib : _lock.c.obj (.text:_register_lock)
                  0003aed0    0000000c                                   : _lock.c.obj (.text:_register_unlock)
                  0003aedc    0000000c                                   : copy_zero_init.c.obj (.text:decompress:ZI:__TI_zero_init)
                  0003aee8    0000000c     Utils.obj (.text:sleep)
                  0003aef4    00000004     --HOLE-- [fill = 0]
                  0003aef8    0000000c     sysbios.aem4f : BIOS.obj (.text:ti_sysbios_family_arm_lm4_Timer_getMaxTicks__E)
                  0003af04    00000004     --HOLE-- [fill = 0]
                  0003af08    0000000c                   : BIOS.obj (.text:ti_sysbios_family_arm_lm4_TimestampProvider_startTimer__E)
                  0003af14    0000000c     SlaveController_pem4f.oem4f (.text:ti_sysbios_family_arm_m3_Hwi_Params__init__S)
                  0003af20    0000000c     sysbios.aem4f : BIOS.obj (.text:ti_sysbios_family_arm_m3_Hwi_disableFxn__E)
                  0003af2c    00000004     --HOLE-- [fill = 0]
                  0003af30    0000000c                   : BIOS.obj (.text:ti_sysbios_family_arm_m3_TaskSupport_checkStack__E)
                  0003af3c    00000004     --HOLE-- [fill = 0]
                  0003af40    0000000c                   : BIOS.obj (.text:ti_sysbios_family_arm_m3_TaskSupport_getStackAlignment__E)
                  0003af4c    00000004     --HOLE-- [fill = 0]
                  0003af50    0000000c                   : BIOS.obj (.text:ti_sysbios_gates_GateHwi_enter__E)
                  0003af5c    0000000c     SlaveController_pem4f.oem4f (.text:ti_sysbios_knl_Clock_Params__init__S)
                  0003af68    0000000c     sysbios.aem4f : BIOS.obj (.text:ti_sysbios_knl_Clock_getTicks__E)
                  0003af74    0000000c     SlaveController_pem4f.oem4f (.text:ti_sysbios_knl_Queue_Object__get__S)
                  0003af80    0000000c     SlaveController_pem4f.oem4f (.text:ti_sysbios_knl_Semaphore_Params__init__S)
                  0003af8c    0000000c     SlaveController_pem4f.oem4f (.text:ti_sysbios_knl_Task_Params__init__S)
                  0003af98    0000000c     driverlib.lib : udma.obj (.text:uDMAControlBaseSet)
                  0003afa4    0000000c                   : udma.obj (.text:uDMAErrorStatusClear)
                  0003afb0    0000000c                   : udma.obj (.text:uDMAErrorStatusGet)
                  0003afbc    0000000c                   : udma.obj (.text:uDMAIntStatus)
                  0003afc8    0000000c     ti.targets.arm.rtsarm.aem4f : Error.oem4f (.text:xdc_runtime_Error_init__E)
                  0003afd4    0000000c                                 : Gate.oem4f (.text:xdc_runtime_Gate_enterSystem__E)
                  0003afe0    0000000c                                 : Memory.oem4f (.text:xdc_runtime_Memory_calloc__E)
                  0003afec    0000000c                                 : Memory.oem4f (.text:xdc_runtime_Memory_getMaxDefaultTypeAlign__E)
                  0003aff8    0000000a     Flash.obj (.text:Flash_transferSPI)
                  0003b002    0000000a     drivers_tivaware.aem4f : SDSPI.oem4f (.text:SDSPI_close)
                  0003b00c    0000000a                            : SPITivaDMA.oem4f (.text:SPITivaDMA_init)
                  0003b016    0000000a                            : SPI.oem4f (.text:SPI_close)
                  0003b020    0000000a                            : SPI.oem4f (.text:SPI_transfer)
                  0003b02a    0000000a     driverlib.lib : ssi.obj (.text:SSIDMADisable)
[...]
0003ab09  ff_req_grant                                                      
0003ab31  strcpy                                                            
0003ab45  strlen                                                            
0003ab59  ti_sysbios_family_arm_m3_Hwi_Object__get__S                       
0003ab71  ti_sysbios_family_arm_m3_Hwi_switchFromBootStack__E               
0003ab71  ti_sysbios_hal_Hwi_HwiProxy_switchFromBootStack__E                
0003ab71  ti_sysbios_hal_Hwi_switchFromBootStack__E                         
0003ab85  ti_sysbios_heaps_HeapMem_Object__get__S                           
0003ab99  ti_sysbios_knl_Swi_Object__get__S                                 
0003abad  Flash_writeCommand                                                
0003abbf  GPIOPinTypeGPIOInput                                              
0003abd1  GPIOPinTypeSSI                                                    
0003abe3  GPIOPinTypeUART                                                   
0003abf5  RingBuf_construct                                                 
0003ac07  SDSPITiva_init                                                    
0003ac19  SSIDataGetNonBlocking                                             
0003ac2b  SemaphoreP_pend                                                   
0003ac4f  ffcio_rename                                                      
0003ac61  ffcio_unlink                                                      
0003ac73  GPIOIntClear                                                      
0003ac79  ti_sysbios_hal_Hwi_Module_startup__E                              
0003ac8b  xdc_runtime_Startup_exec__I                                       
0003ac9d  Flash_releaseSPI                                                  
0003acad  SDSPITiva_diskStatus                                              
0003acbd  SDSPI_Params_init                                                 
0003accd  SD_closeFile                                                      
0003acdd  SD_releaseSDCard                                                  
0003aced  UART_sendByte                                                     
0003acfd  _Z19beginSPITransactionv                                          
0003ad31  ti_sysbios_BIOS_getCpuFreq__E                                     
0003ad31  ti_sysbios_family_arm_lm4_TimestampProvider_getFreq__E            
0003ad31  xdc_runtime_Timestamp_SupportProxy_getFreq__E                     
0003ad31  xdc_runtime_Timestamp_getFreq__E                                  
0003ad41  ti_sysbios_BIOS_setThreadType__E                                  
0003ad51  osi_start                                                         
0003ad51  ti_sysbios_BIOS_start__E                                          
0003ad61  ti_sysbios_family_arm_lm4_TimestampProvider_rolloverFunc__E       
0003ad71  ti_sysbios_family_arm_m3_TaskSupport_glue                         
0003ad81  ti_sysbios_gates_GateMutex_Instance_finalize__E                   
0003ad91  ti_sysbios_knl_Semaphore_Instance_finalize__E                     
0003ada1  ti_sysbios_knl_Swi_disable__E                                     
0003adb1  ti_sysbios_knl_Task_Object__get__S                                
0003adc1  osi_TaskDisable                                                   
0003adc1  ti_sysbios_knl_Task_disable__E                                    
0003add1  uDMAEnable                                                        
0003ade1  xdc_runtime_Gate_leaveSystem__E                                   
0003adf1  xdc_runtime_Memory_free__E                                        
0003ae01  xdc_runtime_SysMin_ready__E                                       
0003ae01  xdc_runtime_System_SupportProxy_ready__E                          
0003ae11  xdc_runtime_System_vsnprintf__E                                   
0003ae21  xdc_runtime_Text_visitRope__I                                     
0003ae31  GPIOIntStatus                                                     
0003ae3f  UARTCharGetNonBlocking                                            
0003ae4d  UARTCharPutNonBlocking                                            
0003ae5b  __TI_decompress_none                                              
0003ae69  ti_sysbios_knl_Idle_loop__E                                       
0003ae79  ti_sysbios_knl_Queue_empty__E                                     
0003ae89  ti_catalog_arm_cortexm4_tiva_ce_Boot_init__I                      
0003ae95  RingBuf_peek                                                      
0003aea1  SSIDataGet                                                        
0003aead  UARTFlowControlSet                                                
0003aeb9  UARTTiva_init                                                     
0003aec5  _register_lock                                                    
0003aed1  _register_unlock                                                  
0003aedd  __TI_zero_init                                                    
0003aee9  sleep                                                             
0003aef9  ti_sysbios_family_arm_lm4_Timer_getMaxTicks__E                    
0003af09  ti_sysbios_family_arm_lm4_TimestampProvider_startTimer__E         
0003af15  ti_sysbios_family_arm_m3_Hwi_Params__init__S                      
0003af15  ti_sysbios_hal_Hwi_HwiProxy_Params__init__S                       
0003af21  ti_sysbios_family_arm_m3_Hwi_disableFxn__E                        
0003af21  ti_sysbios_hal_Hwi_HwiProxy_disable__E                            
0003af31  ti_sysbios_family_arm_m3_TaskSupport_checkStack__E                
0003af31  ti_sysbios_knl_Task_SupportProxy_checkStack__E                    
0003af41  ti_sysbios_family_arm_m3_TaskSupport_getStackAlignment__E         
0003af41  ti_sysbios_knl_Task_SupportProxy_getStackAlignment__E             
0003af51  ti_sysbios_gates_GateHwi_enter__E                                 
0003af5d  ti_sysbios_knl_Clock_Params__init__S                              
0003af69  ti_sysbios_knl_Clock_getTicks__E                                  
0003af75  ti_sysbios_knl_Queue_Object__get__S                               
0003af81  ti_sysbios_knl_Semaphore_Params__init__S                          
0003af8d  ti_sysbios_knl_Task_Params__init__S                               
0003af99  uDMAControlBaseSet                                                
0003afa5  uDMAErrorStatusClear                                              
0003afb1  uDMAErrorStatusGet                                                
0003afbd  uDMAIntStatus                                                     
0003afc9  xdc_runtime_Error_init__E                                         
0003afd5  xdc_runtime_Gate_enterSystem__E                                   
0003afe1  xdc_runtime_Memory_calloc__E                                      
0003afed  xdc_runtime_Memory_getMaxDefaultTypeAlign__E                      
0003aff9  Flash_transferSPI                                                 
0003b003  SDSPI_close                                                       
0003b00d  SPITivaDMA_init                                                   
0003b017  SPI_close                                                         
0003b021  SPI_transfer                                                      
0003b02b  SSIDMADisable                                                     
0003b035  SSIDataPut                                                        
0003b03f  SSIDisable                                                        
0003b049  SSIEnable                                                         
0003b053  SSIIntDisable                                                     
0003b05d  SemaphoreP_post                                                   
0003b05d  SemaphoreP_postFromClock                                          
0003b05d  SemaphoreP_postFromISR                                            
0003b067  UARTCharGet                                                       
0003b071  UARTCharPut                                                       
0003b07b  UARTIntDisable                                                    
0003b085  UARTIntStatus                                                     
0003b08f  UART_read                                                         
0003b099  UART_write                                                        
0003b0a3  ff_del_syncobj                                                    
0003b0ad  xdc_runtime_Memory_HeapProxy_alloc__E                             
0003b0b7  xdc_runtime_Memory_HeapProxy_free__E                              
0003b0c1  SSIDMAEnable                                                      
0003b0c9  SSIIntEnable                                                      
0003b0d1  UARTIntEnable                                                     
0003b0d9  UARTRxErrorGet                                                    
0003b0e1  millis                                                            
0003b0f1  ti_sysbios_family_arm_lm4_Timer_masterDisable__I                  
0003b0f9  ti_sysbios_family_arm_m3_Hwi_doSwiRestore__I                      
0003b101  ti_sysbios_family_arm_m3_Hwi_startup__E                           
0003b101  ti_sysbios_hal_Hwi_HwiProxy_startup__E                            
0003b101  ti_sysbios_hal_Hwi_startup__E                                     
0003b111  GPIOPinWrite                                                      
0003b117  SDSPITiva_control                                                 
0003b11d  SPITivaDMA_control                                                
0003b129  UARTFIFOLevelSet                                                  
0003b12f  UARTRxErrorClear                                                  
0003b13b  ti_catalog_arm_cortexm4_tiva_ce_Boot_sysCtlDelayI__I              
0003b141  ti_sysbios_family_arm_lm4_TimestampProvider_Module_startup__E     
0003b149  ti_sysbios_family_arm_m3_Hwi_doTaskRestore__I                     
0003b151  ti_sysbios_family_arm_m3_Hwi_restoreFxn__E                        
0003b151  ti_sysbios_hal_Hwi_HwiProxy_restore__E                            
0003b159  ti_sysbios_gates_GateHwi_leave__E                                 
0003b161  ti_sysbios_heaps_HeapMem_isBlocking__E                            
0003b169  ti_sysbios_knl_Clock_stop__E                                      
0003b171  ti_sysbios_knl_Queue_Instance_init__E                             
0003b179  ti_sysbios_knl_Swi_startup__E                                     
0003b17f  xdc_runtime_System_Module_startup__E                              
0003b189  ti_sysbios_family_arm_lm4_Timer_getPeriod__E                      
0003b191  ti_sysbios_gates_GateHwi_query__E                                 
0003b191  xdc_runtime_Main_Module_GateProxy_query__E                        
0003b191  xdc_runtime_System_Module_GateProxy_query__E                      
0003b199  ti_sysbios_BIOS_RtsGateProxy_query__E                             
0003b199  ti_sysbios_gates_GateMutex_query__E                               
0003b199  ti_sysbios_heaps_HeapMem_Module_GateProxy_query__E                
0003b1a1  ti_sysbios_knl_Task_startup__E                                    
0003b1a9  ti_sysbios_gates_GateHwi_Instance_init__E                         
0003b1b1  ti_sysbios_knl_Clock_logTick__E                                   
0003b1b8  __TI_static_base__                                                
0003b410  __TI_Handler_Table_Base                                           
0003b41c  __TI_Handler_Table_Limit                                          
0003b430  __TI_CINIT_Base                                                   
0003b448  __TI_CINIT_Limit                                                  
20000000  __start___llvm_prf_cnts                                           
20000000  __stop___llvm_prf_cnts                                            
20000000  ti_sysbios_family_arm_m3_Hwi_ramVectors                           
20000400  ti_sysbios_heaps_HeapMem_Instance_State_0_buf__A                  
20002400  st                                                                
20004340  animation                                                         
20005240  finalColors                                                       
20005744  ti_sysbios_family_arm_m3_Hwi_dispatchTable                        
20005aa4  buffer                                                            
20005d60  sdspiTivaObjects                                                  
20005fa0  ts                                                                
20006200  ti_sysbios_knl_Task_Instance_State_0_stack__A                     
20006400  layer                                                             
20006544  Flash_txBuffer                                                    
20006670  smallBuffer2                                                      
2000679c  __CIOBUF_                                                         
200068bc  rowsToUpdate                                                      
200069b0  spiTivaDMAObjects                                                 
20006a94  spriteSendables                                                   
20006b74  uartTivaObjects                                                   
20006c40  __TI_tmpnams                                                      
20006d70  xdc_runtime_SysMin_Module_State_0_outbuf__A                       
20006e18  uartParams                                                        
20006e3c  Flash_spi_params                                                  
20006e5c  uartTivaRingBuffer                                                
20006e98  Flash_transaction                                                 
20006eac  backgroundColorIndex                                              
20006ec0  colors                                                            
20006ee4  parmbuf                                                           
20006eec  sdspiParams                                                       
20006ef4  Flash_spi                                                         
20006ef8  backgroundColors                                                  
20006efc  bufferptr                                                         
20006f00  spiTivaDMAscratchBuf                                              
20006f0c  currentLocation                                                   
20006f14  persistentBackgroundMemLocation                                   
20006f18  sdspiHandle                                                       
20006f1c  src                                                               
20006f20  uart                                                              
20006f28  _ftable                                                           
20007018  ti_sysbios_family_arm_lm4_Timer_Object__table__V                  
20007098  ti_sysbios_knl_Swi_Module_State_0_readyQ__A                       
20007118  ti_sysbios_knl_Task_Module_State_0_readyQ__A                      
20007198  _device                                                           
20007210  _stream                                                           
200072b0  ti_sysbios_knl_Task_Object__table__V                              
200072fc  ti_sysbios_knl_Task_Module__state__V                              
20007340  ti_sysbios_gates_GateMutex_Object__table__V                       
20007378  ti_sysbios_family_arm_m3_Hwi_Module__state__V                     
200073ac  ti_sysbios_family_arm_lm4_Timer_Module_State_0_device__A          
200073dc  ti_sysbios_family_arm_m3_Hwi_Object__table__V                     
2000740c  ti_sysbios_knl_Swi_Object__table__V                               
2000743c  ti_sysbios_knl_Clock_Module__state__V                             
2000748c  ti_sysbios_BIOS_Module__state__V                                  
200074b0  ti_sysbios_knl_Swi_Module__state__V                               
200074cc  ti_sysbios_family_arm_lm4_Timer_Module_State_0_handles__A         
200074e4  ti_sysbios_heaps_HeapMem_Object__table__V                         
200074fc  gpioPinConfigs                                                    
20007510  _tz                                                               
20007520  __TI_ft_end                                                       
20007524  __aeabi_stdin                                                     
20007528  __aeabi_stdout                                                    
2000752c  __aeabi_stderr                                                    
20007530  __TI_cleanup_ptr                                                  
20007534  __TI_dtors_ptr                                                    
20007538  __TI_enable_exit_profile_output                                   
2000753c  ti_sysbios_family_arm_lm4_Timer_Module__state__V                  
20007548  xdc_runtime_SysMin_Module__state__V                               
20007554  _lock                                                             
20007558  _unlock                                                           
2000755c  gpioCallbackFunctions                                             
20007564  ti_sysbios_family_arm_lm4_Seconds_Module__state__V                
2000756c  ti_sysbios_family_arm_lm4_TimestampProvider_Module__state__V      
20007574  ti_sysbios_family_arm_m3_Hwi_Module__root__V                      
2000757c  ti_sysbios_gates_GateHwi_Module__root__V                          
20007584  ti_sysbios_gates_GateMutex_Module__root__V                        
2000758c  ti_sysbios_heaps_HeapMem_Module__root__V                          
20007594  ti_sysbios_knl_Clock_Module__root__V                              
2000759c  ti_sysbios_knl_Queue_Module__root__V                              
200075a4  ti_sysbios_knl_Semaphore_Module__root__V                          
200075ac  ti_sysbios_knl_Task_Module__root__V                               
200075b4  xdc_runtime_Registry_Module__state__V                             
200075bc  xdc_runtime_Startup_Module__state__V                              
200075c4  xdc_runtime_System_Module_State_0_atexitHandlers__A               
200075cc  xdc_runtime_System_Module__state__V                               
200075da  activeAnimations                                                  
200075dc  toRemove                                                          
200075de  ti_sysbios_family_arm_m3_Hwi_Module_State_0_excActive__A          
200075fc  main_func_sp                                                      
20007604  ti_sysbios_family_arm_m3_Hwi_Module_State_0_excContext__A         
20007608  ti_sysbios_family_arm_m3_Hwi_Module_State_0_excStack__A           
2000760c  ti_sysbios_gates_GateHwi_Object__table__V                         
20007610  ti_sysbios_knl_Task_Module_State_0_idleTask__A                    
20007614  xdc_runtime_Memory_Module__state__V                               
20007618  xdc_runtime_Error_Module__state__V                                
20007620  __stack                                                           
20007a20  __STACK_END                                                       
e000e000  ti_sysbios_family_arm_m3_Hwi_nvic                                 
ffffffff  __TI_pprof_out_hndl                                               
ffffffff  __TI_prof_data_size                                               
ffffffff  __TI_prof_data_start                                              
ffffffff  __binit__                                                         
ffffffff  __c_args__                                                        
ffffffff  binit                                                             
UNDEFED   SHT$$INIT_ARRAY$$Base                                             
UNDEFED   SHT$$INIT_ARRAY$$Limit                                            

[848 symbols]
