******************************************************************************
                  TI ARM Linker PC v20.2.5                     
******************************************************************************
>> Linked Sun Jun 27 22:29:29 2021

OUTPUT FILE NAME:   <SlaveController.out>
ENTRY POINT SYMBOL: "_c_int00"  address: 0003808d


MEMORY CONFIGURATION

         name            origin    length      used     unused   attr    fill
----------------------  --------  ---------  --------  --------  ----  --------
  FLASH                 00000000   00040000  0003b44a  00004bb6  R  X
  SRAM                  20000000   00008000  00007978  00000688  RW X


SEGMENT ALLOCATION MAP

run origin  load origin   length   init length attrs members
----------  ----------- ---------- ----------- ----- -------
00000000    00000000    0003b450   0003b450    r-x
  00000000    00000000    0000003c   0000003c    r-- .resetVecs
  0000003c    0000003c    0002f71c   0002f71c    r-- .const
  0002f758    0002f758    0000ba62   0000ba62    r-x .text
  0003b1c0    0003b1c0    00000290   00000290    r-- .cinit
20000000    20000000    00000360   00000000    rw-
  20000000    20000000    00000360   00000000    rw- .vecs
20000400    20000400    00007620   00000000    rw-
  20000400    20000400    00006b26   00000000    rw- .bss
  20006f28    20006f28    000006f2   00000000    rw- .data
  20007620    20007620    00000400   00000000    rw- .stack


SECTION ALLOCATION MAP

 output                                  attributes/
section   page    origin      length       input sections
--------  ----  ----------  ----------   ----------------
.const     0    0000003c    0002f71c     
                  0000003c    0001a638     start.obj (.const:colors_tower)
                  0001a674    0000daa8     start.obj (.const:colors_charmenu)
                  0002811c    00001885     SlaveController_pem4f.oem4f (.const:xdc_runtime_Text_charTab__A)
                  000299a1    00000f00     animator.obj (.const:animations)
                  0002a8a1    00000001     SlaveController_pem4f.oem4f (.const:xdc_runtime_Error_policy__C)
                  0002a8a2    00000002     SlaveController_pem4f.oem4f (.const:ti_catalog_arm_cortexm4_tiva_ce_Boot_Module__id__C)
                  0002a8a4    00000400     start.obj (.const:colors_eer)
                  0002aca4    00000400     start.obj (.const:colors_fdst)
                  0002b0a4    00000400     start.obj (.const:colors_gregory)
                  0002b4a4    00000400     start.obj (.const:colors_smashville)
                  0002b8a4    00000400     start.obj (.const:colors_stagemenu)
                  0002bca4    000003fc     start.obj (.const:colors_battle)
                  0002c0a0    000003d4     start.obj (.const:colors_title)
                  0002c474    00000364     start.obj (.const:colors_w1va)
                  0002c7d8    00000364     start.obj (.const:colors_w1vac)
                  0002cb3c    0000034c     start.obj (.const:colors_w1gw)
                  0002ce88    0000034c     start.obj (.const:colors_w1gwc)
                  0002d1d4    00000348     start.obj (.const:colors_w1kb)
                  0002d51c    00000348     start.obj (.const:colors_w1kbc)
                  0002d864    00000250     animator.obj (.const:colors_menu)
                  0002dab4    00000238     start.obj (.const:colors_w2va)
                  0002dcec    00000238     start.obj (.const:colors_w2vac)
                  0002df24    00000220     start.obj (.const:colors_w2gw)
                  0002e144    00000220     start.obj (.const:colors_w2gwc)
                  0002e364    0000021c     start.obj (.const:colors_w2kb)
                  0002e580    0000021c     start.obj (.const:colors_w2kbc)
                  0002e79c    00000198     animator.obj (.const:colors_misc)
                  0002e934    00000130     animator.obj (.const:colors_kirby)
                  0002ea64    000000cc     SlaveController_pem4f.oem4f (.const:xdc_runtime_Text_nodeTab__A)
                  0002eb30    000000b6     start.obj (.const:persistentSprites)
                  0002ebe6    00000002     SlaveController_pem4f.oem4f (.const:ti_sysbios_family_arm_lm4_TimestampProvider_useClockTimer__C)
                  0002ebe8    000000ac     animator.obj (.const:colors_valvano)
                  0002ec94    00000090     driverlib.lib : gpio.obj (.const:g_pui32GPIOBaseAddrs)
                  0002ed24    0000007f     ILI9341.obj (.const:.string:cmd_ili9341)
                  0002eda3    00000001     --HOLE-- [fill = 0]
                  0002eda4    00000078     EK_TM4C123GXL.obj (.const:spiTivaDMAHWAttrs)
                  0002ee1c    00000064     drivers_tivaware.aem4f : SPITivaDMA.oem4f (.const)
                  0002ee80    00000060     rtsv7M4_T_le_v4SPD16_eabi.lib : mktime.c.obj (.const:$O1$$)
                  0002eee0    0000005c     animator.obj (.const:colors_gameandwatch)
                  0002ef3c    00000054     drivers_tivaware.aem4f : GPIOTiva.oem4f (.const:.string)
                  0002ef90    0000004c                            : UARTTiva.oem4f (.const)
                  0002efdc    00000048     SlaveController_pem4f.oem4f (.const:.string)
                  0002f024    00000048     drivers_tivaware.aem4f : GPIOTiva.oem4f (.const:gpioBaseAddresses)
                  0002f06c    00000046     SD.obj (.const:.string:$P$T0$1)
                  0002f0b2    00000046     animator.obj (.const:characterNames)
                  0002f0f8    0000003c     SlaveController_pem4f.oem4f (.const:ti_sysbios_knl_Task_Object__PARAMS__C)
                  0002f134    00000030     EK_TM4C123GXL.obj (.const:SPI_config)
                  0002f164    00000030     SlaveController_pem4f.oem4f (.const:ti_sysbios_family_arm_m3_Hwi_Object__PARAMS__C)
                  0002f194    00000028     animator.obj (.const:.string:$P$T0$1)
                  0002f1bc    00000028     animator.obj (.const:.string:$P$T2$3)
                  0002f1e4    00000028     drivers_tivaware.aem4f : UARTTiva.oem4f (.const:UARTTiva_fxnTable)
                  0002f20c    00000028     SlaveController_pem4f.oem4f (.const:ti_sysbios_heaps_HeapMem_Module__FXNS__C)
                  0002f234    00000024     drivers_tivaware.aem4f : UART.oem4f (.const:UART_defaultParams)
                  0002f258    00000024     EK_TM4C123GXL.obj (.const:sdspiTivaHWattrs)
                  0002f27c    00000024     SlaveController_pem4f.oem4f (.const:ti_sysbios_gates_GateHwi_Module__FXNS__C)
                  0002f2a0    00000024     SlaveController_pem4f.oem4f (.const:ti_sysbios_gates_GateMutex_Module__FXNS__C)
                  0002f2c4    00000024     SlaveController_pem4f.oem4f (.const:ti_sysbios_heaps_HeapMem_Object__PARAMS__C)
                  0002f2e8    00000024     SlaveController_pem4f.oem4f (.const:ti_sysbios_knl_Clock_Object__PARAMS__C)
                  0002f30c    00000024     SlaveController_pem4f.oem4f (.const:ti_sysbios_knl_Semaphore_Object__PARAMS__C)
                  0002f330    00000024     SlaveController_pem4f.oem4f (.const:xdc_runtime_Startup_sfxnTab__A)
                  0002f354    00000020     drivers_tivaware.aem4f : SPI.oem4f (.const)
                  0002f374    00000020     SlaveController_pem4f.oem4f (.const:ti_sysbios_family_arm_m3_Hwi_Object__DESC__C)
                  0002f394    00000020     SlaveController_pem4f.oem4f (.const:ti_sysbios_gates_GateHwi_Object__DESC__C)
                  0002f3b4    00000020     SlaveController_pem4f.oem4f (.const:ti_sysbios_gates_GateMutex_Object__DESC__C)
                  0002f3d4    00000020     SlaveController_pem4f.oem4f (.const:ti_sysbios_heaps_HeapMem_Object__DESC__C)
                  0002f3f4    00000020     SlaveController_pem4f.oem4f (.const:ti_sysbios_knl_Clock_Object__DESC__C)
                  0002f414    00000020     SlaveController_pem4f.oem4f (.const:ti_sysbios_knl_Queue_Object__DESC__C)
                  0002f434    00000020     SlaveController_pem4f.oem4f (.const:ti_sysbios_knl_Semaphore_Object__DESC__C)
                  0002f454    00000020     SlaveController_pem4f.oem4f (.const:ti_sysbios_knl_Task_Object__DESC__C)
                  0002f474    00000018     EK_TM4C123GXL.obj (.const:SDSPI_config)
                  0002f48c    00000018     EK_TM4C123GXL.obj (.const:UART_config)
                  0002f4a4    00000018     SlaveController_pem4f.oem4f (.const:ti_sysbios_gates_GateHwi_Object__PARAMS__C)
                  0002f4bc    00000018     SlaveController_pem4f.oem4f (.const:ti_sysbios_gates_GateMutex_Object__PARAMS__C)
                  0002f4d4    00000018     SlaveController_pem4f.oem4f (.const:ti_sysbios_knl_Queue_Object__PARAMS__C)
                  0002f4ec    00000018     EK_TM4C123GXL.obj (.const:uartTivaHWAttrs)
                  0002f504    00000014     EK_TM4C123GXL.obj (.const:GPIOTiva_config)
                  0002f518    00000014     SlaveController_pem4f.oem4f (.const:xdc_runtime_Startup_firstFxns__A)
                  0002f52c    00000012     SlaveController_pem4f.oem4f (.const:xdc_runtime_Startup_sfxnRts__A)
                  0002f53e    00000002     SlaveController_pem4f.oem4f (.const:ti_sysbios_family_arm_m3_Hwi_Module__id__C)
                  0002f540    00000010     drivers_tivaware.aem4f : SDSPITiva.oem4f (.const)
                  0002f550    00000008                            : SDSPI.oem4f (.const)
                  0002f558    00000008     SlaveController_pem4f.oem4f (.const:ti_sysbios_family_arm_m3_Hwi_excHookFuncs__A)
                  0002f560    00000008     SlaveController_pem4f.oem4f (.const:ti_sysbios_knl_Idle_funcList__C)
                  0002f568    00000008     SlaveController_pem4f.oem4f (.const:xdc_runtime_Startup_firstFxns__C)
                  0002f570    00000008     SlaveController_pem4f.oem4f (.const:xdc_runtime_Startup_lastFxns__C)
                  0002f578    00000005     animator.obj (.const:.string:$P$T1$2)
                  0002f57d    00000005     animator.obj (.const:.string:$P$T3$4)
                  0002f582    00000002     SlaveController_pem4f.oem4f (.const:ti_sysbios_gates_GateMutex_Module__id__C)
                  0002f584    00000004     SlaveController_pem4f.oem4f (.const:ti_catalog_arm_cortexm4_tiva_ce_Boot_A_mustUseEnhancedClockMode__C)
                  0002f588    00000004     SlaveController_pem4f.oem4f (.const:ti_catalog_arm_cortexm4_tiva_ce_Boot_Module__diagsEnabled__C)
                  0002f58c    00000004     SlaveController_pem4f.oem4f (.const:ti_catalog_arm_cortexm4_tiva_ce_Boot_Module__diagsIncluded__C)
                  0002f590    00000004     SlaveController_pem4f.oem4f (.const:ti_catalog_arm_cortexm4_tiva_ce_Boot_Module__diagsMask__C)
                  0002f594    00000004     SlaveController_pem4f.oem4f (.const:ti_sysbios_family_arm_lm4_Timer_enableFunc__C)
                  0002f598    00000004     SlaveController_pem4f.oem4f (.const:ti_sysbios_family_arm_lm4_Timer_numTimerDevices__C)
                  0002f59c    00000004     SlaveController_pem4f.oem4f (.const:ti_sysbios_family_arm_lm4_Timer_startupNeeded__C)
                  0002f5a0    00000004     SlaveController_pem4f.oem4f (.const:ti_sysbios_family_arm_m3_Hwi_E_NMI__C)
                  0002f5a4    00000004     SlaveController_pem4f.oem4f (.const:ti_sysbios_family_arm_m3_Hwi_E_alreadyDefined__C)
                  0002f5a8    00000004     SlaveController_pem4f.oem4f (.const:ti_sysbios_family_arm_m3_Hwi_E_busFault__C)
                  0002f5ac    00000004     SlaveController_pem4f.oem4f (.const:ti_sysbios_family_arm_m3_Hwi_E_debugMon__C)
                  0002f5b0    00000004     SlaveController_pem4f.oem4f (.const:ti_sysbios_family_arm_m3_Hwi_E_hardFault__C)
                  0002f5b4    00000004     SlaveController_pem4f.oem4f (.const:ti_sysbios_family_arm_m3_Hwi_E_memFault__C)
                  0002f5b8    00000004     SlaveController_pem4f.oem4f (.const:ti_sysbios_family_arm_m3_Hwi_E_noIsr__C)
                  0002f5bc    00000004     SlaveController_pem4f.oem4f (.const:ti_sysbios_family_arm_m3_Hwi_E_reserved__C)
                  0002f5c0    00000004     SlaveController_pem4f.oem4f (.const:ti_sysbios_family_arm_m3_Hwi_E_svCall__C)
                  0002f5c4    00000004     SlaveController_pem4f.oem4f (.const:ti_sysbios_family_arm_m3_Hwi_E_usageFault__C)
                  0002f5c8    00000004     SlaveController_pem4f.oem4f (.const:ti_sysbios_family_arm_m3_Hwi_NUM_INTERRUPTS__C)
                  0002f5cc    00000004     SlaveController_pem4f.oem4f (.const:ti_sysbios_family_arm_m3_Hwi_Object__count__C)
                  0002f5d0    00000004     SlaveController_pem4f.oem4f (.const:ti_sysbios_family_arm_m3_Hwi_ccr__C)
                  0002f5d4    00000004     SlaveController_pem4f.oem4f (.const:ti_sysbios_family_arm_m3_Hwi_excHandlerFunc__C)
                  0002f5d8    00000004     SlaveController_pem4f.oem4f (.const:ti_sysbios_family_arm_m3_Hwi_excHookFuncs__C)
                  0002f5dc    00000004     SlaveController_pem4f.oem4f (.const:ti_sysbios_family_arm_m3_Hwi_nullIsrFunc__C)
                  0002f5e0    00000004     SlaveController_pem4f.oem4f (.const:ti_sysbios_family_arm_m3_Hwi_priGroup__C)
                  0002f5e4    00000004     SlaveController_pem4f.oem4f (.const:ti_sysbios_family_arm_m3_TaskSupport_stackAlignment__C)
                  0002f5e8    00000004     SlaveController_pem4f.oem4f (.const:ti_sysbios_gates_GateMutex_A_badContext__C)
                  0002f5ec    00000004     SlaveController_pem4f.oem4f (.const:ti_sysbios_gates_GateMutex_Instance_State_sem__O)
                  0002f5f0    00000004     SlaveController_pem4f.oem4f (.const:ti_sysbios_gates_GateMutex_Module__diagsEnabled__C)
                  0002f5f4    00000004     SlaveController_pem4f.oem4f (.const:ti_sysbios_gates_GateMutex_Module__diagsIncluded__C)
                  0002f5f8    00000004     SlaveController_pem4f.oem4f (.const:ti_sysbios_gates_GateMutex_Module__diagsMask__C)
                  0002f5fc    00000004     SlaveController_pem4f.oem4f (.const:ti_sysbios_hal_Hwi_E_stackOverflow__C)
                  0002f600    00000004     SlaveController_pem4f.oem4f (.const:ti_sysbios_heaps_HeapMem_A_align__C)
                  0002f604    00000004     SlaveController_pem4f.oem4f (.const:ti_sysbios_heaps_HeapMem_A_heapSize__C)
                  0002f608    00000004     SlaveController_pem4f.oem4f (.const:ti_sysbios_heaps_HeapMem_A_invalidFree__C)
                  0002f60c    00000004     SlaveController_pem4f.oem4f (.const:ti_sysbios_heaps_HeapMem_A_zeroBlock__C)
                  0002f610    00000004     SlaveController_pem4f.oem4f (.const:ti_sysbios_heaps_HeapMem_E_memory__C)
                  0002f614    00000004     SlaveController_pem4f.oem4f (.const:ti_sysbios_heaps_HeapMem_Module__diagsEnabled__C)
                  0002f618    00000004     SlaveController_pem4f.oem4f (.const:ti_sysbios_heaps_HeapMem_Module__diagsIncluded__C)
                  0002f61c    00000004     SlaveController_pem4f.oem4f (.const:ti_sysbios_heaps_HeapMem_Module__diagsMask__C)
                  0002f620    00000004     SlaveController_pem4f.oem4f (.const:ti_sysbios_heaps_HeapMem_Module__gateObj__C)
                  0002f624    00000004     SlaveController_pem4f.oem4f (.const:ti_sysbios_heaps_HeapMem_Object__count__C)
                  0002f628    00000004     SlaveController_pem4f.oem4f (.const:ti_sysbios_heaps_HeapMem_reqAlign__C)
                  0002f62c    00000004     SlaveController_pem4f.oem4f (.const:ti_sysbios_knl_Clock_A_badThreadType__C)
                  0002f630    00000004     SlaveController_pem4f.oem4f (.const:ti_sysbios_knl_Clock_Module_State_clockQ__O)
                  0002f634    00000004     SlaveController_pem4f.oem4f (.const:ti_sysbios_knl_Clock_Module__diagsEnabled__C)
                  0002f638    00000004     SlaveController_pem4f.oem4f (.const:ti_sysbios_knl_Clock_Module__diagsIncluded__C)
                  0002f63c    00000004     SlaveController_pem4f.oem4f (.const:ti_sysbios_knl_Clock_Module__diagsMask__C)
                  0002f640    00000004     SlaveController_pem4f.oem4f (.const:ti_sysbios_knl_Idle_funcList__A)
                  0002f644    00000004     SlaveController_pem4f.oem4f (.const:ti_sysbios_knl_Semaphore_A_badContext__C)
                  0002f648    00000004     SlaveController_pem4f.oem4f (.const:ti_sysbios_knl_Semaphore_A_noEvents__C)
                  0002f64c    00000004     SlaveController_pem4f.oem4f (.const:ti_sysbios_knl_Semaphore_A_overflow__C)
                  0002f650    00000004     SlaveController_pem4f.oem4f (.const:ti_sysbios_knl_Semaphore_A_pendTaskDisabled__C)
                  0002f654    00000004     SlaveController_pem4f.oem4f (.const:ti_sysbios_knl_Semaphore_Instance_State_pendQ__O)
                  0002f658    00000004     SlaveController_pem4f.oem4f (.const:ti_sysbios_knl_Semaphore_Module__diagsEnabled__C)
                  0002f65c    00000004     SlaveController_pem4f.oem4f (.const:ti_sysbios_knl_Semaphore_Module__diagsIncluded__C)
                  0002f660    00000004     SlaveController_pem4f.oem4f (.const:ti_sysbios_knl_Semaphore_Module__diagsMask__C)
                  0002f664    00000004     SlaveController_pem4f.oem4f (.const:ti_sysbios_knl_Swi_Object__count__C)
                  0002f668    00000004     SlaveController_pem4f.oem4f (.const:ti_sysbios_knl_Task_A_badPriority__C)
                  0002f66c    00000004     SlaveController_pem4f.oem4f (.const:ti_sysbios_knl_Task_A_badTaskState__C)
                  0002f670    00000004     SlaveController_pem4f.oem4f (.const:ti_sysbios_knl_Task_A_badThreadType__C)
                  0002f674    00000004     SlaveController_pem4f.oem4f (.const:ti_sysbios_knl_Task_A_badTimeout__C)
                  0002f678    00000004     SlaveController_pem4f.oem4f (.const:ti_sysbios_knl_Task_A_noPendElem__C)
                  0002f67c    00000004     SlaveController_pem4f.oem4f (.const:ti_sysbios_knl_Task_A_sleepTaskDisabled__C)
                  0002f680    00000004     SlaveController_pem4f.oem4f (.const:ti_sysbios_knl_Task_E_spOutOfBounds__C)
                  0002f684    00000004     SlaveController_pem4f.oem4f (.const:ti_sysbios_knl_Task_E_stackOverflow__C)
                  0002f688    00000004     SlaveController_pem4f.oem4f (.const:ti_sysbios_knl_Task_Module_State_inactiveQ__O)
                  0002f68c    00000004     SlaveController_pem4f.oem4f (.const:ti_sysbios_knl_Task_Module__diagsEnabled__C)
                  0002f690    00000004     SlaveController_pem4f.oem4f (.const:ti_sysbios_knl_Task_Module__diagsIncluded__C)
                  0002f694    00000004     SlaveController_pem4f.oem4f (.const:ti_sysbios_knl_Task_Module__diagsMask__C)
                  0002f698    00000004     SlaveController_pem4f.oem4f (.const:ti_sysbios_knl_Task_Object__count__C)
                  0002f69c    00000004     SlaveController_pem4f.oem4f (.const:ti_sysbios_knl_Task_allBlockedFunc__C)
                  0002f6a0    00000004     SlaveController_pem4f.oem4f (.const:ti_sysbios_knl_Task_defaultStackHeap__C)
                  0002f6a4    00000004     SlaveController_pem4f.oem4f (.const:ti_sysbios_knl_Task_defaultStackSize__C)
                  0002f6a8    00000004     SlaveController_pem4f.oem4f (.const:ti_sysbios_knl_Task_numConstructedTasks__C)
                  0002f6ac    00000004     SlaveController_pem4f.oem4f (.const:xdc_runtime_Assert_E_assertFailed__C)
                  0002f6b0    00000004     SlaveController_pem4f.oem4f (.const:xdc_runtime_Core_A_initializedParams__C)
                  0002f6b4    00000004     SlaveController_pem4f.oem4f (.const:xdc_runtime_Core_Module__diagsEnabled__C)
                  0002f6b8    00000004     SlaveController_pem4f.oem4f (.const:xdc_runtime_Core_Module__diagsIncluded__C)
                  0002f6bc    00000004     SlaveController_pem4f.oem4f (.const:xdc_runtime_Core_Module__diagsMask__C)
                  0002f6c0    00000004     SlaveController_pem4f.oem4f (.const:xdc_runtime_Error_E_memory__C)
                  0002f6c4    00000004     SlaveController_pem4f.oem4f (.const:xdc_runtime_Error_Module__diagsEnabled__C)
                  0002f6c8    00000004     SlaveController_pem4f.oem4f (.const:xdc_runtime_Error_Module__diagsIncluded__C)
                  0002f6cc    00000004     SlaveController_pem4f.oem4f (.const:xdc_runtime_Error_Module__diagsMask__C)
                  0002f6d0    00000004     SlaveController_pem4f.oem4f (.const:xdc_runtime_Error_Module__loggerFxn8__C)
                  0002f6d4    00000004     SlaveController_pem4f.oem4f (.const:xdc_runtime_Error_Module__loggerObj__C)
                  0002f6d8    00000004     SlaveController_pem4f.oem4f (.const:xdc_runtime_Error_policyFxn__C)
                  0002f6dc    00000004     SlaveController_pem4f.oem4f (.const:xdc_runtime_Error_raiseHook__C)
                  0002f6e0    00000004     SlaveController_pem4f.oem4f (.const:xdc_runtime_IGateProvider_Interface__BASE__C)
                  0002f6e4    00000004     SlaveController_pem4f.oem4f (.const:xdc_runtime_IHeap_Interface__BASE__C)
                  0002f6e8    00000004     SlaveController_pem4f.oem4f (.const:xdc_runtime_IModule_Interface__BASE__C)
                  0002f6ec    00000004     SlaveController_pem4f.oem4f (.const:xdc_runtime_Log_L_error__C)
                  0002f6f0    00000004     SlaveController_pem4f.oem4f (.const:xdc_runtime_Memory_defaultHeapInstance__C)
                  0002f6f4    00000004     SlaveController_pem4f.oem4f (.const:xdc_runtime_Startup_execImpl__C)
                  0002f6f8    00000004     SlaveController_pem4f.oem4f (.const:xdc_runtime_Startup_lastFxns__A)
                  0002f6fc    00000004     SlaveController_pem4f.oem4f (.const:xdc_runtime_Startup_maxPasses__C)
                  0002f700    00000004     SlaveController_pem4f.oem4f (.const:xdc_runtime_Startup_sfxnRts__C)
                  0002f704    00000004     SlaveController_pem4f.oem4f (.const:xdc_runtime_Startup_sfxnTab__C)
                  0002f708    00000004     SlaveController_pem4f.oem4f (.const:xdc_runtime_SysMin_bufSize__C)
                  0002f70c    00000004     SlaveController_pem4f.oem4f (.const:xdc_runtime_SysMin_outputFunc__C)
                  0002f710    00000004     SlaveController_pem4f.oem4f (.const:xdc_runtime_System_Module__gateObj__C)
                  0002f714    00000004     SlaveController_pem4f.oem4f (.const:xdc_runtime_System_abortFxn__C)
                  0002f718    00000004     SlaveController_pem4f.oem4f (.const:xdc_runtime_System_exitFxn__C)
                  0002f71c    00000004     SlaveController_pem4f.oem4f (.const:xdc_runtime_System_extendFxn__C)
                  0002f720    00000004     SlaveController_pem4f.oem4f (.const:xdc_runtime_System_maxAtexitHandlers__C)
                  0002f724    00000004     SlaveController_pem4f.oem4f (.const:xdc_runtime_Text_charTab__C)
                  0002f728    00000004     SlaveController_pem4f.oem4f (.const:xdc_runtime_Text_nameEmpty__C)
                  0002f72c    00000004     SlaveController_pem4f.oem4f (.const:xdc_runtime_Text_nameStatic__C)
                  0002f730    00000004     SlaveController_pem4f.oem4f (.const:xdc_runtime_Text_nameUnknown__C)
                  0002f734    00000004     SlaveController_pem4f.oem4f (.const:xdc_runtime_Text_nodeTab__C)
                  0002f738    00000004     SlaveController_pem4f.oem4f (.const:xdc_runtime_Text_visitRopeFxn__C)
                  0002f73c    00000002     SlaveController_pem4f.oem4f (.const:ti_sysbios_hal_Hwi_Module__id__C)
                  0002f73e    00000002     SlaveController_pem4f.oem4f (.const:ti_sysbios_heaps_HeapMem_Module__id__C)
                  0002f740    00000002     SlaveController_pem4f.oem4f (.const:ti_sysbios_knl_Clock_Module__id__C)
                  0002f742    00000002     SlaveController_pem4f.oem4f (.const:ti_sysbios_knl_Semaphore_Module__id__C)
                  0002f744    00000002     SlaveController_pem4f.oem4f (.const:ti_sysbios_knl_Task_Module__id__C)
                  0002f746    00000002     SlaveController_pem4f.oem4f (.const:xdc_runtime_Core_Module__id__C)
                  0002f748    00000002     SlaveController_pem4f.oem4f (.const:xdc_runtime_Error_Module__loggerDefined__C)
                  0002f74a    00000002     SlaveController_pem4f.oem4f (.const:xdc_runtime_Error_maxDepth__C)
                  0002f74c    00000002     SlaveController_pem4f.oem4f (.const:xdc_runtime_Memory_Module__id__C)
                  0002f74e    00000002     SlaveController_pem4f.oem4f (.const:xdc_runtime_SysMin_flushAtExit__C)
                  0002f750    00000002     SlaveController_pem4f.oem4f (.const:xdc_runtime_Text_charCnt__C)
                  0002f752    00000002     SlaveController_pem4f.oem4f (.const:xdc_runtime_Text_isLoaded__C)
                  0002f754    00000002     SlaveController_pem4f.oem4f (.const:xdc_runtime_Text_registryModsLastId__C)
                  0002f756    00000002     SlaveController_pem4f.oem4f (.const:xdc_runtime_Text_unnamedModsLastId__C)

.text      0    0002f758    0000ba62     
                  0002f758    0000077c     animator.obj (.text:_Z15animator_updatev)
                  0002fed4    00000004     driverlib.lib : ssi.obj (.text:SSIIntClear)
                  0002fed8    00000430     sysbios.aem4f : BIOS.obj (.text:ti_sysbios_family_arm_m3_Hwi_excDumpRegs__I)
                  00030308    0000034c     ti.targets.arm.rtsarm.aem4f : System.oem4f (.text:xdc_runtime_System_doPrint__I)
                  00030654    00000348     start.obj (.text:_Z5startjj)
                  0003099c    00000324     ti.mw.fatfs.aem4f : ff.oem4f (.text:find_volume)
                  00030cc0    000002b8     sysbios.aem4f : BIOS.obj (.text:ti_sysbios_knl_Semaphore_pend__E)
                  00030f78    000002a0     rtsv7M4_T_le_v4SPD16_eabi.lib : mktime.c.obj (.text:__mktime32)
                  00031218    00000278     animator.obj (.text:_Z28animator_readCharacterSDCardh)
                  00031490    0000026c     sysbios.aem4f : BIOS.obj (.text:ti_sysbios_heaps_HeapMem_free__E)
                  000316fc    00000004     driverlib.lib : uart.obj (.text:UARTIntClear)
                  00031700    00000250     sysbios.aem4f : BIOS.obj (.text:ti_sysbios_heaps_HeapMem_alloc__E)
                  00031950    00000234                   : BIOS.obj (.text:ti_sysbios_knl_Task_Instance_finalize__E)
                  00031b84    0000020c     drivers_tivaware.aem4f : UARTTiva.oem4f (.text:UARTTiva_open)
                  00031d90    000001f4                            : SDSPITiva.oem4f (.text:SDSPITiva_diskInitialize)
                  00031f84    00000004     rtsv7M4_T_le_v4SPD16_eabi.lib : exit.c.obj (.text:abort:abort)
                  00031f88    000001f4     sysbios.aem4f : BIOS.obj (.text:ti_sysbios_family_arm_m3_Hwi_excHandlerMax__I)
                  0003217c    00000004     ti.mw.fatfs.aem4f : ffosal.oem4f (.text:ff_rel_grant)
                  00032180    000001d8     sysbios.aem4f : BIOS.obj (.text:ti_sysbios_knl_Task_sleep__E)
                  00032358    000001cc     animator.obj (.text:_Z16animator_animatehhsshhhhhb)
                  00032524    00000004     ti.mw.fatfs.aem4f : diskio.oem4f (.text:get_fattime)
                  00032528    000001c0     sysbios.aem4f : BIOS.obj (.text:ti_sysbios_knl_Task_Instance_init__E)
                  000326e8    000001a4     ti.mw.fatfs.aem4f : ff.oem4f (.text:f_write)
                  0003288c    00000178                       : ff.oem4f (.text:f_read)
                  00032a04    00000004     SlaveController_pem4f.oem4f (.text:ti_sysbios_BIOS_RtsGateProxy_enter__E)
                  00032a08    00000174     sysbios.aem4f : BIOS.obj (.text:ti_sysbios_family_arm_m3_Hwi_excBusFault__I)
                  00032b7c    00000170     ILI9341.obj (.text:_Z12ILI9341_initv)
                  00032cec    00000164     ti.mw.fatfs.aem4f : ff.oem4f (.text:f_open)
                  00032e50    00000164     sysbios.aem4f : BIOS.obj (.text:ti_sysbios_family_arm_m3_Hwi_excUsageFault__I)
                  00032fb4    0000015a     ti.mw.fatfs.aem4f : ff.oem4f (.text:f_lseek)
                  0003310e    00000002     drivers_tivaware.aem4f : SPITivaDMA.oem4f (.text:SPITivaDMA_serviceISR)
                  00033110    00000150                            : GPIOTiva.oem4f (.text:GPIO_setConfig)
                  00033260    00000148     sysbios.aem4f : BIOS.obj (.text:ti_sysbios_family_arm_m3_Hwi_excMemFault__I)
                  000333a8    0000013c     animator.obj (.text:_Z29animator_readPersistentSpritePKcth)
                  000334e4    00000004     SlaveController_pem4f.oem4f (.text:ti_sysbios_BIOS_RtsGateProxy_leave__E)
                  000334e8    0000013c     sysbios.aem4f : BIOS.obj (.text:ti_sysbios_heaps_HeapMem_Instance_init__E)
                  00033624    00000134     rtsv7M4_T_le_v4SPD16_eabi.lib : localtim.c.obj (.text:__localtime32)
                  00033758    00000130     driverlib.lib : gpio.obj (.text:GPIOPadConfigSet)
                  00033888    00000123     ti.mw.fatfs.aem4f : ff.oem4f (.text:create_name)
                  000339ab    00000001     --HOLE-- [fill = 0]
                  000339ac    00000004     sysbios.aem4f : BIOS.obj (.text:ti_sysbios_family_arm_lm4_Timer_masterEnable__I)
                  000339b0    0000011c                   : BIOS.obj (.text:ti_sysbios_knl_Clock_Instance_init__E)
                  00033acc    00000118     ti.targets.arm.rtsarm.aem4f : Error.oem4f (.text:xdc_runtime_Error_policyDefault__E)
                  00033be4    00000110     rtsv7M4_T_le_v4SPD16_eabi.lib : fopen.c.obj (.text:_openfile)
                  00033cf4    00000108     drivers_tivaware.aem4f : SDSPITiva.oem4f (.text:SDSPITiva_open)
                  00033dfc    00000004     SlaveController_pem4f.oem4f (.text:ti_sysbios_family_arm_m3_Hwi_destruct)
                  00033e00    00000108     sysbios.aem4f : BIOS.obj (.text:ti_sysbios_family_arm_lm4_Timer_start__E)
                  00033f08    00000104     Flash.obj (.text:Flash_writeMemory_specifiedAddress)
                  0003400c    00000100     Boot.aem4f : Boot_sysctl.oem4f (.text:ti_catalog_arm_cortexm4_tiva_ce_Boot_sysCtlClockSetI__I)
                  0003410c    00000100     ti.targets.arm.rtsarm.aem4f : Core-mem.oem4f (.text:xdc_runtime_Core_createObject__I)
                  0003420c    000000fe     ti.mw.fatfs.aem4f : ff.oem4f (.text:f_rename)
                  0003430a    000000fa                       : ff.oem4f (.text:dir_next)
                  00034404    000000f8     rtsv7M4_T_le_v4SPD16_eabi.lib : fread.c.obj (.text:fread)
                  000344fc    000000f8     ti.targets.arm.rtsarm.aem4f : Startup.oem4f (.text:xdc_runtime_Startup_startMods__I)
                  000345f4    000000f8     SlaveController_pem4f.oem4f (.text:xdc_runtime_System_printfExtend__I)
                  000346ec    000000f4     drivers_tivaware.aem4f : SDSPITiva.oem4f (.text:SDSPITiva_diskIOctrl)
                  000347e0    000000f4     sysbios.aem4f : m3_Hwi_asm.obj (.text:ti_sysbios_family_arm_m3_Hwi_dispatch__I)
                  000348d4    000000ec     ti.mw.fatfs.aem4f : ff.oem4f (.text:put_fat)
                  000349c0    000000ec     sysbios.aem4f : BIOS.obj (.text:ti_sysbios_knl_Semaphore_post__E)
                  00034aac    000000e8     drivers_tivaware.aem4f : SDSPITiva.oem4f (.text:SDSPITiva_diskWrite)
                  00034b94    000000dc     animator.obj (.text:_Z19animator_initializev)
                  00034c70    000000dc     rtsv7M4_T_le_v4SPD16_eabi.lib : setvbuf.c.obj (.text:setvbuf)
                  00034d4c    000000d8     drivers_tivaware.aem4f : SPITivaDMA.oem4f (.text:SPITivaDMA_open)
                  00034e24    00000004     SlaveController_pem4f.oem4f (.text:ti_sysbios_family_arm_m3_TaskSupport_Module__startupDone__S)
                  00034e28    000000d8     sysbios.aem4f : BIOS.obj (.text:ti_sysbios_family_arm_lm4_TimestampProvider_get32__E)
                  00034f00    000000d6     ti.mw.fatfs.aem4f : ff.oem4f (.text:get_fat)
                  00034fd6    00000002     rtsv7M4_T_le_v4SPD16_eabi.lib : _lock.c.obj (.text:_nop)
                  00034fd8    000000cc     ti.targets.arm.rtsarm.aem4f : Core-smem.oem4f (.text:xdc_runtime_Core_constructObject__I)
                  000350a4    000000c6     drivers_tivaware.aem4f : SDSPITiva.oem4f (.text:send_cmd)
                  0003516a    00000002     rtsv7M4_T_le_v4SPD16_eabi.lib : div0.asm.obj (.text)
                  0003516c    000000c0     drivers_tivaware.aem4f : SDSPITiva.oem4f (.text:SDSPITiva_diskRead)
                  0003522c    000000c0                            : SPITivaDMA.oem4f (.text:SPITivaDMA_configDMA)
                  000352ec    000000bc     EK_TM4C123GXL.obj (.text:EK_TM4C123GXL_initSPI)
                  000353a8    000000bc     rtsv7M4_T_le_v4SPD16_eabi.lib : open.c.obj (.text:open)
                  00035464    00000004     SlaveController_pem4f.oem4f (.text:ti_sysbios_heaps_HeapMem_Module_GateProxy_enter__E)
                  00035468    000000bc     sysbios.aem4f : BIOS.obj (.text:ti_sysbios_family_arm_m3_Hwi_excDebugMon__I)
                  00035524    00000004     SlaveController_pem4f.oem4f (.text:ti_sysbios_heaps_HeapMem_Module_GateProxy_leave__E)
                  00035528    000000bc     sysbios.aem4f : BIOS.obj (.text:ti_sysbios_family_arm_m3_Hwi_excHardFault__I)
                  000355e4    000000b8     rtsv7M4_T_le_v4SPD16_eabi.lib : add_device.c.obj (.text:add_device)
                  0003569c    000000b8     ti.mw.fatfs.aem4f : ffcio.oem4f (.text:ffcio_open)
                  00035754    000000b4                       : ff.oem4f (.text:sync_fs)
                  00035808    000000b4     sysbios.aem4f : BIOS.obj (.text:ti_sysbios_gates_GateMutex_enter__E)
                  000358bc    00000004     SlaveController_pem4f.oem4f (.text:ti_sysbios_knl_Clock_TimerProxy_getMaxTicks__E)
                  000358c0    000000b4     sysbios.aem4f : BIOS.obj (.text:ti_sysbios_knl_Task_checkStacks__E)
                  00035974    000000ac     drivers_tivaware.aem4f : UARTTiva.oem4f (.text:readTaskBlocking)
                  00035a20    000000ac     sysbios.aem4f : BIOS.obj (.text:ti_sysbios_family_arm_lm4_Timer_enableTiva__I)
                  00035acc    000000a8     ti.mw.fatfs.aem4f : ff.oem4f (.text:create_chain)
                  00035b74    000000a4     drivers_tivaware.aem4f : SPITivaDMA.oem4f (.text:SPITivaDMA_initHw)
                  00035c18    000000a4     ti.mw.fatfs.aem4f : ff.oem4f (.text:f_unlink)
                  00035cbc    00000004     SlaveController_pem4f.oem4f (.text:ti_sysbios_knl_Clock_TimerProxy_getPeriod__E)
                  00035cc0    000000a4     sysbios.aem4f : BIOS.obj (.text:ti_sysbios_knl_Clock_Instance_finalize__E)
                  00035d64    000000a0     auto_init.aem4f : auto_init.oem4f (.text)
                  00035e04    000000a0     start.obj (.text:main)
                  00035ea4    000000a0     drivers_tivaware.aem4f : SDSPITiva.oem4f (.text:rcvr_datablock)
                  00035f44    000000a0     ti.targets.arm.rtsarm.aem4f : Text.oem4f (.text:xdc_runtime_Text_putMod__E)
                  00035fe4    0000009c     rtsv7M4_T_le_v4SPD16_eabi.lib : _bufread.c.obj (.text:__TI_buff_read)
                  00036080    0000009c     ti.mw.fatfs.aem4f : ff.oem4f (.text:f_sync)
                  0003611c    0000009c     rtsv7M4_T_le_v4SPD16_eabi.lib : fopen.c.obj (.text:fopen)
                  000361b8    0000009c                                   : memcpy_t2.asm.obj (.text)
                  00036254    00000004     SlaveController_pem4f.oem4f (.text:ti_sysbios_knl_Clock_destruct)
                  00036258    0000009c     sysbios.aem4f : BIOS.obj (.text:ti_sysbios_knl_Semaphore_Instance_init__E)
                  000362f4    0000009a     ILI9341.obj (.text:_Z16ILI9341_fillRectjjjjj)
                  0003638e    00000002     SlaveController_pem4f.oem4f (.text:ti_sysbios_BIOS_nullFunc__I)
                  00036390    0000009a     ti.targets.arm.rtsarm.aem4f : Text.oem4f (.text:xdc_runtime_Text_putSite__E)
                  0003642a    0000009a     drivers_tivaware.aem4f : SDSPITiva.oem4f (.text:xmit_datablock)
                  000364c4    00000098                            : UARTTiva.oem4f (.text:UARTTiva_readPolling)
                  0003655c    00000098     ILI9341.obj (.text:_Z11commandListPKh)
                  000365f4    00000098     Boot.aem4f : Boot.oem4f (.text:ti_catalog_arm_cortexm4_tiva_ce_Boot_sysCtlClockSet__E)
                  0003668c    00000096     rtsv7M4_T_le_v4SPD16_eabi.lib : ull_div_t2.asm.obj (.text)
                  00036722    00000094     drivers_tivaware.aem4f : UARTTiva.oem4f (.text:UARTTiva_write)
                  000367b6    00000002     SlaveController_pem4f.oem4f (.text:xdc_runtime_Startup_reset__I)
                  000367b8    00000094     sysbios.aem4f : BIOS.obj (.text:ti_sysbios_family_arm_m3_Hwi_Instance_init__E)
                  0003684c    00000004     SlaveController_pem4f.oem4f (.text:ti_sysbios_knl_Queue_destruct)
                  00036850    00000094     sysbios.aem4f : BIOS.obj (.text:ti_sysbios_family_arm_m3_Hwi_initNVIC__E)
                  000368e4    00000004     SlaveController_pem4f.oem4f (.text:ti_sysbios_knl_Semaphore_destruct)
                  000368e8    00000094     sysbios.aem4f : BIOS.obj (.text:ti_sysbios_knl_Task_postInit__I)
                  0003697c    00000090     Flash.obj (.text:Flash_init)
                  00036a0c    0000008c     drivers_tivaware.aem4f : GPIOTiva.oem4f (.text:GPIO_init)
                  00036a98    0000008c                            : UARTTiva.oem4f (.text:UARTTiva_control)
                  00036b24    0000008c     sysbios.aem4f : m3_TaskSupport_asm.obj (.text:ti_sysbios_family_arm_m3_TaskSupport_buildTaskStack)
                  00036bb0    0000008a     drivers_tivaware.aem4f : UARTTiva.oem4f (.text:readIsrTextBlocking)
                  00036c3a    00000002     --HOLE-- [fill = 0]
                  00036c3c    00000088     EK_TM4C123GXL.obj (.text:EK_TM4C123GXL_initDMA)
                  00036cc4    00000088     ILI9341.obj (.text:_Z18ILI9341_drawColorsjjPit)
                  00036d4c    00000084     UART.obj (.text:UART_start)
                  00036dd0    00000084     sysbios.aem4f : BIOS.obj (.text:ti_sysbios_family_arm_m3_Hwi_postInit__I)
                  00036e54    00000084     driverlib.lib : udma.obj (.text:uDMAChannelTransferSet)
                  00036ed8    00000082     drivers_tivaware.aem4f : UARTTiva.oem4f (.text:readIsrTextCallback)
                  00036f5a    0000007e     ti.mw.fatfs.aem4f : ff.oem4f (.text:dir_sdi)
                  00036fd8    0000007c                       : ff.oem4f (.text:f_mount)
                  00037054    0000007a     drivers_tivaware.aem4f : UARTTiva.oem4f (.text:readTaskCallback)
                  000370ce    0000007a     rtsv7M4_T_le_v4SPD16_eabi.lib : memset_t2.asm.obj (.text)
                  00037148    00000076     ILI9341.obj (.text:_ZN33_INTERNAL_11_ILI9341_cpp_6ff9e12f17ILI9341_setCoordsEtttt)
                  000371be    00000002     --HOLE-- [fill = 0]
                  000371c0    00000074     rtsv7M4_T_le_v4SPD16_eabi.lib : fclose.c.obj (.text:__TI_closefile)
                  00037234    00000074     ti.mw.fatfs.aem4f : ff.oem4f (.text:check_fs)
                  000372a8    00000074     sysbios.aem4f : BIOS.obj (.text:ti_sysbios_knl_Clock_start__E)
                  0003731c    00000004     ti.targets.arm.rtsarm.aem4f : Error.oem4f (.text:xdc_runtime_Error_getSite__E)
                  00037320    00000070     sysbios.aem4f : BIOS.obj (.text:ti_sysbios_knl_Clock_workFunc__E)
                  00037390    00000070                   : BIOS.obj (.text:ti_sysbios_knl_Task_exit__E)
                  00037400    0000006e     rtsv7M4_T_le_v4SPD16_eabi.lib : ll_div_t2.asm.obj (.text)
                  0003746e    00000002     --HOLE-- [fill = 0]
                  00037470    0000006d     ti.targets.arm.rtsarm.aem4f : System.oem4f (.text:xdc_runtime_System_formatNum__I)
                  000374dd    00000003     --HOLE-- [fill = 0]
                  000374e0    0000006c     Flash.obj (.text:Flash_readMemory)
                  0003754c    0000006c     rtsv7M4_T_le_v4SPD16_eabi.lib : hostrename.c.obj (.text:HOSTrename)
                  000375b8    0000006c     sysbios.aem4f : BIOS.obj (.text:ti_sysbios_knl_Swi_restoreHwi__E)
                  00037624    0000006c     drivers_tivaware.aem4f : UARTTiva.oem4f (.text:writeData)
                  00037690    0000006c     ti.targets.arm.rtsarm.aem4f : Error.oem4f (.text:xdc_runtime_Error_print__E)
                  000376fc    0000006c                                 : Memory.oem4f (.text:xdc_runtime_Memory_alloc__E)
                  00037768    00000068     rtsv7M4_T_le_v4SPD16_eabi.lib : hostlseek.c.obj (.text:HOSTlseek)
                  000377d0    00000068     SD.obj (.text:SD_startSDCard)
                  00037838    00000068     rtsv7M4_T_le_v4SPD16_eabi.lib : copy_decompress_lzss.c.obj (.text:decompress:lzss:__TI_decompress_lzss)
                  000378a0    00000066     ti.targets.arm.rtsarm.aem4f : Core-mem.oem4f (.text:xdc_runtime_Core_deleteObject__I)
                  00037906    00000002     --HOLE-- [fill = 0]
                  00037908    00000064     Flash.obj (.text:Flash_pendWriteOpCompletion)
                  0003796c    00000064     drivers_tivaware.aem4f : GPIOTiva.oem4f (.text:GPIO_hwiIntFxn)
                  000379d0    00000064     ti.mw.fatfs.aem4f : ff.oem4f (.text:follow_path)
                  00037a34    00000004     SlaveController_pem4f.oem4f (.text:xdc_runtime_System_Module_GateProxy_enter__E)
                  00037a38    00000064     sysbios.aem4f : BIOS.obj (.text:ti_sysbios_family_arm_lm4_Timer_Module_startup__E)
                  00037a9c    00000064     SlaveController_pem4f.oem4f (.text:ti_sysbios_family_arm_m3_Hwi_create)
                  00037b00    00000064     sysbios.aem4f : BIOS.obj (.text:ti_sysbios_family_arm_m3_Hwi_dispatchC__I)
                  00037b64    00000062     drivers_tivaware.aem4f : SPITivaDMA.oem4f (.text:SPITivaDMA_transfer)
                  00037bc6    00000002     --HOLE-- [fill = 0]
                  00037bc8    00000060     rtsv7M4_T_le_v4SPD16_eabi.lib : hostopen.c.obj (.text:HOSTopen)
                  00037c28    00000060     sysbios.aem4f : BIOS.obj (.text:ti_sysbios_knl_Task_schedule__I)
                  00037c88    0000005e     drivers_tivaware.aem4f : UARTTiva.oem4f (.text:readIsrBinaryBlocking)
                  00037ce6    0000005e     ti.mw.fatfs.aem4f : ff.oem4f (.text:remove_chain)
                  00037d44    0000005c     EK_TM4C123GXL.obj (.text:EK_TM4C123GXL_initSDSPI)
                  00037da0    0000005c     SD.obj (.text:SD_openFile)
                  00037dfc    0000005c     rtsv7M4_T_le_v4SPD16_eabi.lib : close.c.obj (.text:close)
                  00037e58    0000005c     sysbios.aem4f : BIOS.obj (.text:ti_sysbios_knl_Swi_run__I)
                  00037eb4    00000004     SlaveController_pem4f.oem4f (.text:xdc_runtime_System_Module_GateProxy_leave__E)
                  00037eb8    0000005c     sysbios.aem4f : BIOS.obj (.text:ti_sysbios_knl_Swi_schedule__I)
                  00037f14    00000004     ti.targets.arm.rtsarm.aem4f : System.oem4f (.text:xdc_runtime_System_aprintf_va__F)
                  00037f18    0000005c     sysbios.aem4f : BIOS.obj (.text:ti_sysbios_knl_Task_Module_startup__E)
                  00037f74    00000004     ti.targets.arm.rtsarm.aem4f : System.oem4f (.text:xdc_runtime_System_printf_va__F)
                  00037f78    0000005c     sysbios.aem4f : BIOS.obj (.text:ti_sysbios_knl_Task_startCore__E)
                  00037fd4    0000005c     drivers_tivaware.aem4f : SDSPITiva.oem4f (.text:wait_ready)
                  00038030    0000005b     ti.targets.arm.rtsarm.aem4f : Text.oem4f (.text:xdc_runtime_Text_putLab__E)
                  0003808b    00000001     --HOLE-- [fill = 0]
                  0003808c    00000058     boot.aem4f : boot.oem4f (.text)
                  000380e4    00000058     rtsv7M4_T_le_v4SPD16_eabi.lib : hostread.c.obj (.text:HOSTread)
                  0003813c    00000058                                   : hostwrite.c.obj (.text:HOSTwrite)
                  00038194    00000058     tirtosport.aem4f : SemaphoreP_tirtos.oem4f (.text:SemaphoreP_create)
                  000381ec    00000058     SlaveController_pem4f.oem4f (.text:ti_sysbios_family_arm_m3_Hwi_construct)
                  00038244    00000058     sysbios.aem4f : m3_Hwi_asm_switch.obj (.text:ti_sysbios_family_arm_m3_Hwi_initStacks__E)
                  0003829c    00000056     driverlib.lib : gpio.obj (.text:GPIOIntTypeSet)
                  000382f2    00000056     ti.mw.fatfs.aem4f : ff.oem4f (.text:dir_read)
                  00038348    00000054     drivers_tivaware.aem4f : UARTTiva.oem4f (.text:readIsrBinaryCallback)
                  0003839c    00000054     ti.mw.fatfs.aem4f : ff.oem4f (.text:sync_window)
                  000383f0    00000054     sysbios.aem4f : BIOS.obj (.text:ti_sysbios_family_arm_lm4_Timer_initDevice__I)
                  00038444    00000054     SlaveController_pem4f.oem4f (.text:ti_sysbios_knl_Task_construct)
                  00038498    00000054     ti.targets.arm.rtsarm.aem4f : Assert.oem4f (.text:xdc_runtime_Assert_raise__I)
                  000384ec    00000050     drivers_tivaware.aem4f : GPIOTiva.oem4f (.text:GPIO_setCallback)
                  0003853c    00000050     driverlib.lib : sysctl.obj (.text:SysCtlPeripheralReset)
                  0003858c    00000050     drivers_tivaware.aem4f : UARTTiva.oem4f (.text:UARTTiva_writeCancel)
                  000385dc    00000050     ILI9341.obj (.text:_ZN33_INTERNAL_11_ILI9341_cpp_6ff9e12f16ILI9341_setColorEj)
                  0003862c    00000004     --HOLE-- [fill = 0]
                  00038630    00000050     sysbios.aem4f : BIOS.obj (.text:ti_sysbios_family_arm_m3_Hwi_Module_startup__E)
                  00038680    00000050     ti.targets.arm.rtsarm.aem4f : Startup.oem4f (.text:xdc_runtime_Startup_exec__E)
                  000386d0    00000050                                 : Text.oem4f (.text:xdc_runtime_Text_visitRope2__I)
                  00038720    0000004c     drivers_tivaware.aem4f : UARTTiva.oem4f (.text:UARTTiva_close)
                  0003876c    0000004c     rtsv7M4_T_le_v4SPD16_eabi.lib : fflush.c.obj (.text:__TI_doflush)
                  000387b8    0000004c                                   : cpy_tbl.c.obj (.text:copy_in)
                  00038804    0000004c     SlaveController_pem4f.oem4f (.text:ti_mw_fatfs_startup)
                  00038850    0000004c     sysbios.aem4f : BIOS.obj (.text:ti_sysbios_heaps_HeapMem_getStats__E)
                  0003889c    00000004     --HOLE-- [fill = 0]
                  000388a0    0000004c                   : BIOS.obj (.text:ti_sysbios_knl_Swi_runLoop__I)
                  000388ec    00000004     --HOLE-- [fill = 0]
                  000388f0    0000004c                   : BIOS.obj (.text:ti_sysbios_knl_Task_allBlockedFunction__I)
                  0003893c    0000004a     rtsv7M4_T_le_v4SPD16_eabi.lib : _io_perm.c.obj (.text:__TI_rd_ok)
                  00038986    00000002     --HOLE-- [fill = 0]
                  00038988    00000048     driverlib.lib : gpio.obj (.text:GPIOPinConfigure)
                  000389d0    00000048     ti.mw.fatfs.aem4f : ff.oem4f (.text:dir_find)
                  00038a18    00000048     rtsv7M4_T_le_v4SPD16_eabi.lib : exit.c.obj (.text:exit)
                  00038a60    00000048     sysbios.aem4f : BIOS.obj (.text:ti_sysbios_family_arm_lm4_Timer_enableTimers__I)
                  00038aa8    00000048                   : BIOS.obj (.text:ti_sysbios_family_arm_m3_Hwi_disableInterrupt__E)
                  00038af0    00000048                   : BIOS.obj (.text:ti_sysbios_family_arm_m3_Hwi_enableInterrupt__E)
                  00038b38    00000048                   : BIOS.obj (.text:ti_sysbios_family_arm_m3_Hwi_excReserved__I)
                  00038b80    00000046     drivers_tivaware.aem4f : RingBuf.oem4f (.text:RingBuf_put)
                  00038bc6    00000046     ti.targets.arm.rtsarm.aem4f : Core-params.oem4f (.text:xdc_runtime_Core_assignParams__I)
                  00038c0c    00000044     rtsv7M4_T_le_v4SPD16_eabi.lib : hostclose.c.obj (.text:HOSTclose)
                  00038c50    00000044                                   : hostunlink.c.obj (.text:HOSTunlink)
                  00038c94    00000044     SD.obj (.text:SD_read)
                  00038cd8    00000044     SD.obj (.text:SD_readNextChar)
                  00038d1c    00000044     drivers_tivaware.aem4f : SPITivaDMA.oem4f (.text:SPITivaDMA_hwiFxn)
                  00038d60    00000044     ti.mw.fatfs.aem4f : ff.oem4f (.text:dir_alloc)
                  00038da4    00000044     rtsv7M4_T_le_v4SPD16_eabi.lib : getdevice.c.obj (.text:getdevice)
                  00038de8    00000044     drivers_tivaware.aem4f : SDSPITiva.oem4f (.text:send_initial_clock_train)
                  00038e2c    00000004     --HOLE-- [fill = 0]
                  00038e30    00000044     sysbios.aem4f : BIOS.obj (.text:ti_sysbios_family_arm_lm4_Timer_isrStub__E)
                  00038e74    00000004     --HOLE-- [fill = 0]
                  00038e78    00000044                   : BIOS.obj (.text:ti_sysbios_family_arm_m3_Hwi_getStackInfo__E)
                  00038ebc    00000004     --HOLE-- [fill = 0]
                  00038ec0    00000044                   : BIOS.obj (.text:ti_sysbios_knl_Swi_post__E)
                  00038f04    00000044     ti.targets.arm.rtsarm.aem4f : Error.oem4f (.text:xdc_runtime_Error_setX__E)
                  00038f48    00000044                                 : SysMin.oem4f (.text:xdc_runtime_SysMin_flush__E)
                  00038f8c    00000044                                 : Text.oem4f (.text:xdc_runtime_Text_xprintf__I)
                  00038fd0    00000042     drivers_tivaware.aem4f : SPITivaDMA.oem4f (.text:SPITivaDMA_transferCancel)
                  00039012    00000042     driverlib.lib : uart.obj (.text:UARTConfigSetExpClk)
                  00039054    00000042     drivers_tivaware.aem4f : UARTTiva.oem4f (.text:UARTTiva_hwiIntFxn)
                  00039096    00000042                            : UARTTiva.oem4f (.text:UARTTiva_writePolling)
                  000390d8    00000040     EK_TM4C123GXL.obj (.text:EK_TM4C123GXL_initGeneral)
                  00039118    00000040     Flash.obj (.text:Flash_transferSPICS)
                  00039158    00000040     Flash.obj (.text:Flash_writeCommandCS)
                  00039198    00000040     drivers_tivaware.aem4f : RingBuf.oem4f (.text:RingBuf_get)
                  000391d8    00000040                            : SDSPITiva.oem4f (.text:SDSPITiva_close)
                  00039218    00000040                            : UARTTiva.oem4f (.text:UARTTiva_read)
                  00039258    00000040     ILI9341.obj (.text:_ZN33_INTERNAL_11_ILI9341_cpp_6ff9e12f12writeCommandEh)
                  00039298    00000040     ti.mw.fatfs.aem4f : ff.oem4f (.text:get_ldnumber)
                  000392d8    00000040     rtsv7M4_T_le_v4SPD16_eabi.lib : u_divt2.asm.obj (.text)
                  00039318    00000040     sysbios.aem4f : BIOS.obj (.text:ti_sysbios_family_arm_lm4_Timer_startup__E)
                  00039358    0000003c     drivers_tivaware.aem4f : SPITivaDMA.oem4f (.text:SPITivaDMA_close)
                  00039394    0000003c     driverlib.lib : ssi.obj (.text:SSIConfigSetExpClk)
                  000393d0    0000003c     animator.obj (.text:_Z9readUntilcPh)
                  0003940c    0000003c     EK_TM4C123GXL.obj (.text:dmaErrorHwi)
                  00039448    0000003c     sysbios.aem4f : BIOS.obj (.text:ti_sysbios_family_arm_m3_Hwi_excSvCall__I)
                  00039484    00000004     --HOLE-- [fill = 0]
                  00039488    0000003c                   : BIOS.obj (.text:ti_sysbios_heaps_HeapMem_init__I)
                  000394c4    00000004     --HOLE-- [fill = 0]
                  000394c8    0000003c                   : BIOS.obj (.text:ti_sysbios_knl_Swi_restore__E)
                  00039504    00000038     drivers_tivaware.aem4f : SDSPI.oem4f (.text:SDSPI_init)
                  0003953c    00000038                            : SPI.oem4f (.text:SPI_init)
                  00039574    00000038                            : UART.oem4f (.text:UART_init)
                  000395ac    00000038     rtsv7M4_T_le_v4SPD16_eabi.lib : trgmsg.c.obj (.text:__TI_writemsg)
                  000395e4    00000038     ti.mw.fatfs.aem4f : ff.oem4f (.text:dir_register)
                  0003961c    00000004     --HOLE-- [fill = 0]
                  00039620    00000038     sysbios.aem4f : BIOS.obj (.text:ti_sysbios_family_arm_m3_Hwi_excNoIsr__I)
                  00039658    00000038                   : BIOS.obj (.text:ti_sysbios_knl_Task_processVitalTaskFlag__I)
                  00039690    00000038     ti.targets.arm.rtsarm.aem4f : SysMin.oem4f (.text:xdc_runtime_SysMin_putch__E)
                  000396c8    00000038                                 : System.oem4f (.text:xdc_runtime_System_atexit__E)
                  00039700    00000036     drivers_tivaware.aem4f : UARTTiva.oem4f (.text:UARTTiva_readCancel)
                  00039736    00000036     ti.mw.fatfs.aem4f : ff.oem4f (.text:move_window)
                  0003976c    00000036     rtsv7M4_T_le_v4SPD16_eabi.lib : strncpy.c.obj (.text:strncpy)
                  000397a2    00000036     SlaveController_pem4f.oem4f (.text:ti_mw_fatfs_getFatTime)
                  000397d8    00000034     EK_TM4C123GXL.obj (.text:EK_TM4C123GXL_initUART)
                  0003980c    00000034     driverlib.lib : sysctl.obj (.text:SysCtlPeripheralEnable)
                  00039840    00000034     rtsv7M4_T_le_v4SPD16_eabi.lib : fopen.c.obj (.text:__TI_cleanup)
                  00039874    00000034                                   : trgmsg.c.obj (.text:__TI_readmsg)
                  000398a8    00000034     ti.mw.fatfs.aem4f : ff.oem4f (.text:dir_remove)
                  000398dc    00000034                       : ffcio.oem4f (.text:ffcio_lseek)
                  00039910    00000034     sysbios.aem4f : BIOS.obj (.text:ti_sysbios_family_arm_m3_Hwi_Instance_finalize__E)
                  00039944    00000004     --HOLE-- [fill = 0]
                  00039948    00000034                   : BIOS.obj (.text:ti_sysbios_family_arm_m3_Hwi_excNmi__I)
                  0003997c    00000004     --HOLE-- [fill = 0]
                  00039980    00000034                   : BIOS.obj (.text:ti_sysbios_hal_Hwi_checkStack)
                  000399b4    00000034     SlaveController_pem4f.oem4f (.text:ti_sysbios_knl_Clock_construct)
                  000399e8    00000034     ti.mw.fatfs.aem4f : ff.oem4f (.text:validate)
                  00039a1c    00000034     ti.targets.arm.rtsarm.aem4f : Core-label.oem4f (.text:xdc_runtime_Core_assignLabel__I)
                  00039a50    00000033                                 : Text.oem4f (.text:xdc_runtime_Text_printVisFxn__I)
                  00039a83    00000005     --HOLE-- [fill = 0]
                  00039a88    00000032     sysbios.aem4f : BIOS.obj (.text:ti_sysbios_hal_Hwi_initStack)
                  00039aba    00000002     --HOLE-- [fill = 0]
                  00039abc    00000030     EK_TM4C123GXL.obj (.text:EK_TM4C123GXL_initGPIO)
                  00039aec    00000030     drivers_tivaware.aem4f : SDSPI.oem4f (.text:SDSPI_open)
                  00039b1c    00000030                            : SPI.oem4f (.text:SPI_open)
                  00039b4c    00000030                            : UART.oem4f (.text:UART_open)
                  00039b7c    00000030     ILI9341.obj (.text:_ZN33_INTERNAL_11_ILI9341_cpp_6ff9e12f9writeDataEh)
                  00039bac    00000030     rtsv7M4_T_le_v4SPD16_eabi.lib : getdevice.c.obj (.text:finddevice)
                  00039bdc    00000030     SlaveController_pem4f.oem4f (.text:ti_sysbios_BIOS_atExitFunc__I)
                  00039c0c    00000004     --HOLE-- [fill = 0]
                  00039c10    00000030     sysbios.aem4f : BIOS.obj (.text:ti_sysbios_family_arm_lm4_Timer_stop__E)
                  00039c40    00000030                   : BIOS.obj (.text:ti_sysbios_family_arm_m3_TaskSupport_start__E)
                  00039c70    00000030     SlaveController_pem4f.oem4f (.text:ti_sysbios_gates_GateHwi_Object__create__S)
                  00039ca0    00000030     SlaveController_pem4f.oem4f (.text:ti_sysbios_gates_GateMutex_Object__create__S)
                  00039cd0    00000030     SlaveController_pem4f.oem4f (.text:ti_sysbios_heaps_HeapMem_Object__create__S)
                  00039d00    00000030     SlaveController_pem4f.oem4f (.text:ti_sysbios_knl_Semaphore_construct)
                  00039d30    00000030     sysbios.aem4f : BIOS.obj (.text:ti_sysbios_knl_Semaphore_pendTimeout__I)
                  00039d60    00000030                   : BIOS.obj (.text:ti_sysbios_knl_Task_unblockI__E)
                  00039d90    00000030     ti.targets.arm.rtsarm.aem4f : SysMin.oem4f (.text:xdc_runtime_SysMin_abort__E)
                  00039dc0    00000030                                 : System.oem4f (.text:xdc_runtime_System_processAtExit__E)
                  00039df0    0000002e     SlaveController_pem4f.oem4f (.text:malloc)
                  00039e1e    00000002     --HOLE-- [fill = 0]
                  00039e20    0000002c     Flash.obj (.text:Flash_writeMemory)
                  00039e4c    0000002c     ti.mw.fatfs.aem4f : diskio.oem4f (.text:disk_register)
                  00039e78    0000002c     rtsv7M4_T_le_v4SPD16_eabi.lib : fclose.c.obj (.text:fclose)
                  00039ea4    0000002c     SlaveController_pem4f.oem4f (.text:ti_sysbios_knl_Clock_doTick__I)
                  00039ed0    0000002c     SlaveController_pem4f.oem4f (.text:ti_sysbios_knl_Queue_construct)
                  00039efc    00000004     --HOLE-- [fill = 0]
                  00039f00    0000002c     sysbios.aem4f : BIOS.obj (.text:ti_sysbios_knl_Task_restore__E)
                  00039f2c    0000002c     driverlib.lib : udma.obj (.text:uDMAChannelAssign)
                  00039f58    0000002c     rtsv7M4_T_le_v4SPD16_eabi.lib : unlink.c.obj (.text:unlink)
                  00039f84    0000002c     ti.targets.arm.rtsarm.aem4f : Text.oem4f (.text:xdc_runtime_Text_cordText__E)
                  00039fb0    0000002a     driverlib.lib : gpio.obj (.text:GPIODirModeSet)
                  00039fda    0000002a     ti.targets.arm.rtsarm.aem4f : System.oem4f (.text:xdc_runtime_System_putchar__I)
                  0003a004    00000028     ti.mw.fatfs.aem4f : diskio.oem4f (.text:disk_unregister)
                  0003a02c    00000028     rtsv7M4_T_le_v4SPD16_eabi.lib : read.c.obj (.text:read)
                  0003a054    00000028     SlaveController_pem4f.oem4f (.text:ti_sysbios_BIOS_startFunc__I)
                  0003a07c    00000004     --HOLE-- [fill = 0]
                  0003a080    00000028     sysbios.aem4f : BIOS.obj (.text:ti_sysbios_knl_Swi_Module_startup__E)
                  0003a0a8    00000028     rtsv7M4_T_le_v4SPD16_eabi.lib : write.c.obj (.text:write)
                  0003a0d0    00000026     sysbios.aem4f : m3_Hwi_asm.obj (.text:ti_sysbios_family_arm_m3_Hwi_pendSV__I)
                  0003a0f6    00000026     ti.targets.arm.rtsarm.aem4f : System.oem4f (.text:xdc_runtime_System_avprintf__E)
                  0003a11c    00000024     ti.mw.fatfs.aem4f : diskio.oem4f (.text:disk_ioctl)
                  0003a140    00000024                       : diskio.oem4f (.text:disk_read)
                  0003a164    00000024                       : ff.oem4f (.text:f_close)
                  0003a188    00000024                       : ffcio.oem4f (.text:ffcio_close)
                  0003a1ac    00000024     SlaveController_pem4f.oem4f (.text:ti_sysbios_BIOS_errorRaiseHook__I)
                  0003a1d0    00000024     SlaveController_pem4f.oem4f (.text:ti_sysbios_BIOS_registerRTSLock__I)
                  0003a1f4    00000024     SlaveController_pem4f.oem4f (.text:ti_sysbios_BIOS_removeRTSLock__I)
                  0003a218    00000024     SlaveController_pem4f.oem4f (.text:ti_sysbios_gates_GateMutex_Object__delete__S)
                  0003a23c    00000004     --HOLE-- [fill = 0]
                  0003a240    00000024     sysbios.aem4f : BIOS.obj (.text:ti_sysbios_knl_Clock_Module_startup__E)
                  0003a264    00000004     --HOLE-- [fill = 0]
                  0003a268    00000024                   : BIOS.obj (.text:ti_sysbios_knl_Task_restoreHwi__E)
                  0003a28c    00000024     driverlib.lib : udma.obj (.text:uDMAChannelControlSet)
                  0003a2b0    00000024     ti.targets.arm.rtsarm.aem4f : System.oem4f (.text:xdc_runtime_System_vprintf__E)
                  0003a2d4    00000004     --HOLE-- [fill = 0]
                  0003a2d8    00000022     sysbios.aem4f : BIOS.obj (.text:ti_sysbios_family_arm_lm4_Timer_write__I)
                  0003a2fa    00000022     SlaveController_pem4f.oem4f (.text:xdc_runtime_SysMin_output__I)
                  0003a31c    00000020     Flash.obj (.text:Flash_allocateMemory)
                  0003a33c    00000020     ti.mw.fatfs.aem4f : diskio.oem4f (.text:disk_write)
                  0003a35c    00000020                       : ffcio.oem4f (.text:ffcio_read)
                  0003a37c    00000020                       : ffcio.oem4f (.text:ffcio_write)
                  0003a39c    00000020     SlaveController_pem4f.oem4f (.text:ti_sysbios_BIOS_rtsLock__I)
                  0003a3bc    00000004     --HOLE-- [fill = 0]
                  0003a3c0    00000020     sysbios.aem4f : BIOS.obj (.text:ti_sysbios_family_arm_m3_Hwi_clearInterrupt__E)
                  0003a3e0    00000020                   : m3_Hwi_asm.obj (.text:ti_sysbios_family_arm_m3_Hwi_excHandlerAsm__I)
                  0003a400    00000020                   : BIOS.obj (.text:ti_sysbios_family_arm_m3_Hwi_excHandler__I)
                  0003a420    00000020     SlaveController_pem4f.oem4f (.text:ti_sysbios_gates_GateHwi_Object__delete__S)
                  0003a440    00000020     SlaveController_pem4f.oem4f (.text:ti_sysbios_heaps_HeapMem_Object__delete__S)
                  0003a460    00000020     SlaveController_pem4f.oem4f (.text:ti_sysbios_knl_Clock_Object__destruct__S)
                  0003a480    00000020     sysbios.aem4f : BIOS.obj (.text:ti_sysbios_knl_Idle_run__E)
                  0003a4a0    00000020     SlaveController_pem4f.oem4f (.text:ti_sysbios_knl_Semaphore_Object__destruct__S)
                  0003a4c0    00000020     ti.targets.arm.rtsarm.aem4f : Registry.oem4f (.text:xdc_runtime_Registry_findById__E)
                  0003a4e0    00000020                                 : SysMin.oem4f (.text:xdc_runtime_SysMin_Module_startup__E)
                  0003a500    0000001e     ti.mw.fatfs.aem4f : ff.oem4f (.text:ld_clust)
                  0003a51e    0000001e     rtsv7M4_T_le_v4SPD16_eabi.lib : strcat.c.obj (.text:strcat)
                  0003a53c    0000001e     sysbios.aem4f : m3_Hwi_asm_switch.obj (.text:ti_sysbios_family_xxx_Hwi_switchAndRunFunc)
                  0003a55a    00000002     --HOLE-- [fill = 0]
                  0003a55c    0000001c     driverlib.lib : uart.obj (.text:UARTDisable)
                  0003a578    0000001c     UART.obj (.text:UART_transmit)
                  0003a594    0000001c     ti.mw.fatfs.aem4f : diskio.oem4f (.text:disk_initialize)
                  0003a5b0    0000001c                       : diskio.oem4f (.text:disk_status)
                  0003a5cc    0000001c     drivers_tivaware.aem4f : GPIOTiva.oem4f (.text:getGpioIntIndex)
                  0003a5e8    0000001c     ti.mw.fatfs.aem4f : ff.oem4f (.text:mem_cmp)
                  0003a604    00000004     --HOLE-- [fill = 0]
                  0003a608    0000001c     sysbios.aem4f : BIOS.obj (.text:ti_sysbios_family_arm_lm4_Seconds_get__E)
                  0003a624    0000001c     SlaveController_pem4f.oem4f (.text:ti_sysbios_family_arm_m3_Hwi_Object__destruct__S)
                  0003a640    0000001c     sysbios.aem4f : BIOS.obj (.text:ti_sysbios_gates_GateMutex_Instance_init__E)
                  0003a65c    0000001c     SlaveController_pem4f.oem4f (.text:ti_sysbios_knl_Queue_Object__destruct__S)
                  0003a678    0000001c     sysbios.aem4f : BIOS.obj (.text:ti_sysbios_knl_Queue_put__E)
                  0003a694    00000004     --HOLE-- [fill = 0]
                  0003a698    0000001c                   : BIOS.obj (.text:ti_sysbios_knl_Task_enter__I)
                  0003a6b4    0000001c     ti.targets.arm.rtsarm.aem4f : Error.oem4f (.text:xdc_runtime_Error_raiseX__E)
                  0003a6d0    0000001c                                 : Memory.oem4f (.text:xdc_runtime_Memory_valloc__E)
                  0003a6ec    0000001c                                 : SysMin.oem4f (.text:xdc_runtime_SysMin_exit__E)
                  0003a708    0000001c                                 : System.oem4f (.text:xdc_runtime_System_abort__E)
                  0003a724    0000001a     SlaveController_pem4f.oem4f (.text:free)
                  0003a73e    0000001a     SlaveController_pem4f.oem4f (.text:ti_sysbios_family_arm_m3_Hwi_Handle__label__S)
                  0003a758    0000001a     SlaveController_pem4f.oem4f (.text:ti_sysbios_gates_GateHwi_Handle__label__S)
                  0003a772    0000001a     SlaveController_pem4f.oem4f (.text:ti_sysbios_gates_GateMutex_Handle__label__S)
                  0003a78c    0000001a     SlaveController_pem4f.oem4f (.text:ti_sysbios_heaps_HeapMem_Handle__label__S)
                  0003a7a6    0000001a     SlaveController_pem4f.oem4f (.text:ti_sysbios_knl_Swi_Handle__label__S)
                  0003a7c0    0000001a     SlaveController_pem4f.oem4f (.text:ti_sysbios_knl_Task_Handle__label__S)
                  0003a7da    0000001a     ti.mw.fatfs.aem4f : ff.oem4f (.text:unlock_fs)
                  0003a7f4    0000001a     SlaveController_pem4f.oem4f (.text:xdc_runtime_System_aprintf__E)
                  0003a80e    0000001a     SlaveController_pem4f.oem4f (.text:xdc_runtime_System_printf__E)
                  0003a828    00000018     driverlib.lib : gpio.obj (.text:GPIOPinTypeGPIOOutput)
                  0003a840    00000018     drivers_tivaware.aem4f : UART.oem4f (.text:UART_Params_init)
                  0003a858    00000018     UART.obj (.text:UART_receive)
                  0003a870    00000018     animator.obj (.text:_Z11readHalfIntPh)
                  0003a888    00000018     ILI9341.obj (.text:_Z18ILI9341_fillScreenj)
                  0003a8a0    00000018     ILI9341.obj (.text:_ZN33_INTERNAL_11_ILI9341_cpp_6ff9e12f8deselectEv)
                  0003a8b8    00000018     rtsv7M4_T_le_v4SPD16_eabi.lib : args_main.c.obj (.text:_args_main)
                  0003a8d0    00000018     ti.mw.fatfs.aem4f : ff.oem4f (.text:clust2sect)
                  0003a8e8    00000018                       : ffosal.oem4f (.text:ff_cre_syncobj)
                  0003a900    00000018     rtsv7M4_T_le_v4SPD16_eabi.lib : strcmp.c.obj (.text:strcmp)
                  0003a918    00000018     SlaveController_pem4f.oem4f (.text:ti_sysbios_BIOS_rtsUnlock__I)
                  0003a930    00000018     SlaveController_pem4f.oem4f (.text:ti_sysbios_family_arm_lm4_Timer_Module__startupDone__F)
                  0003a948    00000018     SlaveController_pem4f.oem4f (.text:ti_sysbios_family_arm_m3_Hwi_Module__startupDone__F)
                  0003a960    00000018     sysbios.aem4f : m3_TaskSupport_asm.obj (.text:ti_sysbios_family_arm_m3_TaskSupport_swap__E)
                  0003a978    00000018                   : BIOS.obj (.text:ti_sysbios_gates_GateMutex_leave__E)
                  0003a990    00000018                   : BIOS.obj (.text:ti_sysbios_knl_Task_sleepTimeout__I)
                  0003a9a8    00000018     SlaveController_pem4f.oem4f (.text:time)
                  0003a9c0    00000018     driverlib.lib : udma.obj (.text:uDMAChannelDisable)
                  0003a9d8    00000018                   : udma.obj (.text:uDMAChannelEnable)
                  0003a9f0    00000018                   : udma.obj (.text:uDMAChannelIsEnabled)
                  0003aa08    00000018     ti.targets.arm.rtsarm.aem4f : Error.oem4f (.text:xdc_runtime_Error_check__E)
                  0003aa20    00000018                                 : System.oem4f (.text:xdc_runtime_System_exit__E)
                  0003aa38    00000018                                 : Text.oem4f (.text:xdc_runtime_Text_ropeText__E)
                  0003aa50    00000016     tirtosport.aem4f : SemaphoreP_tirtos.oem4f (.text:SemaphoreP_delete)
                  0003aa66    00000016     start.obj (.text:_ZN30_INTERNAL_9_start_cpp_c81e5b2e31ti_sysbios_knl_Task_Params_initEP26ti_sysbios_knl_Task_Params)
                  0003aa7c    00000016     ti.mw.fatfs.aem4f : ff.oem4f (.text:mem_cpy)
                  0003aa92    00000016     rtsv7M4_T_le_v4SPD16_eabi.lib : strchr.c.obj (.text:strchr)
                  0003aaa8    00000016     SlaveController_pem4f.oem4f (.text:ti_sysbios_BIOS_exitFunc__I)
                  0003aabe    00000016     EK_TM4C123GXL.obj (.text:ti_sysbios_family_arm_m3_Hwi_Params_init)
                  0003aad4    00000014     drivers_tivaware.aem4f : SPI.oem4f (.text:SPI_Params_init)
                  0003aae8    00000014     driverlib.lib : uart.obj (.text:UARTEnable)
                  0003aafc    00000014     animator.obj (.text:_Z28animator_setBackgroundColorsPKj)
                  0003ab10    00000014     ti.mw.fatfs.aem4f : ffosal.oem4f (.text:ff_req_grant)
                  0003ab24    00000014                       : ff.oem4f (.text:mem_set)
                  0003ab38    00000014     rtsv7M4_T_le_v4SPD16_eabi.lib : strcpy.c.obj (.text:strcpy)
                  0003ab4c    00000014                                   : strlen.c.obj (.text:strlen)
                  0003ab60    00000014     SlaveController_pem4f.oem4f (.text:ti_sysbios_family_arm_m3_Hwi_Object__get__S)
                  0003ab74    00000004     --HOLE-- [fill = 0]
                  0003ab78    00000014     sysbios.aem4f : BIOS.obj (.text:ti_sysbios_family_arm_m3_Hwi_switchFromBootStack__E)
                  0003ab8c    00000014     SlaveController_pem4f.oem4f (.text:ti_sysbios_heaps_HeapMem_Object__get__S)
                  0003aba0    00000014     SlaveController_pem4f.oem4f (.text:ti_sysbios_knl_Swi_Object__get__S)
                  0003abb4    00000012     Flash.obj (.text:Flash_writeCommand)
                  0003abc6    00000012     driverlib.lib : gpio.obj (.text:GPIOPinTypeGPIOInput)
                  0003abd8    00000012                   : gpio.obj (.text:GPIOPinTypeSSI)
                  0003abea    00000012                   : gpio.obj (.text:GPIOPinTypeUART)
                  0003abfc    00000012     drivers_tivaware.aem4f : RingBuf.oem4f (.text:RingBuf_construct)
                  0003ac0e    00000012                            : SDSPITiva.oem4f (.text:SDSPITiva_init)
                  0003ac20    00000012     driverlib.lib : ssi.obj (.text:SSIDataGetNonBlocking)
                  0003ac32    00000012     tirtosport.aem4f : SemaphoreP_tirtos.oem4f (.text:SemaphoreP_pend)
                  0003ac44    00000012     ti.mw.fatfs.aem4f : ff.oem4f (.text:chk_chr)
                  0003ac56    00000012                       : ffcio.oem4f (.text:ffcio_rename)
                  0003ac68    00000012                       : ffcio.oem4f (.text:ffcio_unlink)
                  0003ac7a    00000006     driverlib.lib : gpio.obj (.text:GPIOIntClear)
                  0003ac80    00000012     sysbios.aem4f : BIOS.obj (.text:ti_sysbios_hal_Hwi_Module_startup__E)
                  0003ac92    00000012     SlaveController_pem4f.oem4f (.text:xdc_runtime_Startup_exec__I)
                  0003aca4    00000010     Flash.obj (.text:Flash_releaseSPI)
                  0003acb4    00000010     drivers_tivaware.aem4f : SDSPITiva.oem4f (.text:SDSPITiva_diskStatus)
                  0003acc4    00000010                            : SDSPI.oem4f (.text:SDSPI_Params_init)
                  0003acd4    00000010     SD.obj (.text:SD_closeFile)
                  0003ace4    00000010     SD.obj (.text:SD_releaseSDCard)
                  0003acf4    00000010     UART.obj (.text:UART_sendByte)
                  0003ad04    00000010     ILI9341.obj (.text:_Z19beginSPITransactionv)
                  0003ad14    00000010     drivers_tivaware.aem4f : UARTTiva.oem4f (.text:readBlockingTimeout)
                  0003ad24    00000010     ti.mw.fatfs.aem4f : ff.oem4f (.text:st_clust)
                  0003ad34    00000004     --HOLE-- [fill = 0]
                  0003ad38    00000010     sysbios.aem4f : BIOS.obj (.text:ti_sysbios_BIOS_getCpuFreq__E)
                  0003ad48    00000010                   : BIOS.obj (.text:ti_sysbios_BIOS_setThreadType__E)
                  0003ad58    00000010                   : BIOS.obj (.text:ti_sysbios_BIOS_start__E)
                  0003ad68    00000010                   : BIOS.obj (.text:ti_sysbios_family_arm_lm4_TimestampProvider_rolloverFunc__E)
                  0003ad78    00000010                   : m3_TaskSupport_asm.obj (.text:ti_sysbios_family_arm_m3_TaskSupport_glue)
                  0003ad88    00000010                   : BIOS.obj (.text:ti_sysbios_gates_GateMutex_Instance_finalize__E)
                  0003ad98    00000010                   : BIOS.obj (.text:ti_sysbios_knl_Semaphore_Instance_finalize__E)
                  0003ada8    00000010                   : BIOS.obj (.text:ti_sysbios_knl_Swi_disable__E)
                  0003adb8    00000010     SlaveController_pem4f.oem4f (.text:ti_sysbios_knl_Task_Object__get__S)
                  0003adc8    00000010     sysbios.aem4f : BIOS.obj (.text:ti_sysbios_knl_Task_disable__E)
                  0003add8    00000010     driverlib.lib : udma.obj (.text:uDMAEnable)
                  0003ade8    00000010     ti.targets.arm.rtsarm.aem4f : Gate.oem4f (.text:xdc_runtime_Gate_leaveSystem__E)
                  0003adf8    00000010                                 : Memory.oem4f (.text:xdc_runtime_Memory_free__E)
                  0003ae08    00000010                                 : SysMin.oem4f (.text:xdc_runtime_SysMin_ready__E)
                  0003ae18    00000010                                 : System.oem4f (.text:xdc_runtime_System_vsnprintf__E)
                  0003ae28    00000010     SlaveController_pem4f.oem4f (.text:xdc_runtime_Text_visitRope__I)
                  0003ae38    0000000e     driverlib.lib : gpio.obj (.text:GPIOIntStatus)
                  0003ae46    0000000e                   : uart.obj (.text:UARTCharGetNonBlocking)
                  0003ae54    0000000e                   : uart.obj (.text:UARTCharPutNonBlocking)
                  0003ae62    0000000e     rtsv7M4_T_le_v4SPD16_eabi.lib : copy_decompress_none.c.obj (.text:decompress:none:__TI_decompress_none)
                  0003ae70    0000000e     sysbios.aem4f : BIOS.obj (.text:ti_sysbios_knl_Idle_loop__E)
                  0003ae7e    00000002     --HOLE-- [fill = 0]
                  0003ae80    0000000e                   : BIOS.obj (.text:ti_sysbios_knl_Queue_empty__E)
                  0003ae8e    00000002     --HOLE-- [fill = 0]
                  0003ae90    0000000c     SlaveController_pem4f.oem4f (.text:.bootCodeSection:ti_catalog_arm_cortexm4_tiva_ce_Boot_init__I)
                  0003ae9c    0000000c     drivers_tivaware.aem4f : RingBuf.oem4f (.text:RingBuf_peek)
                  0003aea8    0000000c     driverlib.lib : ssi.obj (.text:SSIDataGet)
                  0003aeb4    0000000c                   : uart.obj (.text:UARTFlowControlSet)
                  0003aec0    0000000c     drivers_tivaware.aem4f : UARTTiva.oem4f (.text:UARTTiva_init)
                  0003aecc    0000000c     rtsv7M4_T_le_v4SPD16_eabi.lib : _lock.c.obj (.text:_register_lock)
                  0003aed8    0000000c                                   : _lock.c.obj (.text:_register_unlock)
                  0003aee4    0000000c                                   : copy_zero_init.c.obj (.text:decompress:ZI:__TI_zero_init)
                  0003aef0    0000000c     Utils.obj (.text:sleep)
                  0003aefc    00000004     --HOLE-- [fill = 0]
                  0003af00    0000000c     sysbios.aem4f : BIOS.obj (.text:ti_sysbios_family_arm_lm4_Timer_getMaxTicks__E)
                  0003af0c    00000004     --HOLE-- [fill = 0]
                  0003af10    0000000c                   : BIOS.obj (.text:ti_sysbios_family_arm_lm4_TimestampProvider_startTimer__E)
                  0003af1c    0000000c     SlaveController_pem4f.oem4f (.text:ti_sysbios_family_arm_m3_Hwi_Params__init__S)
                  0003af28    0000000c     sysbios.aem4f : BIOS.obj (.text:ti_sysbios_family_arm_m3_Hwi_disableFxn__E)
                  0003af34    00000004     --HOLE-- [fill = 0]
                  0003af38    0000000c                   : BIOS.obj (.text:ti_sysbios_family_arm_m3_TaskSupport_checkStack__E)
                  0003af44    00000004     --HOLE-- [fill = 0]
                  0003af48    0000000c                   : BIOS.obj (.text:ti_sysbios_family_arm_m3_TaskSupport_getStackAlignment__E)
                  0003af54    00000004     --HOLE-- [fill = 0]
                  0003af58    0000000c                   : BIOS.obj (.text:ti_sysbios_gates_GateHwi_enter__E)
                  0003af64    0000000c     SlaveController_pem4f.oem4f (.text:ti_sysbios_knl_Clock_Params__init__S)
                  0003af70    0000000c     sysbios.aem4f : BIOS.obj (.text:ti_sysbios_knl_Clock_getTicks__E)
                  0003af7c    0000000c     SlaveController_pem4f.oem4f (.text:ti_sysbios_knl_Queue_Object__get__S)
                  0003af88    0000000c     SlaveController_pem4f.oem4f (.text:ti_sysbios_knl_Semaphore_Params__init__S)
                  0003af94    0000000c     SlaveController_pem4f.oem4f (.text:ti_sysbios_knl_Task_Params__init__S)
                  0003afa0    0000000c     driverlib.lib : udma.obj (.text:uDMAControlBaseSet)
                  0003afac    0000000c                   : udma.obj (.text:uDMAErrorStatusClear)
                  0003afb8    0000000c                   : udma.obj (.text:uDMAErrorStatusGet)
                  0003afc4    0000000c                   : udma.obj (.text:uDMAIntStatus)
                  0003afd0    0000000c     ti.targets.arm.rtsarm.aem4f : Error.oem4f (.text:xdc_runtime_Error_init__E)
                  0003afdc    0000000c                                 : Gate.oem4f (.text:xdc_runtime_Gate_enterSystem__E)
                  0003afe8    0000000c                                 : Memory.oem4f (.text:xdc_runtime_Memory_calloc__E)
                  0003aff4    0000000c                                 : Memory.oem4f (.text:xdc_runtime_Memory_getMaxDefaultTypeAlign__E)
                  0003b000    0000000a     Flash.obj (.text:Flash_transferSPI)
                  0003b00a    0000000a     drivers_tivaware.aem4f : SDSPI.oem4f (.text:SDSPI_close)
                  0003b014    0000000a                            : SPITivaDMA.oem4f (.text:SPITivaDMA_init)
                  0003b01e    0000000a                            : SPI.oem4f (.text:SPI_close)
                  0003b028    0000000a                            : SPI.oem4f (.text:SPI_transfer)
                  0003b032    0000000a     driverlib.lib : ssi.obj (.text:SSIDMADisable)
[...]
0003ab11  ff_req_grant                                                      
0003ab39  strcpy                                                            
0003ab4d  strlen                                                            
0003ab61  ti_sysbios_family_arm_m3_Hwi_Object__get__S                       
0003ab79  ti_sysbios_family_arm_m3_Hwi_switchFromBootStack__E               
0003ab79  ti_sysbios_hal_Hwi_HwiProxy_switchFromBootStack__E                
0003ab79  ti_sysbios_hal_Hwi_switchFromBootStack__E                         
0003ab8d  ti_sysbios_heaps_HeapMem_Object__get__S                           
0003aba1  ti_sysbios_knl_Swi_Object__get__S                                 
0003abb5  Flash_writeCommand                                                
0003abc7  GPIOPinTypeGPIOInput                                              
0003abd9  GPIOPinTypeSSI                                                    
0003abeb  GPIOPinTypeUART                                                   
0003abfd  RingBuf_construct                                                 
0003ac0f  SDSPITiva_init                                                    
0003ac21  SSIDataGetNonBlocking                                             
0003ac33  SemaphoreP_pend                                                   
0003ac57  ffcio_rename                                                      
0003ac69  ffcio_unlink                                                      
0003ac7b  GPIOIntClear                                                      
0003ac81  ti_sysbios_hal_Hwi_Module_startup__E                              
0003ac93  xdc_runtime_Startup_exec__I                                       
0003aca5  Flash_releaseSPI                                                  
0003acb5  SDSPITiva_diskStatus                                              
0003acc5  SDSPI_Params_init                                                 
0003acd5  SD_closeFile                                                      
0003ace5  SD_releaseSDCard                                                  
0003acf5  UART_sendByte                                                     
0003ad05  _Z19beginSPITransactionv                                          
0003ad39  ti_sysbios_BIOS_getCpuFreq__E                                     
0003ad39  ti_sysbios_family_arm_lm4_TimestampProvider_getFreq__E            
0003ad39  xdc_runtime_Timestamp_SupportProxy_getFreq__E                     
0003ad39  xdc_runtime_Timestamp_getFreq__E                                  
0003ad49  ti_sysbios_BIOS_setThreadType__E                                  
0003ad59  osi_start                                                         
0003ad59  ti_sysbios_BIOS_start__E                                          
0003ad69  ti_sysbios_family_arm_lm4_TimestampProvider_rolloverFunc__E       
0003ad79  ti_sysbios_family_arm_m3_TaskSupport_glue                         
0003ad89  ti_sysbios_gates_GateMutex_Instance_finalize__E                   
0003ad99  ti_sysbios_knl_Semaphore_Instance_finalize__E                     
0003ada9  ti_sysbios_knl_Swi_disable__E                                     
0003adb9  ti_sysbios_knl_Task_Object__get__S                                
0003adc9  osi_TaskDisable                                                   
0003adc9  ti_sysbios_knl_Task_disable__E                                    
0003add9  uDMAEnable                                                        
0003ade9  xdc_runtime_Gate_leaveSystem__E                                   
0003adf9  xdc_runtime_Memory_free__E                                        
0003ae09  xdc_runtime_SysMin_ready__E                                       
0003ae09  xdc_runtime_System_SupportProxy_ready__E                          
0003ae19  xdc_runtime_System_vsnprintf__E                                   
0003ae29  xdc_runtime_Text_visitRope__I                                     
0003ae39  GPIOIntStatus                                                     
0003ae47  UARTCharGetNonBlocking                                            
0003ae55  UARTCharPutNonBlocking                                            
0003ae63  __TI_decompress_none                                              
0003ae71  ti_sysbios_knl_Idle_loop__E                                       
0003ae81  ti_sysbios_knl_Queue_empty__E                                     
0003ae91  ti_catalog_arm_cortexm4_tiva_ce_Boot_init__I                      
0003ae9d  RingBuf_peek                                                      
0003aea9  SSIDataGet                                                        
0003aeb5  UARTFlowControlSet                                                
0003aec1  UARTTiva_init                                                     
0003aecd  _register_lock                                                    
0003aed9  _register_unlock                                                  
0003aee5  __TI_zero_init                                                    
0003aef1  sleep                                                             
0003af01  ti_sysbios_family_arm_lm4_Timer_getMaxTicks__E                    
0003af11  ti_sysbios_family_arm_lm4_TimestampProvider_startTimer__E         
0003af1d  ti_sysbios_family_arm_m3_Hwi_Params__init__S                      
0003af1d  ti_sysbios_hal_Hwi_HwiProxy_Params__init__S                       
0003af29  ti_sysbios_family_arm_m3_Hwi_disableFxn__E                        
0003af29  ti_sysbios_hal_Hwi_HwiProxy_disable__E                            
0003af39  ti_sysbios_family_arm_m3_TaskSupport_checkStack__E                
0003af39  ti_sysbios_knl_Task_SupportProxy_checkStack__E                    
0003af49  ti_sysbios_family_arm_m3_TaskSupport_getStackAlignment__E         
0003af49  ti_sysbios_knl_Task_SupportProxy_getStackAlignment__E             
0003af59  ti_sysbios_gates_GateHwi_enter__E                                 
0003af65  ti_sysbios_knl_Clock_Params__init__S                              
0003af71  ti_sysbios_knl_Clock_getTicks__E                                  
0003af7d  ti_sysbios_knl_Queue_Object__get__S                               
0003af89  ti_sysbios_knl_Semaphore_Params__init__S                          
0003af95  ti_sysbios_knl_Task_Params__init__S                               
0003afa1  uDMAControlBaseSet                                                
0003afad  uDMAErrorStatusClear                                              
0003afb9  uDMAErrorStatusGet                                                
0003afc5  uDMAIntStatus                                                     
0003afd1  xdc_runtime_Error_init__E                                         
0003afdd  xdc_runtime_Gate_enterSystem__E                                   
0003afe9  xdc_runtime_Memory_calloc__E                                      
0003aff5  xdc_runtime_Memory_getMaxDefaultTypeAlign__E                      
0003b001  Flash_transferSPI                                                 
0003b00b  SDSPI_close                                                       
0003b015  SPITivaDMA_init                                                   
0003b01f  SPI_close                                                         
0003b029  SPI_transfer                                                      
0003b033  SSIDMADisable                                                     
0003b03d  SSIDataPut                                                        
0003b047  SSIDisable                                                        
0003b051  SSIEnable                                                         
0003b05b  SSIIntDisable                                                     
0003b065  SemaphoreP_post                                                   
0003b065  SemaphoreP_postFromClock                                          
0003b065  SemaphoreP_postFromISR                                            
0003b06f  UARTCharGet                                                       
0003b079  UARTCharPut                                                       
0003b083  UARTIntDisable                                                    
0003b08d  UARTIntStatus                                                     
0003b097  UART_read                                                         
0003b0a1  UART_write                                                        
0003b0ab  ff_del_syncobj                                                    
0003b0b5  xdc_runtime_Memory_HeapProxy_alloc__E                             
0003b0bf  xdc_runtime_Memory_HeapProxy_free__E                              
0003b0c9  SSIDMAEnable                                                      
0003b0d1  SSIIntEnable                                                      
0003b0d9  UARTIntEnable                                                     
0003b0e1  UARTRxErrorGet                                                    
0003b0e9  millis                                                            
0003b0f9  ti_sysbios_family_arm_lm4_Timer_masterDisable__I                  
0003b101  ti_sysbios_family_arm_m3_Hwi_doSwiRestore__I                      
0003b109  ti_sysbios_family_arm_m3_Hwi_startup__E                           
0003b109  ti_sysbios_hal_Hwi_HwiProxy_startup__E                            
0003b109  ti_sysbios_hal_Hwi_startup__E                                     
0003b119  GPIOPinWrite                                                      
0003b11f  SDSPITiva_control                                                 
0003b125  SPITivaDMA_control                                                
0003b131  UARTFIFOLevelSet                                                  
0003b137  UARTRxErrorClear                                                  
0003b143  ti_catalog_arm_cortexm4_tiva_ce_Boot_sysCtlDelayI__I              
0003b149  ti_sysbios_family_arm_lm4_TimestampProvider_Module_startup__E     
0003b151  ti_sysbios_family_arm_m3_Hwi_doTaskRestore__I                     
0003b159  ti_sysbios_family_arm_m3_Hwi_restoreFxn__E                        
0003b159  ti_sysbios_hal_Hwi_HwiProxy_restore__E                            
0003b161  ti_sysbios_gates_GateHwi_leave__E                                 
0003b169  ti_sysbios_heaps_HeapMem_isBlocking__E                            
0003b171  ti_sysbios_knl_Clock_stop__E                                      
0003b179  ti_sysbios_knl_Queue_Instance_init__E                             
0003b181  ti_sysbios_knl_Swi_startup__E                                     
0003b187  xdc_runtime_System_Module_startup__E                              
0003b191  ti_sysbios_family_arm_lm4_Timer_getPeriod__E                      
0003b199  ti_sysbios_gates_GateHwi_query__E                                 
0003b199  xdc_runtime_Main_Module_GateProxy_query__E                        
0003b199  xdc_runtime_System_Module_GateProxy_query__E                      
0003b1a1  ti_sysbios_BIOS_RtsGateProxy_query__E                             
0003b1a1  ti_sysbios_gates_GateMutex_query__E                               
0003b1a1  ti_sysbios_heaps_HeapMem_Module_GateProxy_query__E                
0003b1a9  ti_sysbios_knl_Task_startup__E                                    
0003b1b1  ti_sysbios_gates_GateHwi_Instance_init__E                         
0003b1b9  ti_sysbios_knl_Clock_logTick__E                                   
0003b1c0  __TI_static_base__                                                
0003b418  __TI_Handler_Table_Base                                           
0003b424  __TI_Handler_Table_Limit                                          
0003b438  __TI_CINIT_Base                                                   
0003b450  __TI_CINIT_Limit                                                  
20000000  __start___llvm_prf_cnts                                           
20000000  __stop___llvm_prf_cnts                                            
20000000  ti_sysbios_family_arm_m3_Hwi_ramVectors                           
20000400  ti_sysbios_heaps_HeapMem_Instance_State_0_buf__A                  
20002400  st                                                                
20004340  animation                                                         
20005240  finalColors                                                       
20005744  ti_sysbios_family_arm_m3_Hwi_dispatchTable                        
20005aa4  buffer                                                            
20005d60  sdspiTivaObjects                                                  
20005fa0  ts                                                                
20006200  ti_sysbios_knl_Task_Instance_State_0_stack__A                     
20006400  layer                                                             
20006544  Flash_txBuffer                                                    
20006670  smallBuffer2                                                      
2000679c  __CIOBUF_                                                         
200068bc  rowsToUpdate                                                      
200069b0  spiTivaDMAObjects                                                 
20006a94  spriteSendables                                                   
20006b74  uartTivaObjects                                                   
20006c40  __TI_tmpnams                                                      
20006d70  xdc_runtime_SysMin_Module_State_0_outbuf__A                       
20006e18  uartParams                                                        
20006e3c  Flash_spi_params                                                  
20006e5c  uartTivaRingBuffer                                                
20006e98  Flash_transaction                                                 
20006eac  backgroundColorIndex                                              
20006ec0  colors                                                            
20006ee4  parmbuf                                                           
20006eec  sdspiParams                                                       
20006ef4  Flash_spi                                                         
20006ef8  backgroundColors                                                  
20006efc  bufferptr                                                         
20006f00  spiTivaDMAscratchBuf                                              
20006f0c  currentLocation                                                   
20006f14  persistentBackgroundMemLocation                                   
20006f18  sdspiHandle                                                       
20006f1c  src                                                               
20006f20  uart                                                              
20006f28  _ftable                                                           
20007018  ti_sysbios_family_arm_lm4_Timer_Object__table__V                  
20007098  ti_sysbios_knl_Swi_Module_State_0_readyQ__A                       
20007118  ti_sysbios_knl_Task_Module_State_0_readyQ__A                      
20007198  _device                                                           
20007210  _stream                                                           
200072b0  ti_sysbios_knl_Task_Object__table__V                              
200072fc  ti_sysbios_knl_Task_Module__state__V                              
20007340  ti_sysbios_gates_GateMutex_Object__table__V                       
20007378  ti_sysbios_family_arm_m3_Hwi_Module__state__V                     
200073ac  ti_sysbios_family_arm_lm4_Timer_Module_State_0_device__A          
200073dc  ti_sysbios_family_arm_m3_Hwi_Object__table__V                     
2000740c  ti_sysbios_knl_Swi_Object__table__V                               
2000743c  ti_sysbios_knl_Clock_Module__state__V                             
2000748c  ti_sysbios_BIOS_Module__state__V                                  
200074b0  ti_sysbios_knl_Swi_Module__state__V                               
200074cc  ti_sysbios_family_arm_lm4_Timer_Module_State_0_handles__A         
200074e4  ti_sysbios_heaps_HeapMem_Object__table__V                         
200074fc  gpioPinConfigs                                                    
20007510  _tz                                                               
20007520  __TI_ft_end                                                       
20007524  __aeabi_stdin                                                     
20007528  __aeabi_stdout                                                    
2000752c  __aeabi_stderr                                                    
20007530  __TI_cleanup_ptr                                                  
20007534  __TI_dtors_ptr                                                    
20007538  __TI_enable_exit_profile_output                                   
2000753c  ti_sysbios_family_arm_lm4_Timer_Module__state__V                  
20007548  xdc_runtime_SysMin_Module__state__V                               
20007554  _lock                                                             
20007558  _unlock                                                           
2000755c  gpioCallbackFunctions                                             
20007564  ti_sysbios_family_arm_lm4_Seconds_Module__state__V                
2000756c  ti_sysbios_family_arm_lm4_TimestampProvider_Module__state__V      
20007574  ti_sysbios_family_arm_m3_Hwi_Module__root__V                      
2000757c  ti_sysbios_gates_GateHwi_Module__root__V                          
20007584  ti_sysbios_gates_GateMutex_Module__root__V                        
2000758c  ti_sysbios_heaps_HeapMem_Module__root__V                          
20007594  ti_sysbios_knl_Clock_Module__root__V                              
2000759c  ti_sysbios_knl_Queue_Module__root__V                              
200075a4  ti_sysbios_knl_Semaphore_Module__root__V                          
200075ac  ti_sysbios_knl_Task_Module__root__V                               
200075b4  xdc_runtime_Registry_Module__state__V                             
200075bc  xdc_runtime_Startup_Module__state__V                              
200075c4  xdc_runtime_System_Module_State_0_atexitHandlers__A               
200075cc  xdc_runtime_System_Module__state__V                               
200075da  activeAnimations                                                  
200075dc  toRemove                                                          
200075de  ti_sysbios_family_arm_m3_Hwi_Module_State_0_excActive__A          
200075fc  main_func_sp                                                      
20007604  ti_sysbios_family_arm_m3_Hwi_Module_State_0_excContext__A         
20007608  ti_sysbios_family_arm_m3_Hwi_Module_State_0_excStack__A           
2000760c  ti_sysbios_gates_GateHwi_Object__table__V                         
20007610  ti_sysbios_knl_Task_Module_State_0_idleTask__A                    
20007614  xdc_runtime_Memory_Module__state__V                               
20007618  xdc_runtime_Error_Module__state__V                                
20007620  __stack                                                           
20007a20  __STACK_END                                                       
e000e000  ti_sysbios_family_arm_m3_Hwi_nvic                                 
ffffffff  __TI_pprof_out_hndl                                               
ffffffff  __TI_prof_data_size                                               
ffffffff  __TI_prof_data_start                                              
ffffffff  __binit__                                                         
ffffffff  __c_args__                                                        
ffffffff  binit                                                             
UNDEFED   SHT$$INIT_ARRAY$$Base                                             
UNDEFED   SHT$$INIT_ARRAY$$Limit                                            

[848 symbols]
