******************************************************************************
                  TI ARM Linker PC v19.6.0                     
******************************************************************************
>> Linked Thu Apr  9 17:15:51 2020

OUTPUT FILE NAME:   <SlaveController.out>
ENTRY POINT SYMBOL: "_c_int00"  address: 00027cf5


MEMORY CONFIGURATION

         name            origin    length      used     unused   attr    fill
----------------------  --------  ---------  --------  --------  ----  --------
  FLASH                 00000000   00040000  0002b35c  00014ca4  R  X
  SRAM                  20000000   00008000  00006e44  000011bc  RW X


SEGMENT ALLOCATION MAP

run origin  load origin   length   init length attrs members
----------  ----------- ---------- ----------- ----- -------
00000000    00000000    0002b368   0002b368    r-x
  00000000    00000000    0000003c   0000003c    r-- .resetVecs
  0000003c    0000003c    0001da26   0001da26    r-- .const
  0001da68    0001da68    0000d662   0000d662    r-x .text
  0002b0d0    0002b0d0    00000298   00000298    r-- .cinit
20000000    20000000    00000360   00000000    rw-
  20000000    20000000    00000360   00000000    rw- .vecs
20000400    20000400    00006ae8   00000000    rw-
  20000400    20000400    00005fe6   00000000    rw- .bss
  200063e8    200063e8    000006fe   00000000    rw- .data
  20006ae8    20006ae8    00000400   00000000    rw- .stack


SECTION ALLOCATION MAP

 output                                  attributes/
section   page    origin      length       input sections
--------  ----  ----------  ----------   ----------------
.const     0    0000003c    0001da26     
                  0000003c    0001a638     start.obj (.const:colors_tower)
                  0001a674    00001885     SlaveController_pem4f.oem4f (.const:xdc_runtime_Text_charTab__A)
                  0001bef9    00000a00     animator.obj (.const:animations)
                  0001c8f9    00000001     SlaveController_pem4f.oem4f (.const:xdc_runtime_Error_policy__C)
                  0001c8fa    00000002     SlaveController_pem4f.oem4f (.const:ti_catalog_arm_cortexm4_tiva_ce_Boot_Module__id__C)
                  0001c8fc    00000400     start.obj (.const:colors_fdst)
                  0001ccfc    00000110     animator.obj (.const:colors)
                  0001ce0c    00000101     rtsv7M4_T_le_v4SPD16_eabi.lib : ctype.c.obj (.const:.string:_ctypes_)
                  0001cf0d    00000001     --HOLE-- [fill = 0]
                  0001cf0e    000000cc     SlaveController_pem4f.oem4f (.const:xdc_runtime_Text_nodeTab__A)
                  0001cfda    00000002     SlaveController_pem4f.oem4f (.const:ti_sysbios_family_arm_lm4_TimestampProvider_useClockTimer__C)
                  0001cfdc    00000090     driverlib.lib : gpio.obj (.const:g_pui32GPIOBaseAddrs)
                  0001d06c    0000007f     ILI9341.obj (.const:.string:cmd_ili9341)
                  0001d0eb    00000001     --HOLE-- [fill = 0]
                  0001d0ec    00000078     EK_TM4C123GXL.obj (.const:spiTivaDMAHWAttrs)
                  0001d164    00000064     drivers_tivaware.aem4f : SPITivaDMA.oem4f (.const)
                  0001d1c8    00000060     rtsv7M4_T_le_v4SPD16_eabi.lib : mktime.c.obj (.const:$O1$$)
                  0001d228    00000054     drivers_tivaware.aem4f : GPIOTiva.oem4f (.const:.string)
                  0001d27c    0000004c                            : UARTTiva.oem4f (.const)
                  0001d2c8    00000048     SlaveController_pem4f.oem4f (.const:.string)
                  0001d310    00000048     drivers_tivaware.aem4f : GPIOTiva.oem4f (.const:gpioBaseAddresses)
                  0001d358    00000046     SD.obj (.const:.string:$P$T0$1)
                  0001d39e    0000003c     animator.obj (.const:characterNames)
                  0001d3da    00000002     SlaveController_pem4f.oem4f (.const:ti_sysbios_family_arm_m3_Hwi_Module__id__C)
                  0001d3dc    0000003c     SlaveController_pem4f.oem4f (.const:ti_sysbios_knl_Task_Object__PARAMS__C)
                  0001d418    00000030     EK_TM4C123GXL.obj (.const:SPI_config)
                  0001d448    00000030     SlaveController_pem4f.oem4f (.const:ti_sysbios_family_arm_m3_Hwi_Object__PARAMS__C)
                  0001d478    00000028     animator.obj (.const:.string:$P$T0$1)
                  0001d4a0    00000028     animator.obj (.const:.string:$P$T2$3)
                  0001d4c8    00000028     drivers_tivaware.aem4f : UARTTiva.oem4f (.const:UARTTiva_fxnTable)
                  0001d4f0    00000028     start.obj (.const:persistentSprites)
                  0001d518    00000028     SlaveController_pem4f.oem4f (.const:ti_sysbios_heaps_HeapMem_Module__FXNS__C)
                  0001d540    00000024     drivers_tivaware.aem4f : UART.oem4f (.const:UART_defaultParams)
                  0001d564    00000024     EK_TM4C123GXL.obj (.const:sdspiTivaHWattrs)
                  0001d588    00000024     SlaveController_pem4f.oem4f (.const:ti_sysbios_gates_GateHwi_Module__FXNS__C)
                  0001d5ac    00000024     SlaveController_pem4f.oem4f (.const:ti_sysbios_gates_GateMutex_Module__FXNS__C)
                  0001d5d0    00000024     SlaveController_pem4f.oem4f (.const:ti_sysbios_heaps_HeapMem_Object__PARAMS__C)
                  0001d5f4    00000024     SlaveController_pem4f.oem4f (.const:ti_sysbios_knl_Clock_Object__PARAMS__C)
                  0001d618    00000024     SlaveController_pem4f.oem4f (.const:ti_sysbios_knl_Semaphore_Object__PARAMS__C)
                  0001d63c    00000024     SlaveController_pem4f.oem4f (.const:xdc_runtime_Startup_sfxnTab__A)
                  0001d660    00000020     drivers_tivaware.aem4f : SPI.oem4f (.const)
                  0001d680    00000020     SlaveController_pem4f.oem4f (.const:ti_sysbios_family_arm_m3_Hwi_Object__DESC__C)
                  0001d6a0    00000020     SlaveController_pem4f.oem4f (.const:ti_sysbios_gates_GateHwi_Object__DESC__C)
                  0001d6c0    00000020     SlaveController_pem4f.oem4f (.const:ti_sysbios_gates_GateMutex_Object__DESC__C)
                  0001d6e0    00000020     SlaveController_pem4f.oem4f (.const:ti_sysbios_heaps_HeapMem_Object__DESC__C)
                  0001d700    00000020     SlaveController_pem4f.oem4f (.const:ti_sysbios_knl_Clock_Object__DESC__C)
                  0001d720    00000020     SlaveController_pem4f.oem4f (.const:ti_sysbios_knl_Queue_Object__DESC__C)
                  0001d740    00000020     SlaveController_pem4f.oem4f (.const:ti_sysbios_knl_Semaphore_Object__DESC__C)
                  0001d760    00000020     SlaveController_pem4f.oem4f (.const:ti_sysbios_knl_Task_Object__DESC__C)
                  0001d780    00000018     EK_TM4C123GXL.obj (.const:SDSPI_config)
                  0001d798    00000018     EK_TM4C123GXL.obj (.const:UART_config)
                  0001d7b0    00000018     SlaveController_pem4f.oem4f (.const:ti_sysbios_gates_GateHwi_Object__PARAMS__C)
                  0001d7c8    00000018     SlaveController_pem4f.oem4f (.const:ti_sysbios_gates_GateMutex_Object__PARAMS__C)
                  0001d7e0    00000018     SlaveController_pem4f.oem4f (.const:ti_sysbios_knl_Queue_Object__PARAMS__C)
                  0001d7f8    00000018     EK_TM4C123GXL.obj (.const:uartTivaHWAttrs)
                  0001d810    00000014     EK_TM4C123GXL.obj (.const:GPIOTiva_config)
                  0001d824    00000014     SlaveController_pem4f.oem4f (.const:xdc_runtime_Startup_firstFxns__A)
                  0001d838    00000012     SlaveController_pem4f.oem4f (.const:xdc_runtime_Startup_sfxnRts__A)
                  0001d84a    00000002     SlaveController_pem4f.oem4f (.const:ti_sysbios_gates_GateMutex_Module__id__C)
                  0001d84c    00000010     drivers_tivaware.aem4f : SDSPITiva.oem4f (.const)
                  0001d85c    00000008                            : SDSPI.oem4f (.const)
                  0001d864    00000008     SlaveController_pem4f.oem4f (.const:ti_sysbios_family_arm_m3_Hwi_excHookFuncs__A)
                  0001d86c    00000008     SlaveController_pem4f.oem4f (.const:ti_sysbios_knl_Idle_funcList__C)
                  0001d874    00000008     SlaveController_pem4f.oem4f (.const:xdc_runtime_Startup_firstFxns__C)
                  0001d87c    00000008     SlaveController_pem4f.oem4f (.const:xdc_runtime_Startup_lastFxns__C)
                  0001d884    00000005     animator.obj (.const:.string:$P$T1$2)
                  0001d889    00000005     animator.obj (.const:.string:$P$T3$4)
                  0001d88e    00000002     SlaveController_pem4f.oem4f (.const:ti_sysbios_hal_Hwi_Module__id__C)
                  0001d890    00000004     SlaveController_pem4f.oem4f (.const:ti_catalog_arm_cortexm4_tiva_ce_Boot_A_mustUseEnhancedClockMode__C)
                  0001d894    00000004     SlaveController_pem4f.oem4f (.const:ti_catalog_arm_cortexm4_tiva_ce_Boot_Module__diagsEnabled__C)
                  0001d898    00000004     SlaveController_pem4f.oem4f (.const:ti_catalog_arm_cortexm4_tiva_ce_Boot_Module__diagsIncluded__C)
                  0001d89c    00000004     SlaveController_pem4f.oem4f (.const:ti_catalog_arm_cortexm4_tiva_ce_Boot_Module__diagsMask__C)
                  0001d8a0    00000004     SlaveController_pem4f.oem4f (.const:ti_sysbios_family_arm_lm4_Timer_enableFunc__C)
                  0001d8a4    00000004     SlaveController_pem4f.oem4f (.const:ti_sysbios_family_arm_lm4_Timer_numTimerDevices__C)
                  0001d8a8    00000004     SlaveController_pem4f.oem4f (.const:ti_sysbios_family_arm_lm4_Timer_startupNeeded__C)
                  0001d8ac    00000004     SlaveController_pem4f.oem4f (.const:ti_sysbios_family_arm_m3_Hwi_E_NMI__C)
                  0001d8b0    00000004     SlaveController_pem4f.oem4f (.const:ti_sysbios_family_arm_m3_Hwi_E_alreadyDefined__C)
                  0001d8b4    00000004     SlaveController_pem4f.oem4f (.const:ti_sysbios_family_arm_m3_Hwi_E_busFault__C)
                  0001d8b8    00000004     SlaveController_pem4f.oem4f (.const:ti_sysbios_family_arm_m3_Hwi_E_debugMon__C)
                  0001d8bc    00000004     SlaveController_pem4f.oem4f (.const:ti_sysbios_family_arm_m3_Hwi_E_hardFault__C)
                  0001d8c0    00000004     SlaveController_pem4f.oem4f (.const:ti_sysbios_family_arm_m3_Hwi_E_memFault__C)
                  0001d8c4    00000004     SlaveController_pem4f.oem4f (.const:ti_sysbios_family_arm_m3_Hwi_E_noIsr__C)
                  0001d8c8    00000004     SlaveController_pem4f.oem4f (.const:ti_sysbios_family_arm_m3_Hwi_E_reserved__C)
                  0001d8cc    00000004     SlaveController_pem4f.oem4f (.const:ti_sysbios_family_arm_m3_Hwi_E_svCall__C)
                  0001d8d0    00000004     SlaveController_pem4f.oem4f (.const:ti_sysbios_family_arm_m3_Hwi_E_usageFault__C)
                  0001d8d4    00000004     SlaveController_pem4f.oem4f (.const:ti_sysbios_family_arm_m3_Hwi_NUM_INTERRUPTS__C)
                  0001d8d8    00000004     SlaveController_pem4f.oem4f (.const:ti_sysbios_family_arm_m3_Hwi_Object__count__C)
                  0001d8dc    00000004     SlaveController_pem4f.oem4f (.const:ti_sysbios_family_arm_m3_Hwi_ccr__C)
                  0001d8e0    00000004     SlaveController_pem4f.oem4f (.const:ti_sysbios_family_arm_m3_Hwi_excHandlerFunc__C)
                  0001d8e4    00000004     SlaveController_pem4f.oem4f (.const:ti_sysbios_family_arm_m3_Hwi_excHookFuncs__C)
                  0001d8e8    00000004     SlaveController_pem4f.oem4f (.const:ti_sysbios_family_arm_m3_Hwi_nullIsrFunc__C)
                  0001d8ec    00000004     SlaveController_pem4f.oem4f (.const:ti_sysbios_family_arm_m3_Hwi_priGroup__C)
                  0001d8f0    00000004     SlaveController_pem4f.oem4f (.const:ti_sysbios_family_arm_m3_TaskSupport_stackAlignment__C)
                  0001d8f4    00000004     SlaveController_pem4f.oem4f (.const:ti_sysbios_gates_GateMutex_A_badContext__C)
                  0001d8f8    00000004     SlaveController_pem4f.oem4f (.const:ti_sysbios_gates_GateMutex_Instance_State_sem__O)
                  0001d8fc    00000004     SlaveController_pem4f.oem4f (.const:ti_sysbios_gates_GateMutex_Module__diagsEnabled__C)
                  0001d900    00000004     SlaveController_pem4f.oem4f (.const:ti_sysbios_gates_GateMutex_Module__diagsIncluded__C)
                  0001d904    00000004     SlaveController_pem4f.oem4f (.const:ti_sysbios_gates_GateMutex_Module__diagsMask__C)
                  0001d908    00000004     SlaveController_pem4f.oem4f (.const:ti_sysbios_hal_Hwi_E_stackOverflow__C)
                  0001d90c    00000004     SlaveController_pem4f.oem4f (.const:ti_sysbios_heaps_HeapMem_A_align__C)
                  0001d910    00000004     SlaveController_pem4f.oem4f (.const:ti_sysbios_heaps_HeapMem_A_heapSize__C)
                  0001d914    00000004     SlaveController_pem4f.oem4f (.const:ti_sysbios_heaps_HeapMem_A_invalidFree__C)
                  0001d918    00000004     SlaveController_pem4f.oem4f (.const:ti_sysbios_heaps_HeapMem_A_zeroBlock__C)
                  0001d91c    00000004     SlaveController_pem4f.oem4f (.const:ti_sysbios_heaps_HeapMem_E_memory__C)
                  0001d920    00000004     SlaveController_pem4f.oem4f (.const:ti_sysbios_heaps_HeapMem_Module__diagsEnabled__C)
                  0001d924    00000004     SlaveController_pem4f.oem4f (.const:ti_sysbios_heaps_HeapMem_Module__diagsIncluded__C)
                  0001d928    00000004     SlaveController_pem4f.oem4f (.const:ti_sysbios_heaps_HeapMem_Module__diagsMask__C)
                  0001d92c    00000004     SlaveController_pem4f.oem4f (.const:ti_sysbios_heaps_HeapMem_Module__gateObj__C)
                  0001d930    00000004     SlaveController_pem4f.oem4f (.const:ti_sysbios_heaps_HeapMem_Object__count__C)
                  0001d934    00000004     SlaveController_pem4f.oem4f (.const:ti_sysbios_heaps_HeapMem_reqAlign__C)
                  0001d938    00000004     SlaveController_pem4f.oem4f (.const:ti_sysbios_knl_Clock_A_badThreadType__C)
                  0001d93c    00000004     SlaveController_pem4f.oem4f (.const:ti_sysbios_knl_Clock_Module_State_clockQ__O)
                  0001d940    00000004     SlaveController_pem4f.oem4f (.const:ti_sysbios_knl_Clock_Module__diagsEnabled__C)
                  0001d944    00000004     SlaveController_pem4f.oem4f (.const:ti_sysbios_knl_Clock_Module__diagsIncluded__C)
                  0001d948    00000004     SlaveController_pem4f.oem4f (.const:ti_sysbios_knl_Clock_Module__diagsMask__C)
                  0001d94c    00000004     SlaveController_pem4f.oem4f (.const:ti_sysbios_knl_Idle_funcList__A)
                  0001d950    00000004     SlaveController_pem4f.oem4f (.const:ti_sysbios_knl_Semaphore_A_badContext__C)
                  0001d954    00000004     SlaveController_pem4f.oem4f (.const:ti_sysbios_knl_Semaphore_A_noEvents__C)
                  0001d958    00000004     SlaveController_pem4f.oem4f (.const:ti_sysbios_knl_Semaphore_A_overflow__C)
                  0001d95c    00000004     SlaveController_pem4f.oem4f (.const:ti_sysbios_knl_Semaphore_A_pendTaskDisabled__C)
                  0001d960    00000004     SlaveController_pem4f.oem4f (.const:ti_sysbios_knl_Semaphore_Instance_State_pendQ__O)
                  0001d964    00000004     SlaveController_pem4f.oem4f (.const:ti_sysbios_knl_Semaphore_Module__diagsEnabled__C)
                  0001d968    00000004     SlaveController_pem4f.oem4f (.const:ti_sysbios_knl_Semaphore_Module__diagsIncluded__C)
                  0001d96c    00000004     SlaveController_pem4f.oem4f (.const:ti_sysbios_knl_Semaphore_Module__diagsMask__C)
                  0001d970    00000004     SlaveController_pem4f.oem4f (.const:ti_sysbios_knl_Swi_Object__count__C)
                  0001d974    00000004     SlaveController_pem4f.oem4f (.const:ti_sysbios_knl_Task_A_badPriority__C)
                  0001d978    00000004     SlaveController_pem4f.oem4f (.const:ti_sysbios_knl_Task_A_badTaskState__C)
                  0001d97c    00000004     SlaveController_pem4f.oem4f (.const:ti_sysbios_knl_Task_A_badThreadType__C)
                  0001d980    00000004     SlaveController_pem4f.oem4f (.const:ti_sysbios_knl_Task_A_badTimeout__C)
                  0001d984    00000004     SlaveController_pem4f.oem4f (.const:ti_sysbios_knl_Task_A_noPendElem__C)
                  0001d988    00000004     SlaveController_pem4f.oem4f (.const:ti_sysbios_knl_Task_A_sleepTaskDisabled__C)
                  0001d98c    00000004     SlaveController_pem4f.oem4f (.const:ti_sysbios_knl_Task_E_spOutOfBounds__C)
                  0001d990    00000004     SlaveController_pem4f.oem4f (.const:ti_sysbios_knl_Task_E_stackOverflow__C)
                  0001d994    00000004     SlaveController_pem4f.oem4f (.const:ti_sysbios_knl_Task_Module_State_inactiveQ__O)
                  0001d998    00000004     SlaveController_pem4f.oem4f (.const:ti_sysbios_knl_Task_Module__diagsEnabled__C)
                  0001d99c    00000004     SlaveController_pem4f.oem4f (.const:ti_sysbios_knl_Task_Module__diagsIncluded__C)
                  0001d9a0    00000004     SlaveController_pem4f.oem4f (.const:ti_sysbios_knl_Task_Module__diagsMask__C)
                  0001d9a4    00000004     SlaveController_pem4f.oem4f (.const:ti_sysbios_knl_Task_Object__count__C)
                  0001d9a8    00000004     SlaveController_pem4f.oem4f (.const:ti_sysbios_knl_Task_allBlockedFunc__C)
                  0001d9ac    00000004     SlaveController_pem4f.oem4f (.const:ti_sysbios_knl_Task_defaultStackHeap__C)
                  0001d9b0    00000004     SlaveController_pem4f.oem4f (.const:ti_sysbios_knl_Task_defaultStackSize__C)
                  0001d9b4    00000004     SlaveController_pem4f.oem4f (.const:ti_sysbios_knl_Task_numConstructedTasks__C)
                  0001d9b8    00000004     SlaveController_pem4f.oem4f (.const:xdc_runtime_Assert_E_assertFailed__C)
                  0001d9bc    00000004     SlaveController_pem4f.oem4f (.const:xdc_runtime_Core_A_initializedParams__C)
                  0001d9c0    00000004     SlaveController_pem4f.oem4f (.const:xdc_runtime_Core_Module__diagsEnabled__C)
                  0001d9c4    00000004     SlaveController_pem4f.oem4f (.const:xdc_runtime_Core_Module__diagsIncluded__C)
                  0001d9c8    00000004     SlaveController_pem4f.oem4f (.const:xdc_runtime_Core_Module__diagsMask__C)
                  0001d9cc    00000004     SlaveController_pem4f.oem4f (.const:xdc_runtime_Error_E_memory__C)
                  0001d9d0    00000004     SlaveController_pem4f.oem4f (.const:xdc_runtime_Error_Module__diagsEnabled__C)
                  0001d9d4    00000004     SlaveController_pem4f.oem4f (.const:xdc_runtime_Error_Module__diagsIncluded__C)
                  0001d9d8    00000004     SlaveController_pem4f.oem4f (.const:xdc_runtime_Error_Module__diagsMask__C)
                  0001d9dc    00000004     SlaveController_pem4f.oem4f (.const:xdc_runtime_Error_Module__loggerFxn8__C)
                  0001d9e0    00000004     SlaveController_pem4f.oem4f (.const:xdc_runtime_Error_Module__loggerObj__C)
                  0001d9e4    00000004     SlaveController_pem4f.oem4f (.const:xdc_runtime_Error_policyFxn__C)
                  0001d9e8    00000004     SlaveController_pem4f.oem4f (.const:xdc_runtime_Error_raiseHook__C)
                  0001d9ec    00000004     SlaveController_pem4f.oem4f (.const:xdc_runtime_IGateProvider_Interface__BASE__C)
                  0001d9f0    00000004     SlaveController_pem4f.oem4f (.const:xdc_runtime_IHeap_Interface__BASE__C)
                  0001d9f4    00000004     SlaveController_pem4f.oem4f (.const:xdc_runtime_IModule_Interface__BASE__C)
                  0001d9f8    00000004     SlaveController_pem4f.oem4f (.const:xdc_runtime_Log_L_error__C)
                  0001d9fc    00000004     SlaveController_pem4f.oem4f (.const:xdc_runtime_Memory_defaultHeapInstance__C)
                  0001da00    00000004     SlaveController_pem4f.oem4f (.const:xdc_runtime_Startup_execImpl__C)
                  0001da04    00000004     SlaveController_pem4f.oem4f (.const:xdc_runtime_Startup_lastFxns__A)
                  0001da08    00000004     SlaveController_pem4f.oem4f (.const:xdc_runtime_Startup_maxPasses__C)
                  0001da0c    00000004     SlaveController_pem4f.oem4f (.const:xdc_runtime_Startup_sfxnRts__C)
                  0001da10    00000004     SlaveController_pem4f.oem4f (.const:xdc_runtime_Startup_sfxnTab__C)
                  0001da14    00000004     SlaveController_pem4f.oem4f (.const:xdc_runtime_SysMin_bufSize__C)
                  0001da18    00000004     SlaveController_pem4f.oem4f (.const:xdc_runtime_SysMin_outputFunc__C)
                  0001da1c    00000004     SlaveController_pem4f.oem4f (.const:xdc_runtime_System_Module__gateObj__C)
                  0001da20    00000004     SlaveController_pem4f.oem4f (.const:xdc_runtime_System_abortFxn__C)
                  0001da24    00000004     SlaveController_pem4f.oem4f (.const:xdc_runtime_System_exitFxn__C)
                  0001da28    00000004     SlaveController_pem4f.oem4f (.const:xdc_runtime_System_extendFxn__C)
                  0001da2c    00000004     SlaveController_pem4f.oem4f (.const:xdc_runtime_System_maxAtexitHandlers__C)
                  0001da30    00000004     SlaveController_pem4f.oem4f (.const:xdc_runtime_Text_charTab__C)
                  0001da34    00000004     SlaveController_pem4f.oem4f (.const:xdc_runtime_Text_nameEmpty__C)
                  0001da38    00000004     SlaveController_pem4f.oem4f (.const:xdc_runtime_Text_nameStatic__C)
                  0001da3c    00000004     SlaveController_pem4f.oem4f (.const:xdc_runtime_Text_nameUnknown__C)
                  0001da40    00000004     SlaveController_pem4f.oem4f (.const:xdc_runtime_Text_nodeTab__C)
                  0001da44    00000004     SlaveController_pem4f.oem4f (.const:xdc_runtime_Text_visitRopeFxn__C)
                  0001da48    00000002     SlaveController_pem4f.oem4f (.const:ti_sysbios_heaps_HeapMem_Module__id__C)
                  0001da4a    00000002     SlaveController_pem4f.oem4f (.const:ti_sysbios_knl_Clock_Module__id__C)
                  0001da4c    00000002     SlaveController_pem4f.oem4f (.const:ti_sysbios_knl_Semaphore_Module__id__C)
                  0001da4e    00000002     SlaveController_pem4f.oem4f (.const:ti_sysbios_knl_Task_Module__id__C)
                  0001da50    00000002     SlaveController_pem4f.oem4f (.const:xdc_runtime_Core_Module__id__C)
                  0001da52    00000002     SlaveController_pem4f.oem4f (.const:xdc_runtime_Error_Module__loggerDefined__C)
                  0001da54    00000002     SlaveController_pem4f.oem4f (.const:xdc_runtime_Error_maxDepth__C)
                  0001da56    00000002     SlaveController_pem4f.oem4f (.const:xdc_runtime_Memory_Module__id__C)
                  0001da58    00000002     SlaveController_pem4f.oem4f (.const:xdc_runtime_SysMin_flushAtExit__C)
                  0001da5a    00000002     SlaveController_pem4f.oem4f (.const:xdc_runtime_Text_charCnt__C)
                  0001da5c    00000002     SlaveController_pem4f.oem4f (.const:xdc_runtime_Text_isLoaded__C)
                  0001da5e    00000002     SlaveController_pem4f.oem4f (.const:xdc_runtime_Text_registryModsLastId__C)
                  0001da60    00000002     SlaveController_pem4f.oem4f (.const:xdc_runtime_Text_unnamedModsLastId__C)

.text      0    0001da68    0000d662     
                  0001da68    00000a4e     rtsv7M4_T_le_v4SPD16_eabi.lib : _printfi.c.obj (.text:__TI_printfi)
                  0001e4b6    00000002     drivers_tivaware.aem4f : SPITivaDMA.oem4f (.text:SPITivaDMA_serviceISR)
                  0001e4b8    0000074c     animator.obj (.text:_Z15animator_updatev)
                  0001ec04    00000004     driverlib.lib : ssi.obj (.text:SSIIntClear)
                  0001ec08    00000430     sysbios.aem4f : BIOS.obj (.text:ti_sysbios_family_arm_m3_Hwi_excDumpRegs__I)
                  0001f038    0000034c     ti.targets.arm.rtsarm.aem4f : System.oem4f (.text:xdc_runtime_System_doPrint__I)
                  0001f384    00000324     ti.mw.fatfs.aem4f : ff.oem4f (.text:find_volume)
                  0001f6a8    000002e4     animator.obj (.text:_Z28animator_readCharacterSDCardh)
                  0001f98c    00000004     driverlib.lib : uart.obj (.text:UARTIntClear)
                  0001f990    000002b8     sysbios.aem4f : BIOS.obj (.text:ti_sysbios_knl_Semaphore_pend__E)
                  0001fc48    000002a0     rtsv7M4_T_le_v4SPD16_eabi.lib : mktime.c.obj (.text:__mktime32)
                  0001fee8    00000270                                   : _printfi.c.obj (.text:_pconv_a)
                  00020158    0000026c     sysbios.aem4f : BIOS.obj (.text:ti_sysbios_heaps_HeapMem_free__E)
                  000203c4    00000004     rtsv7M4_T_le_v4SPD16_eabi.lib : printf.c.obj (.text:_outc)
                  000203c8    00000250     sysbios.aem4f : BIOS.obj (.text:ti_sysbios_heaps_HeapMem_alloc__E)
                  00020618    00000234                   : BIOS.obj (.text:ti_sysbios_knl_Task_Instance_finalize__E)
                  0002084c    0000020c     drivers_tivaware.aem4f : UARTTiva.oem4f (.text:UARTTiva_open)
                  00020a58    000001f4                            : SDSPITiva.oem4f (.text:SDSPITiva_diskInitialize)
                  00020c4c    00000004     rtsv7M4_T_le_v4SPD16_eabi.lib : printf.c.obj (.text:_outs)
                  00020c50    000001f4     sysbios.aem4f : BIOS.obj (.text:ti_sysbios_family_arm_m3_Hwi_excHandlerMax__I)
                  00020e44    00000004     rtsv7M4_T_le_v4SPD16_eabi.lib : exit.c.obj (.text:abort:abort)
                  00020e48    000001d8     sysbios.aem4f : BIOS.obj (.text:ti_sysbios_knl_Task_sleep__E)
                  00021020    000001d0     rtsv7M4_T_le_v4SPD16_eabi.lib : _printfi.c.obj (.text:_pconv_g)
                  000211f0    000001cc     animator.obj (.text:_Z16animator_animatehhsshhhhhb)
                  000213bc    000001c0     start.obj (.text:_Z5startjj)
                  0002157c    00000004     ti.mw.fatfs.aem4f : ffosal.oem4f (.text:ff_rel_grant)
                  00021580    000001c0     sysbios.aem4f : BIOS.obj (.text:ti_sysbios_knl_Task_Instance_init__E)
                  00021740    000001b6     rtsv7M4_T_le_v4SPD16_eabi.lib : fd_add_t2.asm.obj (.text)
                  000218f6    000001a4     ti.mw.fatfs.aem4f : ff.oem4f (.text:f_write)
                  00021a9a    00000178                       : ff.oem4f (.text:f_read)
                  00021c12    00000006     driverlib.lib : gpio.obj (.text:GPIOIntClear)
                  00021c18    00000174     sysbios.aem4f : BIOS.obj (.text:ti_sysbios_family_arm_m3_Hwi_excBusFault__I)
                  00021d8c    00000170     ILI9341.obj (.text:_Z12ILI9341_initv)
                  00021efc    00000164     ti.mw.fatfs.aem4f : ff.oem4f (.text:f_open)
                  00022060    00000164     sysbios.aem4f : BIOS.obj (.text:ti_sysbios_family_arm_m3_Hwi_excUsageFault__I)
                  000221c4    0000015a     ti.mw.fatfs.aem4f : ff.oem4f (.text:f_lseek)
                  0002231e    00000002     rtsv7M4_T_le_v4SPD16_eabi.lib : _lock.c.obj (.text:_nop)
                  00022320    00000154     animator.obj (.text:_Z29animator_readPersistentSpritePKcth)
                  00022474    00000150     drivers_tivaware.aem4f : GPIOTiva.oem4f (.text:GPIO_setConfig)
                  000225c4    00000004     ti.mw.fatfs.aem4f : diskio.oem4f (.text:get_fattime)
                  000225c8    00000148     sysbios.aem4f : BIOS.obj (.text:ti_sysbios_family_arm_m3_Hwi_excMemFault__I)
                  00022710    0000013c     rtsv7M4_T_le_v4SPD16_eabi.lib : _printfi.c.obj (.text:_pconv_e)
                  0002284c    00000004     SlaveController_pem4f.oem4f (.text:ti_sysbios_BIOS_RtsGateProxy_enter__E)
                  00022850    0000013c     sysbios.aem4f : BIOS.obj (.text:ti_sysbios_heaps_HeapMem_Instance_init__E)
                  0002298c    00000136     rtsv7M4_T_le_v4SPD16_eabi.lib : fd_div_t2.asm.obj (.text)
                  00022ac2    00000002                                   : div0.asm.obj (.text)
                  00022ac4    00000134                                   : localtim.c.obj (.text:__localtime32)
                  00022bf8    00000130     driverlib.lib : gpio.obj (.text:GPIOPadConfigSet)
                  00022d28    00000124     rtsv7M4_T_le_v4SPD16_eabi.lib : _printfi.c.obj (.text:fcvt)
                  00022e4c    00000123     ti.mw.fatfs.aem4f : ff.oem4f (.text:create_name)
                  00022f6f    00000001     --HOLE-- [fill = 0]
                  00022f70    0000011c     sysbios.aem4f : BIOS.obj (.text:ti_sysbios_knl_Clock_Instance_init__E)
                  0002308c    00000118     ti.targets.arm.rtsarm.aem4f : Error.oem4f (.text:xdc_runtime_Error_policyDefault__E)
                  000231a4    00000114     rtsv7M4_T_le_v4SPD16_eabi.lib : fputs.c.obj (.text:fputs)
                  000232b8    00000110                                   : s_scalbn.c.obj (.text:scalbn)
                  000233c8    0000010c                                   : fopen.c.obj (.text:_openfile)
                  000234d4    00000108     drivers_tivaware.aem4f : SDSPITiva.oem4f (.text:SDSPITiva_open)
                  000235dc    00000004     SlaveController_pem4f.oem4f (.text:ti_sysbios_BIOS_RtsGateProxy_leave__E)
                  000235e0    00000108     sysbios.aem4f : BIOS.obj (.text:ti_sysbios_family_arm_lm4_Timer_start__E)
                  000236e8    00000104     Flash.obj (.text:Flash_writeMemory_specifiedAddress)
                  000237ec    00000100     Boot.aem4f : Boot_sysctl.oem4f (.text:ti_catalog_arm_cortexm4_tiva_ce_Boot_sysCtlClockSetI__I)
                  000238ec    00000100     ti.targets.arm.rtsarm.aem4f : Core-mem.oem4f (.text:xdc_runtime_Core_createObject__I)
                  000239ec    000000fe     ti.mw.fatfs.aem4f : ff.oem4f (.text:f_rename)
                  00023aea    000000fc     rtsv7M4_T_le_v4SPD16_eabi.lib : fd_mul_t2.asm.obj (.text)
                  00023be6    000000fa     ti.mw.fatfs.aem4f : ff.oem4f (.text:dir_next)
                  00023ce0    000000f8     rtsv7M4_T_le_v4SPD16_eabi.lib : fread.c.obj (.text:fread)
                  00023dd8    000000f8     ti.targets.arm.rtsarm.aem4f : Startup.oem4f (.text:xdc_runtime_Startup_startMods__I)
                  00023ed0    000000f8     SlaveController_pem4f.oem4f (.text:xdc_runtime_System_printfExtend__I)
                  00023fc8    000000f4     drivers_tivaware.aem4f : SDSPITiva.oem4f (.text:SDSPITiva_diskIOctrl)
                  000240bc    000000f4     sysbios.aem4f : m3_Hwi_asm.obj (.text:ti_sysbios_family_arm_m3_Hwi_dispatch__I)
                  000241b0    000000ec     ti.mw.fatfs.aem4f : ff.oem4f (.text:put_fat)
                  0002429c    00000004     sysbios.aem4f : BIOS.obj (.text:ti_sysbios_family_arm_lm4_Timer_masterEnable__I)
                  000242a0    000000ec                   : BIOS.obj (.text:ti_sysbios_knl_Semaphore_post__E)
                  0002438c    000000e8     drivers_tivaware.aem4f : SDSPITiva.oem4f (.text:SDSPITiva_diskWrite)
                  00024474    000000dc     rtsv7M4_T_le_v4SPD16_eabi.lib : setvbuf.c.obj (.text:setvbuf)
                  00024550    000000d8     drivers_tivaware.aem4f : SPITivaDMA.oem4f (.text:SPITivaDMA_open)
                  00024628    000000d8     sysbios.aem4f : BIOS.obj (.text:ti_sysbios_family_arm_lm4_TimestampProvider_get32__E)
                  00024700    000000d6     ti.mw.fatfs.aem4f : ff.oem4f (.text:get_fat)
                  000247d6    00000002     SlaveController_pem4f.oem4f (.text:ti_sysbios_BIOS_nullFunc__I)
                  000247d8    000000cc     ti.targets.arm.rtsarm.aem4f : Core-smem.oem4f (.text:xdc_runtime_Core_constructObject__I)
                  000248a4    000000c6     drivers_tivaware.aem4f : SDSPITiva.oem4f (.text:send_cmd)
                  0002496a    00000002     SlaveController_pem4f.oem4f (.text:xdc_runtime_Startup_reset__I)
                  0002496c    000000c0     drivers_tivaware.aem4f : SDSPITiva.oem4f (.text:SDSPITiva_diskRead)
                  00024a2c    000000c0                            : SPITivaDMA.oem4f (.text:SPITivaDMA_configDMA)
                  00024aec    000000bc     EK_TM4C123GXL.obj (.text:EK_TM4C123GXL_initSPI)
                  00024ba8    000000bc     rtsv7M4_T_le_v4SPD16_eabi.lib : open.c.obj (.text:open)
                  00024c64    00000004     SlaveController_pem4f.oem4f (.text:ti_sysbios_family_arm_m3_Hwi_destruct)
                  00024c68    000000bc     sysbios.aem4f : BIOS.obj (.text:ti_sysbios_family_arm_m3_Hwi_excDebugMon__I)
                  00024d24    00000004     SlaveController_pem4f.oem4f (.text:ti_sysbios_family_arm_m3_TaskSupport_Module__startupDone__S)
                  00024d28    000000bc     sysbios.aem4f : BIOS.obj (.text:ti_sysbios_family_arm_m3_Hwi_excHardFault__I)
                  00024de4    000000b8     rtsv7M4_T_le_v4SPD16_eabi.lib : add_device.c.obj (.text:add_device)
                  00024e9c    000000b8     ti.mw.fatfs.aem4f : ffcio.oem4f (.text:ffcio_open)
                  00024f54    000000b4                       : ff.oem4f (.text:sync_fs)
                  00025008    000000b4     sysbios.aem4f : BIOS.obj (.text:ti_sysbios_gates_GateMutex_enter__E)
                  000250bc    00000004     SlaveController_pem4f.oem4f (.text:ti_sysbios_heaps_HeapMem_Module_GateProxy_enter__E)
                  000250c0    000000b4     sysbios.aem4f : BIOS.obj (.text:ti_sysbios_knl_Task_checkStacks__E)
                  00025174    000000b1     rtsv7M4_T_le_v4SPD16_eabi.lib : _printfi.c.obj (.text:_ltostr)
                  00025225    00000001     --HOLE-- [fill = 0]
                  00025226    000000ac     drivers_tivaware.aem4f : UARTTiva.oem4f (.text:readTaskBlocking)
                  000252d2    00000006     driverlib.lib : gpio.obj (.text:GPIOPinWrite)
                  000252d8    000000ac     sysbios.aem4f : BIOS.obj (.text:ti_sysbios_family_arm_lm4_Timer_enableTiva__I)
                  00025384    000000a8     ti.mw.fatfs.aem4f : ff.oem4f (.text:create_chain)
                  0002542c    000000a4     drivers_tivaware.aem4f : SPITivaDMA.oem4f (.text:SPITivaDMA_initHw)
                  000254d0    000000a4     ti.mw.fatfs.aem4f : ff.oem4f (.text:f_unlink)
                  00025574    00000004     SlaveController_pem4f.oem4f (.text:ti_sysbios_heaps_HeapMem_Module_GateProxy_leave__E)
                  00025578    000000a4     sysbios.aem4f : BIOS.obj (.text:ti_sysbios_knl_Clock_Instance_finalize__E)
                  0002561c    000000a0     ILI9341.obj (.text:_Z16ILI9341_fillRectjjjjj)
                  000256bc    000000a0     auto_init.aem4f : auto_init.oem4f (.text)
                  0002575c    000000a0     drivers_tivaware.aem4f : SDSPITiva.oem4f (.text:rcvr_datablock)
                  000257fc    000000a0     ti.targets.arm.rtsarm.aem4f : Text.oem4f (.text:xdc_runtime_Text_putMod__E)
                  0002589c    0000009c     rtsv7M4_T_le_v4SPD16_eabi.lib : _bufread.c.obj (.text:__TI_buff_read)
                  00025938    0000009c     ti.mw.fatfs.aem4f : ff.oem4f (.text:f_sync)
                  000259d4    0000009c     rtsv7M4_T_le_v4SPD16_eabi.lib : fopen.c.obj (.text:fopen)
                  00025a70    0000009c                                   : memcpy_t2.asm.obj (.text)
                  00025b0c    00000004     SlaveController_pem4f.oem4f (.text:ti_sysbios_knl_Clock_TimerProxy_getMaxTicks__E)
                  00025b10    0000009c     sysbios.aem4f : BIOS.obj (.text:ti_sysbios_knl_Semaphore_Instance_init__E)
                  00025bac    0000009a     ti.targets.arm.rtsarm.aem4f : Text.oem4f (.text:xdc_runtime_Text_putSite__E)
                  00025c46    0000009a     drivers_tivaware.aem4f : SDSPITiva.oem4f (.text:xmit_datablock)
                  00025ce0    00000098                            : UARTTiva.oem4f (.text:UARTTiva_readPolling)
                  00025d78    00000098     ILI9341.obj (.text:_Z11commandListPKh)
                  00025e10    00000098     Boot.aem4f : Boot.oem4f (.text:ti_catalog_arm_cortexm4_tiva_ce_Boot_sysCtlClockSet__E)
                  00025ea8    00000096     rtsv7M4_T_le_v4SPD16_eabi.lib : ull_div_t2.asm.obj (.text)
                  00025f3e    00000094     drivers_tivaware.aem4f : UARTTiva.oem4f (.text:UARTTiva_write)
                  00025fd2    00000006                            : SDSPITiva.oem4f (.text:SDSPITiva_control)
                  00025fd8    00000094     sysbios.aem4f : BIOS.obj (.text:ti_sysbios_family_arm_m3_Hwi_Instance_init__E)
                  0002606c    00000004     SlaveController_pem4f.oem4f (.text:ti_sysbios_knl_Clock_TimerProxy_getPeriod__E)
                  00026070    00000094     sysbios.aem4f : BIOS.obj (.text:ti_sysbios_family_arm_m3_Hwi_initNVIC__E)
                  00026104    00000004     SlaveController_pem4f.oem4f (.text:ti_sysbios_knl_Clock_destruct)
                  00026108    00000094     sysbios.aem4f : BIOS.obj (.text:ti_sysbios_knl_Task_postInit__I)
                  0002619c    0000008e     ILI9341.obj (.text:_Z18ILI9341_drawColorsjjPit)
                  0002622a    00000002     --HOLE-- [fill = 0]
                  0002622c    0000008c     drivers_tivaware.aem4f : GPIOTiva.oem4f (.text:GPIO_init)
                  000262b8    0000008c                            : UARTTiva.oem4f (.text:UARTTiva_control)
                  00026344    0000008c     rtsv7M4_T_le_v4SPD16_eabi.lib : fputc.c.obj (.text:fputc)
                  000263d0    0000008c     sysbios.aem4f : m3_TaskSupport_asm.obj (.text:ti_sysbios_family_arm_m3_TaskSupport_buildTaskStack)
                  0002645c    0000008a     drivers_tivaware.aem4f : UARTTiva.oem4f (.text:readIsrTextBlocking)
                  000264e6    00000002     --HOLE-- [fill = 0]
                  000264e8    00000088     EK_TM4C123GXL.obj (.text:EK_TM4C123GXL_initDMA)
                  00026570    00000088     Flash.obj (.text:Flash_init)
                  000265f8    00000088     animator.obj (.text:_Z19animator_initializev)
                  00026680    00000088     start.obj (.text:main)
                  00026708    00000086     rtsv7M4_T_le_v4SPD16_eabi.lib : fd_cmp_t2.asm.obj (.text:__aeabi_cdcmple)
                  0002678e    00000086                                   : fd_cmp_t2.asm.obj (.text:__aeabi_cdrcmple)
                  00026814    00000084     UART.obj (.text:UART_start)
                  00026898    00000084     sysbios.aem4f : BIOS.obj (.text:ti_sysbios_family_arm_m3_Hwi_postInit__I)
                  0002691c    00000084     driverlib.lib : udma.obj (.text:uDMAChannelTransferSet)
                  000269a0    00000082     drivers_tivaware.aem4f : UARTTiva.oem4f (.text:readIsrTextCallback)
                  00026a22    0000007e     ti.mw.fatfs.aem4f : ff.oem4f (.text:dir_sdi)
                  00026aa0    0000007c                       : ff.oem4f (.text:f_mount)
                  00026b1c    0000007a     drivers_tivaware.aem4f : UARTTiva.oem4f (.text:readTaskCallback)
                  00026b96    0000007a     rtsv7M4_T_le_v4SPD16_eabi.lib : memset_t2.asm.obj (.text)
                  00026c10    00000076     ILI9341.obj (.text:_ZN33_INTERNAL_11_ILI9341_cpp_6ff9e12f17ILI9341_setCoordsEtttt)
                  00026c86    00000002     --HOLE-- [fill = 0]
                  00026c88    00000074     rtsv7M4_T_le_v4SPD16_eabi.lib : fclose.c.obj (.text:__TI_closefile)
                  00026cfc    00000074     ti.mw.fatfs.aem4f : ff.oem4f (.text:check_fs)
                  00026d70    00000074     sysbios.aem4f : BIOS.obj (.text:ti_sysbios_knl_Clock_start__E)
                  00026de4    00000004     SlaveController_pem4f.oem4f (.text:ti_sysbios_knl_Queue_destruct)
                  00026de8    00000070     sysbios.aem4f : BIOS.obj (.text:ti_sysbios_knl_Clock_workFunc__E)
                  00026e58    00000070                   : BIOS.obj (.text:ti_sysbios_knl_Task_exit__E)
                  00026ec8    0000006e     rtsv7M4_T_le_v4SPD16_eabi.lib : _printfi.c.obj (.text:_mcpy)
                  00026f36    0000006e                                   : ll_div_t2.asm.obj (.text)
                  00026fa4    0000006d     ti.targets.arm.rtsarm.aem4f : System.oem4f (.text:xdc_runtime_System_formatNum__I)
                  00027011    00000003     --HOLE-- [fill = 0]
                  00027014    0000006c     Flash.obj (.text:Flash_readMemory)
                  00027080    0000006c     sysbios.aem4f : BIOS.obj (.text:ti_sysbios_knl_Swi_restoreHwi__E)
                  000270ec    0000006c     drivers_tivaware.aem4f : UARTTiva.oem4f (.text:writeData)
                  00027158    0000006c     ti.targets.arm.rtsarm.aem4f : Error.oem4f (.text:xdc_runtime_Error_print__E)
                  000271c4    0000006c                                 : Memory.oem4f (.text:xdc_runtime_Memory_alloc__E)
                  00027230    00000068     rtsv7M4_T_le_v4SPD16_eabi.lib : hostlseek.c.obj (.text:HOSTlseek)
                  00027298    00000068                                   : hostrename.c.obj (.text:HOSTrename)
                  00027300    00000068     SD.obj (.text:SD_startSDCard)
                  00027368    00000068     rtsv7M4_T_le_v4SPD16_eabi.lib : copy_decompress_lzss.c.obj (.text:decompress:lzss:__TI_decompress_lzss)
                  000273d0    00000068                                   : printf.c.obj (.text:printf)
                  00027438    00000066     ti.targets.arm.rtsarm.aem4f : Core-mem.oem4f (.text:xdc_runtime_Core_deleteObject__I)
                  0002749e    00000002     --HOLE-- [fill = 0]
                  000274a0    00000064     Flash.obj (.text:Flash_pendWriteOpCompletion)
                  00027504    00000064     drivers_tivaware.aem4f : GPIOTiva.oem4f (.text:GPIO_hwiIntFxn)
                  00027568    00000064     ti.mw.fatfs.aem4f : ff.oem4f (.text:follow_path)
                  000275cc    00000064     rtsv7M4_T_le_v4SPD16_eabi.lib : s_frexp.c.obj (.text:frexp)
                  00027630    00000064                                   : fseek.c.obj (.text:fseek)
                  00027694    00000004     SlaveController_pem4f.oem4f (.text:ti_sysbios_knl_Semaphore_destruct)
                  00027698    00000064     sysbios.aem4f : BIOS.obj (.text:ti_sysbios_family_arm_lm4_Timer_Module_startup__E)
                  000276fc    00000064     SlaveController_pem4f.oem4f (.text:ti_sysbios_family_arm_m3_Hwi_create)
                  00027760    00000064     sysbios.aem4f : BIOS.obj (.text:ti_sysbios_family_arm_m3_Hwi_dispatchC__I)
                  000277c4    00000062     drivers_tivaware.aem4f : SPITivaDMA.oem4f (.text:SPITivaDMA_transfer)
                  00027826    00000062     rtsv7M4_T_le_v4SPD16_eabi.lib : _io_perm.c.obj (.text:__TI_wrt_ok)
                  00027888    00000060                                   : hostopen.c.obj (.text:HOSTopen)
                  000278e8    00000060     sysbios.aem4f : BIOS.obj (.text:ti_sysbios_knl_Task_schedule__I)
                  00027948    0000005e     drivers_tivaware.aem4f : UARTTiva.oem4f (.text:readIsrBinaryBlocking)
                  000279a6    0000005e     ti.mw.fatfs.aem4f : ff.oem4f (.text:remove_chain)
                  00027a04    0000005c     EK_TM4C123GXL.obj (.text:EK_TM4C123GXL_initSDSPI)
                  00027a60    0000005c     rtsv7M4_T_le_v4SPD16_eabi.lib : close.c.obj (.text:close)
                  00027abc    00000004     ti.targets.arm.rtsarm.aem4f : Error.oem4f (.text:xdc_runtime_Error_getSite__E)
                  00027ac0    0000005c     sysbios.aem4f : BIOS.obj (.text:ti_sysbios_knl_Swi_run__I)
                  00027b1c    00000004     SlaveController_pem4f.oem4f (.text:xdc_runtime_System_Module_GateProxy_enter__E)
                  00027b20    0000005c     sysbios.aem4f : BIOS.obj (.text:ti_sysbios_knl_Swi_schedule__I)
                  00027b7c    00000004     SlaveController_pem4f.oem4f (.text:xdc_runtime_System_Module_GateProxy_leave__E)
                  00027b80    0000005c     sysbios.aem4f : BIOS.obj (.text:ti_sysbios_knl_Task_Module_startup__E)
                  00027bdc    00000004     ti.targets.arm.rtsarm.aem4f : System.oem4f (.text:xdc_runtime_System_aprintf_va__F)
                  00027be0    0000005c     sysbios.aem4f : BIOS.obj (.text:ti_sysbios_knl_Task_startCore__E)
                  00027c3c    0000005c     drivers_tivaware.aem4f : SDSPITiva.oem4f (.text:wait_ready)
                  00027c98    0000005b     ti.targets.arm.rtsarm.aem4f : Text.oem4f (.text:xdc_runtime_Text_putLab__E)
                  00027cf3    00000001     --HOLE-- [fill = 0]
                  00027cf4    00000058     boot.aem4f : boot.oem4f (.text)
                  00027d4c    00000058     rtsv7M4_T_le_v4SPD16_eabi.lib : hostread.c.obj (.text:HOSTread)
                  00027da4    00000058                                   : hostwrite.c.obj (.text:HOSTwrite)
                  00027dfc    00000058     SD.obj (.text:SD_openFile)
                  00027e54    00000058     tirtosport.aem4f : SemaphoreP_tirtos.oem4f (.text:SemaphoreP_create)
                  00027eac    00000058     SlaveController_pem4f.oem4f (.text:ti_sysbios_family_arm_m3_Hwi_construct)
                  00027f04    00000058     sysbios.aem4f : m3_Hwi_asm_switch.obj (.text:ti_sysbios_family_arm_m3_Hwi_initStacks__E)
                  00027f5c    00000056     driverlib.lib : gpio.obj (.text:GPIOIntTypeSet)
                  00027fb2    00000056     rtsv7M4_T_le_v4SPD16_eabi.lib : _printfi.c.obj (.text:_pconv_f)
                  00028008    00000056     ti.mw.fatfs.aem4f : ff.oem4f (.text:dir_read)
                  0002805e    00000054     rtsv7M4_T_le_v4SPD16_eabi.lib : _ltoa.c.obj (.text:__TI_ltoa)
                  000280b2    00000054     drivers_tivaware.aem4f : UARTTiva.oem4f (.text:readIsrBinaryCallback)
                  00028106    00000054     ti.mw.fatfs.aem4f : ff.oem4f (.text:sync_window)
                  0002815a    00000006     drivers_tivaware.aem4f : SPITivaDMA.oem4f (.text:SPITivaDMA_control)
                  00028160    00000054     sysbios.aem4f : BIOS.obj (.text:ti_sysbios_family_arm_lm4_Timer_initDevice__I)
                  000281b4    00000054     SlaveController_pem4f.oem4f (.text:ti_sysbios_knl_Task_construct)
                  00028208    00000054     ti.targets.arm.rtsarm.aem4f : Assert.oem4f (.text:xdc_runtime_Assert_raise__I)
                  0002825c    00000052     rtsv7M4_T_le_v4SPD16_eabi.lib : _printfi.c.obj (.text:_ecpy)
                  000282ae    00000002     --HOLE-- [fill = 0]
                  000282b0    00000050     drivers_tivaware.aem4f : GPIOTiva.oem4f (.text:GPIO_setCallback)
                  00028300    00000050     driverlib.lib : sysctl.obj (.text:SysCtlPeripheralReset)
                  00028350    00000050     drivers_tivaware.aem4f : UARTTiva.oem4f (.text:UARTTiva_writeCancel)
                  000283a0    00000050     ILI9341.obj (.text:_ZN33_INTERNAL_11_ILI9341_cpp_6ff9e12f16ILI9341_setColorEj)
                  000283f0    00000050     sysbios.aem4f : BIOS.obj (.text:ti_sysbios_family_arm_m3_Hwi_Module_startup__E)
                  00028440    00000050     ti.targets.arm.rtsarm.aem4f : Startup.oem4f (.text:xdc_runtime_Startup_exec__E)
                  00028490    00000050                                 : Text.oem4f (.text:xdc_runtime_Text_visitRope2__I)
                  000284e0    0000004c     drivers_tivaware.aem4f : UARTTiva.oem4f (.text:UARTTiva_close)
                  0002852c    0000004c     rtsv7M4_T_le_v4SPD16_eabi.lib : fflush.c.obj (.text:__TI_doflush)
                  00028578    0000004c                                   : atoi.c.obj (.text:atoi)
                  000285c4    0000004c                                   : cpy_tbl.c.obj (.text:copy_in)
                  00028610    0000004c     SlaveController_pem4f.oem4f (.text:ti_mw_fatfs_startup)
                  0002865c    00000004     ti.targets.arm.rtsarm.aem4f : System.oem4f (.text:xdc_runtime_System_printf_va__F)
                  00028660    0000004c     sysbios.aem4f : BIOS.obj (.text:ti_sysbios_heaps_HeapMem_getStats__E)
                  000286ac    00000004     --HOLE-- [fill = 0]
                  000286b0    0000004c                   : BIOS.obj (.text:ti_sysbios_knl_Swi_runLoop__I)
                  000286fc    00000004     --HOLE-- [fill = 0]
                  00028700    0000004c                   : BIOS.obj (.text:ti_sysbios_knl_Task_allBlockedFunction__I)
                  0002874c    0000004a     rtsv7M4_T_le_v4SPD16_eabi.lib : _io_perm.c.obj (.text:__TI_rd_ok)
                  00028796    00000002     --HOLE-- [fill = 0]
                  00028798    00000048     driverlib.lib : gpio.obj (.text:GPIOPinConfigure)
                  000287e0    00000048     ti.mw.fatfs.aem4f : ff.oem4f (.text:dir_find)
                  00028828    00000048     rtsv7M4_T_le_v4SPD16_eabi.lib : exit.c.obj (.text:exit)
                  00028870    00000048                                   : fd_toi_t2.asm.obj (.text)
                  000288b8    00000048     sysbios.aem4f : BIOS.obj (.text:ti_sysbios_family_arm_lm4_Timer_enableTimers__I)
                  00028900    00000048                   : BIOS.obj (.text:ti_sysbios_family_arm_m3_Hwi_disableInterrupt__E)
                  00028948    00000048                   : BIOS.obj (.text:ti_sysbios_family_arm_m3_Hwi_enableInterrupt__E)
                  00028990    00000048                   : BIOS.obj (.text:ti_sysbios_family_arm_m3_Hwi_excReserved__I)
                  000289d8    00000046     drivers_tivaware.aem4f : RingBuf.oem4f (.text:RingBuf_put)
                  00028a1e    00000046     ti.targets.arm.rtsarm.aem4f : Core-params.oem4f (.text:xdc_runtime_Core_assignParams__I)
                  00028a64    00000044     rtsv7M4_T_le_v4SPD16_eabi.lib : hostclose.c.obj (.text:HOSTclose)
                  00028aa8    00000044                                   : hostunlink.c.obj (.text:HOSTunlink)
                  00028aec    00000044     SD.obj (.text:SD_read)
                  00028b30    00000044     SD.obj (.text:SD_readNextChar)
                  00028b74    00000044     drivers_tivaware.aem4f : SPITivaDMA.oem4f (.text:SPITivaDMA_hwiFxn)
                  00028bb8    00000044     ti.mw.fatfs.aem4f : ff.oem4f (.text:dir_alloc)
                  00028bfc    00000044     rtsv7M4_T_le_v4SPD16_eabi.lib : getdevice.c.obj (.text:getdevice)
                  00028c40    00000044     drivers_tivaware.aem4f : SDSPITiva.oem4f (.text:send_initial_clock_train)
                  00028c84    00000004     --HOLE-- [fill = 0]
                  00028c88    00000044     sysbios.aem4f : BIOS.obj (.text:ti_sysbios_family_arm_lm4_Timer_isrStub__E)
                  00028ccc    00000004     --HOLE-- [fill = 0]
                  00028cd0    00000044                   : BIOS.obj (.text:ti_sysbios_family_arm_m3_Hwi_getStackInfo__E)
                  00028d14    00000004     --HOLE-- [fill = 0]
                  00028d18    00000044                   : BIOS.obj (.text:ti_sysbios_knl_Swi_post__E)
                  00028d5c    00000044     ti.targets.arm.rtsarm.aem4f : Error.oem4f (.text:xdc_runtime_Error_setX__E)
                  00028da0    00000044                                 : SysMin.oem4f (.text:xdc_runtime_SysMin_flush__E)
                  00028de4    00000044                                 : Text.oem4f (.text:xdc_runtime_Text_xprintf__I)
                  00028e28    00000042     drivers_tivaware.aem4f : SPITivaDMA.oem4f (.text:SPITivaDMA_transferCancel)
                  00028e6a    00000042     driverlib.lib : uart.obj (.text:UARTConfigSetExpClk)
                  00028eac    00000042     drivers_tivaware.aem4f : UARTTiva.oem4f (.text:UARTTiva_hwiIntFxn)
                  00028eee    00000042                            : UARTTiva.oem4f (.text:UARTTiva_writePolling)
                  00028f30    00000040     EK_TM4C123GXL.obj (.text:EK_TM4C123GXL_initGeneral)
                  00028f70    00000040     Flash.obj (.text:Flash_transferSPICS)
                  00028fb0    00000040     Flash.obj (.text:Flash_writeCommandCS)
                  00028ff0    00000040     drivers_tivaware.aem4f : RingBuf.oem4f (.text:RingBuf_get)
                  00029030    00000040                            : SDSPITiva.oem4f (.text:SDSPITiva_close)
                  00029070    00000040                            : UARTTiva.oem4f (.text:UARTTiva_read)
                  000290b0    00000040     ILI9341.obj (.text:_ZN33_INTERNAL_11_ILI9341_cpp_6ff9e12f12writeCommandEh)
                  000290f0    00000040     ti.mw.fatfs.aem4f : ff.oem4f (.text:get_ldnumber)
                  00029130    00000040     rtsv7M4_T_le_v4SPD16_eabi.lib : u_divt2.asm.obj (.text)
                  00029170    00000040     sysbios.aem4f : BIOS.obj (.text:ti_sysbios_family_arm_lm4_Timer_startup__E)
                  000291b0    0000003e     rtsv7M4_T_le_v4SPD16_eabi.lib : _printfi.c.obj (.text:_fcpy)
                  000291ee    0000003c     drivers_tivaware.aem4f : SPITivaDMA.oem4f (.text:SPITivaDMA_close)
                  0002922a    0000003c     driverlib.lib : ssi.obj (.text:SSIConfigSetExpClk)
                  00029266    0000003c     animator.obj (.text:_Z9readUntilcPh)
                  000292a2    00000002     --HOLE-- [fill = 0]
                  000292a4    0000003c     EK_TM4C123GXL.obj (.text:dmaErrorHwi)
                  000292e0    0000003c     sysbios.aem4f : BIOS.obj (.text:ti_sysbios_family_arm_m3_Hwi_excSvCall__I)
                  0002931c    00000004     --HOLE-- [fill = 0]
                  00029320    0000003c                   : BIOS.obj (.text:ti_sysbios_heaps_HeapMem_init__I)
                  0002935c    00000004     --HOLE-- [fill = 0]
                  00029360    0000003c                   : BIOS.obj (.text:ti_sysbios_knl_Swi_restore__E)
                  0002939c    00000038     drivers_tivaware.aem4f : SDSPI.oem4f (.text:SDSPI_init)
                  000293d4    00000038                            : SPI.oem4f (.text:SPI_init)
                  0002940c    00000038                            : UART.oem4f (.text:UART_init)
                  00029444    00000038     rtsv7M4_T_le_v4SPD16_eabi.lib : trgmsg.c.obj (.text:__TI_writemsg)
                  0002947c    00000038     ti.mw.fatfs.aem4f : ff.oem4f (.text:dir_register)
                  000294b4    00000004     --HOLE-- [fill = 0]
                  000294b8    00000038     sysbios.aem4f : BIOS.obj (.text:ti_sysbios_family_arm_m3_Hwi_excNoIsr__I)
                  000294f0    00000038                   : BIOS.obj (.text:ti_sysbios_knl_Task_processVitalTaskFlag__I)
                  00029528    00000038     ti.targets.arm.rtsarm.aem4f : SysMin.oem4f (.text:xdc_runtime_SysMin_putch__E)
                  00029560    00000038                                 : System.oem4f (.text:xdc_runtime_System_atexit__E)
                  00029598    00000036     drivers_tivaware.aem4f : UARTTiva.oem4f (.text:UARTTiva_readCancel)
                  000295ce    00000036     ti.mw.fatfs.aem4f : ff.oem4f (.text:move_window)
                  00029604    00000036     rtsv7M4_T_le_v4SPD16_eabi.lib : strncpy.c.obj (.text:strncpy)
                  0002963a    00000036     SlaveController_pem4f.oem4f (.text:ti_mw_fatfs_getFatTime)
                  00029670    00000034     EK_TM4C123GXL.obj (.text:EK_TM4C123GXL_initUART)
                  000296a4    00000034     driverlib.lib : sysctl.obj (.text:SysCtlPeripheralEnable)
                  000296d8    00000034     rtsv7M4_T_le_v4SPD16_eabi.lib : fopen.c.obj (.text:__TI_cleanup)
                  0002970c    00000034                                   : trgmsg.c.obj (.text:__TI_readmsg)
                  00029740    00000034     ti.mw.fatfs.aem4f : ff.oem4f (.text:dir_remove)
                  00029774    00000034                       : ffcio.oem4f (.text:ffcio_lseek)
                  000297a8    00000034     sysbios.aem4f : BIOS.obj (.text:ti_sysbios_family_arm_m3_Hwi_Instance_finalize__E)
                  000297dc    00000004     --HOLE-- [fill = 0]
                  000297e0    00000034                   : BIOS.obj (.text:ti_sysbios_family_arm_m3_Hwi_excNmi__I)
                  00029814    00000004     --HOLE-- [fill = 0]
                  00029818    00000034                   : BIOS.obj (.text:ti_sysbios_hal_Hwi_checkStack)
                  0002984c    00000034     SlaveController_pem4f.oem4f (.text:ti_sysbios_knl_Clock_construct)
                  00029880    00000034     ti.mw.fatfs.aem4f : ff.oem4f (.text:validate)
                  000298b4    00000034     ti.targets.arm.rtsarm.aem4f : Core-label.oem4f (.text:xdc_runtime_Core_assignLabel__I)
                  000298e8    00000033                                 : Text.oem4f (.text:xdc_runtime_Text_printVisFxn__I)
                  0002991b    00000005     --HOLE-- [fill = 0]
                  00029920    00000032     sysbios.aem4f : BIOS.obj (.text:ti_sysbios_hal_Hwi_initStack)
                  00029952    00000002     --HOLE-- [fill = 0]
                  00029954    00000030     EK_TM4C123GXL.obj (.text:EK_TM4C123GXL_initGPIO)
                  00029984    00000030     drivers_tivaware.aem4f : SDSPI.oem4f (.text:SDSPI_open)
                  000299b4    00000030                            : SPI.oem4f (.text:SPI_open)
                  000299e4    00000030                            : UART.oem4f (.text:UART_open)
                  00029a14    00000030     ILI9341.obj (.text:_ZN33_INTERNAL_11_ILI9341_cpp_6ff9e12f9writeDataEh)
                  00029a44    00000030     rtsv7M4_T_le_v4SPD16_eabi.lib : getdevice.c.obj (.text:finddevice)
                  00029a74    00000030     SlaveController_pem4f.oem4f (.text:ti_sysbios_BIOS_atExitFunc__I)
                  00029aa4    00000004     --HOLE-- [fill = 0]
                  00029aa8    00000030     sysbios.aem4f : BIOS.obj (.text:ti_sysbios_family_arm_lm4_Timer_stop__E)
                  00029ad8    00000030                   : BIOS.obj (.text:ti_sysbios_family_arm_m3_TaskSupport_start__E)
                  00029b08    00000030     SlaveController_pem4f.oem4f (.text:ti_sysbios_gates_GateHwi_Object__create__S)
                  00029b38    00000030     SlaveController_pem4f.oem4f (.text:ti_sysbios_gates_GateMutex_Object__create__S)
                  00029b68    00000030     SlaveController_pem4f.oem4f (.text:ti_sysbios_heaps_HeapMem_Object__create__S)
                  00029b98    00000030     SlaveController_pem4f.oem4f (.text:ti_sysbios_knl_Semaphore_construct)
                  00029bc8    00000030     sysbios.aem4f : BIOS.obj (.text:ti_sysbios_knl_Semaphore_pendTimeout__I)
                  00029bf8    00000030                   : BIOS.obj (.text:ti_sysbios_knl_Task_unblockI__E)
                  00029c28    00000030     ti.targets.arm.rtsarm.aem4f : SysMin.oem4f (.text:xdc_runtime_SysMin_abort__E)
                  00029c58    00000030                                 : System.oem4f (.text:xdc_runtime_System_processAtExit__E)
                  00029c88    0000002e     SlaveController_pem4f.oem4f (.text:malloc)
                  00029cb6    0000002e     rtsv7M4_T_le_v4SPD16_eabi.lib : i_tofd_t2.asm.obj (.text)
                  00029ce4    0000002c     Flash.obj (.text:Flash_writeMemory)
                  00029d10    0000002c     ti.mw.fatfs.aem4f : diskio.oem4f (.text:disk_register)
                  00029d3c    0000002c     rtsv7M4_T_le_v4SPD16_eabi.lib : fclose.c.obj (.text:fclose)
                  00029d68    0000002c     SlaveController_pem4f.oem4f (.text:ti_sysbios_knl_Clock_doTick__I)
                  00029d94    0000002c     SlaveController_pem4f.oem4f (.text:ti_sysbios_knl_Queue_construct)
                  00029dc0    0000002c     sysbios.aem4f : BIOS.obj (.text:ti_sysbios_knl_Task_restore__E)
                  00029dec    0000002c     driverlib.lib : udma.obj (.text:uDMAChannelAssign)
                  00029e18    0000002c     rtsv7M4_T_le_v4SPD16_eabi.lib : unlink.c.obj (.text:unlink)
                  00029e44    0000002c     ti.targets.arm.rtsarm.aem4f : Text.oem4f (.text:xdc_runtime_Text_cordText__E)
                  00029e70    0000002a     driverlib.lib : gpio.obj (.text:GPIODirModeSet)
                  00029e9a    0000002a     ti.targets.arm.rtsarm.aem4f : System.oem4f (.text:xdc_runtime_System_putchar__I)
                  00029ec4    00000028     ti.mw.fatfs.aem4f : diskio.oem4f (.text:disk_unregister)
                  00029eec    00000028     rtsv7M4_T_le_v4SPD16_eabi.lib : lseek.c.obj (.text:lseek)
                  00029f14    00000028                                   : read.c.obj (.text:read)
                  00029f3c    00000028     SlaveController_pem4f.oem4f (.text:ti_sysbios_BIOS_startFunc__I)
                  00029f64    00000004     --HOLE-- [fill = 0]
                  00029f68    00000028     sysbios.aem4f : BIOS.obj (.text:ti_sysbios_knl_Swi_Module_startup__E)
                  00029f90    00000028     rtsv7M4_T_le_v4SPD16_eabi.lib : write.c.obj (.text:write)
                  00029fb8    00000026     sysbios.aem4f : m3_Hwi_asm.obj (.text:ti_sysbios_family_arm_m3_Hwi_pendSV__I)
                  00029fde    00000026     ti.targets.arm.rtsarm.aem4f : System.oem4f (.text:xdc_runtime_System_avprintf__E)
                  0002a004    00000024     ti.mw.fatfs.aem4f : diskio.oem4f (.text:disk_ioctl)
                  0002a028    00000024                       : diskio.oem4f (.text:disk_read)
                  0002a04c    00000024                       : ff.oem4f (.text:f_close)
                  0002a070    00000024                       : ffcio.oem4f (.text:ffcio_close)
                  0002a094    00000024     SlaveController_pem4f.oem4f (.text:ti_sysbios_BIOS_errorRaiseHook__I)
                  0002a0b8    00000024     SlaveController_pem4f.oem4f (.text:ti_sysbios_BIOS_registerRTSLock__I)
                  0002a0dc    00000024     SlaveController_pem4f.oem4f (.text:ti_sysbios_BIOS_removeRTSLock__I)
                  0002a100    00000024     SlaveController_pem4f.oem4f (.text:ti_sysbios_gates_GateMutex_Object__delete__S)
                  0002a124    00000004     --HOLE-- [fill = 0]
                  0002a128    00000024     sysbios.aem4f : BIOS.obj (.text:ti_sysbios_knl_Clock_Module_startup__E)
                  0002a14c    00000004     --HOLE-- [fill = 0]
                  0002a150    00000024                   : BIOS.obj (.text:ti_sysbios_knl_Task_restoreHwi__E)
                  0002a174    00000024     driverlib.lib : udma.obj (.text:uDMAChannelControlSet)
                  0002a198    00000024     ti.targets.arm.rtsarm.aem4f : System.oem4f (.text:xdc_runtime_System_vprintf__E)
                  0002a1bc    00000004     --HOLE-- [fill = 0]
                  0002a1c0    00000022     sysbios.aem4f : BIOS.obj (.text:ti_sysbios_family_arm_lm4_Timer_write__I)
                  0002a1e2    00000022     SlaveController_pem4f.oem4f (.text:xdc_runtime_SysMin_output__I)
                  0002a204    00000020     Flash.obj (.text:Flash_allocateMemory)
                  0002a224    00000020     ti.mw.fatfs.aem4f : diskio.oem4f (.text:disk_write)
                  0002a244    00000020                       : ffcio.oem4f (.text:ffcio_read)
                  0002a264    00000020                       : ffcio.oem4f (.text:ffcio_write)
                  0002a284    00000020     rtsv7M4_T_le_v4SPD16_eabi.lib : memchr.c.obj (.text:memchr)
                  0002a2a4    00000020     SlaveController_pem4f.oem4f (.text:ti_sysbios_BIOS_rtsLock__I)
                  0002a2c4    00000004     --HOLE-- [fill = 0]
                  0002a2c8    00000020     sysbios.aem4f : BIOS.obj (.text:ti_sysbios_family_arm_m3_Hwi_clearInterrupt__E)
                  0002a2e8    00000020                   : m3_Hwi_asm.obj (.text:ti_sysbios_family_arm_m3_Hwi_excHandlerAsm__I)
                  0002a308    00000020                   : BIOS.obj (.text:ti_sysbios_family_arm_m3_Hwi_excHandler__I)
                  0002a328    00000020     SlaveController_pem4f.oem4f (.text:ti_sysbios_gates_GateHwi_Object__delete__S)
                  0002a348    00000020     SlaveController_pem4f.oem4f (.text:ti_sysbios_heaps_HeapMem_Object__delete__S)
                  0002a368    00000020     SlaveController_pem4f.oem4f (.text:ti_sysbios_knl_Clock_Object__destruct__S)
                  0002a388    00000020     sysbios.aem4f : BIOS.obj (.text:ti_sysbios_knl_Idle_run__E)
                  0002a3a8    00000020     SlaveController_pem4f.oem4f (.text:ti_sysbios_knl_Semaphore_Object__destruct__S)
                  0002a3c8    00000020     ti.targets.arm.rtsarm.aem4f : Registry.oem4f (.text:xdc_runtime_Registry_findById__E)
                  0002a3e8    00000020                                 : SysMin.oem4f (.text:xdc_runtime_SysMin_Module_startup__E)
                  0002a408    0000001e     ti.mw.fatfs.aem4f : ff.oem4f (.text:ld_clust)
                  0002a426    0000001e     rtsv7M4_T_le_v4SPD16_eabi.lib : strcat.c.obj (.text:strcat)
                  0002a444    0000001e     sysbios.aem4f : m3_Hwi_asm_switch.obj (.text:ti_sysbios_family_xxx_Hwi_switchAndRunFunc)
                  0002a462    00000002     --HOLE-- [fill = 0]
                  0002a464    0000001c     driverlib.lib : uart.obj (.text:UARTDisable)
                  0002a480    0000001c     UART.obj (.text:UART_transmit)
                  0002a49c    0000001c     ti.mw.fatfs.aem4f : diskio.oem4f (.text:disk_initialize)
                  0002a4b8    0000001c                       : diskio.oem4f (.text:disk_status)
                  0002a4d4    0000001c     drivers_tivaware.aem4f : GPIOTiva.oem4f (.text:getGpioIntIndex)
                  0002a4f0    0000001c     ti.mw.fatfs.aem4f : ff.oem4f (.text:mem_cmp)
                  0002a50c    0000001c     rtsv7M4_T_le_v4SPD16_eabi.lib : memccpy.c.obj (.text:memccpy)
                  0002a528    0000001c     sysbios.aem4f : BIOS.obj (.text:ti_sysbios_family_arm_lm4_Seconds_get__E)
                  0002a544    0000001c     SlaveController_pem4f.oem4f (.text:ti_sysbios_family_arm_m3_Hwi_Object__destruct__S)
                  0002a560    0000001c     sysbios.aem4f : BIOS.obj (.text:ti_sysbios_gates_GateMutex_Instance_init__E)
                  0002a57c    0000001c     SlaveController_pem4f.oem4f (.text:ti_sysbios_knl_Queue_Object__destruct__S)
                  0002a598    0000001c     sysbios.aem4f : BIOS.obj (.text:ti_sysbios_knl_Queue_put__E)
                  0002a5b4    00000004     --HOLE-- [fill = 0]
                  0002a5b8    0000001c                   : BIOS.obj (.text:ti_sysbios_knl_Task_enter__I)
                  0002a5d4    0000001c     ti.targets.arm.rtsarm.aem4f : Error.oem4f (.text:xdc_runtime_Error_raiseX__E)
                  0002a5f0    0000001c                                 : Memory.oem4f (.text:xdc_runtime_Memory_valloc__E)
                  0002a60c    0000001c                                 : SysMin.oem4f (.text:xdc_runtime_SysMin_exit__E)
                  0002a628    0000001c                                 : System.oem4f (.text:xdc_runtime_System_abort__E)
                  0002a644    0000001a     rtsv7M4_T_le_v4SPD16_eabi.lib : s_copysign.c.obj (.text:copysign)
                  0002a65e    0000001a     SlaveController_pem4f.oem4f (.text:free)
                  0002a678    0000001a     SlaveController_pem4f.oem4f (.text:ti_sysbios_family_arm_m3_Hwi_Handle__label__S)
                  0002a692    0000001a     SlaveController_pem4f.oem4f (.text:ti_sysbios_gates_GateHwi_Handle__label__S)
                  0002a6ac    0000001a     SlaveController_pem4f.oem4f (.text:ti_sysbios_gates_GateMutex_Handle__label__S)
                  0002a6c6    0000001a     SlaveController_pem4f.oem4f (.text:ti_sysbios_heaps_HeapMem_Handle__label__S)
                  0002a6e0    0000001a     SlaveController_pem4f.oem4f (.text:ti_sysbios_knl_Swi_Handle__label__S)
                  0002a6fa    0000001a     SlaveController_pem4f.oem4f (.text:ti_sysbios_knl_Task_Handle__label__S)
                  0002a714    0000001a     ti.mw.fatfs.aem4f : ff.oem4f (.text:unlock_fs)
                  0002a72e    0000001a     SlaveController_pem4f.oem4f (.text:xdc_runtime_System_aprintf__E)
                  0002a748    0000001a     SlaveController_pem4f.oem4f (.text:xdc_runtime_System_printf__E)
                  0002a762    00000018     driverlib.lib : gpio.obj (.text:GPIOPinTypeGPIOOutput)
                  0002a77a    00000002     --HOLE-- [fill = 0]
                  0002a77c    00000018     drivers_tivaware.aem4f : UART.oem4f (.text:UART_Params_init)
                  0002a794    00000018     UART.obj (.text:UART_receive)
                  0002a7ac    00000018     animator.obj (.text:_Z11readHalfIntPh)
                  0002a7c4    00000018     ILI9341.obj (.text:_Z18ILI9341_fillScreenj)
                  0002a7dc    00000018     ILI9341.obj (.text:_ZN33_INTERNAL_11_ILI9341_cpp_6ff9e12f8deselectEv)
                  0002a7f4    00000018     rtsv7M4_T_le_v4SPD16_eabi.lib : args_main.c.obj (.text:_args_main)
                  0002a80c    00000018     ti.mw.fatfs.aem4f : ff.oem4f (.text:clust2sect)
                  0002a824    00000018                       : ffosal.oem4f (.text:ff_cre_syncobj)
                  0002a83c    00000018     rtsv7M4_T_le_v4SPD16_eabi.lib : strcmp.c.obj (.text:strcmp)
                  0002a854    00000018     SlaveController_pem4f.oem4f (.text:ti_sysbios_BIOS_rtsUnlock__I)
                  0002a86c    00000018     SlaveController_pem4f.oem4f (.text:ti_sysbios_family_arm_lm4_Timer_Module__startupDone__F)
                  0002a884    00000018     SlaveController_pem4f.oem4f (.text:ti_sysbios_family_arm_m3_Hwi_Module__startupDone__F)
                  0002a89c    00000018     sysbios.aem4f : m3_TaskSupport_asm.obj (.text:ti_sysbios_family_arm_m3_TaskSupport_swap__E)
                  0002a8b4    00000004     --HOLE-- [fill = 0]
                  0002a8b8    00000018                   : BIOS.obj (.text:ti_sysbios_gates_GateMutex_leave__E)
                  0002a8d0    00000018                   : BIOS.obj (.text:ti_sysbios_knl_Task_sleepTimeout__I)
                  0002a8e8    00000018     SlaveController_pem4f.oem4f (.text:time)
                  0002a900    00000018     driverlib.lib : udma.obj (.text:uDMAChannelDisable)
                  0002a918    00000018                   : udma.obj (.text:uDMAChannelEnable)
                  0002a930    00000018                   : udma.obj (.text:uDMAChannelIsEnabled)
                  0002a948    00000018     ti.targets.arm.rtsarm.aem4f : Error.oem4f (.text:xdc_runtime_Error_check__E)
                  0002a960    00000018                                 : System.oem4f (.text:xdc_runtime_System_exit__E)
                  0002a978    00000018                                 : Text.oem4f (.text:xdc_runtime_Text_ropeText__E)
                  0002a990    00000016     tirtosport.aem4f : SemaphoreP_tirtos.oem4f (.text:SemaphoreP_delete)
                  0002a9a6    00000016     start.obj (.text:_ZN30_INTERNAL_9_start_cpp_c81e5b2e31ti_sysbios_knl_Task_Params_initEP26ti_sysbios_knl_Task_Params)
                  0002a9bc    00000016     ti.mw.fatfs.aem4f : ff.oem4f (.text:mem_cpy)
                  0002a9d2    00000016     rtsv7M4_T_le_v4SPD16_eabi.lib : strchr.c.obj (.text:strchr)
                  0002a9e8    00000016     SlaveController_pem4f.oem4f (.text:ti_sysbios_BIOS_exitFunc__I)
                  0002a9fe    00000016     EK_TM4C123GXL.obj (.text:ti_sysbios_family_arm_m3_Hwi_Params_init)
                  0002aa14    00000014     drivers_tivaware.aem4f : SPI.oem4f (.text:SPI_Params_init)
                  0002aa28    00000014     driverlib.lib : uart.obj (.text:UARTEnable)
                  0002aa3c    00000014     animator.obj (.text:_Z28animator_setBackgroundColorsPKj)
                  0002aa50    00000014     ti.mw.fatfs.aem4f : ffosal.oem4f (.text:ff_req_grant)
                  0002aa64    00000014                       : ff.oem4f (.text:mem_set)
                  0002aa78    00000014     rtsv7M4_T_le_v4SPD16_eabi.lib : strcpy.c.obj (.text:strcpy)
                  0002aa8c    00000014                                   : strlen.c.obj (.text:strlen)
                  0002aaa0    00000014     SlaveController_pem4f.oem4f (.text:ti_sysbios_family_arm_m3_Hwi_Object__get__S)
                  0002aab4    00000004     --HOLE-- [fill = 0]
                  0002aab8    00000014     sysbios.aem4f : BIOS.obj (.text:ti_sysbios_family_arm_m3_Hwi_switchFromBootStack__E)
                  0002aacc    00000014     SlaveController_pem4f.oem4f (.text:ti_sysbios_heaps_HeapMem_Object__get__S)
                  0002aae0    00000014     SlaveController_pem4f.oem4f (.text:ti_sysbios_knl_Swi_Object__get__S)
                  0002aaf4    00000012     Flash.obj (.text:Flash_writeCommand)
                  0002ab06    00000012     driverlib.lib : gpio.obj (.text:GPIOPinTypeGPIOInput)
                  0002ab18    00000012                   : gpio.obj (.text:GPIOPinTypeSSI)
                  0002ab2a    00000012                   : gpio.obj (.text:GPIOPinTypeUART)
                  0002ab3c    00000012     drivers_tivaware.aem4f : RingBuf.oem4f (.text:RingBuf_construct)
                  0002ab4e    00000012                            : SDSPITiva.oem4f (.text:SDSPITiva_init)
                  0002ab60    00000012     driverlib.lib : ssi.obj (.text:SSIDataGetNonBlocking)
                  0002ab72    00000012     tirtosport.aem4f : SemaphoreP_tirtos.oem4f (.text:SemaphoreP_pend)
                  0002ab84    00000012     ti.mw.fatfs.aem4f : ff.oem4f (.text:chk_chr)
                  0002ab96    00000012                       : ffcio.oem4f (.text:ffcio_rename)
                  0002aba8    00000012                       : ffcio.oem4f (.text:ffcio_unlink)
                  0002abba    00000006     drivers_tivaware.aem4f : SPITivaDMA.oem4f (.text:SPITivaDMA_transferCallback)
                  0002abc0    00000012     sysbios.aem4f : BIOS.obj (.text:ti_sysbios_hal_Hwi_Module_startup__E)
                  0002abd2    00000012     rtsv7M4_T_le_v4SPD16_eabi.lib : wcslen.c.obj (.text:wcslen)
                  0002abe4    00000012     SlaveController_pem4f.oem4f (.text:xdc_runtime_Startup_exec__I)
                  0002abf6    00000002     --HOLE-- [fill = 0]
                  0002abf8    00000010     drivers_tivaware.aem4f : SDSPITiva.oem4f (.text:SDSPITiva_diskStatus)
                  0002ac08    00000010                            : SDSPI.oem4f (.text:SDSPI_Params_init)
                  0002ac18    00000010     SD.obj (.text:SD_closeFile)
                  0002ac28    00000010     UART.obj (.text:UART_sendByte)
                  0002ac38    00000010     ILI9341.obj (.text:_Z19beginSPITransactionv)
                  0002ac48    00000010     drivers_tivaware.aem4f : UARTTiva.oem4f (.text:readBlockingTimeout)
                  0002ac58    00000010     ti.mw.fatfs.aem4f : ff.oem4f (.text:st_clust)
                  0002ac68    00000010     sysbios.aem4f : BIOS.obj (.text:ti_sysbios_BIOS_getCpuFreq__E)
                  0002ac78    00000010                   : BIOS.obj (.text:ti_sysbios_BIOS_setThreadType__E)
                  0002ac88    00000010                   : BIOS.obj (.text:ti_sysbios_BIOS_start__E)
                  0002ac98    00000010                   : BIOS.obj (.text:ti_sysbios_family_arm_lm4_TimestampProvider_rolloverFunc__E)
                  0002aca8    00000010                   : m3_TaskSupport_asm.obj (.text:ti_sysbios_family_arm_m3_TaskSupport_glue)
                  0002acb8    00000010                   : BIOS.obj (.text:ti_sysbios_gates_GateMutex_Instance_finalize__E)
                  0002acc8    00000010                   : BIOS.obj (.text:ti_sysbios_knl_Semaphore_Instance_finalize__E)
                  0002acd8    00000010                   : BIOS.obj (.text:ti_sysbios_knl_Swi_disable__E)
                  0002ace8    00000010     SlaveController_pem4f.oem4f (.text:ti_sysbios_knl_Task_Object__get__S)
                  0002acf8    00000010     sysbios.aem4f : BIOS.obj (.text:ti_sysbios_knl_Task_disable__E)
                  0002ad08    00000010     driverlib.lib : udma.obj (.text:uDMAEnable)
                  0002ad18    00000010     ti.targets.arm.rtsarm.aem4f : Gate.oem4f (.text:xdc_runtime_Gate_leaveSystem__E)
                  0002ad28    00000010                                 : Memory.oem4f (.text:xdc_runtime_Memory_free__E)
                  0002ad38    00000010                                 : SysMin.oem4f (.text:xdc_runtime_SysMin_ready__E)
                  0002ad48    00000010                                 : System.oem4f (.text:xdc_runtime_System_vsnprintf__E)
                  0002ad58    00000010     SlaveController_pem4f.oem4f (.text:xdc_runtime_Text_visitRope__I)
                  0002ad68    0000000e     driverlib.lib : gpio.obj (.text:GPIOIntStatus)
                  0002ad76    0000000e                   : uart.obj (.text:UARTCharGetNonBlocking)
                  0002ad84    0000000e                   : uart.obj (.text:UARTCharPutNonBlocking)
                  0002ad92    0000000e     rtsv7M4_T_le_v4SPD16_eabi.lib : copy_decompress_none.c.obj (.text:decompress:none:__TI_decompress_none)
                  0002ada0    0000000e     sysbios.aem4f : BIOS.obj (.text:ti_sysbios_knl_Idle_loop__E)
                  0002adae    00000002     --HOLE-- [fill = 0]
                  0002adb0    0000000e                   : BIOS.obj (.text:ti_sysbios_knl_Queue_empty__E)
                  0002adbe    00000002     --HOLE-- [fill = 0]
                  0002adc0    0000000c     SlaveController_pem4f.oem4f (.text:.bootCodeSection:ti_catalog_arm_cortexm4_tiva_ce_Boot_init__I)
                  0002adcc    0000000c     drivers_tivaware.aem4f : RingBuf.oem4f (.text:RingBuf_peek)
                  0002add8    0000000c     driverlib.lib : ssi.obj (.text:SSIDataGet)
                  0002ade4    0000000c                   : uart.obj (.text:UARTFlowControlSet)
                  0002adf0    0000000c     drivers_tivaware.aem4f : UARTTiva.oem4f (.text:UARTTiva_init)
                  0002adfc    0000000c     rtsv7M4_T_le_v4SPD16_eabi.lib : _lock.c.obj (.text:_register_lock)
                  0002ae08    0000000c                                   : _lock.c.obj (.text:_register_unlock)
                  0002ae14    0000000c                                   : copy_zero_init.c.obj (.text:decompress:ZI:__TI_zero_init)
                  0002ae20    0000000c     Utils.obj (.text:sleep)
                  0002ae2c    00000004     --HOLE-- [fill = 0]
                  0002ae30    0000000c     sysbios.aem4f : BIOS.obj (.text:ti_sysbios_family_arm_lm4_Timer_getMaxTicks__E)
                  0002ae3c    00000004     --HOLE-- [fill = 0]
                  0002ae40    0000000c                   : BIOS.obj (.text:ti_sysbios_family_arm_lm4_TimestampProvider_startTimer__E)
                  0002ae4c    0000000c     SlaveController_pem4f.oem4f (.text:ti_sysbios_family_arm_m3_Hwi_Params__init__S)
                  0002ae58    0000000c     sysbios.aem4f : BIOS.obj (.text:ti_sysbios_family_arm_m3_Hwi_disableFxn__E)
                  0002ae64    00000004     --HOLE-- [fill = 0]
                  0002ae68    0000000c                   : BIOS.obj (.text:ti_sysbios_family_arm_m3_TaskSupport_checkStack__E)
                  0002ae74    00000004     --HOLE-- [fill = 0]
                  0002ae78    0000000c                   : BIOS.obj (.text:ti_sysbios_family_arm_m3_TaskSupport_getStackAlignment__E)
                  0002ae84    00000004     --HOLE-- [fill = 0]
[...]
0002a991  SemaphoreP_delete                                                 
0002a9d3  strchr                                                            
0002a9e9  ti_sysbios_BIOS_exitFunc__I                                       
0002aa15  SPI_Params_init                                                   
0002aa29  UARTEnable                                                        
0002aa3d  _Z28animator_setBackgroundColorsPKj                               
0002aa51  ff_req_grant                                                      
0002aa79  strcpy                                                            
0002aa8d  strlen                                                            
0002aaa1  ti_sysbios_family_arm_m3_Hwi_Object__get__S                       
0002aab9  ti_sysbios_family_arm_m3_Hwi_switchFromBootStack__E               
0002aab9  ti_sysbios_hal_Hwi_HwiProxy_switchFromBootStack__E                
0002aab9  ti_sysbios_hal_Hwi_switchFromBootStack__E                         
0002aacd  ti_sysbios_heaps_HeapMem_Object__get__S                           
0002aae1  ti_sysbios_knl_Swi_Object__get__S                                 
0002aaf5  Flash_writeCommand                                                
0002ab07  GPIOPinTypeGPIOInput                                              
0002ab19  GPIOPinTypeSSI                                                    
0002ab2b  GPIOPinTypeUART                                                   
0002ab3d  RingBuf_construct                                                 
0002ab4f  SDSPITiva_init                                                    
0002ab61  SSIDataGetNonBlocking                                             
0002ab73  SemaphoreP_pend                                                   
0002ab97  ffcio_rename                                                      
0002aba9  ffcio_unlink                                                      
0002abc1  ti_sysbios_hal_Hwi_Module_startup__E                              
0002abd3  wcslen                                                            
0002abe5  xdc_runtime_Startup_exec__I                                       
0002abf9  SDSPITiva_diskStatus                                              
0002ac09  SDSPI_Params_init                                                 
0002ac19  SD_closeFile                                                      
0002ac29  UART_sendByte                                                     
0002ac39  _Z19beginSPITransactionv                                          
0002ac69  ti_sysbios_BIOS_getCpuFreq__E                                     
0002ac69  ti_sysbios_family_arm_lm4_TimestampProvider_getFreq__E            
0002ac69  xdc_runtime_Timestamp_SupportProxy_getFreq__E                     
0002ac69  xdc_runtime_Timestamp_getFreq__E                                  
0002ac79  ti_sysbios_BIOS_setThreadType__E                                  
0002ac89  osi_start                                                         
0002ac89  ti_sysbios_BIOS_start__E                                          
0002ac99  ti_sysbios_family_arm_lm4_TimestampProvider_rolloverFunc__E       
0002aca9  ti_sysbios_family_arm_m3_TaskSupport_glue                         
0002acb9  ti_sysbios_gates_GateMutex_Instance_finalize__E                   
0002acc9  ti_sysbios_knl_Semaphore_Instance_finalize__E                     
0002acd9  ti_sysbios_knl_Swi_disable__E                                     
0002ace9  ti_sysbios_knl_Task_Object__get__S                                
0002acf9  osi_TaskDisable                                                   
0002acf9  ti_sysbios_knl_Task_disable__E                                    
0002ad09  uDMAEnable                                                        
0002ad19  xdc_runtime_Gate_leaveSystem__E                                   
0002ad29  xdc_runtime_Memory_free__E                                        
0002ad39  xdc_runtime_SysMin_ready__E                                       
0002ad39  xdc_runtime_System_SupportProxy_ready__E                          
0002ad49  xdc_runtime_System_vsnprintf__E                                   
0002ad59  xdc_runtime_Text_visitRope__I                                     
0002ad69  GPIOIntStatus                                                     
0002ad77  UARTCharGetNonBlocking                                            
0002ad85  UARTCharPutNonBlocking                                            
0002ad93  __TI_decompress_none                                              
0002ada1  ti_sysbios_knl_Idle_loop__E                                       
0002adb1  ti_sysbios_knl_Queue_empty__E                                     
0002adc1  ti_catalog_arm_cortexm4_tiva_ce_Boot_init__I                      
0002adcd  RingBuf_peek                                                      
0002add9  SSIDataGet                                                        
0002ade5  UARTFlowControlSet                                                
0002adf1  UARTTiva_init                                                     
0002adfd  _register_lock                                                    
0002ae09  _register_unlock                                                  
0002ae15  __TI_zero_init                                                    
0002ae21  sleep                                                             
0002ae31  ti_sysbios_family_arm_lm4_Timer_getMaxTicks__E                    
0002ae41  ti_sysbios_family_arm_lm4_TimestampProvider_startTimer__E         
0002ae4d  ti_sysbios_family_arm_m3_Hwi_Params__init__S                      
0002ae4d  ti_sysbios_hal_Hwi_HwiProxy_Params__init__S                       
0002ae59  ti_sysbios_family_arm_m3_Hwi_disableFxn__E                        
0002ae59  ti_sysbios_hal_Hwi_HwiProxy_disable__E                            
0002ae69  ti_sysbios_family_arm_m3_TaskSupport_checkStack__E                
0002ae69  ti_sysbios_knl_Task_SupportProxy_checkStack__E                    
0002ae79  ti_sysbios_family_arm_m3_TaskSupport_getStackAlignment__E         
0002ae79  ti_sysbios_knl_Task_SupportProxy_getStackAlignment__E             
0002ae89  ti_sysbios_gates_GateHwi_enter__E                                 
0002ae95  ti_sysbios_knl_Clock_Params__init__S                              
0002aea1  ti_sysbios_knl_Clock_getTicks__E                                  
0002aead  ti_sysbios_knl_Queue_Object__get__S                               
0002aeb9  ti_sysbios_knl_Semaphore_Params__init__S                          
0002aec5  ti_sysbios_knl_Task_Params__init__S                               
0002aed1  uDMAControlBaseSet                                                
0002aedd  uDMAErrorStatusClear                                              
0002aee9  uDMAErrorStatusGet                                                
0002aef5  uDMAIntStatus                                                     
0002af01  xdc_runtime_Error_init__E                                         
0002af0d  xdc_runtime_Gate_enterSystem__E                                   
0002af19  xdc_runtime_Memory_calloc__E                                      
0002af25  xdc_runtime_Memory_getMaxDefaultTypeAlign__E                      
0002af31  Flash_transferSPI                                                 
0002af3b  SPITivaDMA_init                                                   
0002af45  SPI_transfer                                                      
0002af4f  SSIDMADisable                                                     
0002af59  SSIDataPut                                                        
0002af63  SSIDisable                                                        
0002af6d  SSIEnable                                                         
0002af77  SSIIntDisable                                                     
0002af81  SemaphoreP_post                                                   
0002af81  SemaphoreP_postFromClock                                          
0002af81  SemaphoreP_postFromISR                                            
0002af8b  UARTCharGet                                                       
0002af95  UARTCharPut                                                       
0002af9f  UARTIntDisable                                                    
0002afa9  UARTIntStatus                                                     
0002afb3  UART_read                                                         
0002afbd  UART_write                                                        
0002afc7  ff_del_syncobj                                                    
0002afd1  xdc_runtime_Memory_HeapProxy_alloc__E                             
0002afdb  xdc_runtime_Memory_HeapProxy_free__E                              
0002afe5  SSIDMAEnable                                                      
0002afed  SSIIntEnable                                                      
0002aff5  UARTIntEnable                                                     
0002affd  UARTRxErrorGet                                                    
0002b005  __aeabi_errno_addr                                                
0002b00d  millis                                                            
0002b01d  ti_sysbios_family_arm_lm4_Timer_masterDisable__I                  
0002b029  ti_sysbios_family_arm_m3_Hwi_doSwiRestore__I                      
0002b031  ti_sysbios_family_arm_m3_Hwi_startup__E                           
0002b031  ti_sysbios_hal_Hwi_HwiProxy_startup__E                            
0002b031  ti_sysbios_hal_Hwi_startup__E                                     
0002b041  UARTFIFOLevelSet                                                  
0002b047  UARTRxErrorClear                                                  
0002b053  ti_catalog_arm_cortexm4_tiva_ce_Boot_sysCtlDelayI__I              
0002b059  ti_sysbios_family_arm_lm4_TimestampProvider_Module_startup__E     
0002b061  ti_sysbios_family_arm_m3_Hwi_doTaskRestore__I                     
0002b069  ti_sysbios_family_arm_m3_Hwi_restoreFxn__E                        
0002b069  ti_sysbios_hal_Hwi_HwiProxy_restore__E                            
0002b071  ti_sysbios_gates_GateHwi_leave__E                                 
0002b079  ti_sysbios_heaps_HeapMem_isBlocking__E                            
0002b081  ti_sysbios_knl_Clock_stop__E                                      
0002b089  ti_sysbios_knl_Queue_Instance_init__E                             
0002b091  ti_sysbios_knl_Swi_startup__E                                     
0002b097  xdc_runtime_System_Module_startup__E                              
0002b0a1  ti_sysbios_family_arm_lm4_Timer_getPeriod__E                      
0002b0a9  ti_sysbios_gates_GateHwi_query__E                                 
0002b0a9  xdc_runtime_Main_Module_GateProxy_query__E                        
0002b0a9  xdc_runtime_System_Module_GateProxy_query__E                      
0002b0b1  ti_sysbios_BIOS_RtsGateProxy_query__E                             
0002b0b1  ti_sysbios_gates_GateMutex_query__E                               
0002b0b1  ti_sysbios_heaps_HeapMem_Module_GateProxy_query__E                
0002b0b9  ti_sysbios_knl_Task_startup__E                                    
0002b0c1  ti_sysbios_gates_GateHwi_Instance_init__E                         
0002b0c9  ti_sysbios_knl_Clock_logTick__E                                   
0002b0d0  __TI_static_base__                                                
0002b330  __TI_Handler_Table_Base                                           
0002b33c  __TI_Handler_Table_Limit                                          
0002b350  __TI_CINIT_Base                                                   
0002b368  __TI_CINIT_Limit                                                  
20000000  __start___llvm_prf_cnts                                           
20000000  __stop___llvm_prf_cnts                                            
20000000  ti_sysbios_family_arm_m3_Hwi_ramVectors                           
20000400  st                                                                
20002340  animation                                                         
20003600  ti_sysbios_heaps_HeapMem_Instance_State_0_buf__A                  
20004600  finalColors                                                       
20004b04  buffer                                                            
20004eec  ti_sysbios_family_arm_m3_Hwi_dispatchTable                        
2000524c  sdspiTivaObjects                                                  
2000548c  Flash_spi                                                         
20005490  ti_sysbios_knl_Task_Instance_State_0_stack__A                     
20005690  layer                                                             
200057fc  backgroundColors                                                  
20005a00  Flash_txBuffer                                                    
20005b2c  smallBuffer2                                                      
20005c58  __CIOBUF_                                                         
20005d78  rowsToUpdate                                                      
20005e6c  spiTivaDMAObjects                                                 
20005f50  spriteSendables                                                   
20006030  uartTivaObjects                                                   
200060fc  __TI_tmpnams                                                      
2000622c  xdc_runtime_SysMin_Module_State_0_outbuf__A                       
200062ac  ts                                                                
200062fc  uartParams                                                        
20006320  Flash_spi_params                                                  
20006340  uartTivaRingBuffer                                                
2000637c  Flash_transaction                                                 
200063b0  parmbuf                                                           
200063b8  sdspiParams                                                       
200063c0  spiTivaDMAscratchBuf                                              
200063cc  bufferptr                                                         
200063d4  persistentBackgroundMemLocation                                   
200063d8  sdspiHandle                                                       
200063dc  src                                                               
200063e0  uart                                                              
200063e8  _ftable                                                           
200064d8  ti_sysbios_family_arm_lm4_Timer_Object__table__V                  
20006558  ti_sysbios_knl_Swi_Module_State_0_readyQ__A                       
200065d8  ti_sysbios_knl_Task_Module_State_0_readyQ__A                      
20006658  _device                                                           
200066d0  _stream                                                           
20006770  ti_sysbios_knl_Task_Object__table__V                              
200067bc  ti_sysbios_knl_Task_Module__state__V                              
20006800  ti_sysbios_gates_GateMutex_Object__table__V                       
20006838  ti_sysbios_family_arm_m3_Hwi_Module__state__V                     
2000686c  ti_sysbios_family_arm_lm4_Timer_Module_State_0_device__A          
2000689c  ti_sysbios_family_arm_m3_Hwi_Object__table__V                     
200068cc  ti_sysbios_knl_Swi_Object__table__V                               
200068fc  ti_sysbios_knl_Clock_Module__state__V                             
2000694c  ti_sysbios_BIOS_Module__state__V                                  
20006970  ti_sysbios_knl_Swi_Module__state__V                               
2000698c  ti_sysbios_family_arm_lm4_Timer_Module_State_0_handles__A         
200069a4  ti_sysbios_heaps_HeapMem_Object__table__V                         
200069bc  gpioPinConfigs                                                    
200069d0  _tz                                                               
200069e0  __TI_ft_end                                                       
200069e4  __aeabi_stdin                                                     
200069e8  __aeabi_stdout                                                    
200069ec  __aeabi_stderr                                                    
200069f0  __TI_cleanup_ptr                                                  
200069f4  __TI_dtors_ptr                                                    
200069f8  __TI_enable_exit_profile_output                                   
200069fc  ti_sysbios_family_arm_lm4_Timer_Module__state__V                  
20006a08  xdc_runtime_SysMin_Module__state__V                               
20006a14  _lock                                                             
20006a18  _unlock                                                           
20006a1c  backgroundColorIndex                                              
20006a20  activeAnimations                                                  
20006a22  toRemove                                                          
20006a24  gpioCallbackFunctions                                             
20006a2c  ti_sysbios_family_arm_lm4_Seconds_Module__state__V                
20006a34  ti_sysbios_family_arm_lm4_TimestampProvider_Module__state__V      
20006a3c  ti_sysbios_family_arm_m3_Hwi_Module__root__V                      
20006a44  ti_sysbios_gates_GateHwi_Module__root__V                          
20006a4c  ti_sysbios_gates_GateMutex_Module__root__V                        
20006a54  ti_sysbios_heaps_HeapMem_Module__root__V                          
20006a5c  ti_sysbios_knl_Clock_Module__root__V                              
20006a64  ti_sysbios_knl_Queue_Module__root__V                              
20006a6c  ti_sysbios_knl_Semaphore_Module__root__V                          
20006a74  ti_sysbios_knl_Task_Module__root__V                               
20006a7c  xdc_runtime_Registry_Module__state__V                             
20006a84  xdc_runtime_Startup_Module__state__V                              
20006a8c  xdc_runtime_System_Module_State_0_atexitHandlers__A               
20006a94  xdc_runtime_System_Module__state__V                               
20006aa2  ti_sysbios_family_arm_m3_Hwi_Module_State_0_excActive__A          
20006aa4  currentLocation                                                   
20006abc  errno                                                             
20006ac8  main_func_sp                                                      
20006ad0  ti_sysbios_family_arm_m3_Hwi_Module_State_0_excContext__A         
20006ad4  ti_sysbios_family_arm_m3_Hwi_Module_State_0_excStack__A           
20006ad8  ti_sysbios_gates_GateHwi_Object__table__V                         
20006adc  ti_sysbios_knl_Task_Module_State_0_idleTask__A                    
20006ae0  xdc_runtime_Memory_Module__state__V                               
20006ae4  xdc_runtime_Error_Module__state__V                                
20006ae8  __stack                                                           
20006ee8  __STACK_END                                                       
e000e000  ti_sysbios_family_arm_m3_Hwi_nvic                                 
ffffffff  __TI_pprof_out_hndl                                               
ffffffff  __TI_prof_data_size                                               
ffffffff  __TI_prof_data_start                                              
ffffffff  __binit__                                                         
ffffffff  __c_args__                                                        
ffffffff  binit                                                             
UNDEFED   SHT$$INIT_ARRAY$$Base                                             
UNDEFED   SHT$$INIT_ARRAY$$Limit                                            

[876 symbols]
