******************************************************************************
                  TI ARM Linker PC v19.6.0                     
******************************************************************************
>> Linked Wed Apr 29 14:44:42 2020

OUTPUT FILE NAME:   <SlaveController.out>
ENTRY POINT SYMBOL: "_c_int00"  address: 000369c5


MEMORY CONFIGURATION

         name            origin    length      used     unused   attr    fill
----------------------  --------  ---------  --------  --------  ----  --------
  FLASH                 00000000   00040000  00039d64  0000629c  R  X
  SRAM                  20000000   00008000  00007678  00000988  RW X


SEGMENT ALLOCATION MAP

run origin  load origin   length   init length attrs members
----------  ----------- ---------- ----------- ----- -------
00000000    00000000    00039d70   00039d70    r-x
  00000000    00000000    0000003c   0000003c    r-- .resetVecs
  0000003c    0000003c    0002e0f6   0002e0f6    r-- .const
  0002e138    0002e138    0000b9a2   0000b9a2    r-x .text
  00039ae0    00039ae0    00000290   00000290    r-- .cinit
20000000    20000000    00000360   00000000    rw-
  20000000    20000000    00000360   00000000    rw- .vecs
20000400    20000400    00007320   00000000    rw-
  20000400    20000400    00006826   00000000    rw- .bss
  20006c28    20006c28    000006f2   00000000    rw- .data
  20007320    20007320    00000400   00000000    rw- .stack


SECTION ALLOCATION MAP

 output                                  attributes/
section   page    origin      length       input sections
--------  ----  ----------  ----------   ----------------
.const     0    0000003c    0002e0f6     
                  0000003c    0001a638     start.obj (.const:colors_tower)
                  0001a674    0000daa8     start.obj (.const:colors_charmenu)
                  0002811c    00001885     SlaveController_pem4f.oem4f (.const:xdc_runtime_Text_charTab__A)
                  000299a1    00000f00     animator.obj (.const:animations)
                  0002a8a1    00000001     SlaveController_pem4f.oem4f (.const:xdc_runtime_Error_policy__C)
                  0002a8a2    00000002     SlaveController_pem4f.oem4f (.const:ti_catalog_arm_cortexm4_tiva_ce_Boot_Module__id__C)
                  0002a8a4    00000400     start.obj (.const:colors_eer)
                  0002aca4    00000400     start.obj (.const:colors_fdst)
                  0002b0a4    00000400     start.obj (.const:colors_gregory)
                  0002b4a4    00000400     start.obj (.const:colors_smashville)
                  0002b8a4    000003fc     start.obj (.const:colors_battle)
                  0002bca0    000003fc     start.obj (.const:colors_stagemenu)
                  0002c09c    00000364     start.obj (.const:colors_winp1val)
                  0002c400    0000034c     start.obj (.const:colors_winp1gaw)
                  0002c74c    00000348     start.obj (.const:colors_winp1kirby)
                  0002ca94    00000238     start.obj (.const:colors_winp2val)
                  0002cccc    00000220     start.obj (.const:colors_winp2gaw)
                  0002ceec    0000021c     start.obj (.const:colors_winp2kirby)
                  0002d108    00000198     animator.obj (.const:colors_misc)
                  0002d2a0    00000130     animator.obj (.const:colors_kirby)
                  0002d3d0    0000012c     start.obj (.const:persistentSprites)
                  0002d4fc    000000cc     SlaveController_pem4f.oem4f (.const:xdc_runtime_Text_nodeTab__A)
                  0002d5c8    000000a4     animator.obj (.const:colors_menu)
                  0002d66c    00000090     driverlib.lib : gpio.obj (.const:g_pui32GPIOBaseAddrs)
                  0002d6fc    0000007f     ILI9341.obj (.const:.string:cmd_ili9341)
                  0002d77b    00000001     --HOLE-- [fill = 0]
                  0002d77c    00000078     EK_TM4C123GXL.obj (.const:spiTivaDMAHWAttrs)
                  0002d7f4    00000064     drivers_tivaware.aem4f : SPITivaDMA.oem4f (.const)
                  0002d858    00000060     rtsv7M4_T_le_v4SPD16_eabi.lib : mktime.c.obj (.const:$O1$$)
                  0002d8b8    0000005c     animator.obj (.const:colors_gameandwatch)
                  0002d914    00000054     drivers_tivaware.aem4f : GPIOTiva.oem4f (.const:.string)
                  0002d968    0000004c                            : UARTTiva.oem4f (.const)
                  0002d9b4    00000048     SlaveController_pem4f.oem4f (.const:.string)
                  0002d9fc    00000048     drivers_tivaware.aem4f : GPIOTiva.oem4f (.const:gpioBaseAddresses)
                  0002da44    00000046     SD.obj (.const:.string:$P$T0$1)
                  0002da8a    00000046     animator.obj (.const:characterNames)
                  0002dad0    0000003c     SlaveController_pem4f.oem4f (.const:ti_sysbios_knl_Task_Object__PARAMS__C)
                  0002db0c    00000030     EK_TM4C123GXL.obj (.const:SPI_config)
                  0002db3c    00000030     SlaveController_pem4f.oem4f (.const:ti_sysbios_family_arm_m3_Hwi_Object__PARAMS__C)
                  0002db6c    00000028     animator.obj (.const:.string:$P$T0$1)
                  0002db94    00000028     animator.obj (.const:.string:$P$T2$3)
                  0002dbbc    00000028     drivers_tivaware.aem4f : UARTTiva.oem4f (.const:UARTTiva_fxnTable)
                  0002dbe4    00000028     SlaveController_pem4f.oem4f (.const:ti_sysbios_heaps_HeapMem_Module__FXNS__C)
                  0002dc0c    00000024     drivers_tivaware.aem4f : UART.oem4f (.const:UART_defaultParams)
                  0002dc30    00000024     EK_TM4C123GXL.obj (.const:sdspiTivaHWattrs)
                  0002dc54    00000024     SlaveController_pem4f.oem4f (.const:ti_sysbios_gates_GateHwi_Module__FXNS__C)
                  0002dc78    00000024     SlaveController_pem4f.oem4f (.const:ti_sysbios_gates_GateMutex_Module__FXNS__C)
                  0002dc9c    00000024     SlaveController_pem4f.oem4f (.const:ti_sysbios_heaps_HeapMem_Object__PARAMS__C)
                  0002dcc0    00000024     SlaveController_pem4f.oem4f (.const:ti_sysbios_knl_Clock_Object__PARAMS__C)
                  0002dce4    00000024     SlaveController_pem4f.oem4f (.const:ti_sysbios_knl_Semaphore_Object__PARAMS__C)
                  0002dd08    00000024     SlaveController_pem4f.oem4f (.const:xdc_runtime_Startup_sfxnTab__A)
                  0002dd2c    00000020     drivers_tivaware.aem4f : SPI.oem4f (.const)
                  0002dd4c    00000020     SlaveController_pem4f.oem4f (.const:ti_sysbios_family_arm_m3_Hwi_Object__DESC__C)
                  0002dd6c    00000020     SlaveController_pem4f.oem4f (.const:ti_sysbios_gates_GateHwi_Object__DESC__C)
                  0002dd8c    00000020     SlaveController_pem4f.oem4f (.const:ti_sysbios_gates_GateMutex_Object__DESC__C)
                  0002ddac    00000020     SlaveController_pem4f.oem4f (.const:ti_sysbios_heaps_HeapMem_Object__DESC__C)
                  0002ddcc    00000020     SlaveController_pem4f.oem4f (.const:ti_sysbios_knl_Clock_Object__DESC__C)
                  0002ddec    00000020     SlaveController_pem4f.oem4f (.const:ti_sysbios_knl_Queue_Object__DESC__C)
                  0002de0c    00000020     SlaveController_pem4f.oem4f (.const:ti_sysbios_knl_Semaphore_Object__DESC__C)
                  0002de2c    00000020     SlaveController_pem4f.oem4f (.const:ti_sysbios_knl_Task_Object__DESC__C)
                  0002de4c    00000018     EK_TM4C123GXL.obj (.const:SDSPI_config)
                  0002de64    00000018     EK_TM4C123GXL.obj (.const:UART_config)
                  0002de7c    00000018     SlaveController_pem4f.oem4f (.const:ti_sysbios_gates_GateHwi_Object__PARAMS__C)
                  0002de94    00000018     SlaveController_pem4f.oem4f (.const:ti_sysbios_gates_GateMutex_Object__PARAMS__C)
                  0002deac    00000018     SlaveController_pem4f.oem4f (.const:ti_sysbios_knl_Queue_Object__PARAMS__C)
                  0002dec4    00000018     EK_TM4C123GXL.obj (.const:uartTivaHWAttrs)
                  0002dedc    00000014     EK_TM4C123GXL.obj (.const:GPIOTiva_config)
                  0002def0    00000014     SlaveController_pem4f.oem4f (.const:xdc_runtime_Startup_firstFxns__A)
                  0002df04    00000012     SlaveController_pem4f.oem4f (.const:xdc_runtime_Startup_sfxnRts__A)
                  0002df16    00000002     SlaveController_pem4f.oem4f (.const:ti_sysbios_family_arm_lm4_TimestampProvider_useClockTimer__C)
                  0002df18    00000010     drivers_tivaware.aem4f : SDSPITiva.oem4f (.const)
                  0002df28    00000008                            : SDSPI.oem4f (.const)
                  0002df30    00000008     SlaveController_pem4f.oem4f (.const:ti_sysbios_family_arm_m3_Hwi_excHookFuncs__A)
                  0002df38    00000008     SlaveController_pem4f.oem4f (.const:ti_sysbios_knl_Idle_funcList__C)
                  0002df40    00000008     SlaveController_pem4f.oem4f (.const:xdc_runtime_Startup_firstFxns__C)
                  0002df48    00000008     SlaveController_pem4f.oem4f (.const:xdc_runtime_Startup_lastFxns__C)
                  0002df50    00000005     animator.obj (.const:.string:$P$T1$2)
                  0002df55    00000005     animator.obj (.const:.string:$P$T3$4)
                  0002df5a    00000002     SlaveController_pem4f.oem4f (.const:ti_sysbios_family_arm_m3_Hwi_Module__id__C)
                  0002df5c    00000004     SlaveController_pem4f.oem4f (.const:ti_catalog_arm_cortexm4_tiva_ce_Boot_A_mustUseEnhancedClockMode__C)
                  0002df60    00000004     SlaveController_pem4f.oem4f (.const:ti_catalog_arm_cortexm4_tiva_ce_Boot_Module__diagsEnabled__C)
                  0002df64    00000004     SlaveController_pem4f.oem4f (.const:ti_catalog_arm_cortexm4_tiva_ce_Boot_Module__diagsIncluded__C)
                  0002df68    00000004     SlaveController_pem4f.oem4f (.const:ti_catalog_arm_cortexm4_tiva_ce_Boot_Module__diagsMask__C)
                  0002df6c    00000004     SlaveController_pem4f.oem4f (.const:ti_sysbios_family_arm_lm4_Timer_enableFunc__C)
                  0002df70    00000004     SlaveController_pem4f.oem4f (.const:ti_sysbios_family_arm_lm4_Timer_numTimerDevices__C)
                  0002df74    00000004     SlaveController_pem4f.oem4f (.const:ti_sysbios_family_arm_lm4_Timer_startupNeeded__C)
                  0002df78    00000004     SlaveController_pem4f.oem4f (.const:ti_sysbios_family_arm_m3_Hwi_E_NMI__C)
                  0002df7c    00000004     SlaveController_pem4f.oem4f (.const:ti_sysbios_family_arm_m3_Hwi_E_alreadyDefined__C)
                  0002df80    00000004     SlaveController_pem4f.oem4f (.const:ti_sysbios_family_arm_m3_Hwi_E_busFault__C)
                  0002df84    00000004     SlaveController_pem4f.oem4f (.const:ti_sysbios_family_arm_m3_Hwi_E_debugMon__C)
                  0002df88    00000004     SlaveController_pem4f.oem4f (.const:ti_sysbios_family_arm_m3_Hwi_E_hardFault__C)
                  0002df8c    00000004     SlaveController_pem4f.oem4f (.const:ti_sysbios_family_arm_m3_Hwi_E_memFault__C)
                  0002df90    00000004     SlaveController_pem4f.oem4f (.const:ti_sysbios_family_arm_m3_Hwi_E_noIsr__C)
                  0002df94    00000004     SlaveController_pem4f.oem4f (.const:ti_sysbios_family_arm_m3_Hwi_E_reserved__C)
                  0002df98    00000004     SlaveController_pem4f.oem4f (.const:ti_sysbios_family_arm_m3_Hwi_E_svCall__C)
                  0002df9c    00000004     SlaveController_pem4f.oem4f (.const:ti_sysbios_family_arm_m3_Hwi_E_usageFault__C)
                  0002dfa0    00000004     SlaveController_pem4f.oem4f (.const:ti_sysbios_family_arm_m3_Hwi_NUM_INTERRUPTS__C)
                  0002dfa4    00000004     SlaveController_pem4f.oem4f (.const:ti_sysbios_family_arm_m3_Hwi_Object__count__C)
                  0002dfa8    00000004     SlaveController_pem4f.oem4f (.const:ti_sysbios_family_arm_m3_Hwi_ccr__C)
                  0002dfac    00000004     SlaveController_pem4f.oem4f (.const:ti_sysbios_family_arm_m3_Hwi_excHandlerFunc__C)
                  0002dfb0    00000004     SlaveController_pem4f.oem4f (.const:ti_sysbios_family_arm_m3_Hwi_excHookFuncs__C)
                  0002dfb4    00000004     SlaveController_pem4f.oem4f (.const:ti_sysbios_family_arm_m3_Hwi_nullIsrFunc__C)
                  0002dfb8    00000004     SlaveController_pem4f.oem4f (.const:ti_sysbios_family_arm_m3_Hwi_priGroup__C)
                  0002dfbc    00000004     SlaveController_pem4f.oem4f (.const:ti_sysbios_family_arm_m3_TaskSupport_stackAlignment__C)
                  0002dfc0    00000004     SlaveController_pem4f.oem4f (.const:ti_sysbios_gates_GateMutex_A_badContext__C)
                  0002dfc4    00000004     SlaveController_pem4f.oem4f (.const:ti_sysbios_gates_GateMutex_Instance_State_sem__O)
                  0002dfc8    00000004     SlaveController_pem4f.oem4f (.const:ti_sysbios_gates_GateMutex_Module__diagsEnabled__C)
                  0002dfcc    00000004     SlaveController_pem4f.oem4f (.const:ti_sysbios_gates_GateMutex_Module__diagsIncluded__C)
                  0002dfd0    00000004     SlaveController_pem4f.oem4f (.const:ti_sysbios_gates_GateMutex_Module__diagsMask__C)
                  0002dfd4    00000004     SlaveController_pem4f.oem4f (.const:ti_sysbios_hal_Hwi_E_stackOverflow__C)
                  0002dfd8    00000004     SlaveController_pem4f.oem4f (.const:ti_sysbios_heaps_HeapMem_A_align__C)
                  0002dfdc    00000004     SlaveController_pem4f.oem4f (.const:ti_sysbios_heaps_HeapMem_A_heapSize__C)
                  0002dfe0    00000004     SlaveController_pem4f.oem4f (.const:ti_sysbios_heaps_HeapMem_A_invalidFree__C)
                  0002dfe4    00000004     SlaveController_pem4f.oem4f (.const:ti_sysbios_heaps_HeapMem_A_zeroBlock__C)
                  0002dfe8    00000004     SlaveController_pem4f.oem4f (.const:ti_sysbios_heaps_HeapMem_E_memory__C)
                  0002dfec    00000004     SlaveController_pem4f.oem4f (.const:ti_sysbios_heaps_HeapMem_Module__diagsEnabled__C)
                  0002dff0    00000004     SlaveController_pem4f.oem4f (.const:ti_sysbios_heaps_HeapMem_Module__diagsIncluded__C)
                  0002dff4    00000004     SlaveController_pem4f.oem4f (.const:ti_sysbios_heaps_HeapMem_Module__diagsMask__C)
                  0002dff8    00000004     SlaveController_pem4f.oem4f (.const:ti_sysbios_heaps_HeapMem_Module__gateObj__C)
                  0002dffc    00000004     SlaveController_pem4f.oem4f (.const:ti_sysbios_heaps_HeapMem_Object__count__C)
                  0002e000    00000004     SlaveController_pem4f.oem4f (.const:ti_sysbios_heaps_HeapMem_reqAlign__C)
                  0002e004    00000004     SlaveController_pem4f.oem4f (.const:ti_sysbios_knl_Clock_A_badThreadType__C)
                  0002e008    00000004     SlaveController_pem4f.oem4f (.const:ti_sysbios_knl_Clock_Module_State_clockQ__O)
                  0002e00c    00000004     SlaveController_pem4f.oem4f (.const:ti_sysbios_knl_Clock_Module__diagsEnabled__C)
                  0002e010    00000004     SlaveController_pem4f.oem4f (.const:ti_sysbios_knl_Clock_Module__diagsIncluded__C)
                  0002e014    00000004     SlaveController_pem4f.oem4f (.const:ti_sysbios_knl_Clock_Module__diagsMask__C)
                  0002e018    00000004     SlaveController_pem4f.oem4f (.const:ti_sysbios_knl_Idle_funcList__A)
                  0002e01c    00000004     SlaveController_pem4f.oem4f (.const:ti_sysbios_knl_Semaphore_A_badContext__C)
                  0002e020    00000004     SlaveController_pem4f.oem4f (.const:ti_sysbios_knl_Semaphore_A_noEvents__C)
                  0002e024    00000004     SlaveController_pem4f.oem4f (.const:ti_sysbios_knl_Semaphore_A_overflow__C)
                  0002e028    00000004     SlaveController_pem4f.oem4f (.const:ti_sysbios_knl_Semaphore_A_pendTaskDisabled__C)
                  0002e02c    00000004     SlaveController_pem4f.oem4f (.const:ti_sysbios_knl_Semaphore_Instance_State_pendQ__O)
                  0002e030    00000004     SlaveController_pem4f.oem4f (.const:ti_sysbios_knl_Semaphore_Module__diagsEnabled__C)
                  0002e034    00000004     SlaveController_pem4f.oem4f (.const:ti_sysbios_knl_Semaphore_Module__diagsIncluded__C)
                  0002e038    00000004     SlaveController_pem4f.oem4f (.const:ti_sysbios_knl_Semaphore_Module__diagsMask__C)
                  0002e03c    00000004     SlaveController_pem4f.oem4f (.const:ti_sysbios_knl_Swi_Object__count__C)
                  0002e040    00000004     SlaveController_pem4f.oem4f (.const:ti_sysbios_knl_Task_A_badPriority__C)
                  0002e044    00000004     SlaveController_pem4f.oem4f (.const:ti_sysbios_knl_Task_A_badTaskState__C)
                  0002e048    00000004     SlaveController_pem4f.oem4f (.const:ti_sysbios_knl_Task_A_badThreadType__C)
                  0002e04c    00000004     SlaveController_pem4f.oem4f (.const:ti_sysbios_knl_Task_A_badTimeout__C)
                  0002e050    00000004     SlaveController_pem4f.oem4f (.const:ti_sysbios_knl_Task_A_noPendElem__C)
                  0002e054    00000004     SlaveController_pem4f.oem4f (.const:ti_sysbios_knl_Task_A_sleepTaskDisabled__C)
                  0002e058    00000004     SlaveController_pem4f.oem4f (.const:ti_sysbios_knl_Task_E_spOutOfBounds__C)
                  0002e05c    00000004     SlaveController_pem4f.oem4f (.const:ti_sysbios_knl_Task_E_stackOverflow__C)
                  0002e060    00000004     SlaveController_pem4f.oem4f (.const:ti_sysbios_knl_Task_Module_State_inactiveQ__O)
                  0002e064    00000004     SlaveController_pem4f.oem4f (.const:ti_sysbios_knl_Task_Module__diagsEnabled__C)
                  0002e068    00000004     SlaveController_pem4f.oem4f (.const:ti_sysbios_knl_Task_Module__diagsIncluded__C)
                  0002e06c    00000004     SlaveController_pem4f.oem4f (.const:ti_sysbios_knl_Task_Module__diagsMask__C)
                  0002e070    00000004     SlaveController_pem4f.oem4f (.const:ti_sysbios_knl_Task_Object__count__C)
                  0002e074    00000004     SlaveController_pem4f.oem4f (.const:ti_sysbios_knl_Task_allBlockedFunc__C)
                  0002e078    00000004     SlaveController_pem4f.oem4f (.const:ti_sysbios_knl_Task_defaultStackHeap__C)
                  0002e07c    00000004     SlaveController_pem4f.oem4f (.const:ti_sysbios_knl_Task_defaultStackSize__C)
                  0002e080    00000004     SlaveController_pem4f.oem4f (.const:ti_sysbios_knl_Task_numConstructedTasks__C)
                  0002e084    00000004     SlaveController_pem4f.oem4f (.const:xdc_runtime_Assert_E_assertFailed__C)
                  0002e088    00000004     SlaveController_pem4f.oem4f (.const:xdc_runtime_Core_A_initializedParams__C)
                  0002e08c    00000004     SlaveController_pem4f.oem4f (.const:xdc_runtime_Core_Module__diagsEnabled__C)
                  0002e090    00000004     SlaveController_pem4f.oem4f (.const:xdc_runtime_Core_Module__diagsIncluded__C)
                  0002e094    00000004     SlaveController_pem4f.oem4f (.const:xdc_runtime_Core_Module__diagsMask__C)
                  0002e098    00000004     SlaveController_pem4f.oem4f (.const:xdc_runtime_Error_E_memory__C)
                  0002e09c    00000004     SlaveController_pem4f.oem4f (.const:xdc_runtime_Error_Module__diagsEnabled__C)
                  0002e0a0    00000004     SlaveController_pem4f.oem4f (.const:xdc_runtime_Error_Module__diagsIncluded__C)
                  0002e0a4    00000004     SlaveController_pem4f.oem4f (.const:xdc_runtime_Error_Module__diagsMask__C)
                  0002e0a8    00000004     SlaveController_pem4f.oem4f (.const:xdc_runtime_Error_Module__loggerFxn8__C)
                  0002e0ac    00000004     SlaveController_pem4f.oem4f (.const:xdc_runtime_Error_Module__loggerObj__C)
                  0002e0b0    00000004     SlaveController_pem4f.oem4f (.const:xdc_runtime_Error_policyFxn__C)
                  0002e0b4    00000004     SlaveController_pem4f.oem4f (.const:xdc_runtime_Error_raiseHook__C)
                  0002e0b8    00000004     SlaveController_pem4f.oem4f (.const:xdc_runtime_IGateProvider_Interface__BASE__C)
                  0002e0bc    00000004     SlaveController_pem4f.oem4f (.const:xdc_runtime_IHeap_Interface__BASE__C)
                  0002e0c0    00000004     SlaveController_pem4f.oem4f (.const:xdc_runtime_IModule_Interface__BASE__C)
                  0002e0c4    00000004     SlaveController_pem4f.oem4f (.const:xdc_runtime_Log_L_error__C)
                  0002e0c8    00000004     SlaveController_pem4f.oem4f (.const:xdc_runtime_Memory_defaultHeapInstance__C)
                  0002e0cc    00000004     SlaveController_pem4f.oem4f (.const:xdc_runtime_Startup_execImpl__C)
                  0002e0d0    00000004     SlaveController_pem4f.oem4f (.const:xdc_runtime_Startup_lastFxns__A)
                  0002e0d4    00000004     SlaveController_pem4f.oem4f (.const:xdc_runtime_Startup_maxPasses__C)
                  0002e0d8    00000004     SlaveController_pem4f.oem4f (.const:xdc_runtime_Startup_sfxnRts__C)
                  0002e0dc    00000004     SlaveController_pem4f.oem4f (.const:xdc_runtime_Startup_sfxnTab__C)
                  0002e0e0    00000004     SlaveController_pem4f.oem4f (.const:xdc_runtime_SysMin_bufSize__C)
                  0002e0e4    00000004     SlaveController_pem4f.oem4f (.const:xdc_runtime_SysMin_outputFunc__C)
                  0002e0e8    00000004     SlaveController_pem4f.oem4f (.const:xdc_runtime_System_Module__gateObj__C)
                  0002e0ec    00000004     SlaveController_pem4f.oem4f (.const:xdc_runtime_System_abortFxn__C)
                  0002e0f0    00000004     SlaveController_pem4f.oem4f (.const:xdc_runtime_System_exitFxn__C)
                  0002e0f4    00000004     SlaveController_pem4f.oem4f (.const:xdc_runtime_System_extendFxn__C)
                  0002e0f8    00000004     SlaveController_pem4f.oem4f (.const:xdc_runtime_System_maxAtexitHandlers__C)
                  0002e0fc    00000004     SlaveController_pem4f.oem4f (.const:xdc_runtime_Text_charTab__C)
                  0002e100    00000004     SlaveController_pem4f.oem4f (.const:xdc_runtime_Text_nameEmpty__C)
                  0002e104    00000004     SlaveController_pem4f.oem4f (.const:xdc_runtime_Text_nameStatic__C)
                  0002e108    00000004     SlaveController_pem4f.oem4f (.const:xdc_runtime_Text_nameUnknown__C)
                  0002e10c    00000004     SlaveController_pem4f.oem4f (.const:xdc_runtime_Text_nodeTab__C)
                  0002e110    00000004     SlaveController_pem4f.oem4f (.const:xdc_runtime_Text_visitRopeFxn__C)
                  0002e114    00000002     SlaveController_pem4f.oem4f (.const:ti_sysbios_gates_GateMutex_Module__id__C)
                  0002e116    00000002     SlaveController_pem4f.oem4f (.const:ti_sysbios_hal_Hwi_Module__id__C)
                  0002e118    00000002     SlaveController_pem4f.oem4f (.const:ti_sysbios_heaps_HeapMem_Module__id__C)
                  0002e11a    00000002     SlaveController_pem4f.oem4f (.const:ti_sysbios_knl_Clock_Module__id__C)
                  0002e11c    00000002     SlaveController_pem4f.oem4f (.const:ti_sysbios_knl_Semaphore_Module__id__C)
                  0002e11e    00000002     SlaveController_pem4f.oem4f (.const:ti_sysbios_knl_Task_Module__id__C)
                  0002e120    00000002     SlaveController_pem4f.oem4f (.const:xdc_runtime_Core_Module__id__C)
                  0002e122    00000002     SlaveController_pem4f.oem4f (.const:xdc_runtime_Error_Module__loggerDefined__C)
                  0002e124    00000002     SlaveController_pem4f.oem4f (.const:xdc_runtime_Error_maxDepth__C)
                  0002e126    00000002     SlaveController_pem4f.oem4f (.const:xdc_runtime_Memory_Module__id__C)
                  0002e128    00000002     SlaveController_pem4f.oem4f (.const:xdc_runtime_SysMin_flushAtExit__C)
                  0002e12a    00000002     SlaveController_pem4f.oem4f (.const:xdc_runtime_Text_charCnt__C)
                  0002e12c    00000002     SlaveController_pem4f.oem4f (.const:xdc_runtime_Text_isLoaded__C)
                  0002e12e    00000002     SlaveController_pem4f.oem4f (.const:xdc_runtime_Text_registryModsLastId__C)
                  0002e130    00000002     SlaveController_pem4f.oem4f (.const:xdc_runtime_Text_unnamedModsLastId__C)

.text      0    0002e138    0000b9a2     
                  0002e138    0000077c     animator.obj (.text:_Z15animator_updatev)
                  0002e8b4    00000004     driverlib.lib : ssi.obj (.text:SSIIntClear)
                  0002e8b8    00000430     sysbios.aem4f : BIOS.obj (.text:ti_sysbios_family_arm_m3_Hwi_excDumpRegs__I)
                  0002ece8    0000034c     ti.targets.arm.rtsarm.aem4f : System.oem4f (.text:xdc_runtime_System_doPrint__I)
                  0002f034    00000324     ti.mw.fatfs.aem4f : ff.oem4f (.text:find_volume)
                  0002f358    000002b8     start.obj (.text:_Z5startjj)
                  0002f610    000002b8     sysbios.aem4f : BIOS.obj (.text:ti_sysbios_knl_Semaphore_pend__E)
                  0002f8c8    000002a0     rtsv7M4_T_le_v4SPD16_eabi.lib : mktime.c.obj (.text:__mktime32)
                  0002fb68    00000278     animator.obj (.text:_Z28animator_readCharacterSDCardh)
                  0002fde0    0000026c     sysbios.aem4f : BIOS.obj (.text:ti_sysbios_heaps_HeapMem_free__E)
                  0003004c    00000004     driverlib.lib : uart.obj (.text:UARTIntClear)
                  00030050    00000250     sysbios.aem4f : BIOS.obj (.text:ti_sysbios_heaps_HeapMem_alloc__E)
                  000302a0    00000234                   : BIOS.obj (.text:ti_sysbios_knl_Task_Instance_finalize__E)
                  000304d4    0000020c     drivers_tivaware.aem4f : UARTTiva.oem4f (.text:UARTTiva_open)
                  000306e0    000001f4                            : SDSPITiva.oem4f (.text:SDSPITiva_diskInitialize)
                  000308d4    00000004     rtsv7M4_T_le_v4SPD16_eabi.lib : exit.c.obj (.text:abort:abort)
                  000308d8    000001f4     sysbios.aem4f : BIOS.obj (.text:ti_sysbios_family_arm_m3_Hwi_excHandlerMax__I)
                  00030acc    00000004     ti.mw.fatfs.aem4f : ffosal.oem4f (.text:ff_rel_grant)
                  00030ad0    000001d8     sysbios.aem4f : BIOS.obj (.text:ti_sysbios_knl_Task_sleep__E)
                  00030ca8    000001cc     animator.obj (.text:_Z16animator_animatehhsshhhhhb)
                  00030e74    00000004     ti.mw.fatfs.aem4f : diskio.oem4f (.text:get_fattime)
                  00030e78    000001c0     sysbios.aem4f : BIOS.obj (.text:ti_sysbios_knl_Task_Instance_init__E)
                  00031038    000001a4     ti.mw.fatfs.aem4f : ff.oem4f (.text:f_write)
                  000311dc    00000178                       : ff.oem4f (.text:f_read)
                  00031354    00000004     SlaveController_pem4f.oem4f (.text:ti_sysbios_BIOS_RtsGateProxy_enter__E)
                  00031358    00000174     sysbios.aem4f : BIOS.obj (.text:ti_sysbios_family_arm_m3_Hwi_excBusFault__I)
                  000314cc    00000170     ILI9341.obj (.text:_Z12ILI9341_initv)
                  0003163c    00000164     ti.mw.fatfs.aem4f : ff.oem4f (.text:f_open)
                  000317a0    00000164     sysbios.aem4f : BIOS.obj (.text:ti_sysbios_family_arm_m3_Hwi_excUsageFault__I)
                  00031904    0000015a     ti.mw.fatfs.aem4f : ff.oem4f (.text:f_lseek)
                  00031a5e    00000002     drivers_tivaware.aem4f : SPITivaDMA.oem4f (.text:SPITivaDMA_serviceISR)
                  00031a60    00000150                            : GPIOTiva.oem4f (.text:GPIO_setConfig)
                  00031bb0    00000148     sysbios.aem4f : BIOS.obj (.text:ti_sysbios_family_arm_m3_Hwi_excMemFault__I)
                  00031cf8    0000013c     animator.obj (.text:_Z29animator_readPersistentSpritePKcth)
                  00031e34    00000004     SlaveController_pem4f.oem4f (.text:ti_sysbios_BIOS_RtsGateProxy_leave__E)
                  00031e38    0000013c     sysbios.aem4f : BIOS.obj (.text:ti_sysbios_heaps_HeapMem_Instance_init__E)
                  00031f74    00000134     rtsv7M4_T_le_v4SPD16_eabi.lib : localtim.c.obj (.text:__localtime32)
                  000320a8    00000130     driverlib.lib : gpio.obj (.text:GPIOPadConfigSet)
                  000321d8    00000123     ti.mw.fatfs.aem4f : ff.oem4f (.text:create_name)
                  000322fb    00000001     --HOLE-- [fill = 0]
                  000322fc    00000004     sysbios.aem4f : BIOS.obj (.text:ti_sysbios_family_arm_lm4_Timer_masterEnable__I)
                  00032300    0000011c                   : BIOS.obj (.text:ti_sysbios_knl_Clock_Instance_init__E)
                  0003241c    00000118     ti.targets.arm.rtsarm.aem4f : Error.oem4f (.text:xdc_runtime_Error_policyDefault__E)
                  00032534    0000010c     rtsv7M4_T_le_v4SPD16_eabi.lib : fopen.c.obj (.text:_openfile)
                  00032640    00000108     drivers_tivaware.aem4f : SDSPITiva.oem4f (.text:SDSPITiva_open)
                  00032748    00000108     sysbios.aem4f : BIOS.obj (.text:ti_sysbios_family_arm_lm4_Timer_start__E)
                  00032850    00000104     Flash.obj (.text:Flash_writeMemory_specifiedAddress)
                  00032954    00000100     Boot.aem4f : Boot_sysctl.oem4f (.text:ti_catalog_arm_cortexm4_tiva_ce_Boot_sysCtlClockSetI__I)
                  00032a54    00000100     ti.targets.arm.rtsarm.aem4f : Core-mem.oem4f (.text:xdc_runtime_Core_createObject__I)
                  00032b54    000000fe     ti.mw.fatfs.aem4f : ff.oem4f (.text:f_rename)
                  00032c52    000000fa                       : ff.oem4f (.text:dir_next)
                  00032d4c    000000f8     rtsv7M4_T_le_v4SPD16_eabi.lib : fread.c.obj (.text:fread)
                  00032e44    000000f8     ti.targets.arm.rtsarm.aem4f : Startup.oem4f (.text:xdc_runtime_Startup_startMods__I)
                  00032f3c    000000f8     SlaveController_pem4f.oem4f (.text:xdc_runtime_System_printfExtend__I)
                  00033034    000000f4     drivers_tivaware.aem4f : SDSPITiva.oem4f (.text:SDSPITiva_diskIOctrl)
                  00033128    000000f4     sysbios.aem4f : m3_Hwi_asm.obj (.text:ti_sysbios_family_arm_m3_Hwi_dispatch__I)
                  0003321c    000000ec     ti.mw.fatfs.aem4f : ff.oem4f (.text:put_fat)
                  00033308    000000ec     sysbios.aem4f : BIOS.obj (.text:ti_sysbios_knl_Semaphore_post__E)
                  000333f4    000000e8     drivers_tivaware.aem4f : SDSPITiva.oem4f (.text:SDSPITiva_diskWrite)
                  000334dc    000000dc     rtsv7M4_T_le_v4SPD16_eabi.lib : setvbuf.c.obj (.text:setvbuf)
                  000335b8    000000d8     drivers_tivaware.aem4f : SPITivaDMA.oem4f (.text:SPITivaDMA_open)
                  00033690    000000d8     sysbios.aem4f : BIOS.obj (.text:ti_sysbios_family_arm_lm4_TimestampProvider_get32__E)
                  00033768    000000d6     ti.mw.fatfs.aem4f : ff.oem4f (.text:get_fat)
                  0003383e    00000002     rtsv7M4_T_le_v4SPD16_eabi.lib : _lock.c.obj (.text:_nop)
                  00033840    000000d0     animator.obj (.text:_Z19animator_initializev)
                  00033910    000000cc     ti.targets.arm.rtsarm.aem4f : Core-smem.oem4f (.text:xdc_runtime_Core_constructObject__I)
                  000339dc    000000c6     drivers_tivaware.aem4f : SDSPITiva.oem4f (.text:send_cmd)
                  00033aa2    00000002     rtsv7M4_T_le_v4SPD16_eabi.lib : div0.asm.obj (.text)
                  00033aa4    000000c0     drivers_tivaware.aem4f : SDSPITiva.oem4f (.text:SDSPITiva_diskRead)
                  00033b64    000000c0                            : SPITivaDMA.oem4f (.text:SPITivaDMA_configDMA)
                  00033c24    000000bc     EK_TM4C123GXL.obj (.text:EK_TM4C123GXL_initSPI)
                  00033ce0    000000bc     rtsv7M4_T_le_v4SPD16_eabi.lib : open.c.obj (.text:open)
                  00033d9c    00000004     SlaveController_pem4f.oem4f (.text:ti_sysbios_family_arm_m3_Hwi_destruct)
                  00033da0    000000bc     sysbios.aem4f : BIOS.obj (.text:ti_sysbios_family_arm_m3_Hwi_excDebugMon__I)
                  00033e5c    00000004     SlaveController_pem4f.oem4f (.text:ti_sysbios_family_arm_m3_TaskSupport_Module__startupDone__S)
                  00033e60    000000bc     sysbios.aem4f : BIOS.obj (.text:ti_sysbios_family_arm_m3_Hwi_excHardFault__I)
                  00033f1c    000000b8     rtsv7M4_T_le_v4SPD16_eabi.lib : add_device.c.obj (.text:add_device)
                  00033fd4    000000b8     ti.mw.fatfs.aem4f : ffcio.oem4f (.text:ffcio_open)
                  0003408c    000000b4                       : ff.oem4f (.text:sync_fs)
                  00034140    000000b4     sysbios.aem4f : BIOS.obj (.text:ti_sysbios_gates_GateMutex_enter__E)
                  000341f4    00000004     SlaveController_pem4f.oem4f (.text:ti_sysbios_heaps_HeapMem_Module_GateProxy_enter__E)
                  000341f8    000000b4     sysbios.aem4f : BIOS.obj (.text:ti_sysbios_knl_Task_checkStacks__E)
                  000342ac    000000ac     drivers_tivaware.aem4f : UARTTiva.oem4f (.text:readTaskBlocking)
                  00034358    000000ac     sysbios.aem4f : BIOS.obj (.text:ti_sysbios_family_arm_lm4_Timer_enableTiva__I)
                  00034404    000000a8     ti.mw.fatfs.aem4f : ff.oem4f (.text:create_chain)
                  000344ac    000000a4     drivers_tivaware.aem4f : SPITivaDMA.oem4f (.text:SPITivaDMA_initHw)
                  00034550    000000a4     ti.mw.fatfs.aem4f : ff.oem4f (.text:f_unlink)
                  000345f4    00000004     SlaveController_pem4f.oem4f (.text:ti_sysbios_heaps_HeapMem_Module_GateProxy_leave__E)
                  000345f8    000000a4     sysbios.aem4f : BIOS.obj (.text:ti_sysbios_knl_Clock_Instance_finalize__E)
                  0003469c    000000a0     auto_init.aem4f : auto_init.oem4f (.text)
                  0003473c    000000a0     start.obj (.text:main)
                  000347dc    000000a0     drivers_tivaware.aem4f : SDSPITiva.oem4f (.text:rcvr_datablock)
                  0003487c    000000a0     ti.targets.arm.rtsarm.aem4f : Text.oem4f (.text:xdc_runtime_Text_putMod__E)
                  0003491c    0000009c     rtsv7M4_T_le_v4SPD16_eabi.lib : _bufread.c.obj (.text:__TI_buff_read)
                  000349b8    0000009c     ti.mw.fatfs.aem4f : ff.oem4f (.text:f_sync)
                  00034a54    0000009c     rtsv7M4_T_le_v4SPD16_eabi.lib : fopen.c.obj (.text:fopen)
                  00034af0    0000009c                                   : memcpy_t2.asm.obj (.text)
                  00034b8c    00000004     SlaveController_pem4f.oem4f (.text:ti_sysbios_knl_Clock_TimerProxy_getMaxTicks__E)
                  00034b90    0000009c     sysbios.aem4f : BIOS.obj (.text:ti_sysbios_knl_Semaphore_Instance_init__E)
                  00034c2c    0000009a     ILI9341.obj (.text:_Z16ILI9341_fillRectjjjjj)
                  00034cc6    00000002     SlaveController_pem4f.oem4f (.text:ti_sysbios_BIOS_nullFunc__I)
                  00034cc8    0000009a     ti.targets.arm.rtsarm.aem4f : Text.oem4f (.text:xdc_runtime_Text_putSite__E)
                  00034d62    0000009a     drivers_tivaware.aem4f : SDSPITiva.oem4f (.text:xmit_datablock)
                  00034dfc    00000098                            : UARTTiva.oem4f (.text:UARTTiva_readPolling)
                  00034e94    00000098     ILI9341.obj (.text:_Z11commandListPKh)
                  00034f2c    00000098     Boot.aem4f : Boot.oem4f (.text:ti_catalog_arm_cortexm4_tiva_ce_Boot_sysCtlClockSet__E)
                  00034fc4    00000096     rtsv7M4_T_le_v4SPD16_eabi.lib : ull_div_t2.asm.obj (.text)
                  0003505a    00000094     drivers_tivaware.aem4f : UARTTiva.oem4f (.text:UARTTiva_write)
                  000350ee    00000002     SlaveController_pem4f.oem4f (.text:xdc_runtime_Startup_reset__I)
                  000350f0    00000094     sysbios.aem4f : BIOS.obj (.text:ti_sysbios_family_arm_m3_Hwi_Instance_init__E)
                  00035184    00000004     SlaveController_pem4f.oem4f (.text:ti_sysbios_knl_Clock_TimerProxy_getPeriod__E)
                  00035188    00000094     sysbios.aem4f : BIOS.obj (.text:ti_sysbios_family_arm_m3_Hwi_initNVIC__E)
                  0003521c    00000004     SlaveController_pem4f.oem4f (.text:ti_sysbios_knl_Clock_destruct)
                  00035220    00000094     sysbios.aem4f : BIOS.obj (.text:ti_sysbios_knl_Task_postInit__I)
                  000352b4    00000090     Flash.obj (.text:Flash_init)
                  00035344    0000008c     drivers_tivaware.aem4f : GPIOTiva.oem4f (.text:GPIO_init)
                  000353d0    0000008c                            : UARTTiva.oem4f (.text:UARTTiva_control)
                  0003545c    0000008c     sysbios.aem4f : m3_TaskSupport_asm.obj (.text:ti_sysbios_family_arm_m3_TaskSupport_buildTaskStack)
                  000354e8    0000008a     drivers_tivaware.aem4f : UARTTiva.oem4f (.text:readIsrTextBlocking)
                  00035572    00000002     --HOLE-- [fill = 0]
                  00035574    00000088     EK_TM4C123GXL.obj (.text:EK_TM4C123GXL_initDMA)
                  000355fc    00000088     ILI9341.obj (.text:_Z18ILI9341_drawColorsjjPit)
                  00035684    00000084     UART.obj (.text:UART_start)
                  00035708    00000084     sysbios.aem4f : BIOS.obj (.text:ti_sysbios_family_arm_m3_Hwi_postInit__I)
                  0003578c    00000084     driverlib.lib : udma.obj (.text:uDMAChannelTransferSet)
                  00035810    00000082     drivers_tivaware.aem4f : UARTTiva.oem4f (.text:readIsrTextCallback)
                  00035892    0000007e     ti.mw.fatfs.aem4f : ff.oem4f (.text:dir_sdi)
                  00035910    0000007c                       : ff.oem4f (.text:f_mount)
                  0003598c    0000007a     drivers_tivaware.aem4f : UARTTiva.oem4f (.text:readTaskCallback)
                  00035a06    0000007a     rtsv7M4_T_le_v4SPD16_eabi.lib : memset_t2.asm.obj (.text)
                  00035a80    00000076     ILI9341.obj (.text:_ZN33_INTERNAL_11_ILI9341_cpp_6ff9e12f17ILI9341_setCoordsEtttt)
                  00035af6    00000002     --HOLE-- [fill = 0]
                  00035af8    00000074     rtsv7M4_T_le_v4SPD16_eabi.lib : fclose.c.obj (.text:__TI_closefile)
                  00035b6c    00000074     ti.mw.fatfs.aem4f : ff.oem4f (.text:check_fs)
                  00035be0    00000074     sysbios.aem4f : BIOS.obj (.text:ti_sysbios_knl_Clock_start__E)
                  00035c54    00000004     SlaveController_pem4f.oem4f (.text:ti_sysbios_knl_Queue_destruct)
                  00035c58    00000070     sysbios.aem4f : BIOS.obj (.text:ti_sysbios_knl_Clock_workFunc__E)
                  00035cc8    00000070                   : BIOS.obj (.text:ti_sysbios_knl_Task_exit__E)
                  00035d38    0000006e     rtsv7M4_T_le_v4SPD16_eabi.lib : ll_div_t2.asm.obj (.text)
                  00035da6    00000002     --HOLE-- [fill = 0]
                  00035da8    0000006d     ti.targets.arm.rtsarm.aem4f : System.oem4f (.text:xdc_runtime_System_formatNum__I)
                  00035e15    00000003     --HOLE-- [fill = 0]
                  00035e18    0000006c     Flash.obj (.text:Flash_readMemory)
                  00035e84    00000004     SlaveController_pem4f.oem4f (.text:ti_sysbios_knl_Semaphore_destruct)
                  00035e88    0000006c     sysbios.aem4f : BIOS.obj (.text:ti_sysbios_knl_Swi_restoreHwi__E)
                  00035ef4    0000006c     drivers_tivaware.aem4f : UARTTiva.oem4f (.text:writeData)
                  00035f60    0000006c     ti.targets.arm.rtsarm.aem4f : Error.oem4f (.text:xdc_runtime_Error_print__E)
                  00035fcc    0000006c                                 : Memory.oem4f (.text:xdc_runtime_Memory_alloc__E)
                  00036038    00000068     rtsv7M4_T_le_v4SPD16_eabi.lib : hostlseek.c.obj (.text:HOSTlseek)
                  000360a0    00000068                                   : hostrename.c.obj (.text:HOSTrename)
                  00036108    00000068     SD.obj (.text:SD_startSDCard)
                  00036170    00000068     rtsv7M4_T_le_v4SPD16_eabi.lib : copy_decompress_lzss.c.obj (.text:decompress:lzss:__TI_decompress_lzss)
                  000361d8    00000066     ti.targets.arm.rtsarm.aem4f : Core-mem.oem4f (.text:xdc_runtime_Core_deleteObject__I)
                  0003623e    00000002     --HOLE-- [fill = 0]
                  00036240    00000064     Flash.obj (.text:Flash_pendWriteOpCompletion)
                  000362a4    00000064     drivers_tivaware.aem4f : GPIOTiva.oem4f (.text:GPIO_hwiIntFxn)
                  00036308    00000064     ti.mw.fatfs.aem4f : ff.oem4f (.text:follow_path)
                  0003636c    00000004     ti.targets.arm.rtsarm.aem4f : Error.oem4f (.text:xdc_runtime_Error_getSite__E)
                  00036370    00000064     sysbios.aem4f : BIOS.obj (.text:ti_sysbios_family_arm_lm4_Timer_Module_startup__E)
                  000363d4    00000064     SlaveController_pem4f.oem4f (.text:ti_sysbios_family_arm_m3_Hwi_create)
                  00036438    00000064     sysbios.aem4f : BIOS.obj (.text:ti_sysbios_family_arm_m3_Hwi_dispatchC__I)
                  0003649c    00000062     drivers_tivaware.aem4f : SPITivaDMA.oem4f (.text:SPITivaDMA_transfer)
                  000364fe    00000002     --HOLE-- [fill = 0]
                  00036500    00000060     rtsv7M4_T_le_v4SPD16_eabi.lib : hostopen.c.obj (.text:HOSTopen)
                  00036560    00000060     sysbios.aem4f : BIOS.obj (.text:ti_sysbios_knl_Task_schedule__I)
                  000365c0    0000005e     drivers_tivaware.aem4f : UARTTiva.oem4f (.text:readIsrBinaryBlocking)
                  0003661e    0000005e     ti.mw.fatfs.aem4f : ff.oem4f (.text:remove_chain)
                  0003667c    0000005c     EK_TM4C123GXL.obj (.text:EK_TM4C123GXL_initSDSPI)
                  000366d8    0000005c     SD.obj (.text:SD_openFile)
                  00036734    0000005c     rtsv7M4_T_le_v4SPD16_eabi.lib : close.c.obj (.text:close)
                  00036790    0000005c     sysbios.aem4f : BIOS.obj (.text:ti_sysbios_knl_Swi_run__I)
                  000367ec    00000004     SlaveController_pem4f.oem4f (.text:xdc_runtime_System_Module_GateProxy_enter__E)
                  000367f0    0000005c     sysbios.aem4f : BIOS.obj (.text:ti_sysbios_knl_Swi_schedule__I)
                  0003684c    00000004     SlaveController_pem4f.oem4f (.text:xdc_runtime_System_Module_GateProxy_leave__E)
                  00036850    0000005c     sysbios.aem4f : BIOS.obj (.text:ti_sysbios_knl_Task_Module_startup__E)
                  000368ac    00000004     ti.targets.arm.rtsarm.aem4f : System.oem4f (.text:xdc_runtime_System_aprintf_va__F)
                  000368b0    0000005c     sysbios.aem4f : BIOS.obj (.text:ti_sysbios_knl_Task_startCore__E)
                  0003690c    0000005c     drivers_tivaware.aem4f : SDSPITiva.oem4f (.text:wait_ready)
                  00036968    0000005b     ti.targets.arm.rtsarm.aem4f : Text.oem4f (.text:xdc_runtime_Text_putLab__E)
                  000369c3    00000001     --HOLE-- [fill = 0]
                  000369c4    00000058     boot.aem4f : boot.oem4f (.text)
                  00036a1c    00000058     rtsv7M4_T_le_v4SPD16_eabi.lib : hostread.c.obj (.text:HOSTread)
                  00036a74    00000058                                   : hostwrite.c.obj (.text:HOSTwrite)
                  00036acc    00000058     tirtosport.aem4f : SemaphoreP_tirtos.oem4f (.text:SemaphoreP_create)
                  00036b24    00000058     SlaveController_pem4f.oem4f (.text:ti_sysbios_family_arm_m3_Hwi_construct)
                  00036b7c    00000058     sysbios.aem4f : m3_Hwi_asm_switch.obj (.text:ti_sysbios_family_arm_m3_Hwi_initStacks__E)
                  00036bd4    00000056     driverlib.lib : gpio.obj (.text:GPIOIntTypeSet)
                  00036c2a    00000056     ti.mw.fatfs.aem4f : ff.oem4f (.text:dir_read)
                  00036c80    00000054     drivers_tivaware.aem4f : UARTTiva.oem4f (.text:readIsrBinaryCallback)
                  00036cd4    00000054     ti.mw.fatfs.aem4f : ff.oem4f (.text:sync_window)
                  00036d28    00000054     sysbios.aem4f : BIOS.obj (.text:ti_sysbios_family_arm_lm4_Timer_initDevice__I)
                  00036d7c    00000054     SlaveController_pem4f.oem4f (.text:ti_sysbios_knl_Task_construct)
                  00036dd0    00000054     ti.targets.arm.rtsarm.aem4f : Assert.oem4f (.text:xdc_runtime_Assert_raise__I)
                  00036e24    00000050     drivers_tivaware.aem4f : GPIOTiva.oem4f (.text:GPIO_setCallback)
                  00036e74    00000050     driverlib.lib : sysctl.obj (.text:SysCtlPeripheralReset)
                  00036ec4    00000050     drivers_tivaware.aem4f : UARTTiva.oem4f (.text:UARTTiva_writeCancel)
                  00036f14    00000050     ILI9341.obj (.text:_ZN33_INTERNAL_11_ILI9341_cpp_6ff9e12f16ILI9341_setColorEj)
                  00036f64    00000004     ti.targets.arm.rtsarm.aem4f : System.oem4f (.text:xdc_runtime_System_printf_va__F)
                  00036f68    00000050     sysbios.aem4f : BIOS.obj (.text:ti_sysbios_family_arm_m3_Hwi_Module_startup__E)
                  00036fb8    00000050     ti.targets.arm.rtsarm.aem4f : Startup.oem4f (.text:xdc_runtime_Startup_exec__E)
                  00037008    00000050                                 : Text.oem4f (.text:xdc_runtime_Text_visitRope2__I)
                  00037058    0000004c     drivers_tivaware.aem4f : UARTTiva.oem4f (.text:UARTTiva_close)
                  000370a4    0000004c     rtsv7M4_T_le_v4SPD16_eabi.lib : fflush.c.obj (.text:__TI_doflush)
                  000370f0    0000004c                                   : cpy_tbl.c.obj (.text:copy_in)
                  0003713c    0000004c     SlaveController_pem4f.oem4f (.text:ti_mw_fatfs_startup)
                  00037188    0000004c     sysbios.aem4f : BIOS.obj (.text:ti_sysbios_heaps_HeapMem_getStats__E)
                  000371d4    00000004     --HOLE-- [fill = 0]
                  000371d8    0000004c                   : BIOS.obj (.text:ti_sysbios_knl_Swi_runLoop__I)
                  00037224    00000004     --HOLE-- [fill = 0]
                  00037228    0000004c                   : BIOS.obj (.text:ti_sysbios_knl_Task_allBlockedFunction__I)
                  00037274    0000004a     rtsv7M4_T_le_v4SPD16_eabi.lib : _io_perm.c.obj (.text:__TI_rd_ok)
                  000372be    00000002     --HOLE-- [fill = 0]
                  000372c0    00000048     driverlib.lib : gpio.obj (.text:GPIOPinConfigure)
                  00037308    00000048     ti.mw.fatfs.aem4f : ff.oem4f (.text:dir_find)
                  00037350    00000048     rtsv7M4_T_le_v4SPD16_eabi.lib : exit.c.obj (.text:exit)
                  00037398    00000048     sysbios.aem4f : BIOS.obj (.text:ti_sysbios_family_arm_lm4_Timer_enableTimers__I)
                  000373e0    00000048                   : BIOS.obj (.text:ti_sysbios_family_arm_m3_Hwi_disableInterrupt__E)
                  00037428    00000048                   : BIOS.obj (.text:ti_sysbios_family_arm_m3_Hwi_enableInterrupt__E)
                  00037470    00000048                   : BIOS.obj (.text:ti_sysbios_family_arm_m3_Hwi_excReserved__I)
                  000374b8    00000046     drivers_tivaware.aem4f : RingBuf.oem4f (.text:RingBuf_put)
                  000374fe    00000046     ti.targets.arm.rtsarm.aem4f : Core-params.oem4f (.text:xdc_runtime_Core_assignParams__I)
                  00037544    00000044     rtsv7M4_T_le_v4SPD16_eabi.lib : hostclose.c.obj (.text:HOSTclose)
                  00037588    00000044                                   : hostunlink.c.obj (.text:HOSTunlink)
                  000375cc    00000044     SD.obj (.text:SD_read)
                  00037610    00000044     SD.obj (.text:SD_readNextChar)
                  00037654    00000044     drivers_tivaware.aem4f : SPITivaDMA.oem4f (.text:SPITivaDMA_hwiFxn)
                  00037698    00000044     ti.mw.fatfs.aem4f : ff.oem4f (.text:dir_alloc)
                  000376dc    00000044     rtsv7M4_T_le_v4SPD16_eabi.lib : getdevice.c.obj (.text:getdevice)
                  00037720    00000044     drivers_tivaware.aem4f : SDSPITiva.oem4f (.text:send_initial_clock_train)
                  00037764    00000004     --HOLE-- [fill = 0]
                  00037768    00000044     sysbios.aem4f : BIOS.obj (.text:ti_sysbios_family_arm_lm4_Timer_isrStub__E)
                  000377ac    00000004     --HOLE-- [fill = 0]
                  000377b0    00000044                   : BIOS.obj (.text:ti_sysbios_family_arm_m3_Hwi_getStackInfo__E)
                  000377f4    00000004     --HOLE-- [fill = 0]
                  000377f8    00000044                   : BIOS.obj (.text:ti_sysbios_knl_Swi_post__E)
                  0003783c    00000044     ti.targets.arm.rtsarm.aem4f : Error.oem4f (.text:xdc_runtime_Error_setX__E)
                  00037880    00000044                                 : SysMin.oem4f (.text:xdc_runtime_SysMin_flush__E)
                  000378c4    00000044                                 : Text.oem4f (.text:xdc_runtime_Text_xprintf__I)
                  00037908    00000042     drivers_tivaware.aem4f : SPITivaDMA.oem4f (.text:SPITivaDMA_transferCancel)
                  0003794a    00000042     driverlib.lib : uart.obj (.text:UARTConfigSetExpClk)
                  0003798c    00000042     drivers_tivaware.aem4f : UARTTiva.oem4f (.text:UARTTiva_hwiIntFxn)
                  000379ce    00000042                            : UARTTiva.oem4f (.text:UARTTiva_writePolling)
                  00037a10    00000040     EK_TM4C123GXL.obj (.text:EK_TM4C123GXL_initGeneral)
                  00037a50    00000040     Flash.obj (.text:Flash_transferSPICS)
                  00037a90    00000040     Flash.obj (.text:Flash_writeCommandCS)
                  00037ad0    00000040     drivers_tivaware.aem4f : RingBuf.oem4f (.text:RingBuf_get)
                  00037b10    00000040                            : SDSPITiva.oem4f (.text:SDSPITiva_close)
                  00037b50    00000040                            : UARTTiva.oem4f (.text:UARTTiva_read)
                  00037b90    00000040     ILI9341.obj (.text:_ZN33_INTERNAL_11_ILI9341_cpp_6ff9e12f12writeCommandEh)
                  00037bd0    00000040     ti.mw.fatfs.aem4f : ff.oem4f (.text:get_ldnumber)
                  00037c10    00000040     rtsv7M4_T_le_v4SPD16_eabi.lib : u_divt2.asm.obj (.text)
                  00037c50    00000040     sysbios.aem4f : BIOS.obj (.text:ti_sysbios_family_arm_lm4_Timer_startup__E)
                  00037c90    0000003c     drivers_tivaware.aem4f : SPITivaDMA.oem4f (.text:SPITivaDMA_close)
                  00037ccc    0000003c     driverlib.lib : ssi.obj (.text:SSIConfigSetExpClk)
                  00037d08    0000003c     animator.obj (.text:_Z9readUntilcPh)
                  00037d44    0000003c     EK_TM4C123GXL.obj (.text:dmaErrorHwi)
                  00037d80    0000003c     sysbios.aem4f : BIOS.obj (.text:ti_sysbios_family_arm_m3_Hwi_excSvCall__I)
                  00037dbc    00000004     --HOLE-- [fill = 0]
                  00037dc0    0000003c                   : BIOS.obj (.text:ti_sysbios_heaps_HeapMem_init__I)
                  00037dfc    00000004     --HOLE-- [fill = 0]
                  00037e00    0000003c                   : BIOS.obj (.text:ti_sysbios_knl_Swi_restore__E)
                  00037e3c    00000038     drivers_tivaware.aem4f : SDSPI.oem4f (.text:SDSPI_init)
                  00037e74    00000038                            : SPI.oem4f (.text:SPI_init)
                  00037eac    00000038                            : UART.oem4f (.text:UART_init)
                  00037ee4    00000038     rtsv7M4_T_le_v4SPD16_eabi.lib : trgmsg.c.obj (.text:__TI_writemsg)
                  00037f1c    00000038     ti.mw.fatfs.aem4f : ff.oem4f (.text:dir_register)
                  00037f54    00000004     --HOLE-- [fill = 0]
                  00037f58    00000038     sysbios.aem4f : BIOS.obj (.text:ti_sysbios_family_arm_m3_Hwi_excNoIsr__I)
                  00037f90    00000038                   : BIOS.obj (.text:ti_sysbios_knl_Task_processVitalTaskFlag__I)
                  00037fc8    00000038     ti.targets.arm.rtsarm.aem4f : SysMin.oem4f (.text:xdc_runtime_SysMin_putch__E)
                  00038000    00000038                                 : System.oem4f (.text:xdc_runtime_System_atexit__E)
                  00038038    00000036     drivers_tivaware.aem4f : UARTTiva.oem4f (.text:UARTTiva_readCancel)
                  0003806e    00000036     ti.mw.fatfs.aem4f : ff.oem4f (.text:move_window)
                  000380a4    00000036     rtsv7M4_T_le_v4SPD16_eabi.lib : strncpy.c.obj (.text:strncpy)
                  000380da    00000036     SlaveController_pem4f.oem4f (.text:ti_mw_fatfs_getFatTime)
                  00038110    00000034     EK_TM4C123GXL.obj (.text:EK_TM4C123GXL_initUART)
                  00038144    00000034     driverlib.lib : sysctl.obj (.text:SysCtlPeripheralEnable)
                  00038178    00000034     rtsv7M4_T_le_v4SPD16_eabi.lib : fopen.c.obj (.text:__TI_cleanup)
                  000381ac    00000034                                   : trgmsg.c.obj (.text:__TI_readmsg)
                  000381e0    00000034     ti.mw.fatfs.aem4f : ff.oem4f (.text:dir_remove)
                  00038214    00000034                       : ffcio.oem4f (.text:ffcio_lseek)
                  00038248    00000034     sysbios.aem4f : BIOS.obj (.text:ti_sysbios_family_arm_m3_Hwi_Instance_finalize__E)
                  0003827c    00000004     --HOLE-- [fill = 0]
                  00038280    00000034                   : BIOS.obj (.text:ti_sysbios_family_arm_m3_Hwi_excNmi__I)
                  000382b4    00000004     --HOLE-- [fill = 0]
                  000382b8    00000034                   : BIOS.obj (.text:ti_sysbios_hal_Hwi_checkStack)
                  000382ec    00000034     SlaveController_pem4f.oem4f (.text:ti_sysbios_knl_Clock_construct)
                  00038320    00000034     ti.mw.fatfs.aem4f : ff.oem4f (.text:validate)
                  00038354    00000034     ti.targets.arm.rtsarm.aem4f : Core-label.oem4f (.text:xdc_runtime_Core_assignLabel__I)
                  00038388    00000033                                 : Text.oem4f (.text:xdc_runtime_Text_printVisFxn__I)
                  000383bb    00000005     --HOLE-- [fill = 0]
                  000383c0    00000032     sysbios.aem4f : BIOS.obj (.text:ti_sysbios_hal_Hwi_initStack)
                  000383f2    00000002     --HOLE-- [fill = 0]
                  000383f4    00000030     EK_TM4C123GXL.obj (.text:EK_TM4C123GXL_initGPIO)
                  00038424    00000030     drivers_tivaware.aem4f : SDSPI.oem4f (.text:SDSPI_open)
                  00038454    00000030                            : SPI.oem4f (.text:SPI_open)
                  00038484    00000030                            : UART.oem4f (.text:UART_open)
                  000384b4    00000030     ILI9341.obj (.text:_ZN33_INTERNAL_11_ILI9341_cpp_6ff9e12f9writeDataEh)
                  000384e4    00000030     rtsv7M4_T_le_v4SPD16_eabi.lib : getdevice.c.obj (.text:finddevice)
                  00038514    00000030     SlaveController_pem4f.oem4f (.text:ti_sysbios_BIOS_atExitFunc__I)
                  00038544    00000004     --HOLE-- [fill = 0]
                  00038548    00000030     sysbios.aem4f : BIOS.obj (.text:ti_sysbios_family_arm_lm4_Timer_stop__E)
                  00038578    00000030                   : BIOS.obj (.text:ti_sysbios_family_arm_m3_TaskSupport_start__E)
                  000385a8    00000030     SlaveController_pem4f.oem4f (.text:ti_sysbios_gates_GateHwi_Object__create__S)
                  000385d8    00000030     SlaveController_pem4f.oem4f (.text:ti_sysbios_gates_GateMutex_Object__create__S)
                  00038608    00000030     SlaveController_pem4f.oem4f (.text:ti_sysbios_heaps_HeapMem_Object__create__S)
                  00038638    00000030     SlaveController_pem4f.oem4f (.text:ti_sysbios_knl_Semaphore_construct)
                  00038668    00000030     sysbios.aem4f : BIOS.obj (.text:ti_sysbios_knl_Semaphore_pendTimeout__I)
                  00038698    00000030                   : BIOS.obj (.text:ti_sysbios_knl_Task_unblockI__E)
                  000386c8    00000030     ti.targets.arm.rtsarm.aem4f : SysMin.oem4f (.text:xdc_runtime_SysMin_abort__E)
                  000386f8    00000030                                 : System.oem4f (.text:xdc_runtime_System_processAtExit__E)
                  00038728    0000002e     SlaveController_pem4f.oem4f (.text:malloc)
                  00038756    00000002     --HOLE-- [fill = 0]
                  00038758    0000002c     Flash.obj (.text:Flash_writeMemory)
                  00038784    0000002c     ti.mw.fatfs.aem4f : diskio.oem4f (.text:disk_register)
                  000387b0    0000002c     rtsv7M4_T_le_v4SPD16_eabi.lib : fclose.c.obj (.text:fclose)
                  000387dc    0000002c     SlaveController_pem4f.oem4f (.text:ti_sysbios_knl_Clock_doTick__I)
                  00038808    0000002c     SlaveController_pem4f.oem4f (.text:ti_sysbios_knl_Queue_construct)
                  00038834    00000004     --HOLE-- [fill = 0]
                  00038838    0000002c     sysbios.aem4f : BIOS.obj (.text:ti_sysbios_knl_Task_restore__E)
                  00038864    0000002c     driverlib.lib : udma.obj (.text:uDMAChannelAssign)
                  00038890    0000002c     rtsv7M4_T_le_v4SPD16_eabi.lib : unlink.c.obj (.text:unlink)
                  000388bc    0000002c     ti.targets.arm.rtsarm.aem4f : Text.oem4f (.text:xdc_runtime_Text_cordText__E)
                  000388e8    0000002a     driverlib.lib : gpio.obj (.text:GPIODirModeSet)
                  00038912    0000002a     ti.targets.arm.rtsarm.aem4f : System.oem4f (.text:xdc_runtime_System_putchar__I)
                  0003893c    00000028     ti.mw.fatfs.aem4f : diskio.oem4f (.text:disk_unregister)
                  00038964    00000028     rtsv7M4_T_le_v4SPD16_eabi.lib : read.c.obj (.text:read)
                  0003898c    00000028     SlaveController_pem4f.oem4f (.text:ti_sysbios_BIOS_startFunc__I)
                  000389b4    00000004     --HOLE-- [fill = 0]
                  000389b8    00000028     sysbios.aem4f : BIOS.obj (.text:ti_sysbios_knl_Swi_Module_startup__E)
                  000389e0    00000028     rtsv7M4_T_le_v4SPD16_eabi.lib : write.c.obj (.text:write)
                  00038a08    00000026     sysbios.aem4f : m3_Hwi_asm.obj (.text:ti_sysbios_family_arm_m3_Hwi_pendSV__I)
                  00038a2e    00000026     ti.targets.arm.rtsarm.aem4f : System.oem4f (.text:xdc_runtime_System_avprintf__E)
                  00038a54    00000024     ti.mw.fatfs.aem4f : diskio.oem4f (.text:disk_ioctl)
                  00038a78    00000024                       : diskio.oem4f (.text:disk_read)
                  00038a9c    00000024                       : ff.oem4f (.text:f_close)
                  00038ac0    00000024                       : ffcio.oem4f (.text:ffcio_close)
                  00038ae4    00000024     SlaveController_pem4f.oem4f (.text:ti_sysbios_BIOS_errorRaiseHook__I)
                  00038b08    00000024     SlaveController_pem4f.oem4f (.text:ti_sysbios_BIOS_registerRTSLock__I)
                  00038b2c    00000024     SlaveController_pem4f.oem4f (.text:ti_sysbios_BIOS_removeRTSLock__I)
                  00038b50    00000024     SlaveController_pem4f.oem4f (.text:ti_sysbios_gates_GateMutex_Object__delete__S)
                  00038b74    00000004     --HOLE-- [fill = 0]
                  00038b78    00000024     sysbios.aem4f : BIOS.obj (.text:ti_sysbios_knl_Clock_Module_startup__E)
                  00038b9c    00000004     --HOLE-- [fill = 0]
                  00038ba0    00000024                   : BIOS.obj (.text:ti_sysbios_knl_Task_restoreHwi__E)
                  00038bc4    00000024     driverlib.lib : udma.obj (.text:uDMAChannelControlSet)
                  00038be8    00000024     ti.targets.arm.rtsarm.aem4f : System.oem4f (.text:xdc_runtime_System_vprintf__E)
                  00038c0c    00000004     --HOLE-- [fill = 0]
                  00038c10    00000022     sysbios.aem4f : BIOS.obj (.text:ti_sysbios_family_arm_lm4_Timer_write__I)
                  00038c32    00000022     SlaveController_pem4f.oem4f (.text:xdc_runtime_SysMin_output__I)
                  00038c54    00000020     Flash.obj (.text:Flash_allocateMemory)
                  00038c74    00000020     ti.mw.fatfs.aem4f : diskio.oem4f (.text:disk_write)
                  00038c94    00000020                       : ffcio.oem4f (.text:ffcio_read)
                  00038cb4    00000020                       : ffcio.oem4f (.text:ffcio_write)
                  00038cd4    00000020     SlaveController_pem4f.oem4f (.text:ti_sysbios_BIOS_rtsLock__I)
                  00038cf4    00000004     --HOLE-- [fill = 0]
                  00038cf8    00000020     sysbios.aem4f : BIOS.obj (.text:ti_sysbios_family_arm_m3_Hwi_clearInterrupt__E)
                  00038d18    00000020                   : m3_Hwi_asm.obj (.text:ti_sysbios_family_arm_m3_Hwi_excHandlerAsm__I)
                  00038d38    00000020                   : BIOS.obj (.text:ti_sysbios_family_arm_m3_Hwi_excHandler__I)
                  00038d58    00000020     SlaveController_pem4f.oem4f (.text:ti_sysbios_gates_GateHwi_Object__delete__S)
                  00038d78    00000020     SlaveController_pem4f.oem4f (.text:ti_sysbios_heaps_HeapMem_Object__delete__S)
                  00038d98    00000020     SlaveController_pem4f.oem4f (.text:ti_sysbios_knl_Clock_Object__destruct__S)
                  00038db8    00000020     sysbios.aem4f : BIOS.obj (.text:ti_sysbios_knl_Idle_run__E)
                  00038dd8    00000020     SlaveController_pem4f.oem4f (.text:ti_sysbios_knl_Semaphore_Object__destruct__S)
                  00038df8    00000020     ti.targets.arm.rtsarm.aem4f : Registry.oem4f (.text:xdc_runtime_Registry_findById__E)
                  00038e18    00000020                                 : SysMin.oem4f (.text:xdc_runtime_SysMin_Module_startup__E)
                  00038e38    0000001e     ti.mw.fatfs.aem4f : ff.oem4f (.text:ld_clust)
                  00038e56    0000001e     rtsv7M4_T_le_v4SPD16_eabi.lib : strcat.c.obj (.text:strcat)
                  00038e74    0000001e     sysbios.aem4f : m3_Hwi_asm_switch.obj (.text:ti_sysbios_family_xxx_Hwi_switchAndRunFunc)
                  00038e92    00000002     --HOLE-- [fill = 0]
                  00038e94    0000001c     driverlib.lib : uart.obj (.text:UARTDisable)
                  00038eb0    0000001c     UART.obj (.text:UART_transmit)
                  00038ecc    0000001c     ti.mw.fatfs.aem4f : diskio.oem4f (.text:disk_initialize)
                  00038ee8    0000001c                       : diskio.oem4f (.text:disk_status)
                  00038f04    0000001c     drivers_tivaware.aem4f : GPIOTiva.oem4f (.text:getGpioIntIndex)
                  00038f20    0000001c     ti.mw.fatfs.aem4f : ff.oem4f (.text:mem_cmp)
                  00038f3c    00000004     --HOLE-- [fill = 0]
                  00038f40    0000001c     sysbios.aem4f : BIOS.obj (.text:ti_sysbios_family_arm_lm4_Seconds_get__E)
                  00038f5c    0000001c     SlaveController_pem4f.oem4f (.text:ti_sysbios_family_arm_m3_Hwi_Object__destruct__S)
                  00038f78    0000001c     sysbios.aem4f : BIOS.obj (.text:ti_sysbios_gates_GateMutex_Instance_init__E)
                  00038f94    0000001c     SlaveController_pem4f.oem4f (.text:ti_sysbios_knl_Queue_Object__destruct__S)
                  00038fb0    0000001c     sysbios.aem4f : BIOS.obj (.text:ti_sysbios_knl_Queue_put__E)
                  00038fcc    00000004     --HOLE-- [fill = 0]
                  00038fd0    0000001c                   : BIOS.obj (.text:ti_sysbios_knl_Task_enter__I)
                  00038fec    0000001c     ti.targets.arm.rtsarm.aem4f : Error.oem4f (.text:xdc_runtime_Error_raiseX__E)
                  00039008    0000001c                                 : Memory.oem4f (.text:xdc_runtime_Memory_valloc__E)
                  00039024    0000001c                                 : SysMin.oem4f (.text:xdc_runtime_SysMin_exit__E)
                  00039040    0000001c                                 : System.oem4f (.text:xdc_runtime_System_abort__E)
                  0003905c    0000001a     SlaveController_pem4f.oem4f (.text:free)
                  00039076    0000001a     SlaveController_pem4f.oem4f (.text:ti_sysbios_family_arm_m3_Hwi_Handle__label__S)
                  00039090    0000001a     SlaveController_pem4f.oem4f (.text:ti_sysbios_gates_GateHwi_Handle__label__S)
                  000390aa    0000001a     SlaveController_pem4f.oem4f (.text:ti_sysbios_gates_GateMutex_Handle__label__S)
                  000390c4    0000001a     SlaveController_pem4f.oem4f (.text:ti_sysbios_heaps_HeapMem_Handle__label__S)
                  000390de    0000001a     SlaveController_pem4f.oem4f (.text:ti_sysbios_knl_Swi_Handle__label__S)
                  000390f8    0000001a     SlaveController_pem4f.oem4f (.text:ti_sysbios_knl_Task_Handle__label__S)
                  00039112    0000001a     ti.mw.fatfs.aem4f : ff.oem4f (.text:unlock_fs)
                  0003912c    0000001a     SlaveController_pem4f.oem4f (.text:xdc_runtime_System_aprintf__E)
                  00039146    0000001a     SlaveController_pem4f.oem4f (.text:xdc_runtime_System_printf__E)
                  00039160    00000018     driverlib.lib : gpio.obj (.text:GPIOPinTypeGPIOOutput)
                  00039178    00000018     drivers_tivaware.aem4f : UART.oem4f (.text:UART_Params_init)
                  00039190    00000018     UART.obj (.text:UART_receive)
                  000391a8    00000018     animator.obj (.text:_Z11readHalfIntPh)
                  000391c0    00000018     ILI9341.obj (.text:_Z18ILI9341_fillScreenj)
                  000391d8    00000018     ILI9341.obj (.text:_ZN33_INTERNAL_11_ILI9341_cpp_6ff9e12f8deselectEv)
                  000391f0    00000018     rtsv7M4_T_le_v4SPD16_eabi.lib : args_main.c.obj (.text:_args_main)
                  00039208    00000018     ti.mw.fatfs.aem4f : ff.oem4f (.text:clust2sect)
                  00039220    00000018                       : ffosal.oem4f (.text:ff_cre_syncobj)
                  00039238    00000018     rtsv7M4_T_le_v4SPD16_eabi.lib : strcmp.c.obj (.text:strcmp)
                  00039250    00000018     SlaveController_pem4f.oem4f (.text:ti_sysbios_BIOS_rtsUnlock__I)
                  00039268    00000018     SlaveController_pem4f.oem4f (.text:ti_sysbios_family_arm_lm4_Timer_Module__startupDone__F)
                  00039280    00000018     SlaveController_pem4f.oem4f (.text:ti_sysbios_family_arm_m3_Hwi_Module__startupDone__F)
                  00039298    00000018     sysbios.aem4f : m3_TaskSupport_asm.obj (.text:ti_sysbios_family_arm_m3_TaskSupport_swap__E)
                  000392b0    00000018                   : BIOS.obj (.text:ti_sysbios_gates_GateMutex_leave__E)
                  000392c8    00000018                   : BIOS.obj (.text:ti_sysbios_knl_Task_sleepTimeout__I)
                  000392e0    00000018     SlaveController_pem4f.oem4f (.text:time)
                  000392f8    00000018     driverlib.lib : udma.obj (.text:uDMAChannelDisable)
                  00039310    00000018                   : udma.obj (.text:uDMAChannelEnable)
                  00039328    00000018                   : udma.obj (.text:uDMAChannelIsEnabled)
                  00039340    00000018     ti.targets.arm.rtsarm.aem4f : Error.oem4f (.text:xdc_runtime_Error_check__E)
                  00039358    00000018                                 : System.oem4f (.text:xdc_runtime_System_exit__E)
                  00039370    00000018                                 : Text.oem4f (.text:xdc_runtime_Text_ropeText__E)
                  00039388    00000016     tirtosport.aem4f : SemaphoreP_tirtos.oem4f (.text:SemaphoreP_delete)
                  0003939e    00000016     start.obj (.text:_ZN30_INTERNAL_9_start_cpp_c81e5b2e31ti_sysbios_knl_Task_Params_initEP26ti_sysbios_knl_Task_Params)
                  000393b4    00000016     ti.mw.fatfs.aem4f : ff.oem4f (.text:mem_cpy)
                  000393ca    00000016     rtsv7M4_T_le_v4SPD16_eabi.lib : strchr.c.obj (.text:strchr)
                  000393e0    00000016     SlaveController_pem4f.oem4f (.text:ti_sysbios_BIOS_exitFunc__I)
                  000393f6    00000016     EK_TM4C123GXL.obj (.text:ti_sysbios_family_arm_m3_Hwi_Params_init)
                  0003940c    00000014     drivers_tivaware.aem4f : SPI.oem4f (.text:SPI_Params_init)
                  00039420    00000014     driverlib.lib : uart.obj (.text:UARTEnable)
                  00039434    00000014     animator.obj (.text:_Z28animator_setBackgroundColorsPKj)
                  00039448    00000014     ti.mw.fatfs.aem4f : ffosal.oem4f (.text:ff_req_grant)
                  0003945c    00000014                       : ff.oem4f (.text:mem_set)
                  00039470    00000014     rtsv7M4_T_le_v4SPD16_eabi.lib : strcpy.c.obj (.text:strcpy)
                  00039484    00000014                                   : strlen.c.obj (.text:strlen)
                  00039498    00000014     SlaveController_pem4f.oem4f (.text:ti_sysbios_family_arm_m3_Hwi_Object__get__S)
                  000394ac    00000004     --HOLE-- [fill = 0]
                  000394b0    00000014     sysbios.aem4f : BIOS.obj (.text:ti_sysbios_family_arm_m3_Hwi_switchFromBootStack__E)
                  000394c4    00000014     SlaveController_pem4f.oem4f (.text:ti_sysbios_heaps_HeapMem_Object__get__S)
                  000394d8    00000014     SlaveController_pem4f.oem4f (.text:ti_sysbios_knl_Swi_Object__get__S)
                  000394ec    00000012     Flash.obj (.text:Flash_writeCommand)
                  000394fe    00000012     driverlib.lib : gpio.obj (.text:GPIOPinTypeGPIOInput)
                  00039510    00000012                   : gpio.obj (.text:GPIOPinTypeSSI)
                  00039522    00000012                   : gpio.obj (.text:GPIOPinTypeUART)
                  00039534    00000012     drivers_tivaware.aem4f : RingBuf.oem4f (.text:RingBuf_construct)
                  00039546    00000012                            : SDSPITiva.oem4f (.text:SDSPITiva_init)
                  00039558    00000012     driverlib.lib : ssi.obj (.text:SSIDataGetNonBlocking)
                  0003956a    00000012     tirtosport.aem4f : SemaphoreP_tirtos.oem4f (.text:SemaphoreP_pend)
                  0003957c    00000012     ti.mw.fatfs.aem4f : ff.oem4f (.text:chk_chr)
                  0003958e    00000012                       : ffcio.oem4f (.text:ffcio_rename)
                  000395a0    00000012                       : ffcio.oem4f (.text:ffcio_unlink)
                  000395b2    00000006     driverlib.lib : gpio.obj (.text:GPIOIntClear)
                  000395b8    00000012     sysbios.aem4f : BIOS.obj (.text:ti_sysbios_hal_Hwi_Module_startup__E)
                  000395ca    00000012     SlaveController_pem4f.oem4f (.text:xdc_runtime_Startup_exec__I)
                  000395dc    00000010     drivers_tivaware.aem4f : SDSPITiva.oem4f (.text:SDSPITiva_diskStatus)
                  000395ec    00000010                            : SDSPI.oem4f (.text:SDSPI_Params_init)
                  000395fc    00000010     SD.obj (.text:SD_closeFile)
                  0003960c    00000010     SD.obj (.text:SD_releaseSDCard)
                  0003961c    00000010     UART.obj (.text:UART_sendByte)
                  0003962c    00000010     ILI9341.obj (.text:_Z19beginSPITransactionv)
                  0003963c    00000010     drivers_tivaware.aem4f : UARTTiva.oem4f (.text:readBlockingTimeout)
                  0003964c    00000010     ti.mw.fatfs.aem4f : ff.oem4f (.text:st_clust)
                  0003965c    00000004     --HOLE-- [fill = 0]
                  00039660    00000010     sysbios.aem4f : BIOS.obj (.text:ti_sysbios_BIOS_getCpuFreq__E)
                  00039670    00000010                   : BIOS.obj (.text:ti_sysbios_BIOS_setThreadType__E)
                  00039680    00000010                   : BIOS.obj (.text:ti_sysbios_BIOS_start__E)
                  00039690    00000010                   : BIOS.obj (.text:ti_sysbios_family_arm_lm4_TimestampProvider_rolloverFunc__E)
                  000396a0    00000010                   : m3_TaskSupport_asm.obj (.text:ti_sysbios_family_arm_m3_TaskSupport_glue)
                  000396b0    00000010                   : BIOS.obj (.text:ti_sysbios_gates_GateMutex_Instance_finalize__E)
                  000396c0    00000010                   : BIOS.obj (.text:ti_sysbios_knl_Semaphore_Instance_finalize__E)
                  000396d0    00000010                   : BIOS.obj (.text:ti_sysbios_knl_Swi_disable__E)
                  000396e0    00000010     SlaveController_pem4f.oem4f (.text:ti_sysbios_knl_Task_Object__get__S)
                  000396f0    00000010     sysbios.aem4f : BIOS.obj (.text:ti_sysbios_knl_Task_disable__E)
                  00039700    00000010     driverlib.lib : udma.obj (.text:uDMAEnable)
                  00039710    00000010     ti.targets.arm.rtsarm.aem4f : Gate.oem4f (.text:xdc_runtime_Gate_leaveSystem__E)
                  00039720    00000010                                 : Memory.oem4f (.text:xdc_runtime_Memory_free__E)
                  00039730    00000010                                 : SysMin.oem4f (.text:xdc_runtime_SysMin_ready__E)
                  00039740    00000010                                 : System.oem4f (.text:xdc_runtime_System_vsnprintf__E)
                  00039750    00000010     SlaveController_pem4f.oem4f (.text:xdc_runtime_Text_visitRope__I)
                  00039760    0000000e     driverlib.lib : gpio.obj (.text:GPIOIntStatus)
                  0003976e    0000000e                   : uart.obj (.text:UARTCharGetNonBlocking)
                  0003977c    0000000e                   : uart.obj (.text:UARTCharPutNonBlocking)
                  0003978a    0000000e     rtsv7M4_T_le_v4SPD16_eabi.lib : copy_decompress_none.c.obj (.text:decompress:none:__TI_decompress_none)
                  00039798    0000000e     sysbios.aem4f : BIOS.obj (.text:ti_sysbios_knl_Idle_loop__E)
                  000397a6    00000002     --HOLE-- [fill = 0]
                  000397a8    0000000e                   : BIOS.obj (.text:ti_sysbios_knl_Queue_empty__E)
                  000397b6    00000002     --HOLE-- [fill = 0]
                  000397b8    0000000c     SlaveController_pem4f.oem4f (.text:.bootCodeSection:ti_catalog_arm_cortexm4_tiva_ce_Boot_init__I)
                  000397c4    0000000c     drivers_tivaware.aem4f : RingBuf.oem4f (.text:RingBuf_peek)
                  000397d0    0000000c     driverlib.lib : ssi.obj (.text:SSIDataGet)
                  000397dc    0000000c                   : uart.obj (.text:UARTFlowControlSet)
                  000397e8    0000000c     drivers_tivaware.aem4f : UARTTiva.oem4f (.text:UARTTiva_init)
                  000397f4    0000000c     rtsv7M4_T_le_v4SPD16_eabi.lib : _lock.c.obj (.text:_register_lock)
                  00039800    0000000c                                   : _lock.c.obj (.text:_register_unlock)
                  0003980c    0000000c                                   : copy_zero_init.c.obj (.text:decompress:ZI:__TI_zero_init)
                  00039818    0000000c     Utils.obj (.text:sleep)
                  00039824    00000004     --HOLE-- [fill = 0]
                  00039828    0000000c     sysbios.aem4f : BIOS.obj (.text:ti_sysbios_family_arm_lm4_Timer_getMaxTicks__E)
                  00039834    00000004     --HOLE-- [fill = 0]
                  00039838    0000000c                   : BIOS.obj (.text:ti_sysbios_family_arm_lm4_TimestampProvider_startTimer__E)
                  00039844    0000000c     SlaveController_pem4f.oem4f (.text:ti_sysbios_family_arm_m3_Hwi_Params__init__S)
                  00039850    0000000c     sysbios.aem4f : BIOS.obj (.text:ti_sysbios_family_arm_m3_Hwi_disableFxn__E)
                  0003985c    00000004     --HOLE-- [fill = 0]
                  00039860    0000000c                   : BIOS.obj (.text:ti_sysbios_family_arm_m3_TaskSupport_checkStack__E)
                  0003986c    00000004     --HOLE-- [fill = 0]
                  00039870    0000000c                   : BIOS.obj (.text:ti_sysbios_family_arm_m3_TaskSupport_getStackAlignment__E)
                  0003987c    00000004     --HOLE-- [fill = 0]
                  00039880    0000000c                   : BIOS.obj (.text:ti_sysbios_gates_GateHwi_enter__E)
                  0003988c    0000000c     SlaveController_pem4f.oem4f (.text:ti_sysbios_knl_Clock_Params__init__S)
                  00039898    0000000c     sysbios.aem4f : BIOS.obj (.text:ti_sysbios_knl_Clock_getTicks__E)
                  000398a4    0000000c     SlaveController_pem4f.oem4f (.text:ti_sysbios_knl_Queue_Object__get__S)
                  000398b0    0000000c     SlaveController_pem4f.oem4f (.text:ti_sysbios_knl_Semaphore_Params__init__S)
                  000398bc    0000000c     SlaveController_pem4f.oem4f (.text:ti_sysbios_knl_Task_Params__init__S)
                  000398c8    0000000c     driverlib.lib : udma.obj (.text:uDMAControlBaseSet)
                  000398d4    0000000c                   : udma.obj (.text:uDMAErrorStatusClear)
                  000398e0    0000000c                   : udma.obj (.text:uDMAErrorStatusGet)
                  000398ec    0000000c                   : udma.obj (.text:uDMAIntStatus)
                  000398f8    0000000c     ti.targets.arm.rtsarm.aem4f : Error.oem4f (.text:xdc_runtime_Error_init__E)
                  00039904    0000000c                                 : Gate.oem4f (.text:xdc_runtime_Gate_enterSystem__E)
                  00039910    0000000c                                 : Memory.oem4f (.text:xdc_runtime_Memory_calloc__E)
                  0003991c    0000000c                                 : Memory.oem4f (.text:xdc_runtime_Memory_getMaxDefaultTypeAlign__E)
                  00039928    0000000a     Flash.obj (.text:Flash_transferSPI)
                  00039932    0000000a     drivers_tivaware.aem4f : SDSPI.oem4f (.text:SDSPI_close)
                  0003993c    0000000a                            : SPITivaDMA.oem4f (.text:SPITivaDMA_init)
                  00039946    0000000a                            : SPI.oem4f (.text:SPI_transfer)
                  00039950    0000000a     driverlib.lib : ssi.obj (.text:SSIDMADisable)
                  0003995a    0000000a                   : ssi.obj (.text:SSIDataPut)
                  00039964    0000000a                   : ssi.obj (.text:SSIDisable)
                  0003996e    0000000a                   : ssi.obj (.text:SSIEnable)
                  00039978    0000000a                   : ssi.obj (.text:SSIIntDisable)
                  00039982    0000000a     tirtosport.aem4f : SemaphoreP_tirtos.oem4f (.text:SemaphoreP_post)
                  0003998c    0000000a     driverlib.lib : uart.obj (.text:UARTCharGet)
                  00039996    0000000a                   : uart.obj (.text:UARTCharPut)
                  000399a0    0000000a                   : uart.obj (.text:UARTIntDisable)
                  000399aa    0000000a                   : uart.obj (.text:UARTIntStatus)
[...]
00039421  UARTEnable                                                        
00039435  _Z28animator_setBackgroundColorsPKj                               
00039449  ff_req_grant                                                      
00039471  strcpy                                                            
00039485  strlen                                                            
00039499  ti_sysbios_family_arm_m3_Hwi_Object__get__S                       
000394b1  ti_sysbios_family_arm_m3_Hwi_switchFromBootStack__E               
000394b1  ti_sysbios_hal_Hwi_HwiProxy_switchFromBootStack__E                
000394b1  ti_sysbios_hal_Hwi_switchFromBootStack__E                         
000394c5  ti_sysbios_heaps_HeapMem_Object__get__S                           
000394d9  ti_sysbios_knl_Swi_Object__get__S                                 
000394ed  Flash_writeCommand                                                
000394ff  GPIOPinTypeGPIOInput                                              
00039511  GPIOPinTypeSSI                                                    
00039523  GPIOPinTypeUART                                                   
00039535  RingBuf_construct                                                 
00039547  SDSPITiva_init                                                    
00039559  SSIDataGetNonBlocking                                             
0003956b  SemaphoreP_pend                                                   
0003958f  ffcio_rename                                                      
000395a1  ffcio_unlink                                                      
000395b3  GPIOIntClear                                                      
000395b9  ti_sysbios_hal_Hwi_Module_startup__E                              
000395cb  xdc_runtime_Startup_exec__I                                       
000395dd  SDSPITiva_diskStatus                                              
000395ed  SDSPI_Params_init                                                 
000395fd  SD_closeFile                                                      
0003960d  SD_releaseSDCard                                                  
0003961d  UART_sendByte                                                     
0003962d  _Z19beginSPITransactionv                                          
00039661  ti_sysbios_BIOS_getCpuFreq__E                                     
00039661  ti_sysbios_family_arm_lm4_TimestampProvider_getFreq__E            
00039661  xdc_runtime_Timestamp_SupportProxy_getFreq__E                     
00039661  xdc_runtime_Timestamp_getFreq__E                                  
00039671  ti_sysbios_BIOS_setThreadType__E                                  
00039681  osi_start                                                         
00039681  ti_sysbios_BIOS_start__E                                          
00039691  ti_sysbios_family_arm_lm4_TimestampProvider_rolloverFunc__E       
000396a1  ti_sysbios_family_arm_m3_TaskSupport_glue                         
000396b1  ti_sysbios_gates_GateMutex_Instance_finalize__E                   
000396c1  ti_sysbios_knl_Semaphore_Instance_finalize__E                     
000396d1  ti_sysbios_knl_Swi_disable__E                                     
000396e1  ti_sysbios_knl_Task_Object__get__S                                
000396f1  osi_TaskDisable                                                   
000396f1  ti_sysbios_knl_Task_disable__E                                    
00039701  uDMAEnable                                                        
00039711  xdc_runtime_Gate_leaveSystem__E                                   
00039721  xdc_runtime_Memory_free__E                                        
00039731  xdc_runtime_SysMin_ready__E                                       
00039731  xdc_runtime_System_SupportProxy_ready__E                          
00039741  xdc_runtime_System_vsnprintf__E                                   
00039751  xdc_runtime_Text_visitRope__I                                     
00039761  GPIOIntStatus                                                     
0003976f  UARTCharGetNonBlocking                                            
0003977d  UARTCharPutNonBlocking                                            
0003978b  __TI_decompress_none                                              
00039799  ti_sysbios_knl_Idle_loop__E                                       
000397a9  ti_sysbios_knl_Queue_empty__E                                     
000397b9  ti_catalog_arm_cortexm4_tiva_ce_Boot_init__I                      
000397c5  RingBuf_peek                                                      
000397d1  SSIDataGet                                                        
000397dd  UARTFlowControlSet                                                
000397e9  UARTTiva_init                                                     
000397f5  _register_lock                                                    
00039801  _register_unlock                                                  
0003980d  __TI_zero_init                                                    
00039819  sleep                                                             
00039829  ti_sysbios_family_arm_lm4_Timer_getMaxTicks__E                    
00039839  ti_sysbios_family_arm_lm4_TimestampProvider_startTimer__E         
00039845  ti_sysbios_family_arm_m3_Hwi_Params__init__S                      
00039845  ti_sysbios_hal_Hwi_HwiProxy_Params__init__S                       
00039851  ti_sysbios_family_arm_m3_Hwi_disableFxn__E                        
00039851  ti_sysbios_hal_Hwi_HwiProxy_disable__E                            
00039861  ti_sysbios_family_arm_m3_TaskSupport_checkStack__E                
00039861  ti_sysbios_knl_Task_SupportProxy_checkStack__E                    
00039871  ti_sysbios_family_arm_m3_TaskSupport_getStackAlignment__E         
00039871  ti_sysbios_knl_Task_SupportProxy_getStackAlignment__E             
00039881  ti_sysbios_gates_GateHwi_enter__E                                 
0003988d  ti_sysbios_knl_Clock_Params__init__S                              
00039899  ti_sysbios_knl_Clock_getTicks__E                                  
000398a5  ti_sysbios_knl_Queue_Object__get__S                               
000398b1  ti_sysbios_knl_Semaphore_Params__init__S                          
000398bd  ti_sysbios_knl_Task_Params__init__S                               
000398c9  uDMAControlBaseSet                                                
000398d5  uDMAErrorStatusClear                                              
000398e1  uDMAErrorStatusGet                                                
000398ed  uDMAIntStatus                                                     
000398f9  xdc_runtime_Error_init__E                                         
00039905  xdc_runtime_Gate_enterSystem__E                                   
00039911  xdc_runtime_Memory_calloc__E                                      
0003991d  xdc_runtime_Memory_getMaxDefaultTypeAlign__E                      
00039929  Flash_transferSPI                                                 
00039933  SDSPI_close                                                       
0003993d  SPITivaDMA_init                                                   
00039947  SPI_transfer                                                      
00039951  SSIDMADisable                                                     
0003995b  SSIDataPut                                                        
00039965  SSIDisable                                                        
0003996f  SSIEnable                                                         
00039979  SSIIntDisable                                                     
00039983  SemaphoreP_post                                                   
00039983  SemaphoreP_postFromClock                                          
00039983  SemaphoreP_postFromISR                                            
0003998d  UARTCharGet                                                       
00039997  UARTCharPut                                                       
000399a1  UARTIntDisable                                                    
000399ab  UARTIntStatus                                                     
000399b5  UART_read                                                         
000399bf  UART_write                                                        
000399c9  ff_del_syncobj                                                    
000399d3  xdc_runtime_Memory_HeapProxy_alloc__E                             
000399dd  xdc_runtime_Memory_HeapProxy_free__E                              
000399e7  SSIDMAEnable                                                      
000399ef  SSIIntEnable                                                      
000399f7  UARTIntEnable                                                     
000399ff  UARTRxErrorGet                                                    
00039a07  millis                                                            
00039a17  ti_sysbios_family_arm_lm4_Timer_masterDisable__I                  
00039a21  ti_sysbios_family_arm_m3_Hwi_doSwiRestore__I                      
00039a29  ti_sysbios_family_arm_m3_Hwi_startup__E                           
00039a29  ti_sysbios_hal_Hwi_HwiProxy_startup__E                            
00039a29  ti_sysbios_hal_Hwi_startup__E                                     
00039a39  GPIOPinWrite                                                      
00039a3f  SDSPITiva_control                                                 
00039a45  SPITivaDMA_control                                                
00039a51  UARTFIFOLevelSet                                                  
00039a57  UARTRxErrorClear                                                  
00039a63  ti_catalog_arm_cortexm4_tiva_ce_Boot_sysCtlDelayI__I              
00039a69  ti_sysbios_family_arm_lm4_TimestampProvider_Module_startup__E     
00039a71  ti_sysbios_family_arm_m3_Hwi_doTaskRestore__I                     
00039a79  ti_sysbios_family_arm_m3_Hwi_restoreFxn__E                        
00039a79  ti_sysbios_hal_Hwi_HwiProxy_restore__E                            
00039a81  ti_sysbios_gates_GateHwi_leave__E                                 
00039a89  ti_sysbios_heaps_HeapMem_isBlocking__E                            
00039a91  ti_sysbios_knl_Clock_stop__E                                      
00039a99  ti_sysbios_knl_Queue_Instance_init__E                             
00039aa1  ti_sysbios_knl_Swi_startup__E                                     
00039aa7  xdc_runtime_System_Module_startup__E                              
00039ab1  ti_sysbios_family_arm_lm4_Timer_getPeriod__E                      
00039ab9  ti_sysbios_gates_GateHwi_query__E                                 
00039ab9  xdc_runtime_Main_Module_GateProxy_query__E                        
00039ab9  xdc_runtime_System_Module_GateProxy_query__E                      
00039ac1  ti_sysbios_BIOS_RtsGateProxy_query__E                             
00039ac1  ti_sysbios_gates_GateMutex_query__E                               
00039ac1  ti_sysbios_heaps_HeapMem_Module_GateProxy_query__E                
00039ac9  ti_sysbios_knl_Task_startup__E                                    
00039ad1  ti_sysbios_gates_GateHwi_Instance_init__E                         
00039ad9  ti_sysbios_knl_Clock_logTick__E                                   
00039ae0  __TI_static_base__                                                
00039d38  __TI_Handler_Table_Base                                           
00039d44  __TI_Handler_Table_Limit                                          
00039d58  __TI_CINIT_Base                                                   
00039d70  __TI_CINIT_Limit                                                  
20000000  __start___llvm_prf_cnts                                           
20000000  __stop___llvm_prf_cnts                                            
20000000  ti_sysbios_family_arm_m3_Hwi_ramVectors                           
20000400  ti_sysbios_heaps_HeapMem_Instance_State_0_buf__A                  
20002400  st                                                                
20004340  animation                                                         
20004f40  finalColors                                                       
20005444  ti_sysbios_family_arm_m3_Hwi_dispatchTable                        
200057a4  buffer                                                            
20005a60  sdspiTivaObjects                                                  
20005ca0  ti_sysbios_knl_Task_Instance_State_0_stack__A                     
20005ea0  layer                                                             
20006200  Flash_txBuffer                                                    
2000632c  smallBuffer2                                                      
20006458  __CIOBUF_                                                         
20006578  rowsToUpdate                                                      
2000666c  spiTivaDMAObjects                                                 
20006750  spriteSendables                                                   
20006830  uartTivaObjects                                                   
200068fc  __TI_tmpnams                                                      
20006a2c  xdc_runtime_SysMin_Module_State_0_outbuf__A                       
20006aac  ts                                                                
20006b24  uartParams                                                        
20006b48  Flash_spi_params                                                  
20006b68  uartTivaRingBuffer                                                
20006b88  Flash_transaction                                                 
20006b9c  backgroundColorIndex                                              
20006bb0  colors                                                            
20006be4  parmbuf                                                           
20006bec  sdspiParams                                                       
20006bf4  Flash_spi                                                         
20006bf8  backgroundColors                                                  
20006bfc  bufferptr                                                         
20006c00  spiTivaDMAscratchBuf                                              
20006c0c  currentLocation                                                   
20006c14  persistentBackgroundMemLocation                                   
20006c18  sdspiHandle                                                       
20006c1c  src                                                               
20006c20  uart                                                              
20006c28  _ftable                                                           
20006d18  ti_sysbios_family_arm_lm4_Timer_Object__table__V                  
20006d98  ti_sysbios_knl_Swi_Module_State_0_readyQ__A                       
20006e18  ti_sysbios_knl_Task_Module_State_0_readyQ__A                      
20006e98  _device                                                           
20006f10  _stream                                                           
20006fb0  ti_sysbios_knl_Task_Object__table__V                              
20006ffc  ti_sysbios_knl_Task_Module__state__V                              
20007040  ti_sysbios_gates_GateMutex_Object__table__V                       
20007078  ti_sysbios_family_arm_m3_Hwi_Module__state__V                     
200070ac  ti_sysbios_family_arm_lm4_Timer_Module_State_0_device__A          
200070dc  ti_sysbios_family_arm_m3_Hwi_Object__table__V                     
2000710c  ti_sysbios_knl_Swi_Object__table__V                               
2000713c  ti_sysbios_knl_Clock_Module__state__V                             
2000718c  ti_sysbios_BIOS_Module__state__V                                  
200071b0  ti_sysbios_knl_Swi_Module__state__V                               
200071cc  ti_sysbios_family_arm_lm4_Timer_Module_State_0_handles__A         
200071e4  ti_sysbios_heaps_HeapMem_Object__table__V                         
200071fc  gpioPinConfigs                                                    
20007210  _tz                                                               
20007220  __TI_ft_end                                                       
20007224  __aeabi_stdin                                                     
20007228  __aeabi_stdout                                                    
2000722c  __aeabi_stderr                                                    
20007230  __TI_cleanup_ptr                                                  
20007234  __TI_dtors_ptr                                                    
20007238  __TI_enable_exit_profile_output                                   
2000723c  ti_sysbios_family_arm_lm4_Timer_Module__state__V                  
20007248  xdc_runtime_SysMin_Module__state__V                               
20007254  _lock                                                             
20007258  _unlock                                                           
2000725c  gpioCallbackFunctions                                             
20007264  ti_sysbios_family_arm_lm4_Seconds_Module__state__V                
2000726c  ti_sysbios_family_arm_lm4_TimestampProvider_Module__state__V      
20007274  ti_sysbios_family_arm_m3_Hwi_Module__root__V                      
2000727c  ti_sysbios_gates_GateHwi_Module__root__V                          
20007284  ti_sysbios_gates_GateMutex_Module__root__V                        
2000728c  ti_sysbios_heaps_HeapMem_Module__root__V                          
20007294  ti_sysbios_knl_Clock_Module__root__V                              
2000729c  ti_sysbios_knl_Queue_Module__root__V                              
200072a4  ti_sysbios_knl_Semaphore_Module__root__V                          
200072ac  ti_sysbios_knl_Task_Module__root__V                               
200072b4  xdc_runtime_Registry_Module__state__V                             
200072bc  xdc_runtime_Startup_Module__state__V                              
200072c4  xdc_runtime_System_Module_State_0_atexitHandlers__A               
200072cc  xdc_runtime_System_Module__state__V                               
200072da  activeAnimations                                                  
200072dc  toRemove                                                          
200072de  ti_sysbios_family_arm_m3_Hwi_Module_State_0_excActive__A          
200072fc  main_func_sp                                                      
20007304  ti_sysbios_family_arm_m3_Hwi_Module_State_0_excContext__A         
20007308  ti_sysbios_family_arm_m3_Hwi_Module_State_0_excStack__A           
2000730c  ti_sysbios_gates_GateHwi_Object__table__V                         
20007310  ti_sysbios_knl_Task_Module_State_0_idleTask__A                    
20007314  xdc_runtime_Memory_Module__state__V                               
20007318  xdc_runtime_Error_Module__state__V                                
20007320  __stack                                                           
20007720  __STACK_END                                                       
e000e000  ti_sysbios_family_arm_m3_Hwi_nvic                                 
ffffffff  __TI_pprof_out_hndl                                               
ffffffff  __TI_prof_data_size                                               
ffffffff  __TI_prof_data_start                                              
ffffffff  __binit__                                                         
ffffffff  __c_args__                                                        
ffffffff  binit                                                             
UNDEFED   SHT$$INIT_ARRAY$$Base                                             
UNDEFED   SHT$$INIT_ARRAY$$Limit                                            

[846 symbols]
