******************************************************************************
                  TI ARM Linker PC v19.6.0                     
******************************************************************************
>> Linked Wed Apr  8 04:17:50 2020

OUTPUT FILE NAME:   <SlaveController.out>
ENTRY POINT SYMBOL: "_c_int00"  address: 00027cdd


MEMORY CONFIGURATION

         name            origin    length      used     unused   attr    fill
----------------------  --------  ---------  --------  --------  ----  --------
  FLASH                 00000000   00040000  0002b334  00014ccc  R  X
  SRAM                  20000000   00008000  00006e44  000011bc  RW X


SEGMENT ALLOCATION MAP

run origin  load origin   length   init length attrs members
----------  ----------- ---------- ----------- ----- -------
00000000    00000000    0002b340   0002b340    r-x
  00000000    00000000    0000003c   0000003c    r-- .resetVecs
  0000003c    0000003c    0001da26   0001da26    r-- .const
  0001da68    0001da68    0000d63a   0000d63a    r-x .text
  0002b0a8    0002b0a8    00000298   00000298    r-- .cinit
20000000    20000000    00000360   00000000    rw-
  20000000    20000000    00000360   00000000    rw- .vecs
20000400    20000400    00006ae8   00000000    rw-
  20000400    20000400    00005fe6   00000000    rw- .bss
  200063e8    200063e8    000006fe   00000000    rw- .data
  20006ae8    20006ae8    00000400   00000000    rw- .stack


SECTION ALLOCATION MAP

 output                                  attributes/
section   page    origin      length       input sections
--------  ----  ----------  ----------   ----------------
.const     0    0000003c    0001da26     
                  0000003c    0001a638     start.obj (.const:colors_tower)
                  0001a674    00001885     SlaveController_pem4f.oem4f (.const:xdc_runtime_Text_charTab__A)
                  0001bef9    00000a00     animator.obj (.const:animations)
                  0001c8f9    00000001     SlaveController_pem4f.oem4f (.const:xdc_runtime_Error_policy__C)
                  0001c8fa    00000002     SlaveController_pem4f.oem4f (.const:ti_catalog_arm_cortexm4_tiva_ce_Boot_Module__id__C)
                  0001c8fc    00000400     start.obj (.const:colors_fdst)
                  0001ccfc    00000110     animator.obj (.const:colors)
                  0001ce0c    00000101     rtsv7M4_T_le_v4SPD16_eabi.lib : ctype.c.obj (.const:.string:_ctypes_)
                  0001cf0d    00000001     --HOLE-- [fill = 0]
                  0001cf0e    000000cc     SlaveController_pem4f.oem4f (.const:xdc_runtime_Text_nodeTab__A)
                  0001cfda    00000002     SlaveController_pem4f.oem4f (.const:ti_sysbios_family_arm_lm4_TimestampProvider_useClockTimer__C)
                  0001cfdc    00000090     driverlib.lib : gpio.obj (.const:g_pui32GPIOBaseAddrs)
                  0001d06c    0000007f     ILI9341.obj (.const:.string:cmd_ili9341)
                  0001d0eb    00000001     --HOLE-- [fill = 0]
                  0001d0ec    00000078     EK_TM4C123GXL.obj (.const:spiTivaDMAHWAttrs)
                  0001d164    00000064     drivers_tivaware.aem4f : SPITivaDMA.oem4f (.const)
                  0001d1c8    00000060     rtsv7M4_T_le_v4SPD16_eabi.lib : mktime.c.obj (.const:$O1$$)
                  0001d228    00000054     drivers_tivaware.aem4f : GPIOTiva.oem4f (.const:.string)
                  0001d27c    0000004c                            : UARTTiva.oem4f (.const)
                  0001d2c8    00000048     SlaveController_pem4f.oem4f (.const:.string)
                  0001d310    00000048     drivers_tivaware.aem4f : GPIOTiva.oem4f (.const:gpioBaseAddresses)
                  0001d358    00000046     SD.obj (.const:.string:$P$T0$1)
                  0001d39e    0000003c     animator.obj (.const:characterNames)
                  0001d3da    00000002     SlaveController_pem4f.oem4f (.const:ti_sysbios_family_arm_m3_Hwi_Module__id__C)
                  0001d3dc    0000003c     SlaveController_pem4f.oem4f (.const:ti_sysbios_knl_Task_Object__PARAMS__C)
                  0001d418    00000030     EK_TM4C123GXL.obj (.const:SPI_config)
                  0001d448    00000030     SlaveController_pem4f.oem4f (.const:ti_sysbios_family_arm_m3_Hwi_Object__PARAMS__C)
                  0001d478    00000028     animator.obj (.const:.string:$P$T0$1)
                  0001d4a0    00000028     animator.obj (.const:.string:$P$T2$3)
                  0001d4c8    00000028     drivers_tivaware.aem4f : UARTTiva.oem4f (.const:UARTTiva_fxnTable)
                  0001d4f0    00000028     start.obj (.const:persistentSprites)
                  0001d518    00000028     SlaveController_pem4f.oem4f (.const:ti_sysbios_heaps_HeapMem_Module__FXNS__C)
                  0001d540    00000024     drivers_tivaware.aem4f : UART.oem4f (.const:UART_defaultParams)
                  0001d564    00000024     EK_TM4C123GXL.obj (.const:sdspiTivaHWattrs)
                  0001d588    00000024     SlaveController_pem4f.oem4f (.const:ti_sysbios_gates_GateHwi_Module__FXNS__C)
                  0001d5ac    00000024     SlaveController_pem4f.oem4f (.const:ti_sysbios_gates_GateMutex_Module__FXNS__C)
                  0001d5d0    00000024     SlaveController_pem4f.oem4f (.const:ti_sysbios_heaps_HeapMem_Object__PARAMS__C)
                  0001d5f4    00000024     SlaveController_pem4f.oem4f (.const:ti_sysbios_knl_Clock_Object__PARAMS__C)
                  0001d618    00000024     SlaveController_pem4f.oem4f (.const:ti_sysbios_knl_Semaphore_Object__PARAMS__C)
                  0001d63c    00000024     SlaveController_pem4f.oem4f (.const:xdc_runtime_Startup_sfxnTab__A)
                  0001d660    00000020     drivers_tivaware.aem4f : SPI.oem4f (.const)
                  0001d680    00000020     SlaveController_pem4f.oem4f (.const:ti_sysbios_family_arm_m3_Hwi_Object__DESC__C)
                  0001d6a0    00000020     SlaveController_pem4f.oem4f (.const:ti_sysbios_gates_GateHwi_Object__DESC__C)
                  0001d6c0    00000020     SlaveController_pem4f.oem4f (.const:ti_sysbios_gates_GateMutex_Object__DESC__C)
                  0001d6e0    00000020     SlaveController_pem4f.oem4f (.const:ti_sysbios_heaps_HeapMem_Object__DESC__C)
                  0001d700    00000020     SlaveController_pem4f.oem4f (.const:ti_sysbios_knl_Clock_Object__DESC__C)
                  0001d720    00000020     SlaveController_pem4f.oem4f (.const:ti_sysbios_knl_Queue_Object__DESC__C)
                  0001d740    00000020     SlaveController_pem4f.oem4f (.const:ti_sysbios_knl_Semaphore_Object__DESC__C)
                  0001d760    00000020     SlaveController_pem4f.oem4f (.const:ti_sysbios_knl_Task_Object__DESC__C)
                  0001d780    00000018     EK_TM4C123GXL.obj (.const:SDSPI_config)
                  0001d798    00000018     EK_TM4C123GXL.obj (.const:UART_config)
                  0001d7b0    00000018     SlaveController_pem4f.oem4f (.const:ti_sysbios_gates_GateHwi_Object__PARAMS__C)
                  0001d7c8    00000018     SlaveController_pem4f.oem4f (.const:ti_sysbios_gates_GateMutex_Object__PARAMS__C)
                  0001d7e0    00000018     SlaveController_pem4f.oem4f (.const:ti_sysbios_knl_Queue_Object__PARAMS__C)
                  0001d7f8    00000018     EK_TM4C123GXL.obj (.const:uartTivaHWAttrs)
                  0001d810    00000014     EK_TM4C123GXL.obj (.const:GPIOTiva_config)
                  0001d824    00000014     SlaveController_pem4f.oem4f (.const:xdc_runtime_Startup_firstFxns__A)
                  0001d838    00000012     SlaveController_pem4f.oem4f (.const:xdc_runtime_Startup_sfxnRts__A)
                  0001d84a    00000002     SlaveController_pem4f.oem4f (.const:ti_sysbios_gates_GateMutex_Module__id__C)
                  0001d84c    00000010     drivers_tivaware.aem4f : SDSPITiva.oem4f (.const)
                  0001d85c    00000008                            : SDSPI.oem4f (.const)
                  0001d864    00000008     SlaveController_pem4f.oem4f (.const:ti_sysbios_family_arm_m3_Hwi_excHookFuncs__A)
                  0001d86c    00000008     SlaveController_pem4f.oem4f (.const:ti_sysbios_knl_Idle_funcList__C)
                  0001d874    00000008     SlaveController_pem4f.oem4f (.const:xdc_runtime_Startup_firstFxns__C)
                  0001d87c    00000008     SlaveController_pem4f.oem4f (.const:xdc_runtime_Startup_lastFxns__C)
                  0001d884    00000005     animator.obj (.const:.string:$P$T1$2)
                  0001d889    00000005     animator.obj (.const:.string:$P$T3$4)
                  0001d88e    00000002     SlaveController_pem4f.oem4f (.const:ti_sysbios_hal_Hwi_Module__id__C)
                  0001d890    00000004     SlaveController_pem4f.oem4f (.const:ti_catalog_arm_cortexm4_tiva_ce_Boot_A_mustUseEnhancedClockMode__C)
                  0001d894    00000004     SlaveController_pem4f.oem4f (.const:ti_catalog_arm_cortexm4_tiva_ce_Boot_Module__diagsEnabled__C)
                  0001d898    00000004     SlaveController_pem4f.oem4f (.const:ti_catalog_arm_cortexm4_tiva_ce_Boot_Module__diagsIncluded__C)
                  0001d89c    00000004     SlaveController_pem4f.oem4f (.const:ti_catalog_arm_cortexm4_tiva_ce_Boot_Module__diagsMask__C)
                  0001d8a0    00000004     SlaveController_pem4f.oem4f (.const:ti_sysbios_family_arm_lm4_Timer_enableFunc__C)
                  0001d8a4    00000004     SlaveController_pem4f.oem4f (.const:ti_sysbios_family_arm_lm4_Timer_numTimerDevices__C)
                  0001d8a8    00000004     SlaveController_pem4f.oem4f (.const:ti_sysbios_family_arm_lm4_Timer_startupNeeded__C)
                  0001d8ac    00000004     SlaveController_pem4f.oem4f (.const:ti_sysbios_family_arm_m3_Hwi_E_NMI__C)
                  0001d8b0    00000004     SlaveController_pem4f.oem4f (.const:ti_sysbios_family_arm_m3_Hwi_E_alreadyDefined__C)
                  0001d8b4    00000004     SlaveController_pem4f.oem4f (.const:ti_sysbios_family_arm_m3_Hwi_E_busFault__C)
                  0001d8b8    00000004     SlaveController_pem4f.oem4f (.const:ti_sysbios_family_arm_m3_Hwi_E_debugMon__C)
                  0001d8bc    00000004     SlaveController_pem4f.oem4f (.const:ti_sysbios_family_arm_m3_Hwi_E_hardFault__C)
                  0001d8c0    00000004     SlaveController_pem4f.oem4f (.const:ti_sysbios_family_arm_m3_Hwi_E_memFault__C)
                  0001d8c4    00000004     SlaveController_pem4f.oem4f (.const:ti_sysbios_family_arm_m3_Hwi_E_noIsr__C)
                  0001d8c8    00000004     SlaveController_pem4f.oem4f (.const:ti_sysbios_family_arm_m3_Hwi_E_reserved__C)
                  0001d8cc    00000004     SlaveController_pem4f.oem4f (.const:ti_sysbios_family_arm_m3_Hwi_E_svCall__C)
                  0001d8d0    00000004     SlaveController_pem4f.oem4f (.const:ti_sysbios_family_arm_m3_Hwi_E_usageFault__C)
                  0001d8d4    00000004     SlaveController_pem4f.oem4f (.const:ti_sysbios_family_arm_m3_Hwi_NUM_INTERRUPTS__C)
                  0001d8d8    00000004     SlaveController_pem4f.oem4f (.const:ti_sysbios_family_arm_m3_Hwi_Object__count__C)
                  0001d8dc    00000004     SlaveController_pem4f.oem4f (.const:ti_sysbios_family_arm_m3_Hwi_ccr__C)
                  0001d8e0    00000004     SlaveController_pem4f.oem4f (.const:ti_sysbios_family_arm_m3_Hwi_excHandlerFunc__C)
                  0001d8e4    00000004     SlaveController_pem4f.oem4f (.const:ti_sysbios_family_arm_m3_Hwi_excHookFuncs__C)
                  0001d8e8    00000004     SlaveController_pem4f.oem4f (.const:ti_sysbios_family_arm_m3_Hwi_nullIsrFunc__C)
                  0001d8ec    00000004     SlaveController_pem4f.oem4f (.const:ti_sysbios_family_arm_m3_Hwi_priGroup__C)
                  0001d8f0    00000004     SlaveController_pem4f.oem4f (.const:ti_sysbios_family_arm_m3_TaskSupport_stackAlignment__C)
                  0001d8f4    00000004     SlaveController_pem4f.oem4f (.const:ti_sysbios_gates_GateMutex_A_badContext__C)
                  0001d8f8    00000004     SlaveController_pem4f.oem4f (.const:ti_sysbios_gates_GateMutex_Instance_State_sem__O)
                  0001d8fc    00000004     SlaveController_pem4f.oem4f (.const:ti_sysbios_gates_GateMutex_Module__diagsEnabled__C)
                  0001d900    00000004     SlaveController_pem4f.oem4f (.const:ti_sysbios_gates_GateMutex_Module__diagsIncluded__C)
                  0001d904    00000004     SlaveController_pem4f.oem4f (.const:ti_sysbios_gates_GateMutex_Module__diagsMask__C)
                  0001d908    00000004     SlaveController_pem4f.oem4f (.const:ti_sysbios_hal_Hwi_E_stackOverflow__C)
                  0001d90c    00000004     SlaveController_pem4f.oem4f (.const:ti_sysbios_heaps_HeapMem_A_align__C)
                  0001d910    00000004     SlaveController_pem4f.oem4f (.const:ti_sysbios_heaps_HeapMem_A_heapSize__C)
                  0001d914    00000004     SlaveController_pem4f.oem4f (.const:ti_sysbios_heaps_HeapMem_A_invalidFree__C)
                  0001d918    00000004     SlaveController_pem4f.oem4f (.const:ti_sysbios_heaps_HeapMem_A_zeroBlock__C)
                  0001d91c    00000004     SlaveController_pem4f.oem4f (.const:ti_sysbios_heaps_HeapMem_E_memory__C)
                  0001d920    00000004     SlaveController_pem4f.oem4f (.const:ti_sysbios_heaps_HeapMem_Module__diagsEnabled__C)
                  0001d924    00000004     SlaveController_pem4f.oem4f (.const:ti_sysbios_heaps_HeapMem_Module__diagsIncluded__C)
                  0001d928    00000004     SlaveController_pem4f.oem4f (.const:ti_sysbios_heaps_HeapMem_Module__diagsMask__C)
                  0001d92c    00000004     SlaveController_pem4f.oem4f (.const:ti_sysbios_heaps_HeapMem_Module__gateObj__C)
                  0001d930    00000004     SlaveController_pem4f.oem4f (.const:ti_sysbios_heaps_HeapMem_Object__count__C)
                  0001d934    00000004     SlaveController_pem4f.oem4f (.const:ti_sysbios_heaps_HeapMem_reqAlign__C)
                  0001d938    00000004     SlaveController_pem4f.oem4f (.const:ti_sysbios_knl_Clock_A_badThreadType__C)
                  0001d93c    00000004     SlaveController_pem4f.oem4f (.const:ti_sysbios_knl_Clock_Module_State_clockQ__O)
                  0001d940    00000004     SlaveController_pem4f.oem4f (.const:ti_sysbios_knl_Clock_Module__diagsEnabled__C)
                  0001d944    00000004     SlaveController_pem4f.oem4f (.const:ti_sysbios_knl_Clock_Module__diagsIncluded__C)
                  0001d948    00000004     SlaveController_pem4f.oem4f (.const:ti_sysbios_knl_Clock_Module__diagsMask__C)
                  0001d94c    00000004     SlaveController_pem4f.oem4f (.const:ti_sysbios_knl_Idle_funcList__A)
                  0001d950    00000004     SlaveController_pem4f.oem4f (.const:ti_sysbios_knl_Semaphore_A_badContext__C)
                  0001d954    00000004     SlaveController_pem4f.oem4f (.const:ti_sysbios_knl_Semaphore_A_noEvents__C)
                  0001d958    00000004     SlaveController_pem4f.oem4f (.const:ti_sysbios_knl_Semaphore_A_overflow__C)
                  0001d95c    00000004     SlaveController_pem4f.oem4f (.const:ti_sysbios_knl_Semaphore_A_pendTaskDisabled__C)
                  0001d960    00000004     SlaveController_pem4f.oem4f (.const:ti_sysbios_knl_Semaphore_Instance_State_pendQ__O)
                  0001d964    00000004     SlaveController_pem4f.oem4f (.const:ti_sysbios_knl_Semaphore_Module__diagsEnabled__C)
                  0001d968    00000004     SlaveController_pem4f.oem4f (.const:ti_sysbios_knl_Semaphore_Module__diagsIncluded__C)
                  0001d96c    00000004     SlaveController_pem4f.oem4f (.const:ti_sysbios_knl_Semaphore_Module__diagsMask__C)
                  0001d970    00000004     SlaveController_pem4f.oem4f (.const:ti_sysbios_knl_Swi_Object__count__C)
                  0001d974    00000004     SlaveController_pem4f.oem4f (.const:ti_sysbios_knl_Task_A_badPriority__C)
                  0001d978    00000004     SlaveController_pem4f.oem4f (.const:ti_sysbios_knl_Task_A_badTaskState__C)
                  0001d97c    00000004     SlaveController_pem4f.oem4f (.const:ti_sysbios_knl_Task_A_badThreadType__C)
                  0001d980    00000004     SlaveController_pem4f.oem4f (.const:ti_sysbios_knl_Task_A_badTimeout__C)
                  0001d984    00000004     SlaveController_pem4f.oem4f (.const:ti_sysbios_knl_Task_A_noPendElem__C)
                  0001d988    00000004     SlaveController_pem4f.oem4f (.const:ti_sysbios_knl_Task_A_sleepTaskDisabled__C)
                  0001d98c    00000004     SlaveController_pem4f.oem4f (.const:ti_sysbios_knl_Task_E_spOutOfBounds__C)
                  0001d990    00000004     SlaveController_pem4f.oem4f (.const:ti_sysbios_knl_Task_E_stackOverflow__C)
                  0001d994    00000004     SlaveController_pem4f.oem4f (.const:ti_sysbios_knl_Task_Module_State_inactiveQ__O)
                  0001d998    00000004     SlaveController_pem4f.oem4f (.const:ti_sysbios_knl_Task_Module__diagsEnabled__C)
                  0001d99c    00000004     SlaveController_pem4f.oem4f (.const:ti_sysbios_knl_Task_Module__diagsIncluded__C)
                  0001d9a0    00000004     SlaveController_pem4f.oem4f (.const:ti_sysbios_knl_Task_Module__diagsMask__C)
                  0001d9a4    00000004     SlaveController_pem4f.oem4f (.const:ti_sysbios_knl_Task_Object__count__C)
                  0001d9a8    00000004     SlaveController_pem4f.oem4f (.const:ti_sysbios_knl_Task_allBlockedFunc__C)
                  0001d9ac    00000004     SlaveController_pem4f.oem4f (.const:ti_sysbios_knl_Task_defaultStackHeap__C)
                  0001d9b0    00000004     SlaveController_pem4f.oem4f (.const:ti_sysbios_knl_Task_defaultStackSize__C)
                  0001d9b4    00000004     SlaveController_pem4f.oem4f (.const:ti_sysbios_knl_Task_numConstructedTasks__C)
                  0001d9b8    00000004     SlaveController_pem4f.oem4f (.const:xdc_runtime_Assert_E_assertFailed__C)
                  0001d9bc    00000004     SlaveController_pem4f.oem4f (.const:xdc_runtime_Core_A_initializedParams__C)
                  0001d9c0    00000004     SlaveController_pem4f.oem4f (.const:xdc_runtime_Core_Module__diagsEnabled__C)
                  0001d9c4    00000004     SlaveController_pem4f.oem4f (.const:xdc_runtime_Core_Module__diagsIncluded__C)
                  0001d9c8    00000004     SlaveController_pem4f.oem4f (.const:xdc_runtime_Core_Module__diagsMask__C)
                  0001d9cc    00000004     SlaveController_pem4f.oem4f (.const:xdc_runtime_Error_E_memory__C)
                  0001d9d0    00000004     SlaveController_pem4f.oem4f (.const:xdc_runtime_Error_Module__diagsEnabled__C)
                  0001d9d4    00000004     SlaveController_pem4f.oem4f (.const:xdc_runtime_Error_Module__diagsIncluded__C)
                  0001d9d8    00000004     SlaveController_pem4f.oem4f (.const:xdc_runtime_Error_Module__diagsMask__C)
                  0001d9dc    00000004     SlaveController_pem4f.oem4f (.const:xdc_runtime_Error_Module__loggerFxn8__C)
                  0001d9e0    00000004     SlaveController_pem4f.oem4f (.const:xdc_runtime_Error_Module__loggerObj__C)
                  0001d9e4    00000004     SlaveController_pem4f.oem4f (.const:xdc_runtime_Error_policyFxn__C)
                  0001d9e8    00000004     SlaveController_pem4f.oem4f (.const:xdc_runtime_Error_raiseHook__C)
                  0001d9ec    00000004     SlaveController_pem4f.oem4f (.const:xdc_runtime_IGateProvider_Interface__BASE__C)
                  0001d9f0    00000004     SlaveController_pem4f.oem4f (.const:xdc_runtime_IHeap_Interface__BASE__C)
                  0001d9f4    00000004     SlaveController_pem4f.oem4f (.const:xdc_runtime_IModule_Interface__BASE__C)
                  0001d9f8    00000004     SlaveController_pem4f.oem4f (.const:xdc_runtime_Log_L_error__C)
                  0001d9fc    00000004     SlaveController_pem4f.oem4f (.const:xdc_runtime_Memory_defaultHeapInstance__C)
                  0001da00    00000004     SlaveController_pem4f.oem4f (.const:xdc_runtime_Startup_execImpl__C)
                  0001da04    00000004     SlaveController_pem4f.oem4f (.const:xdc_runtime_Startup_lastFxns__A)
                  0001da08    00000004     SlaveController_pem4f.oem4f (.const:xdc_runtime_Startup_maxPasses__C)
                  0001da0c    00000004     SlaveController_pem4f.oem4f (.const:xdc_runtime_Startup_sfxnRts__C)
                  0001da10    00000004     SlaveController_pem4f.oem4f (.const:xdc_runtime_Startup_sfxnTab__C)
                  0001da14    00000004     SlaveController_pem4f.oem4f (.const:xdc_runtime_SysMin_bufSize__C)
                  0001da18    00000004     SlaveController_pem4f.oem4f (.const:xdc_runtime_SysMin_outputFunc__C)
                  0001da1c    00000004     SlaveController_pem4f.oem4f (.const:xdc_runtime_System_Module__gateObj__C)
                  0001da20    00000004     SlaveController_pem4f.oem4f (.const:xdc_runtime_System_abortFxn__C)
                  0001da24    00000004     SlaveController_pem4f.oem4f (.const:xdc_runtime_System_exitFxn__C)
                  0001da28    00000004     SlaveController_pem4f.oem4f (.const:xdc_runtime_System_extendFxn__C)
                  0001da2c    00000004     SlaveController_pem4f.oem4f (.const:xdc_runtime_System_maxAtexitHandlers__C)
                  0001da30    00000004     SlaveController_pem4f.oem4f (.const:xdc_runtime_Text_charTab__C)
                  0001da34    00000004     SlaveController_pem4f.oem4f (.const:xdc_runtime_Text_nameEmpty__C)
                  0001da38    00000004     SlaveController_pem4f.oem4f (.const:xdc_runtime_Text_nameStatic__C)
                  0001da3c    00000004     SlaveController_pem4f.oem4f (.const:xdc_runtime_Text_nameUnknown__C)
                  0001da40    00000004     SlaveController_pem4f.oem4f (.const:xdc_runtime_Text_nodeTab__C)
                  0001da44    00000004     SlaveController_pem4f.oem4f (.const:xdc_runtime_Text_visitRopeFxn__C)
                  0001da48    00000002     SlaveController_pem4f.oem4f (.const:ti_sysbios_heaps_HeapMem_Module__id__C)
                  0001da4a    00000002     SlaveController_pem4f.oem4f (.const:ti_sysbios_knl_Clock_Module__id__C)
                  0001da4c    00000002     SlaveController_pem4f.oem4f (.const:ti_sysbios_knl_Semaphore_Module__id__C)
                  0001da4e    00000002     SlaveController_pem4f.oem4f (.const:ti_sysbios_knl_Task_Module__id__C)
                  0001da50    00000002     SlaveController_pem4f.oem4f (.const:xdc_runtime_Core_Module__id__C)
                  0001da52    00000002     SlaveController_pem4f.oem4f (.const:xdc_runtime_Error_Module__loggerDefined__C)
                  0001da54    00000002     SlaveController_pem4f.oem4f (.const:xdc_runtime_Error_maxDepth__C)
                  0001da56    00000002     SlaveController_pem4f.oem4f (.const:xdc_runtime_Memory_Module__id__C)
                  0001da58    00000002     SlaveController_pem4f.oem4f (.const:xdc_runtime_SysMin_flushAtExit__C)
                  0001da5a    00000002     SlaveController_pem4f.oem4f (.const:xdc_runtime_Text_charCnt__C)
                  0001da5c    00000002     SlaveController_pem4f.oem4f (.const:xdc_runtime_Text_isLoaded__C)
                  0001da5e    00000002     SlaveController_pem4f.oem4f (.const:xdc_runtime_Text_registryModsLastId__C)
                  0001da60    00000002     SlaveController_pem4f.oem4f (.const:xdc_runtime_Text_unnamedModsLastId__C)

.text      0    0001da68    0000d63a     
                  0001da68    00000a4e     rtsv7M4_T_le_v4SPD16_eabi.lib : _printfi.c.obj (.text:__TI_printfi)
                  0001e4b6    00000002     drivers_tivaware.aem4f : SPITivaDMA.oem4f (.text:SPITivaDMA_serviceISR)
                  0001e4b8    0000074c     animator.obj (.text:_Z15animator_updatev)
                  0001ec04    00000004     driverlib.lib : ssi.obj (.text:SSIIntClear)
                  0001ec08    00000430     sysbios.aem4f : BIOS.obj (.text:ti_sysbios_family_arm_m3_Hwi_excDumpRegs__I)
                  0001f038    0000034c     ti.targets.arm.rtsarm.aem4f : System.oem4f (.text:xdc_runtime_System_doPrint__I)
                  0001f384    00000324     ti.mw.fatfs.aem4f : ff.oem4f (.text:find_volume)
                  0001f6a8    000002e4     animator.obj (.text:_Z28animator_readCharacterSDCardh)
                  0001f98c    00000004     driverlib.lib : uart.obj (.text:UARTIntClear)
                  0001f990    000002b8     sysbios.aem4f : BIOS.obj (.text:ti_sysbios_knl_Semaphore_pend__E)
                  0001fc48    000002a0     rtsv7M4_T_le_v4SPD16_eabi.lib : mktime.c.obj (.text:__mktime32)
                  0001fee8    00000270                                   : _printfi.c.obj (.text:_pconv_a)
                  00020158    0000026c     sysbios.aem4f : BIOS.obj (.text:ti_sysbios_heaps_HeapMem_free__E)
                  000203c4    00000004     rtsv7M4_T_le_v4SPD16_eabi.lib : printf.c.obj (.text:_outc)
                  000203c8    00000250     sysbios.aem4f : BIOS.obj (.text:ti_sysbios_heaps_HeapMem_alloc__E)
                  00020618    00000234                   : BIOS.obj (.text:ti_sysbios_knl_Task_Instance_finalize__E)
                  0002084c    0000020c     drivers_tivaware.aem4f : UARTTiva.oem4f (.text:UARTTiva_open)
                  00020a58    000001f4                            : SDSPITiva.oem4f (.text:SDSPITiva_diskInitialize)
                  00020c4c    00000004     rtsv7M4_T_le_v4SPD16_eabi.lib : printf.c.obj (.text:_outs)
                  00020c50    000001f4     sysbios.aem4f : BIOS.obj (.text:ti_sysbios_family_arm_m3_Hwi_excHandlerMax__I)
                  00020e44    00000004     rtsv7M4_T_le_v4SPD16_eabi.lib : exit.c.obj (.text:abort:abort)
                  00020e48    000001d8     sysbios.aem4f : BIOS.obj (.text:ti_sysbios_knl_Task_sleep__E)
                  00021020    000001d0     rtsv7M4_T_le_v4SPD16_eabi.lib : _printfi.c.obj (.text:_pconv_g)
                  000211f0    000001cc     animator.obj (.text:_Z16animator_animatehhsshhhhhb)
                  000213bc    00000004     ti.mw.fatfs.aem4f : ffosal.oem4f (.text:ff_rel_grant)
                  000213c0    000001c0     sysbios.aem4f : BIOS.obj (.text:ti_sysbios_knl_Task_Instance_init__E)
                  00021580    000001b6     rtsv7M4_T_le_v4SPD16_eabi.lib : fd_add_t2.asm.obj (.text)
                  00021736    000001a4     ti.mw.fatfs.aem4f : ff.oem4f (.text:f_write)
                  000218da    00000002     rtsv7M4_T_le_v4SPD16_eabi.lib : _lock.c.obj (.text:_nop)
                  000218dc    000001a0     start.obj (.text:_Z5startjj)
                  00021a7c    00000178     ti.mw.fatfs.aem4f : ff.oem4f (.text:f_read)
                  00021bf4    00000004                       : diskio.oem4f (.text:get_fattime)
                  00021bf8    00000174     sysbios.aem4f : BIOS.obj (.text:ti_sysbios_family_arm_m3_Hwi_excBusFault__I)
                  00021d6c    00000170     ILI9341.obj (.text:_Z12ILI9341_initv)
                  00021edc    00000164     ti.mw.fatfs.aem4f : ff.oem4f (.text:f_open)
                  00022040    00000164     sysbios.aem4f : BIOS.obj (.text:ti_sysbios_family_arm_m3_Hwi_excUsageFault__I)
                  000221a4    0000015a     ti.mw.fatfs.aem4f : ff.oem4f (.text:f_lseek)
                  000222fe    00000002     rtsv7M4_T_le_v4SPD16_eabi.lib : div0.asm.obj (.text)
                  00022300    00000154     animator.obj (.text:_Z29animator_readPersistentSpritePKcth)
                  00022454    00000150     drivers_tivaware.aem4f : GPIOTiva.oem4f (.text:GPIO_setConfig)
                  000225a4    00000004     SlaveController_pem4f.oem4f (.text:ti_sysbios_BIOS_RtsGateProxy_enter__E)
                  000225a8    00000148     sysbios.aem4f : BIOS.obj (.text:ti_sysbios_family_arm_m3_Hwi_excMemFault__I)
                  000226f0    0000013c     rtsv7M4_T_le_v4SPD16_eabi.lib : _printfi.c.obj (.text:_pconv_e)
                  0002282c    00000004     SlaveController_pem4f.oem4f (.text:ti_sysbios_BIOS_RtsGateProxy_leave__E)
                  00022830    0000013c     sysbios.aem4f : BIOS.obj (.text:ti_sysbios_heaps_HeapMem_Instance_init__E)
                  0002296c    00000136     rtsv7M4_T_le_v4SPD16_eabi.lib : fd_div_t2.asm.obj (.text)
                  00022aa2    00000002     SlaveController_pem4f.oem4f (.text:ti_sysbios_BIOS_nullFunc__I)
                  00022aa4    00000134     rtsv7M4_T_le_v4SPD16_eabi.lib : localtim.c.obj (.text:__localtime32)
                  00022bd8    00000130     driverlib.lib : gpio.obj (.text:GPIOPadConfigSet)
                  00022d08    00000124     rtsv7M4_T_le_v4SPD16_eabi.lib : _printfi.c.obj (.text:fcvt)
                  00022e2c    00000123     ti.mw.fatfs.aem4f : ff.oem4f (.text:create_name)
                  00022f4f    00000001     --HOLE-- [fill = 0]
                  00022f50    0000011c     sysbios.aem4f : BIOS.obj (.text:ti_sysbios_knl_Clock_Instance_init__E)
                  0002306c    00000118     ti.targets.arm.rtsarm.aem4f : Error.oem4f (.text:xdc_runtime_Error_policyDefault__E)
                  00023184    00000114     rtsv7M4_T_le_v4SPD16_eabi.lib : fputs.c.obj (.text:fputs)
                  00023298    00000110                                   : s_scalbn.c.obj (.text:scalbn)
                  000233a8    0000010c                                   : fopen.c.obj (.text:_openfile)
                  000234b4    00000108     drivers_tivaware.aem4f : SDSPITiva.oem4f (.text:SDSPITiva_open)
                  000235bc    00000004     sysbios.aem4f : BIOS.obj (.text:ti_sysbios_family_arm_lm4_Timer_masterEnable__I)
                  000235c0    00000108                   : BIOS.obj (.text:ti_sysbios_family_arm_lm4_Timer_start__E)
                  000236c8    00000104     Flash.obj (.text:Flash_writeMemory_specifiedAddress)
                  000237cc    00000100     Boot.aem4f : Boot_sysctl.oem4f (.text:ti_catalog_arm_cortexm4_tiva_ce_Boot_sysCtlClockSetI__I)
                  000238cc    00000100     ti.targets.arm.rtsarm.aem4f : Core-mem.oem4f (.text:xdc_runtime_Core_createObject__I)
                  000239cc    000000fe     ti.mw.fatfs.aem4f : ff.oem4f (.text:f_rename)
                  00023aca    000000fc     rtsv7M4_T_le_v4SPD16_eabi.lib : fd_mul_t2.asm.obj (.text)
                  00023bc6    000000fa     ti.mw.fatfs.aem4f : ff.oem4f (.text:dir_next)
                  00023cc0    000000f8     rtsv7M4_T_le_v4SPD16_eabi.lib : fread.c.obj (.text:fread)
                  00023db8    000000f8     ti.targets.arm.rtsarm.aem4f : Startup.oem4f (.text:xdc_runtime_Startup_startMods__I)
                  00023eb0    000000f8     SlaveController_pem4f.oem4f (.text:xdc_runtime_System_printfExtend__I)
                  00023fa8    000000f4     drivers_tivaware.aem4f : SDSPITiva.oem4f (.text:SDSPITiva_diskIOctrl)
                  0002409c    000000f4     sysbios.aem4f : m3_Hwi_asm.obj (.text:ti_sysbios_family_arm_m3_Hwi_dispatch__I)
                  00024190    000000ec     ti.mw.fatfs.aem4f : ff.oem4f (.text:put_fat)
                  0002427c    00000004     SlaveController_pem4f.oem4f (.text:ti_sysbios_family_arm_m3_Hwi_destruct)
                  00024280    000000ec     sysbios.aem4f : BIOS.obj (.text:ti_sysbios_knl_Semaphore_post__E)
                  0002436c    000000e8     drivers_tivaware.aem4f : SDSPITiva.oem4f (.text:SDSPITiva_diskWrite)
                  00024454    000000dc     rtsv7M4_T_le_v4SPD16_eabi.lib : setvbuf.c.obj (.text:setvbuf)
                  00024530    000000d8     drivers_tivaware.aem4f : SPITivaDMA.oem4f (.text:SPITivaDMA_open)
                  00024608    000000d8     sysbios.aem4f : BIOS.obj (.text:ti_sysbios_family_arm_lm4_TimestampProvider_get32__E)
                  000246e0    000000d6     ti.mw.fatfs.aem4f : ff.oem4f (.text:get_fat)
                  000247b6    00000002     SlaveController_pem4f.oem4f (.text:xdc_runtime_Startup_reset__I)
                  000247b8    000000cc     ti.targets.arm.rtsarm.aem4f : Core-smem.oem4f (.text:xdc_runtime_Core_constructObject__I)
                  00024884    000000c6     drivers_tivaware.aem4f : SDSPITiva.oem4f (.text:send_cmd)
                  0002494a    00000002     --HOLE-- [fill = 0]
                  0002494c    000000c0                            : SDSPITiva.oem4f (.text:SDSPITiva_diskRead)
                  00024a0c    000000c0                            : SPITivaDMA.oem4f (.text:SPITivaDMA_configDMA)
                  00024acc    000000bc     EK_TM4C123GXL.obj (.text:EK_TM4C123GXL_initSPI)
                  00024b88    000000bc     rtsv7M4_T_le_v4SPD16_eabi.lib : open.c.obj (.text:open)
                  00024c44    00000004     SlaveController_pem4f.oem4f (.text:ti_sysbios_family_arm_m3_TaskSupport_Module__startupDone__S)
                  00024c48    000000bc     sysbios.aem4f : BIOS.obj (.text:ti_sysbios_family_arm_m3_Hwi_excDebugMon__I)
                  00024d04    00000004     SlaveController_pem4f.oem4f (.text:ti_sysbios_heaps_HeapMem_Module_GateProxy_enter__E)
                  00024d08    000000bc     sysbios.aem4f : BIOS.obj (.text:ti_sysbios_family_arm_m3_Hwi_excHardFault__I)
                  00024dc4    000000b8     rtsv7M4_T_le_v4SPD16_eabi.lib : add_device.c.obj (.text:add_device)
                  00024e7c    000000b8     ti.mw.fatfs.aem4f : ffcio.oem4f (.text:ffcio_open)
                  00024f34    000000b4                       : ff.oem4f (.text:sync_fs)
                  00024fe8    000000b4     sysbios.aem4f : BIOS.obj (.text:ti_sysbios_gates_GateMutex_enter__E)
                  0002509c    00000004     SlaveController_pem4f.oem4f (.text:ti_sysbios_heaps_HeapMem_Module_GateProxy_leave__E)
                  000250a0    000000b4     sysbios.aem4f : BIOS.obj (.text:ti_sysbios_knl_Task_checkStacks__E)
                  00025154    000000b1     rtsv7M4_T_le_v4SPD16_eabi.lib : _printfi.c.obj (.text:_ltostr)
                  00025205    00000001     --HOLE-- [fill = 0]
                  00025206    000000ac     drivers_tivaware.aem4f : UARTTiva.oem4f (.text:readTaskBlocking)
                  000252b2    00000006     driverlib.lib : gpio.obj (.text:GPIOIntClear)
                  000252b8    000000ac     sysbios.aem4f : BIOS.obj (.text:ti_sysbios_family_arm_lm4_Timer_enableTiva__I)
                  00025364    000000a8     ti.mw.fatfs.aem4f : ff.oem4f (.text:create_chain)
                  0002540c    000000a4     drivers_tivaware.aem4f : SPITivaDMA.oem4f (.text:SPITivaDMA_initHw)
                  000254b0    000000a4     ti.mw.fatfs.aem4f : ff.oem4f (.text:f_unlink)
                  00025554    00000004     SlaveController_pem4f.oem4f (.text:ti_sysbios_knl_Clock_TimerProxy_getMaxTicks__E)
                  00025558    000000a4     sysbios.aem4f : BIOS.obj (.text:ti_sysbios_knl_Clock_Instance_finalize__E)
                  000255fc    000000a0     ILI9341.obj (.text:_Z16ILI9341_fillRectjjjjj)
                  0002569c    000000a0     auto_init.aem4f : auto_init.oem4f (.text)
                  0002573c    000000a0     drivers_tivaware.aem4f : SDSPITiva.oem4f (.text:rcvr_datablock)
                  000257dc    000000a0     ti.targets.arm.rtsarm.aem4f : Text.oem4f (.text:xdc_runtime_Text_putMod__E)
                  0002587c    0000009c     rtsv7M4_T_le_v4SPD16_eabi.lib : _bufread.c.obj (.text:__TI_buff_read)
                  00025918    0000009c     ti.mw.fatfs.aem4f : ff.oem4f (.text:f_sync)
                  000259b4    0000009c     rtsv7M4_T_le_v4SPD16_eabi.lib : fopen.c.obj (.text:fopen)
                  00025a50    0000009c                                   : memcpy_t2.asm.obj (.text)
                  00025aec    00000004     SlaveController_pem4f.oem4f (.text:ti_sysbios_knl_Clock_TimerProxy_getPeriod__E)
                  00025af0    0000009c     sysbios.aem4f : BIOS.obj (.text:ti_sysbios_knl_Semaphore_Instance_init__E)
                  00025b8c    0000009a     ti.targets.arm.rtsarm.aem4f : Text.oem4f (.text:xdc_runtime_Text_putSite__E)
                  00025c26    0000009a     drivers_tivaware.aem4f : SDSPITiva.oem4f (.text:xmit_datablock)
                  00025cc0    00000098                            : UARTTiva.oem4f (.text:UARTTiva_readPolling)
                  00025d58    00000098     ILI9341.obj (.text:_Z11commandListPKh)
                  00025df0    00000098     Boot.aem4f : Boot.oem4f (.text:ti_catalog_arm_cortexm4_tiva_ce_Boot_sysCtlClockSet__E)
                  00025e88    00000096     rtsv7M4_T_le_v4SPD16_eabi.lib : ull_div_t2.asm.obj (.text)
                  00025f1e    00000094     drivers_tivaware.aem4f : UARTTiva.oem4f (.text:UARTTiva_write)
                  00025fb2    00000006     driverlib.lib : gpio.obj (.text:GPIOPinWrite)
                  00025fb8    00000094     sysbios.aem4f : BIOS.obj (.text:ti_sysbios_family_arm_m3_Hwi_Instance_init__E)
                  0002604c    00000004     SlaveController_pem4f.oem4f (.text:ti_sysbios_knl_Clock_destruct)
                  00026050    00000094     sysbios.aem4f : BIOS.obj (.text:ti_sysbios_family_arm_m3_Hwi_initNVIC__E)
                  000260e4    00000004     SlaveController_pem4f.oem4f (.text:ti_sysbios_knl_Queue_destruct)
                  000260e8    00000094     sysbios.aem4f : BIOS.obj (.text:ti_sysbios_knl_Task_postInit__I)
                  0002617c    0000008e     ILI9341.obj (.text:_Z18ILI9341_drawColorsjjPit)
                  0002620a    00000002     --HOLE-- [fill = 0]
                  0002620c    0000008c     drivers_tivaware.aem4f : GPIOTiva.oem4f (.text:GPIO_init)
                  00026298    0000008c                            : UARTTiva.oem4f (.text:UARTTiva_control)
                  00026324    0000008c     rtsv7M4_T_le_v4SPD16_eabi.lib : fputc.c.obj (.text:fputc)
                  000263b0    0000008c     sysbios.aem4f : m3_TaskSupport_asm.obj (.text:ti_sysbios_family_arm_m3_TaskSupport_buildTaskStack)
                  0002643c    0000008a     drivers_tivaware.aem4f : UARTTiva.oem4f (.text:readIsrTextBlocking)
                  000264c6    00000002     --HOLE-- [fill = 0]
                  000264c8    00000088     EK_TM4C123GXL.obj (.text:EK_TM4C123GXL_initDMA)
                  00026550    00000088     Flash.obj (.text:Flash_init)
                  000265d8    00000088     UART.obj (.text:UART_start)
                  00026660    00000088     animator.obj (.text:_Z19animator_initializev)
                  000266e8    00000088     start.obj (.text:main)
                  00026770    00000086     rtsv7M4_T_le_v4SPD16_eabi.lib : fd_cmp_t2.asm.obj (.text:__aeabi_cdcmple)
                  000267f6    00000086                                   : fd_cmp_t2.asm.obj (.text:__aeabi_cdrcmple)
                  0002687c    00000004     SlaveController_pem4f.oem4f (.text:ti_sysbios_knl_Semaphore_destruct)
                  00026880    00000084     sysbios.aem4f : BIOS.obj (.text:ti_sysbios_family_arm_m3_Hwi_postInit__I)
                  00026904    00000084     driverlib.lib : udma.obj (.text:uDMAChannelTransferSet)
                  00026988    00000082     drivers_tivaware.aem4f : UARTTiva.oem4f (.text:readIsrTextCallback)
                  00026a0a    0000007e     ti.mw.fatfs.aem4f : ff.oem4f (.text:dir_sdi)
                  00026a88    0000007c                       : ff.oem4f (.text:f_mount)
                  00026b04    0000007a     drivers_tivaware.aem4f : UARTTiva.oem4f (.text:readTaskCallback)
                  00026b7e    0000007a     rtsv7M4_T_le_v4SPD16_eabi.lib : memset_t2.asm.obj (.text)
                  00026bf8    00000076     ILI9341.obj (.text:_ZN33_INTERNAL_11_ILI9341_cpp_6ff9e12f17ILI9341_setCoordsEtttt)
                  00026c6e    00000002     --HOLE-- [fill = 0]
                  00026c70    00000074     rtsv7M4_T_le_v4SPD16_eabi.lib : fclose.c.obj (.text:__TI_closefile)
                  00026ce4    00000074     ti.mw.fatfs.aem4f : ff.oem4f (.text:check_fs)
                  00026d58    00000074     sysbios.aem4f : BIOS.obj (.text:ti_sysbios_knl_Clock_start__E)
                  00026dcc    00000004     ti.targets.arm.rtsarm.aem4f : Error.oem4f (.text:xdc_runtime_Error_getSite__E)
                  00026dd0    00000070     sysbios.aem4f : BIOS.obj (.text:ti_sysbios_knl_Clock_workFunc__E)
                  00026e40    00000070                   : BIOS.obj (.text:ti_sysbios_knl_Task_exit__E)
                  00026eb0    0000006e     rtsv7M4_T_le_v4SPD16_eabi.lib : _printfi.c.obj (.text:_mcpy)
                  00026f1e    0000006e                                   : ll_div_t2.asm.obj (.text)
                  00026f8c    0000006d     ti.targets.arm.rtsarm.aem4f : System.oem4f (.text:xdc_runtime_System_formatNum__I)
                  00026ff9    00000003     --HOLE-- [fill = 0]
                  00026ffc    0000006c     Flash.obj (.text:Flash_readMemory)
                  00027068    0000006c     sysbios.aem4f : BIOS.obj (.text:ti_sysbios_knl_Swi_restoreHwi__E)
                  000270d4    0000006c     drivers_tivaware.aem4f : UARTTiva.oem4f (.text:writeData)
                  00027140    0000006c     ti.targets.arm.rtsarm.aem4f : Error.oem4f (.text:xdc_runtime_Error_print__E)
                  000271ac    0000006c                                 : Memory.oem4f (.text:xdc_runtime_Memory_alloc__E)
                  00027218    00000068     rtsv7M4_T_le_v4SPD16_eabi.lib : hostlseek.c.obj (.text:HOSTlseek)
                  00027280    00000068                                   : hostrename.c.obj (.text:HOSTrename)
                  000272e8    00000068     SD.obj (.text:SD_startSDCard)
                  00027350    00000068     rtsv7M4_T_le_v4SPD16_eabi.lib : copy_decompress_lzss.c.obj (.text:decompress:lzss:__TI_decompress_lzss)
                  000273b8    00000068                                   : printf.c.obj (.text:printf)
                  00027420    00000066     ti.targets.arm.rtsarm.aem4f : Core-mem.oem4f (.text:xdc_runtime_Core_deleteObject__I)
                  00027486    00000002     --HOLE-- [fill = 0]
                  00027488    00000064     Flash.obj (.text:Flash_pendWriteOpCompletion)
                  000274ec    00000064     drivers_tivaware.aem4f : GPIOTiva.oem4f (.text:GPIO_hwiIntFxn)
                  00027550    00000064     ti.mw.fatfs.aem4f : ff.oem4f (.text:follow_path)
                  000275b4    00000064     rtsv7M4_T_le_v4SPD16_eabi.lib : s_frexp.c.obj (.text:frexp)
                  00027618    00000064                                   : fseek.c.obj (.text:fseek)
                  0002767c    00000004     SlaveController_pem4f.oem4f (.text:xdc_runtime_System_Module_GateProxy_enter__E)
                  00027680    00000064     sysbios.aem4f : BIOS.obj (.text:ti_sysbios_family_arm_lm4_Timer_Module_startup__E)
                  000276e4    00000064     SlaveController_pem4f.oem4f (.text:ti_sysbios_family_arm_m3_Hwi_create)
                  00027748    00000064     sysbios.aem4f : BIOS.obj (.text:ti_sysbios_family_arm_m3_Hwi_dispatchC__I)
                  000277ac    00000062     drivers_tivaware.aem4f : SPITivaDMA.oem4f (.text:SPITivaDMA_transfer)
                  0002780e    00000062     rtsv7M4_T_le_v4SPD16_eabi.lib : _io_perm.c.obj (.text:__TI_wrt_ok)
                  00027870    00000060                                   : hostopen.c.obj (.text:HOSTopen)
                  000278d0    00000060     sysbios.aem4f : BIOS.obj (.text:ti_sysbios_knl_Task_schedule__I)
                  00027930    0000005e     drivers_tivaware.aem4f : UARTTiva.oem4f (.text:readIsrBinaryBlocking)
                  0002798e    0000005e     ti.mw.fatfs.aem4f : ff.oem4f (.text:remove_chain)
                  000279ec    0000005c     EK_TM4C123GXL.obj (.text:EK_TM4C123GXL_initSDSPI)
                  00027a48    0000005c     rtsv7M4_T_le_v4SPD16_eabi.lib : close.c.obj (.text:close)
                  00027aa4    00000004     SlaveController_pem4f.oem4f (.text:xdc_runtime_System_Module_GateProxy_leave__E)
                  00027aa8    0000005c     sysbios.aem4f : BIOS.obj (.text:ti_sysbios_knl_Swi_run__I)
                  00027b04    00000004     ti.targets.arm.rtsarm.aem4f : System.oem4f (.text:xdc_runtime_System_aprintf_va__F)
                  00027b08    0000005c     sysbios.aem4f : BIOS.obj (.text:ti_sysbios_knl_Swi_schedule__I)
                  00027b64    00000004     ti.targets.arm.rtsarm.aem4f : System.oem4f (.text:xdc_runtime_System_printf_va__F)
                  00027b68    0000005c     sysbios.aem4f : BIOS.obj (.text:ti_sysbios_knl_Task_Module_startup__E)
                  00027bc4    00000004     --HOLE-- [fill = 0]
                  00027bc8    0000005c                   : BIOS.obj (.text:ti_sysbios_knl_Task_startCore__E)
                  00027c24    0000005c     drivers_tivaware.aem4f : SDSPITiva.oem4f (.text:wait_ready)
                  00027c80    0000005b     ti.targets.arm.rtsarm.aem4f : Text.oem4f (.text:xdc_runtime_Text_putLab__E)
                  00027cdb    00000001     --HOLE-- [fill = 0]
                  00027cdc    00000058     boot.aem4f : boot.oem4f (.text)
                  00027d34    00000058     rtsv7M4_T_le_v4SPD16_eabi.lib : hostread.c.obj (.text:HOSTread)
                  00027d8c    00000058                                   : hostwrite.c.obj (.text:HOSTwrite)
                  00027de4    00000058     SD.obj (.text:SD_openFile)
                  00027e3c    00000058     tirtosport.aem4f : SemaphoreP_tirtos.oem4f (.text:SemaphoreP_create)
                  00027e94    00000058     SlaveController_pem4f.oem4f (.text:ti_sysbios_family_arm_m3_Hwi_construct)
                  00027eec    00000058     sysbios.aem4f : m3_Hwi_asm_switch.obj (.text:ti_sysbios_family_arm_m3_Hwi_initStacks__E)
                  00027f44    00000056     driverlib.lib : gpio.obj (.text:GPIOIntTypeSet)
                  00027f9a    00000056     rtsv7M4_T_le_v4SPD16_eabi.lib : _printfi.c.obj (.text:_pconv_f)
                  00027ff0    00000056     ti.mw.fatfs.aem4f : ff.oem4f (.text:dir_read)
                  00028046    00000054     rtsv7M4_T_le_v4SPD16_eabi.lib : _ltoa.c.obj (.text:__TI_ltoa)
                  0002809a    00000054     drivers_tivaware.aem4f : UARTTiva.oem4f (.text:readIsrBinaryCallback)
                  000280ee    00000054     ti.mw.fatfs.aem4f : ff.oem4f (.text:sync_window)
                  00028142    00000006     drivers_tivaware.aem4f : SDSPITiva.oem4f (.text:SDSPITiva_control)
                  00028148    00000054     sysbios.aem4f : BIOS.obj (.text:ti_sysbios_family_arm_lm4_Timer_initDevice__I)
                  0002819c    00000054     SlaveController_pem4f.oem4f (.text:ti_sysbios_knl_Task_construct)
                  000281f0    00000054     ti.targets.arm.rtsarm.aem4f : Assert.oem4f (.text:xdc_runtime_Assert_raise__I)
                  00028244    00000052     rtsv7M4_T_le_v4SPD16_eabi.lib : _printfi.c.obj (.text:_ecpy)
                  00028296    00000002     --HOLE-- [fill = 0]
                  00028298    00000050     drivers_tivaware.aem4f : GPIOTiva.oem4f (.text:GPIO_setCallback)
                  000282e8    00000050     driverlib.lib : sysctl.obj (.text:SysCtlPeripheralReset)
                  00028338    00000050     drivers_tivaware.aem4f : UARTTiva.oem4f (.text:UARTTiva_writeCancel)
                  00028388    00000050     ILI9341.obj (.text:_ZN33_INTERNAL_11_ILI9341_cpp_6ff9e12f16ILI9341_setColorEj)
                  000283d8    00000050     sysbios.aem4f : BIOS.obj (.text:ti_sysbios_family_arm_m3_Hwi_Module_startup__E)
                  00028428    00000050     ti.targets.arm.rtsarm.aem4f : Startup.oem4f (.text:xdc_runtime_Startup_exec__E)
                  00028478    00000050                                 : Text.oem4f (.text:xdc_runtime_Text_visitRope2__I)
                  000284c8    0000004c     drivers_tivaware.aem4f : UARTTiva.oem4f (.text:UARTTiva_close)
                  00028514    0000004c     rtsv7M4_T_le_v4SPD16_eabi.lib : fflush.c.obj (.text:__TI_doflush)
                  00028560    0000004c                                   : atoi.c.obj (.text:atoi)
                  000285ac    0000004c                                   : cpy_tbl.c.obj (.text:copy_in)
                  000285f8    0000004c     SlaveController_pem4f.oem4f (.text:ti_mw_fatfs_startup)
                  00028644    00000004     --HOLE-- [fill = 0]
                  00028648    0000004c     sysbios.aem4f : BIOS.obj (.text:ti_sysbios_heaps_HeapMem_getStats__E)
                  00028694    00000004     --HOLE-- [fill = 0]
                  00028698    0000004c                   : BIOS.obj (.text:ti_sysbios_knl_Swi_runLoop__I)
                  000286e4    00000004     --HOLE-- [fill = 0]
                  000286e8    0000004c                   : BIOS.obj (.text:ti_sysbios_knl_Task_allBlockedFunction__I)
                  00028734    0000004a     rtsv7M4_T_le_v4SPD16_eabi.lib : _io_perm.c.obj (.text:__TI_rd_ok)
                  0002877e    00000002     --HOLE-- [fill = 0]
                  00028780    00000048     driverlib.lib : gpio.obj (.text:GPIOPinConfigure)
                  000287c8    00000048     ti.mw.fatfs.aem4f : ff.oem4f (.text:dir_find)
                  00028810    00000048     rtsv7M4_T_le_v4SPD16_eabi.lib : exit.c.obj (.text:exit)
                  00028858    00000048                                   : fd_toi_t2.asm.obj (.text)
                  000288a0    00000048     sysbios.aem4f : BIOS.obj (.text:ti_sysbios_family_arm_lm4_Timer_enableTimers__I)
                  000288e8    00000048                   : BIOS.obj (.text:ti_sysbios_family_arm_m3_Hwi_disableInterrupt__E)
                  00028930    00000048                   : BIOS.obj (.text:ti_sysbios_family_arm_m3_Hwi_enableInterrupt__E)
                  00028978    00000048                   : BIOS.obj (.text:ti_sysbios_family_arm_m3_Hwi_excReserved__I)
                  000289c0    00000046     drivers_tivaware.aem4f : RingBuf.oem4f (.text:RingBuf_put)
                  00028a06    00000046     ti.targets.arm.rtsarm.aem4f : Core-params.oem4f (.text:xdc_runtime_Core_assignParams__I)
                  00028a4c    00000044     rtsv7M4_T_le_v4SPD16_eabi.lib : hostclose.c.obj (.text:HOSTclose)
                  00028a90    00000044                                   : hostunlink.c.obj (.text:HOSTunlink)
                  00028ad4    00000044     SD.obj (.text:SD_read)
                  00028b18    00000044     SD.obj (.text:SD_readNextChar)
                  00028b5c    00000044     drivers_tivaware.aem4f : SPITivaDMA.oem4f (.text:SPITivaDMA_hwiFxn)
                  00028ba0    00000044     ti.mw.fatfs.aem4f : ff.oem4f (.text:dir_alloc)
                  00028be4    00000044     rtsv7M4_T_le_v4SPD16_eabi.lib : getdevice.c.obj (.text:getdevice)
                  00028c28    00000044     drivers_tivaware.aem4f : SDSPITiva.oem4f (.text:send_initial_clock_train)
                  00028c6c    00000004     --HOLE-- [fill = 0]
                  00028c70    00000044     sysbios.aem4f : BIOS.obj (.text:ti_sysbios_family_arm_lm4_Timer_isrStub__E)
                  00028cb4    00000004     --HOLE-- [fill = 0]
                  00028cb8    00000044                   : BIOS.obj (.text:ti_sysbios_family_arm_m3_Hwi_getStackInfo__E)
                  00028cfc    00000004     --HOLE-- [fill = 0]
                  00028d00    00000044                   : BIOS.obj (.text:ti_sysbios_knl_Swi_post__E)
                  00028d44    00000044     ti.targets.arm.rtsarm.aem4f : Error.oem4f (.text:xdc_runtime_Error_setX__E)
                  00028d88    00000044                                 : SysMin.oem4f (.text:xdc_runtime_SysMin_flush__E)
                  00028dcc    00000044                                 : Text.oem4f (.text:xdc_runtime_Text_xprintf__I)
                  00028e10    00000042     drivers_tivaware.aem4f : SPITivaDMA.oem4f (.text:SPITivaDMA_transferCancel)
                  00028e52    00000042     driverlib.lib : uart.obj (.text:UARTConfigSetExpClk)
                  00028e94    00000042     drivers_tivaware.aem4f : UARTTiva.oem4f (.text:UARTTiva_hwiIntFxn)
                  00028ed6    00000042                            : UARTTiva.oem4f (.text:UARTTiva_writePolling)
                  00028f18    00000040     EK_TM4C123GXL.obj (.text:EK_TM4C123GXL_initGeneral)
                  00028f58    00000040     Flash.obj (.text:Flash_transferSPICS)
                  00028f98    00000040     Flash.obj (.text:Flash_writeCommandCS)
                  00028fd8    00000040     drivers_tivaware.aem4f : RingBuf.oem4f (.text:RingBuf_get)
                  00029018    00000040                            : SDSPITiva.oem4f (.text:SDSPITiva_close)
                  00029058    00000040                            : UARTTiva.oem4f (.text:UARTTiva_read)
                  00029098    00000040     ILI9341.obj (.text:_ZN33_INTERNAL_11_ILI9341_cpp_6ff9e12f12writeCommandEh)
                  000290d8    00000040     ti.mw.fatfs.aem4f : ff.oem4f (.text:get_ldnumber)
                  00029118    00000040     rtsv7M4_T_le_v4SPD16_eabi.lib : u_divt2.asm.obj (.text)
                  00029158    00000040     sysbios.aem4f : BIOS.obj (.text:ti_sysbios_family_arm_lm4_Timer_startup__E)
                  00029198    0000003e     rtsv7M4_T_le_v4SPD16_eabi.lib : _printfi.c.obj (.text:_fcpy)
                  000291d6    0000003c     drivers_tivaware.aem4f : SPITivaDMA.oem4f (.text:SPITivaDMA_close)
                  00029212    0000003c     driverlib.lib : ssi.obj (.text:SSIConfigSetExpClk)
                  0002924e    0000003c     animator.obj (.text:_Z9readUntilcPh)
                  0002928a    00000002     --HOLE-- [fill = 0]
                  0002928c    0000003c     EK_TM4C123GXL.obj (.text:dmaErrorHwi)
                  000292c8    0000003c     sysbios.aem4f : BIOS.obj (.text:ti_sysbios_family_arm_m3_Hwi_excSvCall__I)
                  00029304    00000004     --HOLE-- [fill = 0]
                  00029308    0000003c                   : BIOS.obj (.text:ti_sysbios_heaps_HeapMem_init__I)
                  00029344    00000004     --HOLE-- [fill = 0]
                  00029348    0000003c                   : BIOS.obj (.text:ti_sysbios_knl_Swi_restore__E)
                  00029384    00000038     drivers_tivaware.aem4f : SDSPI.oem4f (.text:SDSPI_init)
                  000293bc    00000038                            : SPI.oem4f (.text:SPI_init)
                  000293f4    00000038                            : UART.oem4f (.text:UART_init)
                  0002942c    00000038     rtsv7M4_T_le_v4SPD16_eabi.lib : trgmsg.c.obj (.text:__TI_writemsg)
                  00029464    00000038     ti.mw.fatfs.aem4f : ff.oem4f (.text:dir_register)
                  0002949c    00000004     --HOLE-- [fill = 0]
                  000294a0    00000038     sysbios.aem4f : BIOS.obj (.text:ti_sysbios_family_arm_m3_Hwi_excNoIsr__I)
                  000294d8    00000038                   : BIOS.obj (.text:ti_sysbios_knl_Task_processVitalTaskFlag__I)
                  00029510    00000038     ti.targets.arm.rtsarm.aem4f : SysMin.oem4f (.text:xdc_runtime_SysMin_putch__E)
                  00029548    00000038                                 : System.oem4f (.text:xdc_runtime_System_atexit__E)
                  00029580    00000036     drivers_tivaware.aem4f : UARTTiva.oem4f (.text:UARTTiva_readCancel)
                  000295b6    00000036     ti.mw.fatfs.aem4f : ff.oem4f (.text:move_window)
                  000295ec    00000036     rtsv7M4_T_le_v4SPD16_eabi.lib : strncpy.c.obj (.text:strncpy)
                  00029622    00000036     SlaveController_pem4f.oem4f (.text:ti_mw_fatfs_getFatTime)
                  00029658    00000034     EK_TM4C123GXL.obj (.text:EK_TM4C123GXL_initUART)
                  0002968c    00000034     driverlib.lib : sysctl.obj (.text:SysCtlPeripheralEnable)
                  000296c0    00000034     rtsv7M4_T_le_v4SPD16_eabi.lib : fopen.c.obj (.text:__TI_cleanup)
                  000296f4    00000034                                   : trgmsg.c.obj (.text:__TI_readmsg)
                  00029728    00000034     ti.mw.fatfs.aem4f : ff.oem4f (.text:dir_remove)
                  0002975c    00000034                       : ffcio.oem4f (.text:ffcio_lseek)
                  00029790    00000034     sysbios.aem4f : BIOS.obj (.text:ti_sysbios_family_arm_m3_Hwi_Instance_finalize__E)
                  000297c4    00000004     --HOLE-- [fill = 0]
                  000297c8    00000034                   : BIOS.obj (.text:ti_sysbios_family_arm_m3_Hwi_excNmi__I)
                  000297fc    00000004     --HOLE-- [fill = 0]
                  00029800    00000034                   : BIOS.obj (.text:ti_sysbios_hal_Hwi_checkStack)
                  00029834    00000034     SlaveController_pem4f.oem4f (.text:ti_sysbios_knl_Clock_construct)
                  00029868    00000034     ti.mw.fatfs.aem4f : ff.oem4f (.text:validate)
                  0002989c    00000034     ti.targets.arm.rtsarm.aem4f : Core-label.oem4f (.text:xdc_runtime_Core_assignLabel__I)
                  000298d0    00000033                                 : Text.oem4f (.text:xdc_runtime_Text_printVisFxn__I)
                  00029903    00000005     --HOLE-- [fill = 0]
                  00029908    00000032     sysbios.aem4f : BIOS.obj (.text:ti_sysbios_hal_Hwi_initStack)
                  0002993a    00000002     --HOLE-- [fill = 0]
                  0002993c    00000030     EK_TM4C123GXL.obj (.text:EK_TM4C123GXL_initGPIO)
                  0002996c    00000030     drivers_tivaware.aem4f : SDSPI.oem4f (.text:SDSPI_open)
                  0002999c    00000030                            : SPI.oem4f (.text:SPI_open)
                  000299cc    00000030                            : UART.oem4f (.text:UART_open)
                  000299fc    00000030     ILI9341.obj (.text:_ZN33_INTERNAL_11_ILI9341_cpp_6ff9e12f9writeDataEh)
                  00029a2c    00000030     rtsv7M4_T_le_v4SPD16_eabi.lib : getdevice.c.obj (.text:finddevice)
                  00029a5c    00000030     SlaveController_pem4f.oem4f (.text:ti_sysbios_BIOS_atExitFunc__I)
                  00029a8c    00000004     --HOLE-- [fill = 0]
                  00029a90    00000030     sysbios.aem4f : BIOS.obj (.text:ti_sysbios_family_arm_lm4_Timer_stop__E)
                  00029ac0    00000030                   : BIOS.obj (.text:ti_sysbios_family_arm_m3_TaskSupport_start__E)
                  00029af0    00000030     SlaveController_pem4f.oem4f (.text:ti_sysbios_gates_GateHwi_Object__create__S)
                  00029b20    00000030     SlaveController_pem4f.oem4f (.text:ti_sysbios_gates_GateMutex_Object__create__S)
                  00029b50    00000030     SlaveController_pem4f.oem4f (.text:ti_sysbios_heaps_HeapMem_Object__create__S)
                  00029b80    00000030     SlaveController_pem4f.oem4f (.text:ti_sysbios_knl_Semaphore_construct)
                  00029bb0    00000030     sysbios.aem4f : BIOS.obj (.text:ti_sysbios_knl_Semaphore_pendTimeout__I)
                  00029be0    00000030                   : BIOS.obj (.text:ti_sysbios_knl_Task_unblockI__E)
                  00029c10    00000030     ti.targets.arm.rtsarm.aem4f : SysMin.oem4f (.text:xdc_runtime_SysMin_abort__E)
                  00029c40    00000030                                 : System.oem4f (.text:xdc_runtime_System_processAtExit__E)
                  00029c70    0000002e     SlaveController_pem4f.oem4f (.text:malloc)
                  00029c9e    0000002e     rtsv7M4_T_le_v4SPD16_eabi.lib : i_tofd_t2.asm.obj (.text)
                  00029ccc    0000002c     Flash.obj (.text:Flash_writeMemory)
                  00029cf8    0000002c     ti.mw.fatfs.aem4f : diskio.oem4f (.text:disk_register)
                  00029d24    0000002c     rtsv7M4_T_le_v4SPD16_eabi.lib : fclose.c.obj (.text:fclose)
                  00029d50    0000002c     SlaveController_pem4f.oem4f (.text:ti_sysbios_knl_Clock_doTick__I)
                  00029d7c    0000002c     SlaveController_pem4f.oem4f (.text:ti_sysbios_knl_Queue_construct)
                  00029da8    0000002c     sysbios.aem4f : BIOS.obj (.text:ti_sysbios_knl_Task_restore__E)
                  00029dd4    0000002c     driverlib.lib : udma.obj (.text:uDMAChannelAssign)
                  00029e00    0000002c     rtsv7M4_T_le_v4SPD16_eabi.lib : unlink.c.obj (.text:unlink)
                  00029e2c    0000002c     ti.targets.arm.rtsarm.aem4f : Text.oem4f (.text:xdc_runtime_Text_cordText__E)
                  00029e58    0000002a     driverlib.lib : gpio.obj (.text:GPIODirModeSet)
                  00029e82    0000002a     ti.targets.arm.rtsarm.aem4f : System.oem4f (.text:xdc_runtime_System_putchar__I)
                  00029eac    00000028     ti.mw.fatfs.aem4f : diskio.oem4f (.text:disk_unregister)
                  00029ed4    00000028     rtsv7M4_T_le_v4SPD16_eabi.lib : lseek.c.obj (.text:lseek)
                  00029efc    00000028                                   : read.c.obj (.text:read)
                  00029f24    00000028     SlaveController_pem4f.oem4f (.text:ti_sysbios_BIOS_startFunc__I)
                  00029f4c    00000004     --HOLE-- [fill = 0]
                  00029f50    00000028     sysbios.aem4f : BIOS.obj (.text:ti_sysbios_knl_Swi_Module_startup__E)
                  00029f78    00000028     rtsv7M4_T_le_v4SPD16_eabi.lib : write.c.obj (.text:write)
                  00029fa0    00000026     sysbios.aem4f : m3_Hwi_asm.obj (.text:ti_sysbios_family_arm_m3_Hwi_pendSV__I)
                  00029fc6    00000026     ti.targets.arm.rtsarm.aem4f : System.oem4f (.text:xdc_runtime_System_avprintf__E)
                  00029fec    00000024     ti.mw.fatfs.aem4f : diskio.oem4f (.text:disk_ioctl)
                  0002a010    00000024                       : diskio.oem4f (.text:disk_read)
                  0002a034    00000024                       : ff.oem4f (.text:f_close)
                  0002a058    00000024                       : ffcio.oem4f (.text:ffcio_close)
                  0002a07c    00000024     SlaveController_pem4f.oem4f (.text:ti_sysbios_BIOS_errorRaiseHook__I)
                  0002a0a0    00000024     SlaveController_pem4f.oem4f (.text:ti_sysbios_BIOS_registerRTSLock__I)
                  0002a0c4    00000024     SlaveController_pem4f.oem4f (.text:ti_sysbios_BIOS_removeRTSLock__I)
                  0002a0e8    00000024     SlaveController_pem4f.oem4f (.text:ti_sysbios_gates_GateMutex_Object__delete__S)
                  0002a10c    00000004     --HOLE-- [fill = 0]
                  0002a110    00000024     sysbios.aem4f : BIOS.obj (.text:ti_sysbios_knl_Clock_Module_startup__E)
                  0002a134    00000004     --HOLE-- [fill = 0]
                  0002a138    00000024                   : BIOS.obj (.text:ti_sysbios_knl_Task_restoreHwi__E)
                  0002a15c    00000024     driverlib.lib : udma.obj (.text:uDMAChannelControlSet)
                  0002a180    00000024     ti.targets.arm.rtsarm.aem4f : System.oem4f (.text:xdc_runtime_System_vprintf__E)
                  0002a1a4    00000004     --HOLE-- [fill = 0]
                  0002a1a8    00000022     sysbios.aem4f : BIOS.obj (.text:ti_sysbios_family_arm_lm4_Timer_write__I)
                  0002a1ca    00000022     SlaveController_pem4f.oem4f (.text:xdc_runtime_SysMin_output__I)
                  0002a1ec    00000020     Flash.obj (.text:Flash_allocateMemory)
                  0002a20c    00000020     ti.mw.fatfs.aem4f : diskio.oem4f (.text:disk_write)
                  0002a22c    00000020                       : ffcio.oem4f (.text:ffcio_read)
                  0002a24c    00000020                       : ffcio.oem4f (.text:ffcio_write)
                  0002a26c    00000020     rtsv7M4_T_le_v4SPD16_eabi.lib : memchr.c.obj (.text:memchr)
                  0002a28c    00000020     SlaveController_pem4f.oem4f (.text:ti_sysbios_BIOS_rtsLock__I)
                  0002a2ac    00000004     --HOLE-- [fill = 0]
                  0002a2b0    00000020     sysbios.aem4f : BIOS.obj (.text:ti_sysbios_family_arm_m3_Hwi_clearInterrupt__E)
                  0002a2d0    00000020                   : m3_Hwi_asm.obj (.text:ti_sysbios_family_arm_m3_Hwi_excHandlerAsm__I)
                  0002a2f0    00000020                   : BIOS.obj (.text:ti_sysbios_family_arm_m3_Hwi_excHandler__I)
                  0002a310    00000020     SlaveController_pem4f.oem4f (.text:ti_sysbios_gates_GateHwi_Object__delete__S)
                  0002a330    00000020     SlaveController_pem4f.oem4f (.text:ti_sysbios_heaps_HeapMem_Object__delete__S)
                  0002a350    00000020     SlaveController_pem4f.oem4f (.text:ti_sysbios_knl_Clock_Object__destruct__S)
                  0002a370    00000020     sysbios.aem4f : BIOS.obj (.text:ti_sysbios_knl_Idle_run__E)
                  0002a390    00000020     SlaveController_pem4f.oem4f (.text:ti_sysbios_knl_Semaphore_Object__destruct__S)
                  0002a3b0    00000020     ti.targets.arm.rtsarm.aem4f : Registry.oem4f (.text:xdc_runtime_Registry_findById__E)
                  0002a3d0    00000020                                 : SysMin.oem4f (.text:xdc_runtime_SysMin_Module_startup__E)
                  0002a3f0    0000001e     ti.mw.fatfs.aem4f : ff.oem4f (.text:ld_clust)
                  0002a40e    0000001e     rtsv7M4_T_le_v4SPD16_eabi.lib : strcat.c.obj (.text:strcat)
                  0002a42c    0000001e     sysbios.aem4f : m3_Hwi_asm_switch.obj (.text:ti_sysbios_family_xxx_Hwi_switchAndRunFunc)
                  0002a44a    00000002     --HOLE-- [fill = 0]
                  0002a44c    0000001c     driverlib.lib : uart.obj (.text:UARTDisable)
                  0002a468    0000001c     UART.obj (.text:UART_transmit)
                  0002a484    0000001c     ti.mw.fatfs.aem4f : diskio.oem4f (.text:disk_initialize)
                  0002a4a0    0000001c                       : diskio.oem4f (.text:disk_status)
                  0002a4bc    0000001c     drivers_tivaware.aem4f : GPIOTiva.oem4f (.text:getGpioIntIndex)
                  0002a4d8    0000001c     ti.mw.fatfs.aem4f : ff.oem4f (.text:mem_cmp)
                  0002a4f4    0000001c     rtsv7M4_T_le_v4SPD16_eabi.lib : memccpy.c.obj (.text:memccpy)
                  0002a510    0000001c     sysbios.aem4f : BIOS.obj (.text:ti_sysbios_family_arm_lm4_Seconds_get__E)
                  0002a52c    0000001c     SlaveController_pem4f.oem4f (.text:ti_sysbios_family_arm_m3_Hwi_Object__destruct__S)
                  0002a548    0000001c     sysbios.aem4f : BIOS.obj (.text:ti_sysbios_gates_GateMutex_Instance_init__E)
                  0002a564    0000001c     SlaveController_pem4f.oem4f (.text:ti_sysbios_knl_Queue_Object__destruct__S)
                  0002a580    0000001c     sysbios.aem4f : BIOS.obj (.text:ti_sysbios_knl_Queue_put__E)
                  0002a59c    00000004     --HOLE-- [fill = 0]
                  0002a5a0    0000001c                   : BIOS.obj (.text:ti_sysbios_knl_Task_enter__I)
                  0002a5bc    0000001c     ti.targets.arm.rtsarm.aem4f : Error.oem4f (.text:xdc_runtime_Error_raiseX__E)
                  0002a5d8    0000001c                                 : Memory.oem4f (.text:xdc_runtime_Memory_valloc__E)
                  0002a5f4    0000001c                                 : SysMin.oem4f (.text:xdc_runtime_SysMin_exit__E)
                  0002a610    0000001c                                 : System.oem4f (.text:xdc_runtime_System_abort__E)
                  0002a62c    0000001a     rtsv7M4_T_le_v4SPD16_eabi.lib : s_copysign.c.obj (.text:copysign)
                  0002a646    0000001a     SlaveController_pem4f.oem4f (.text:free)
                  0002a660    0000001a     SlaveController_pem4f.oem4f (.text:ti_sysbios_family_arm_m3_Hwi_Handle__label__S)
                  0002a67a    0000001a     SlaveController_pem4f.oem4f (.text:ti_sysbios_gates_GateHwi_Handle__label__S)
                  0002a694    0000001a     SlaveController_pem4f.oem4f (.text:ti_sysbios_gates_GateMutex_Handle__label__S)
                  0002a6ae    0000001a     SlaveController_pem4f.oem4f (.text:ti_sysbios_heaps_HeapMem_Handle__label__S)
                  0002a6c8    0000001a     SlaveController_pem4f.oem4f (.text:ti_sysbios_knl_Swi_Handle__label__S)
                  0002a6e2    0000001a     SlaveController_pem4f.oem4f (.text:ti_sysbios_knl_Task_Handle__label__S)
                  0002a6fc    0000001a     ti.mw.fatfs.aem4f : ff.oem4f (.text:unlock_fs)
                  0002a716    0000001a     SlaveController_pem4f.oem4f (.text:xdc_runtime_System_aprintf__E)
                  0002a730    0000001a     SlaveController_pem4f.oem4f (.text:xdc_runtime_System_printf__E)
                  0002a74a    00000018     driverlib.lib : gpio.obj (.text:GPIOPinTypeGPIOOutput)
                  0002a762    00000002     --HOLE-- [fill = 0]
                  0002a764    00000018     drivers_tivaware.aem4f : UART.oem4f (.text:UART_Params_init)
                  0002a77c    00000018     UART.obj (.text:UART_receive)
                  0002a794    00000018     animator.obj (.text:_Z11readHalfIntPh)
                  0002a7ac    00000018     ILI9341.obj (.text:_Z18ILI9341_fillScreenj)
                  0002a7c4    00000018     ILI9341.obj (.text:_ZN33_INTERNAL_11_ILI9341_cpp_6ff9e12f8deselectEv)
                  0002a7dc    00000018     rtsv7M4_T_le_v4SPD16_eabi.lib : args_main.c.obj (.text:_args_main)
                  0002a7f4    00000018     ti.mw.fatfs.aem4f : ff.oem4f (.text:clust2sect)
                  0002a80c    00000018                       : ffosal.oem4f (.text:ff_cre_syncobj)
                  0002a824    00000018     rtsv7M4_T_le_v4SPD16_eabi.lib : strcmp.c.obj (.text:strcmp)
                  0002a83c    00000018     SlaveController_pem4f.oem4f (.text:ti_sysbios_BIOS_rtsUnlock__I)
                  0002a854    00000018     SlaveController_pem4f.oem4f (.text:ti_sysbios_family_arm_lm4_Timer_Module__startupDone__F)
                  0002a86c    00000018     SlaveController_pem4f.oem4f (.text:ti_sysbios_family_arm_m3_Hwi_Module__startupDone__F)
                  0002a884    00000018     sysbios.aem4f : m3_TaskSupport_asm.obj (.text:ti_sysbios_family_arm_m3_TaskSupport_swap__E)
                  0002a89c    00000004     --HOLE-- [fill = 0]
                  0002a8a0    00000018                   : BIOS.obj (.text:ti_sysbios_gates_GateMutex_leave__E)
                  0002a8b8    00000018                   : BIOS.obj (.text:ti_sysbios_knl_Task_sleepTimeout__I)
                  0002a8d0    00000018     SlaveController_pem4f.oem4f (.text:time)
                  0002a8e8    00000018     driverlib.lib : udma.obj (.text:uDMAChannelDisable)
                  0002a900    00000018                   : udma.obj (.text:uDMAChannelEnable)
                  0002a918    00000018                   : udma.obj (.text:uDMAChannelIsEnabled)
                  0002a930    00000018     ti.targets.arm.rtsarm.aem4f : Error.oem4f (.text:xdc_runtime_Error_check__E)
                  0002a948    00000018                                 : System.oem4f (.text:xdc_runtime_System_exit__E)
                  0002a960    00000018                                 : Text.oem4f (.text:xdc_runtime_Text_ropeText__E)
                  0002a978    00000016     tirtosport.aem4f : SemaphoreP_tirtos.oem4f (.text:SemaphoreP_delete)
                  0002a98e    00000016     start.obj (.text:_ZN30_INTERNAL_9_start_cpp_c81e5b2e31ti_sysbios_knl_Task_Params_initEP26ti_sysbios_knl_Task_Params)
                  0002a9a4    00000016     ti.mw.fatfs.aem4f : ff.oem4f (.text:mem_cpy)
                  0002a9ba    00000016     rtsv7M4_T_le_v4SPD16_eabi.lib : strchr.c.obj (.text:strchr)
                  0002a9d0    00000016     SlaveController_pem4f.oem4f (.text:ti_sysbios_BIOS_exitFunc__I)
                  0002a9e6    00000016     EK_TM4C123GXL.obj (.text:ti_sysbios_family_arm_m3_Hwi_Params_init)
                  0002a9fc    00000014     drivers_tivaware.aem4f : SPI.oem4f (.text:SPI_Params_init)
                  0002aa10    00000014     driverlib.lib : uart.obj (.text:UARTEnable)
                  0002aa24    00000014     animator.obj (.text:_Z28animator_setBackgroundColorsPKj)
                  0002aa38    00000014     ti.mw.fatfs.aem4f : ffosal.oem4f (.text:ff_req_grant)
                  0002aa4c    00000014                       : ff.oem4f (.text:mem_set)
                  0002aa60    00000014     rtsv7M4_T_le_v4SPD16_eabi.lib : strcpy.c.obj (.text:strcpy)
                  0002aa74    00000014                                   : strlen.c.obj (.text:strlen)
                  0002aa88    00000014     SlaveController_pem4f.oem4f (.text:ti_sysbios_family_arm_m3_Hwi_Object__get__S)
                  0002aa9c    00000004     --HOLE-- [fill = 0]
                  0002aaa0    00000014     sysbios.aem4f : BIOS.obj (.text:ti_sysbios_family_arm_m3_Hwi_switchFromBootStack__E)
                  0002aab4    00000014     SlaveController_pem4f.oem4f (.text:ti_sysbios_heaps_HeapMem_Object__get__S)
                  0002aac8    00000014     SlaveController_pem4f.oem4f (.text:ti_sysbios_knl_Swi_Object__get__S)
                  0002aadc    00000012     Flash.obj (.text:Flash_writeCommand)
                  0002aaee    00000012     driverlib.lib : gpio.obj (.text:GPIOPinTypeGPIOInput)
                  0002ab00    00000012                   : gpio.obj (.text:GPIOPinTypeSSI)
                  0002ab12    00000012                   : gpio.obj (.text:GPIOPinTypeUART)
                  0002ab24    00000012     drivers_tivaware.aem4f : RingBuf.oem4f (.text:RingBuf_construct)
                  0002ab36    00000012                            : SDSPITiva.oem4f (.text:SDSPITiva_init)
                  0002ab48    00000012     driverlib.lib : ssi.obj (.text:SSIDataGetNonBlocking)
                  0002ab5a    00000012     tirtosport.aem4f : SemaphoreP_tirtos.oem4f (.text:SemaphoreP_pend)
                  0002ab6c    00000012     ti.mw.fatfs.aem4f : ff.oem4f (.text:chk_chr)
                  0002ab7e    00000012                       : ffcio.oem4f (.text:ffcio_rename)
                  0002ab90    00000012                       : ffcio.oem4f (.text:ffcio_unlink)
                  0002aba2    00000006     drivers_tivaware.aem4f : SPITivaDMA.oem4f (.text:SPITivaDMA_control)
                  0002aba8    00000012     sysbios.aem4f : BIOS.obj (.text:ti_sysbios_hal_Hwi_Module_startup__E)
                  0002abba    00000012     rtsv7M4_T_le_v4SPD16_eabi.lib : wcslen.c.obj (.text:wcslen)
                  0002abcc    00000012     SlaveController_pem4f.oem4f (.text:xdc_runtime_Startup_exec__I)
                  0002abde    00000002     --HOLE-- [fill = 0]
                  0002abe0    00000010     drivers_tivaware.aem4f : SDSPITiva.oem4f (.text:SDSPITiva_diskStatus)
                  0002abf0    00000010                            : SDSPI.oem4f (.text:SDSPI_Params_init)
                  0002ac00    00000010     SD.obj (.text:SD_closeFile)
                  0002ac10    00000010     UART.obj (.text:UART_sendByte)
                  0002ac20    00000010     ILI9341.obj (.text:_Z19beginSPITransactionv)
                  0002ac30    00000010     drivers_tivaware.aem4f : UARTTiva.oem4f (.text:readBlockingTimeout)
                  0002ac40    00000010     ti.mw.fatfs.aem4f : ff.oem4f (.text:st_clust)
                  0002ac50    00000010     sysbios.aem4f : BIOS.obj (.text:ti_sysbios_BIOS_getCpuFreq__E)
                  0002ac60    00000010                   : BIOS.obj (.text:ti_sysbios_BIOS_setThreadType__E)
                  0002ac70    00000010                   : BIOS.obj (.text:ti_sysbios_BIOS_start__E)
                  0002ac80    00000010                   : BIOS.obj (.text:ti_sysbios_family_arm_lm4_TimestampProvider_rolloverFunc__E)
                  0002ac90    00000010                   : m3_TaskSupport_asm.obj (.text:ti_sysbios_family_arm_m3_TaskSupport_glue)
                  0002aca0    00000010                   : BIOS.obj (.text:ti_sysbios_gates_GateMutex_Instance_finalize__E)
                  0002acb0    00000010                   : BIOS.obj (.text:ti_sysbios_knl_Semaphore_Instance_finalize__E)
                  0002acc0    00000010                   : BIOS.obj (.text:ti_sysbios_knl_Swi_disable__E)
                  0002acd0    00000010     SlaveController_pem4f.oem4f (.text:ti_sysbios_knl_Task_Object__get__S)
                  0002ace0    00000010     sysbios.aem4f : BIOS.obj (.text:ti_sysbios_knl_Task_disable__E)
                  0002acf0    00000010     driverlib.lib : udma.obj (.text:uDMAEnable)
                  0002ad00    00000010     ti.targets.arm.rtsarm.aem4f : Gate.oem4f (.text:xdc_runtime_Gate_leaveSystem__E)
                  0002ad10    00000010                                 : Memory.oem4f (.text:xdc_runtime_Memory_free__E)
                  0002ad20    00000010                                 : SysMin.oem4f (.text:xdc_runtime_SysMin_ready__E)
                  0002ad30    00000010                                 : System.oem4f (.text:xdc_runtime_System_vsnprintf__E)
                  0002ad40    00000010     SlaveController_pem4f.oem4f (.text:xdc_runtime_Text_visitRope__I)
                  0002ad50    0000000e     driverlib.lib : gpio.obj (.text:GPIOIntStatus)
                  0002ad5e    0000000e                   : uart.obj (.text:UARTCharGetNonBlocking)
                  0002ad6c    0000000e                   : uart.obj (.text:UARTCharPutNonBlocking)
                  0002ad7a    0000000e     rtsv7M4_T_le_v4SPD16_eabi.lib : copy_decompress_none.c.obj (.text:decompress:none:__TI_decompress_none)
                  0002ad88    0000000e     sysbios.aem4f : BIOS.obj (.text:ti_sysbios_knl_Idle_loop__E)
                  0002ad96    00000002     --HOLE-- [fill = 0]
                  0002ad98    0000000e                   : BIOS.obj (.text:ti_sysbios_knl_Queue_empty__E)
                  0002ada6    00000002     --HOLE-- [fill = 0]
                  0002ada8    0000000c     SlaveController_pem4f.oem4f (.text:.bootCodeSection:ti_catalog_arm_cortexm4_tiva_ce_Boot_init__I)
                  0002adb4    0000000c     drivers_tivaware.aem4f : RingBuf.oem4f (.text:RingBuf_peek)
                  0002adc0    0000000c     driverlib.lib : ssi.obj (.text:SSIDataGet)
                  0002adcc    0000000c                   : uart.obj (.text:UARTFlowControlSet)
                  0002add8    0000000c     drivers_tivaware.aem4f : UARTTiva.oem4f (.text:UARTTiva_init)
                  0002ade4    0000000c     rtsv7M4_T_le_v4SPD16_eabi.lib : _lock.c.obj (.text:_register_lock)
                  0002adf0    0000000c                                   : _lock.c.obj (.text:_register_unlock)
                  0002adfc    0000000c                                   : copy_zero_init.c.obj (.text:decompress:ZI:__TI_zero_init)
                  0002ae08    0000000c     Utils.obj (.text:sleep)
                  0002ae14    00000004     --HOLE-- [fill = 0]
                  0002ae18    0000000c     sysbios.aem4f : BIOS.obj (.text:ti_sysbios_family_arm_lm4_Timer_getMaxTicks__E)
                  0002ae24    00000004     --HOLE-- [fill = 0]
                  0002ae28    0000000c                   : BIOS.obj (.text:ti_sysbios_family_arm_lm4_TimestampProvider_startTimer__E)
                  0002ae34    0000000c     SlaveController_pem4f.oem4f (.text:ti_sysbios_family_arm_m3_Hwi_Params__init__S)
                  0002ae40    0000000c     sysbios.aem4f : BIOS.obj (.text:ti_sysbios_family_arm_m3_Hwi_disableFxn__E)
                  0002ae4c    00000004     --HOLE-- [fill = 0]
                  0002ae50    0000000c                   : BIOS.obj (.text:ti_sysbios_family_arm_m3_TaskSupport_checkStack__E)
                  0002ae5c    00000004     --HOLE-- [fill = 0]
                  0002ae60    0000000c                   : BIOS.obj (.text:ti_sysbios_family_arm_m3_TaskSupport_getStackAlignment__E)
[...]
0002a961  xdc_runtime_Text_ropeText__E                                      
0002a979  SemaphoreP_delete                                                 
0002a9bb  strchr                                                            
0002a9d1  ti_sysbios_BIOS_exitFunc__I                                       
0002a9fd  SPI_Params_init                                                   
0002aa11  UARTEnable                                                        
0002aa25  _Z28animator_setBackgroundColorsPKj                               
0002aa39  ff_req_grant                                                      
0002aa61  strcpy                                                            
0002aa75  strlen                                                            
0002aa89  ti_sysbios_family_arm_m3_Hwi_Object__get__S                       
0002aaa1  ti_sysbios_family_arm_m3_Hwi_switchFromBootStack__E               
0002aaa1  ti_sysbios_hal_Hwi_HwiProxy_switchFromBootStack__E                
0002aaa1  ti_sysbios_hal_Hwi_switchFromBootStack__E                         
0002aab5  ti_sysbios_heaps_HeapMem_Object__get__S                           
0002aac9  ti_sysbios_knl_Swi_Object__get__S                                 
0002aadd  Flash_writeCommand                                                
0002aaef  GPIOPinTypeGPIOInput                                              
0002ab01  GPIOPinTypeSSI                                                    
0002ab13  GPIOPinTypeUART                                                   
0002ab25  RingBuf_construct                                                 
0002ab37  SDSPITiva_init                                                    
0002ab49  SSIDataGetNonBlocking                                             
0002ab5b  SemaphoreP_pend                                                   
0002ab7f  ffcio_rename                                                      
0002ab91  ffcio_unlink                                                      
0002aba3  SPITivaDMA_control                                                
0002aba9  ti_sysbios_hal_Hwi_Module_startup__E                              
0002abbb  wcslen                                                            
0002abcd  xdc_runtime_Startup_exec__I                                       
0002abe1  SDSPITiva_diskStatus                                              
0002abf1  SDSPI_Params_init                                                 
0002ac01  SD_closeFile                                                      
0002ac11  UART_sendByte                                                     
0002ac21  _Z19beginSPITransactionv                                          
0002ac51  ti_sysbios_BIOS_getCpuFreq__E                                     
0002ac51  ti_sysbios_family_arm_lm4_TimestampProvider_getFreq__E            
0002ac51  xdc_runtime_Timestamp_SupportProxy_getFreq__E                     
0002ac51  xdc_runtime_Timestamp_getFreq__E                                  
0002ac61  ti_sysbios_BIOS_setThreadType__E                                  
0002ac71  osi_start                                                         
0002ac71  ti_sysbios_BIOS_start__E                                          
0002ac81  ti_sysbios_family_arm_lm4_TimestampProvider_rolloverFunc__E       
0002ac91  ti_sysbios_family_arm_m3_TaskSupport_glue                         
0002aca1  ti_sysbios_gates_GateMutex_Instance_finalize__E                   
0002acb1  ti_sysbios_knl_Semaphore_Instance_finalize__E                     
0002acc1  ti_sysbios_knl_Swi_disable__E                                     
0002acd1  ti_sysbios_knl_Task_Object__get__S                                
0002ace1  osi_TaskDisable                                                   
0002ace1  ti_sysbios_knl_Task_disable__E                                    
0002acf1  uDMAEnable                                                        
0002ad01  xdc_runtime_Gate_leaveSystem__E                                   
0002ad11  xdc_runtime_Memory_free__E                                        
0002ad21  xdc_runtime_SysMin_ready__E                                       
0002ad21  xdc_runtime_System_SupportProxy_ready__E                          
0002ad31  xdc_runtime_System_vsnprintf__E                                   
0002ad41  xdc_runtime_Text_visitRope__I                                     
0002ad51  GPIOIntStatus                                                     
0002ad5f  UARTCharGetNonBlocking                                            
0002ad6d  UARTCharPutNonBlocking                                            
0002ad7b  __TI_decompress_none                                              
0002ad89  ti_sysbios_knl_Idle_loop__E                                       
0002ad99  ti_sysbios_knl_Queue_empty__E                                     
0002ada9  ti_catalog_arm_cortexm4_tiva_ce_Boot_init__I                      
0002adb5  RingBuf_peek                                                      
0002adc1  SSIDataGet                                                        
0002adcd  UARTFlowControlSet                                                
0002add9  UARTTiva_init                                                     
0002ade5  _register_lock                                                    
0002adf1  _register_unlock                                                  
0002adfd  __TI_zero_init                                                    
0002ae09  sleep                                                             
0002ae19  ti_sysbios_family_arm_lm4_Timer_getMaxTicks__E                    
0002ae29  ti_sysbios_family_arm_lm4_TimestampProvider_startTimer__E         
0002ae35  ti_sysbios_family_arm_m3_Hwi_Params__init__S                      
0002ae35  ti_sysbios_hal_Hwi_HwiProxy_Params__init__S                       
0002ae41  ti_sysbios_family_arm_m3_Hwi_disableFxn__E                        
0002ae41  ti_sysbios_hal_Hwi_HwiProxy_disable__E                            
0002ae51  ti_sysbios_family_arm_m3_TaskSupport_checkStack__E                
0002ae51  ti_sysbios_knl_Task_SupportProxy_checkStack__E                    
0002ae61  ti_sysbios_family_arm_m3_TaskSupport_getStackAlignment__E         
0002ae61  ti_sysbios_knl_Task_SupportProxy_getStackAlignment__E             
0002ae71  ti_sysbios_gates_GateHwi_enter__E                                 
0002ae7d  ti_sysbios_knl_Clock_Params__init__S                              
0002ae89  ti_sysbios_knl_Queue_Object__get__S                               
0002ae95  ti_sysbios_knl_Semaphore_Params__init__S                          
0002aea1  ti_sysbios_knl_Task_Params__init__S                               
0002aead  uDMAControlBaseSet                                                
0002aeb9  uDMAErrorStatusClear                                              
0002aec5  uDMAErrorStatusGet                                                
0002aed1  uDMAIntStatus                                                     
0002aedd  xdc_runtime_Error_init__E                                         
0002aee9  xdc_runtime_Gate_enterSystem__E                                   
0002aef5  xdc_runtime_Memory_calloc__E                                      
0002af01  xdc_runtime_Memory_getMaxDefaultTypeAlign__E                      
0002af0d  Flash_transferSPI                                                 
0002af17  SPITivaDMA_init                                                   
0002af21  SPI_transfer                                                      
0002af2b  SSIDMADisable                                                     
0002af35  SSIDataPut                                                        
0002af3f  SSIDisable                                                        
0002af49  SSIEnable                                                         
0002af53  SSIIntDisable                                                     
0002af5d  SemaphoreP_post                                                   
0002af5d  SemaphoreP_postFromClock                                          
0002af5d  SemaphoreP_postFromISR                                            
0002af67  UARTCharGet                                                       
0002af71  UARTCharPut                                                       
0002af7b  UARTIntDisable                                                    
0002af85  UARTIntStatus                                                     
0002af8f  UART_read                                                         
0002af99  UART_write                                                        
0002afa3  ff_del_syncobj                                                    
0002afad  xdc_runtime_Memory_HeapProxy_alloc__E                             
0002afb7  xdc_runtime_Memory_HeapProxy_free__E                              
0002afc1  SSIDMAEnable                                                      
0002afc9  SSIIntEnable                                                      
0002afd1  UARTIntEnable                                                     
0002afd9  UARTRxErrorGet                                                    
0002afe1  __aeabi_errno_addr                                                
0002aff1  ti_sysbios_family_arm_lm4_Timer_masterDisable__I                  
0002aff9  ti_sysbios_family_arm_m3_Hwi_doSwiRestore__I                      
0002b001  ti_sysbios_family_arm_m3_Hwi_startup__E                           
0002b001  ti_sysbios_hal_Hwi_HwiProxy_startup__E                            
0002b001  ti_sysbios_hal_Hwi_startup__E                                     
0002b017  UARTFIFOLevelSet                                                  
0002b01d  UARTRxErrorClear                                                  
0002b029  ti_catalog_arm_cortexm4_tiva_ce_Boot_sysCtlDelayI__I              
0002b031  ti_sysbios_family_arm_lm4_TimestampProvider_Module_startup__E     
0002b039  ti_sysbios_family_arm_m3_Hwi_doTaskRestore__I                     
0002b041  ti_sysbios_family_arm_m3_Hwi_restoreFxn__E                        
0002b041  ti_sysbios_hal_Hwi_HwiProxy_restore__E                            
0002b049  ti_sysbios_gates_GateHwi_leave__E                                 
0002b051  ti_sysbios_heaps_HeapMem_isBlocking__E                            
0002b059  ti_sysbios_knl_Clock_stop__E                                      
0002b061  ti_sysbios_knl_Queue_Instance_init__E                             
0002b069  ti_sysbios_knl_Swi_startup__E                                     
0002b06f  xdc_runtime_System_Module_startup__E                              
0002b079  ti_sysbios_family_arm_lm4_Timer_getPeriod__E                      
0002b081  ti_sysbios_gates_GateHwi_query__E                                 
0002b081  xdc_runtime_Main_Module_GateProxy_query__E                        
0002b081  xdc_runtime_System_Module_GateProxy_query__E                      
0002b089  ti_sysbios_BIOS_RtsGateProxy_query__E                             
0002b089  ti_sysbios_gates_GateMutex_query__E                               
0002b089  ti_sysbios_heaps_HeapMem_Module_GateProxy_query__E                
0002b091  ti_sysbios_knl_Task_startup__E                                    
0002b099  ti_sysbios_gates_GateHwi_Instance_init__E                         
0002b0a1  ti_sysbios_knl_Clock_logTick__E                                   
0002b0a8  __TI_static_base__                                                
0002b308  __TI_Handler_Table_Base                                           
0002b314  __TI_Handler_Table_Limit                                          
0002b328  __TI_CINIT_Base                                                   
0002b340  __TI_CINIT_Limit                                                  
20000000  __start___llvm_prf_cnts                                           
20000000  __stop___llvm_prf_cnts                                            
20000000  ti_sysbios_family_arm_m3_Hwi_ramVectors                           
20000400  st                                                                
20002340  animation                                                         
20003600  ti_sysbios_heaps_HeapMem_Instance_State_0_buf__A                  
20004600  finalColors                                                       
20004b04  buffer                                                            
20004eec  ti_sysbios_family_arm_m3_Hwi_dispatchTable                        
2000524c  sdspiTivaObjects                                                  
2000548c  Flash_spi                                                         
20005490  ti_sysbios_knl_Task_Instance_State_0_stack__A                     
20005690  layer                                                             
200057fc  backgroundColors                                                  
20005a00  Flash_txBuffer                                                    
20005b2c  smallBuffer2                                                      
20005c58  __CIOBUF_                                                         
20005d78  rowsToUpdate                                                      
20005e6c  spiTivaDMAObjects                                                 
20005f50  spriteSendables                                                   
20006030  uartTivaObjects                                                   
200060fc  __TI_tmpnams                                                      
2000622c  xdc_runtime_SysMin_Module_State_0_outbuf__A                       
200062ac  ts                                                                
200062fc  uartParams                                                        
20006320  Flash_spi_params                                                  
20006340  uartTivaRingBuffer                                                
2000637c  Flash_transaction                                                 
200063b0  parmbuf                                                           
200063b8  sdspiParams                                                       
200063c0  spiTivaDMAscratchBuf                                              
200063cc  bufferptr                                                         
200063d4  persistentBackgroundMemLocation                                   
200063d8  sdspiHandle                                                       
200063dc  src                                                               
200063e0  uart                                                              
200063e8  _ftable                                                           
200064d8  ti_sysbios_family_arm_lm4_Timer_Object__table__V                  
20006558  ti_sysbios_knl_Swi_Module_State_0_readyQ__A                       
200065d8  ti_sysbios_knl_Task_Module_State_0_readyQ__A                      
20006658  _device                                                           
200066d0  _stream                                                           
20006770  ti_sysbios_knl_Task_Object__table__V                              
200067bc  ti_sysbios_knl_Task_Module__state__V                              
20006800  ti_sysbios_gates_GateMutex_Object__table__V                       
20006838  ti_sysbios_family_arm_m3_Hwi_Module__state__V                     
2000686c  ti_sysbios_family_arm_lm4_Timer_Module_State_0_device__A          
2000689c  ti_sysbios_family_arm_m3_Hwi_Object__table__V                     
200068cc  ti_sysbios_knl_Swi_Object__table__V                               
200068fc  ti_sysbios_knl_Clock_Module__state__V                             
2000694c  ti_sysbios_BIOS_Module__state__V                                  
20006970  ti_sysbios_knl_Swi_Module__state__V                               
2000698c  ti_sysbios_family_arm_lm4_Timer_Module_State_0_handles__A         
200069a4  ti_sysbios_heaps_HeapMem_Object__table__V                         
200069bc  gpioPinConfigs                                                    
200069d0  _tz                                                               
200069e0  __TI_ft_end                                                       
200069e4  __aeabi_stdin                                                     
200069e8  __aeabi_stdout                                                    
200069ec  __aeabi_stderr                                                    
200069f0  __TI_cleanup_ptr                                                  
200069f4  __TI_dtors_ptr                                                    
200069f8  __TI_enable_exit_profile_output                                   
200069fc  ti_sysbios_family_arm_lm4_Timer_Module__state__V                  
20006a08  xdc_runtime_SysMin_Module__state__V                               
20006a14  _lock                                                             
20006a18  _unlock                                                           
20006a1c  backgroundColorIndex                                              
20006a20  activeAnimations                                                  
20006a22  toRemove                                                          
20006a24  gpioCallbackFunctions                                             
20006a2c  ti_sysbios_family_arm_lm4_Seconds_Module__state__V                
20006a34  ti_sysbios_family_arm_lm4_TimestampProvider_Module__state__V      
20006a3c  ti_sysbios_family_arm_m3_Hwi_Module__root__V                      
20006a44  ti_sysbios_gates_GateHwi_Module__root__V                          
20006a4c  ti_sysbios_gates_GateMutex_Module__root__V                        
20006a54  ti_sysbios_heaps_HeapMem_Module__root__V                          
20006a5c  ti_sysbios_knl_Clock_Module__root__V                              
20006a64  ti_sysbios_knl_Queue_Module__root__V                              
20006a6c  ti_sysbios_knl_Semaphore_Module__root__V                          
20006a74  ti_sysbios_knl_Task_Module__root__V                               
20006a7c  xdc_runtime_Registry_Module__state__V                             
20006a84  xdc_runtime_Startup_Module__state__V                              
20006a8c  xdc_runtime_System_Module_State_0_atexitHandlers__A               
20006a94  xdc_runtime_System_Module__state__V                               
20006aa2  ti_sysbios_family_arm_m3_Hwi_Module_State_0_excActive__A          
20006aa4  currentLocation                                                   
20006abc  errno                                                             
20006ac8  main_func_sp                                                      
20006ad0  ti_sysbios_family_arm_m3_Hwi_Module_State_0_excContext__A         
20006ad4  ti_sysbios_family_arm_m3_Hwi_Module_State_0_excStack__A           
20006ad8  ti_sysbios_gates_GateHwi_Object__table__V                         
20006adc  ti_sysbios_knl_Task_Module_State_0_idleTask__A                    
20006ae0  xdc_runtime_Memory_Module__state__V                               
20006ae4  xdc_runtime_Error_Module__state__V                                
20006ae8  __stack                                                           
20006ee8  __STACK_END                                                       
e000e000  ti_sysbios_family_arm_m3_Hwi_nvic                                 
ffffffff  __TI_pprof_out_hndl                                               
ffffffff  __TI_prof_data_size                                               
ffffffff  __TI_prof_data_start                                              
ffffffff  __binit__                                                         
ffffffff  __c_args__                                                        
ffffffff  binit                                                             
UNDEFED   SHT$$INIT_ARRAY$$Base                                             
UNDEFED   SHT$$INIT_ARRAY$$Limit                                            

[874 symbols]
