******************************************************************************
                  TI ARM Linker PC v19.6.0                     
******************************************************************************
>> Linked Wed Apr 15 00:37:05 2020

OUTPUT FILE NAME:   <SlaveController.out>
ENTRY POINT SYMBOL: "_c_int00"  address: 00027d1d


MEMORY CONFIGURATION

         name            origin    length      used     unused   attr    fill
----------------------  --------  ---------  --------  --------  ----  --------
  FLASH                 00000000   00040000  0002b38c  00014c74  R  X
  SRAM                  20000000   00008000  00006e44  000011bc  RW X


SEGMENT ALLOCATION MAP

run origin  load origin   length   init length attrs members
----------  ----------- ---------- ----------- ----- -------
00000000    00000000    0002b398   0002b398    r-x
  00000000    00000000    0000003c   0000003c    r-- .resetVecs
  0000003c    0000003c    0001da26   0001da26    r-- .const
  0001da68    0001da68    0000d692   0000d692    r-x .text
  0002b100    0002b100    00000298   00000298    r-- .cinit
20000000    20000000    00000360   00000000    rw-
  20000000    20000000    00000360   00000000    rw- .vecs
20000400    20000400    00006ae8   00000000    rw-
  20000400    20000400    00005fe6   00000000    rw- .bss
  200063e8    200063e8    000006fe   00000000    rw- .data
  20006ae8    20006ae8    00000400   00000000    rw- .stack


SECTION ALLOCATION MAP

 output                                  attributes/
section   page    origin      length       input sections
--------  ----  ----------  ----------   ----------------
.const     0    0000003c    0001da26     
                  0000003c    0001a638     start.obj (.const:colors_tower)
                  0001a674    00001885     SlaveController_pem4f.oem4f (.const:xdc_runtime_Text_charTab__A)
                  0001bef9    00000a00     animator.obj (.const:animations)
                  0001c8f9    00000001     SlaveController_pem4f.oem4f (.const:xdc_runtime_Error_policy__C)
                  0001c8fa    00000002     SlaveController_pem4f.oem4f (.const:ti_catalog_arm_cortexm4_tiva_ce_Boot_Module__id__C)
                  0001c8fc    00000400     start.obj (.const:colors_fdst)
                  0001ccfc    00000110     animator.obj (.const:colors)
                  0001ce0c    00000101     rtsv7M4_T_le_v4SPD16_eabi.lib : ctype.c.obj (.const:.string:_ctypes_)
                  0001cf0d    00000001     --HOLE-- [fill = 0]
                  0001cf0e    000000cc     SlaveController_pem4f.oem4f (.const:xdc_runtime_Text_nodeTab__A)
                  0001cfda    00000002     SlaveController_pem4f.oem4f (.const:ti_sysbios_family_arm_lm4_TimestampProvider_useClockTimer__C)
                  0001cfdc    00000090     driverlib.lib : gpio.obj (.const:g_pui32GPIOBaseAddrs)
                  0001d06c    0000007f     ILI9341.obj (.const:.string:cmd_ili9341)
                  0001d0eb    00000001     --HOLE-- [fill = 0]
                  0001d0ec    00000078     EK_TM4C123GXL.obj (.const:spiTivaDMAHWAttrs)
                  0001d164    00000064     drivers_tivaware.aem4f : SPITivaDMA.oem4f (.const)
                  0001d1c8    00000060     rtsv7M4_T_le_v4SPD16_eabi.lib : mktime.c.obj (.const:$O1$$)
                  0001d228    00000054     drivers_tivaware.aem4f : GPIOTiva.oem4f (.const:.string)
                  0001d27c    0000004c                            : UARTTiva.oem4f (.const)
                  0001d2c8    00000048     SlaveController_pem4f.oem4f (.const:.string)
                  0001d310    00000048     drivers_tivaware.aem4f : GPIOTiva.oem4f (.const:gpioBaseAddresses)
                  0001d358    00000046     SD.obj (.const:.string:$P$T0$1)
                  0001d39e    0000003c     animator.obj (.const:characterNames)
                  0001d3da    00000002     SlaveController_pem4f.oem4f (.const:ti_sysbios_family_arm_m3_Hwi_Module__id__C)
                  0001d3dc    0000003c     SlaveController_pem4f.oem4f (.const:ti_sysbios_knl_Task_Object__PARAMS__C)
                  0001d418    00000030     EK_TM4C123GXL.obj (.const:SPI_config)
                  0001d448    00000030     SlaveController_pem4f.oem4f (.const:ti_sysbios_family_arm_m3_Hwi_Object__PARAMS__C)
                  0001d478    00000028     animator.obj (.const:.string:$P$T0$1)
                  0001d4a0    00000028     animator.obj (.const:.string:$P$T2$3)
                  0001d4c8    00000028     drivers_tivaware.aem4f : UARTTiva.oem4f (.const:UARTTiva_fxnTable)
                  0001d4f0    00000028     start.obj (.const:persistentSprites)
                  0001d518    00000028     SlaveController_pem4f.oem4f (.const:ti_sysbios_heaps_HeapMem_Module__FXNS__C)
                  0001d540    00000024     drivers_tivaware.aem4f : UART.oem4f (.const:UART_defaultParams)
                  0001d564    00000024     EK_TM4C123GXL.obj (.const:sdspiTivaHWattrs)
                  0001d588    00000024     SlaveController_pem4f.oem4f (.const:ti_sysbios_gates_GateHwi_Module__FXNS__C)
                  0001d5ac    00000024     SlaveController_pem4f.oem4f (.const:ti_sysbios_gates_GateMutex_Module__FXNS__C)
                  0001d5d0    00000024     SlaveController_pem4f.oem4f (.const:ti_sysbios_heaps_HeapMem_Object__PARAMS__C)
                  0001d5f4    00000024     SlaveController_pem4f.oem4f (.const:ti_sysbios_knl_Clock_Object__PARAMS__C)
                  0001d618    00000024     SlaveController_pem4f.oem4f (.const:ti_sysbios_knl_Semaphore_Object__PARAMS__C)
                  0001d63c    00000024     SlaveController_pem4f.oem4f (.const:xdc_runtime_Startup_sfxnTab__A)
                  0001d660    00000020     drivers_tivaware.aem4f : SPI.oem4f (.const)
                  0001d680    00000020     SlaveController_pem4f.oem4f (.const:ti_sysbios_family_arm_m3_Hwi_Object__DESC__C)
                  0001d6a0    00000020     SlaveController_pem4f.oem4f (.const:ti_sysbios_gates_GateHwi_Object__DESC__C)
                  0001d6c0    00000020     SlaveController_pem4f.oem4f (.const:ti_sysbios_gates_GateMutex_Object__DESC__C)
                  0001d6e0    00000020     SlaveController_pem4f.oem4f (.const:ti_sysbios_heaps_HeapMem_Object__DESC__C)
                  0001d700    00000020     SlaveController_pem4f.oem4f (.const:ti_sysbios_knl_Clock_Object__DESC__C)
                  0001d720    00000020     SlaveController_pem4f.oem4f (.const:ti_sysbios_knl_Queue_Object__DESC__C)
                  0001d740    00000020     SlaveController_pem4f.oem4f (.const:ti_sysbios_knl_Semaphore_Object__DESC__C)
                  0001d760    00000020     SlaveController_pem4f.oem4f (.const:ti_sysbios_knl_Task_Object__DESC__C)
                  0001d780    00000018     EK_TM4C123GXL.obj (.const:SDSPI_config)
                  0001d798    00000018     EK_TM4C123GXL.obj (.const:UART_config)
                  0001d7b0    00000018     SlaveController_pem4f.oem4f (.const:ti_sysbios_gates_GateHwi_Object__PARAMS__C)
                  0001d7c8    00000018     SlaveController_pem4f.oem4f (.const:ti_sysbios_gates_GateMutex_Object__PARAMS__C)
                  0001d7e0    00000018     SlaveController_pem4f.oem4f (.const:ti_sysbios_knl_Queue_Object__PARAMS__C)
                  0001d7f8    00000018     EK_TM4C123GXL.obj (.const:uartTivaHWAttrs)
                  0001d810    00000014     EK_TM4C123GXL.obj (.const:GPIOTiva_config)
                  0001d824    00000014     SlaveController_pem4f.oem4f (.const:xdc_runtime_Startup_firstFxns__A)
                  0001d838    00000012     SlaveController_pem4f.oem4f (.const:xdc_runtime_Startup_sfxnRts__A)
                  0001d84a    00000002     SlaveController_pem4f.oem4f (.const:ti_sysbios_gates_GateMutex_Module__id__C)
                  0001d84c    00000010     drivers_tivaware.aem4f : SDSPITiva.oem4f (.const)
                  0001d85c    00000008                            : SDSPI.oem4f (.const)
                  0001d864    00000008     SlaveController_pem4f.oem4f (.const:ti_sysbios_family_arm_m3_Hwi_excHookFuncs__A)
                  0001d86c    00000008     SlaveController_pem4f.oem4f (.const:ti_sysbios_knl_Idle_funcList__C)
                  0001d874    00000008     SlaveController_pem4f.oem4f (.const:xdc_runtime_Startup_firstFxns__C)
                  0001d87c    00000008     SlaveController_pem4f.oem4f (.const:xdc_runtime_Startup_lastFxns__C)
                  0001d884    00000005     animator.obj (.const:.string:$P$T1$2)
                  0001d889    00000005     animator.obj (.const:.string:$P$T3$4)
                  0001d88e    00000002     SlaveController_pem4f.oem4f (.const:ti_sysbios_hal_Hwi_Module__id__C)
                  0001d890    00000004     SlaveController_pem4f.oem4f (.const:ti_catalog_arm_cortexm4_tiva_ce_Boot_A_mustUseEnhancedClockMode__C)
                  0001d894    00000004     SlaveController_pem4f.oem4f (.const:ti_catalog_arm_cortexm4_tiva_ce_Boot_Module__diagsEnabled__C)
                  0001d898    00000004     SlaveController_pem4f.oem4f (.const:ti_catalog_arm_cortexm4_tiva_ce_Boot_Module__diagsIncluded__C)
                  0001d89c    00000004     SlaveController_pem4f.oem4f (.const:ti_catalog_arm_cortexm4_tiva_ce_Boot_Module__diagsMask__C)
                  0001d8a0    00000004     SlaveController_pem4f.oem4f (.const:ti_sysbios_family_arm_lm4_Timer_enableFunc__C)
                  0001d8a4    00000004     SlaveController_pem4f.oem4f (.const:ti_sysbios_family_arm_lm4_Timer_numTimerDevices__C)
                  0001d8a8    00000004     SlaveController_pem4f.oem4f (.const:ti_sysbios_family_arm_lm4_Timer_startupNeeded__C)
                  0001d8ac    00000004     SlaveController_pem4f.oem4f (.const:ti_sysbios_family_arm_m3_Hwi_E_NMI__C)
                  0001d8b0    00000004     SlaveController_pem4f.oem4f (.const:ti_sysbios_family_arm_m3_Hwi_E_alreadyDefined__C)
                  0001d8b4    00000004     SlaveController_pem4f.oem4f (.const:ti_sysbios_family_arm_m3_Hwi_E_busFault__C)
                  0001d8b8    00000004     SlaveController_pem4f.oem4f (.const:ti_sysbios_family_arm_m3_Hwi_E_debugMon__C)
                  0001d8bc    00000004     SlaveController_pem4f.oem4f (.const:ti_sysbios_family_arm_m3_Hwi_E_hardFault__C)
                  0001d8c0    00000004     SlaveController_pem4f.oem4f (.const:ti_sysbios_family_arm_m3_Hwi_E_memFault__C)
                  0001d8c4    00000004     SlaveController_pem4f.oem4f (.const:ti_sysbios_family_arm_m3_Hwi_E_noIsr__C)
                  0001d8c8    00000004     SlaveController_pem4f.oem4f (.const:ti_sysbios_family_arm_m3_Hwi_E_reserved__C)
                  0001d8cc    00000004     SlaveController_pem4f.oem4f (.const:ti_sysbios_family_arm_m3_Hwi_E_svCall__C)
                  0001d8d0    00000004     SlaveController_pem4f.oem4f (.const:ti_sysbios_family_arm_m3_Hwi_E_usageFault__C)
                  0001d8d4    00000004     SlaveController_pem4f.oem4f (.const:ti_sysbios_family_arm_m3_Hwi_NUM_INTERRUPTS__C)
                  0001d8d8    00000004     SlaveController_pem4f.oem4f (.const:ti_sysbios_family_arm_m3_Hwi_Object__count__C)
                  0001d8dc    00000004     SlaveController_pem4f.oem4f (.const:ti_sysbios_family_arm_m3_Hwi_ccr__C)
                  0001d8e0    00000004     SlaveController_pem4f.oem4f (.const:ti_sysbios_family_arm_m3_Hwi_excHandlerFunc__C)
                  0001d8e4    00000004     SlaveController_pem4f.oem4f (.const:ti_sysbios_family_arm_m3_Hwi_excHookFuncs__C)
                  0001d8e8    00000004     SlaveController_pem4f.oem4f (.const:ti_sysbios_family_arm_m3_Hwi_nullIsrFunc__C)
                  0001d8ec    00000004     SlaveController_pem4f.oem4f (.const:ti_sysbios_family_arm_m3_Hwi_priGroup__C)
                  0001d8f0    00000004     SlaveController_pem4f.oem4f (.const:ti_sysbios_family_arm_m3_TaskSupport_stackAlignment__C)
                  0001d8f4    00000004     SlaveController_pem4f.oem4f (.const:ti_sysbios_gates_GateMutex_A_badContext__C)
                  0001d8f8    00000004     SlaveController_pem4f.oem4f (.const:ti_sysbios_gates_GateMutex_Instance_State_sem__O)
                  0001d8fc    00000004     SlaveController_pem4f.oem4f (.const:ti_sysbios_gates_GateMutex_Module__diagsEnabled__C)
                  0001d900    00000004     SlaveController_pem4f.oem4f (.const:ti_sysbios_gates_GateMutex_Module__diagsIncluded__C)
                  0001d904    00000004     SlaveController_pem4f.oem4f (.const:ti_sysbios_gates_GateMutex_Module__diagsMask__C)
                  0001d908    00000004     SlaveController_pem4f.oem4f (.const:ti_sysbios_hal_Hwi_E_stackOverflow__C)
                  0001d90c    00000004     SlaveController_pem4f.oem4f (.const:ti_sysbios_heaps_HeapMem_A_align__C)
                  0001d910    00000004     SlaveController_pem4f.oem4f (.const:ti_sysbios_heaps_HeapMem_A_heapSize__C)
                  0001d914    00000004     SlaveController_pem4f.oem4f (.const:ti_sysbios_heaps_HeapMem_A_invalidFree__C)
                  0001d918    00000004     SlaveController_pem4f.oem4f (.const:ti_sysbios_heaps_HeapMem_A_zeroBlock__C)
                  0001d91c    00000004     SlaveController_pem4f.oem4f (.const:ti_sysbios_heaps_HeapMem_E_memory__C)
                  0001d920    00000004     SlaveController_pem4f.oem4f (.const:ti_sysbios_heaps_HeapMem_Module__diagsEnabled__C)
                  0001d924    00000004     SlaveController_pem4f.oem4f (.const:ti_sysbios_heaps_HeapMem_Module__diagsIncluded__C)
                  0001d928    00000004     SlaveController_pem4f.oem4f (.const:ti_sysbios_heaps_HeapMem_Module__diagsMask__C)
                  0001d92c    00000004     SlaveController_pem4f.oem4f (.const:ti_sysbios_heaps_HeapMem_Module__gateObj__C)
                  0001d930    00000004     SlaveController_pem4f.oem4f (.const:ti_sysbios_heaps_HeapMem_Object__count__C)
                  0001d934    00000004     SlaveController_pem4f.oem4f (.const:ti_sysbios_heaps_HeapMem_reqAlign__C)
                  0001d938    00000004     SlaveController_pem4f.oem4f (.const:ti_sysbios_knl_Clock_A_badThreadType__C)
                  0001d93c    00000004     SlaveController_pem4f.oem4f (.const:ti_sysbios_knl_Clock_Module_State_clockQ__O)
                  0001d940    00000004     SlaveController_pem4f.oem4f (.const:ti_sysbios_knl_Clock_Module__diagsEnabled__C)
                  0001d944    00000004     SlaveController_pem4f.oem4f (.const:ti_sysbios_knl_Clock_Module__diagsIncluded__C)
                  0001d948    00000004     SlaveController_pem4f.oem4f (.const:ti_sysbios_knl_Clock_Module__diagsMask__C)
                  0001d94c    00000004     SlaveController_pem4f.oem4f (.const:ti_sysbios_knl_Idle_funcList__A)
                  0001d950    00000004     SlaveController_pem4f.oem4f (.const:ti_sysbios_knl_Semaphore_A_badContext__C)
                  0001d954    00000004     SlaveController_pem4f.oem4f (.const:ti_sysbios_knl_Semaphore_A_noEvents__C)
                  0001d958    00000004     SlaveController_pem4f.oem4f (.const:ti_sysbios_knl_Semaphore_A_overflow__C)
                  0001d95c    00000004     SlaveController_pem4f.oem4f (.const:ti_sysbios_knl_Semaphore_A_pendTaskDisabled__C)
                  0001d960    00000004     SlaveController_pem4f.oem4f (.const:ti_sysbios_knl_Semaphore_Instance_State_pendQ__O)
                  0001d964    00000004     SlaveController_pem4f.oem4f (.const:ti_sysbios_knl_Semaphore_Module__diagsEnabled__C)
                  0001d968    00000004     SlaveController_pem4f.oem4f (.const:ti_sysbios_knl_Semaphore_Module__diagsIncluded__C)
                  0001d96c    00000004     SlaveController_pem4f.oem4f (.const:ti_sysbios_knl_Semaphore_Module__diagsMask__C)
                  0001d970    00000004     SlaveController_pem4f.oem4f (.const:ti_sysbios_knl_Swi_Object__count__C)
                  0001d974    00000004     SlaveController_pem4f.oem4f (.const:ti_sysbios_knl_Task_A_badPriority__C)
                  0001d978    00000004     SlaveController_pem4f.oem4f (.const:ti_sysbios_knl_Task_A_badTaskState__C)
                  0001d97c    00000004     SlaveController_pem4f.oem4f (.const:ti_sysbios_knl_Task_A_badThreadType__C)
                  0001d980    00000004     SlaveController_pem4f.oem4f (.const:ti_sysbios_knl_Task_A_badTimeout__C)
                  0001d984    00000004     SlaveController_pem4f.oem4f (.const:ti_sysbios_knl_Task_A_noPendElem__C)
                  0001d988    00000004     SlaveController_pem4f.oem4f (.const:ti_sysbios_knl_Task_A_sleepTaskDisabled__C)
                  0001d98c    00000004     SlaveController_pem4f.oem4f (.const:ti_sysbios_knl_Task_E_spOutOfBounds__C)
                  0001d990    00000004     SlaveController_pem4f.oem4f (.const:ti_sysbios_knl_Task_E_stackOverflow__C)
                  0001d994    00000004     SlaveController_pem4f.oem4f (.const:ti_sysbios_knl_Task_Module_State_inactiveQ__O)
                  0001d998    00000004     SlaveController_pem4f.oem4f (.const:ti_sysbios_knl_Task_Module__diagsEnabled__C)
                  0001d99c    00000004     SlaveController_pem4f.oem4f (.const:ti_sysbios_knl_Task_Module__diagsIncluded__C)
                  0001d9a0    00000004     SlaveController_pem4f.oem4f (.const:ti_sysbios_knl_Task_Module__diagsMask__C)
                  0001d9a4    00000004     SlaveController_pem4f.oem4f (.const:ti_sysbios_knl_Task_Object__count__C)
                  0001d9a8    00000004     SlaveController_pem4f.oem4f (.const:ti_sysbios_knl_Task_allBlockedFunc__C)
                  0001d9ac    00000004     SlaveController_pem4f.oem4f (.const:ti_sysbios_knl_Task_defaultStackHeap__C)
                  0001d9b0    00000004     SlaveController_pem4f.oem4f (.const:ti_sysbios_knl_Task_defaultStackSize__C)
                  0001d9b4    00000004     SlaveController_pem4f.oem4f (.const:ti_sysbios_knl_Task_numConstructedTasks__C)
                  0001d9b8    00000004     SlaveController_pem4f.oem4f (.const:xdc_runtime_Assert_E_assertFailed__C)
                  0001d9bc    00000004     SlaveController_pem4f.oem4f (.const:xdc_runtime_Core_A_initializedParams__C)
                  0001d9c0    00000004     SlaveController_pem4f.oem4f (.const:xdc_runtime_Core_Module__diagsEnabled__C)
                  0001d9c4    00000004     SlaveController_pem4f.oem4f (.const:xdc_runtime_Core_Module__diagsIncluded__C)
                  0001d9c8    00000004     SlaveController_pem4f.oem4f (.const:xdc_runtime_Core_Module__diagsMask__C)
                  0001d9cc    00000004     SlaveController_pem4f.oem4f (.const:xdc_runtime_Error_E_memory__C)
                  0001d9d0    00000004     SlaveController_pem4f.oem4f (.const:xdc_runtime_Error_Module__diagsEnabled__C)
                  0001d9d4    00000004     SlaveController_pem4f.oem4f (.const:xdc_runtime_Error_Module__diagsIncluded__C)
                  0001d9d8    00000004     SlaveController_pem4f.oem4f (.const:xdc_runtime_Error_Module__diagsMask__C)
                  0001d9dc    00000004     SlaveController_pem4f.oem4f (.const:xdc_runtime_Error_Module__loggerFxn8__C)
                  0001d9e0    00000004     SlaveController_pem4f.oem4f (.const:xdc_runtime_Error_Module__loggerObj__C)
                  0001d9e4    00000004     SlaveController_pem4f.oem4f (.const:xdc_runtime_Error_policyFxn__C)
                  0001d9e8    00000004     SlaveController_pem4f.oem4f (.const:xdc_runtime_Error_raiseHook__C)
                  0001d9ec    00000004     SlaveController_pem4f.oem4f (.const:xdc_runtime_IGateProvider_Interface__BASE__C)
                  0001d9f0    00000004     SlaveController_pem4f.oem4f (.const:xdc_runtime_IHeap_Interface__BASE__C)
                  0001d9f4    00000004     SlaveController_pem4f.oem4f (.const:xdc_runtime_IModule_Interface__BASE__C)
                  0001d9f8    00000004     SlaveController_pem4f.oem4f (.const:xdc_runtime_Log_L_error__C)
                  0001d9fc    00000004     SlaveController_pem4f.oem4f (.const:xdc_runtime_Memory_defaultHeapInstance__C)
                  0001da00    00000004     SlaveController_pem4f.oem4f (.const:xdc_runtime_Startup_execImpl__C)
                  0001da04    00000004     SlaveController_pem4f.oem4f (.const:xdc_runtime_Startup_lastFxns__A)
                  0001da08    00000004     SlaveController_pem4f.oem4f (.const:xdc_runtime_Startup_maxPasses__C)
                  0001da0c    00000004     SlaveController_pem4f.oem4f (.const:xdc_runtime_Startup_sfxnRts__C)
                  0001da10    00000004     SlaveController_pem4f.oem4f (.const:xdc_runtime_Startup_sfxnTab__C)
                  0001da14    00000004     SlaveController_pem4f.oem4f (.const:xdc_runtime_SysMin_bufSize__C)
                  0001da18    00000004     SlaveController_pem4f.oem4f (.const:xdc_runtime_SysMin_outputFunc__C)
                  0001da1c    00000004     SlaveController_pem4f.oem4f (.const:xdc_runtime_System_Module__gateObj__C)
                  0001da20    00000004     SlaveController_pem4f.oem4f (.const:xdc_runtime_System_abortFxn__C)
                  0001da24    00000004     SlaveController_pem4f.oem4f (.const:xdc_runtime_System_exitFxn__C)
                  0001da28    00000004     SlaveController_pem4f.oem4f (.const:xdc_runtime_System_extendFxn__C)
                  0001da2c    00000004     SlaveController_pem4f.oem4f (.const:xdc_runtime_System_maxAtexitHandlers__C)
                  0001da30    00000004     SlaveController_pem4f.oem4f (.const:xdc_runtime_Text_charTab__C)
                  0001da34    00000004     SlaveController_pem4f.oem4f (.const:xdc_runtime_Text_nameEmpty__C)
                  0001da38    00000004     SlaveController_pem4f.oem4f (.const:xdc_runtime_Text_nameStatic__C)
                  0001da3c    00000004     SlaveController_pem4f.oem4f (.const:xdc_runtime_Text_nameUnknown__C)
                  0001da40    00000004     SlaveController_pem4f.oem4f (.const:xdc_runtime_Text_nodeTab__C)
                  0001da44    00000004     SlaveController_pem4f.oem4f (.const:xdc_runtime_Text_visitRopeFxn__C)
                  0001da48    00000002     SlaveController_pem4f.oem4f (.const:ti_sysbios_heaps_HeapMem_Module__id__C)
                  0001da4a    00000002     SlaveController_pem4f.oem4f (.const:ti_sysbios_knl_Clock_Module__id__C)
                  0001da4c    00000002     SlaveController_pem4f.oem4f (.const:ti_sysbios_knl_Semaphore_Module__id__C)
                  0001da4e    00000002     SlaveController_pem4f.oem4f (.const:ti_sysbios_knl_Task_Module__id__C)
                  0001da50    00000002     SlaveController_pem4f.oem4f (.const:xdc_runtime_Core_Module__id__C)
                  0001da52    00000002     SlaveController_pem4f.oem4f (.const:xdc_runtime_Error_Module__loggerDefined__C)
                  0001da54    00000002     SlaveController_pem4f.oem4f (.const:xdc_runtime_Error_maxDepth__C)
                  0001da56    00000002     SlaveController_pem4f.oem4f (.const:xdc_runtime_Memory_Module__id__C)
                  0001da58    00000002     SlaveController_pem4f.oem4f (.const:xdc_runtime_SysMin_flushAtExit__C)
                  0001da5a    00000002     SlaveController_pem4f.oem4f (.const:xdc_runtime_Text_charCnt__C)
                  0001da5c    00000002     SlaveController_pem4f.oem4f (.const:xdc_runtime_Text_isLoaded__C)
                  0001da5e    00000002     SlaveController_pem4f.oem4f (.const:xdc_runtime_Text_registryModsLastId__C)
                  0001da60    00000002     SlaveController_pem4f.oem4f (.const:xdc_runtime_Text_unnamedModsLastId__C)

.text      0    0001da68    0000d692     
                  0001da68    00000a4e     rtsv7M4_T_le_v4SPD16_eabi.lib : _printfi.c.obj (.text:__TI_printfi)
                  0001e4b6    00000002     drivers_tivaware.aem4f : SPITivaDMA.oem4f (.text:SPITivaDMA_serviceISR)
                  0001e4b8    00000764     animator.obj (.text:_Z15animator_updatev)
                  0001ec1c    00000004     driverlib.lib : ssi.obj (.text:SSIIntClear)
                  0001ec20    00000430     sysbios.aem4f : BIOS.obj (.text:ti_sysbios_family_arm_m3_Hwi_excDumpRegs__I)
                  0001f050    0000034c     ti.targets.arm.rtsarm.aem4f : System.oem4f (.text:xdc_runtime_System_doPrint__I)
                  0001f39c    00000324     ti.mw.fatfs.aem4f : ff.oem4f (.text:find_volume)
                  0001f6c0    000002e4     animator.obj (.text:_Z28animator_readCharacterSDCardh)
                  0001f9a4    00000004     driverlib.lib : uart.obj (.text:UARTIntClear)
                  0001f9a8    000002b8     sysbios.aem4f : BIOS.obj (.text:ti_sysbios_knl_Semaphore_pend__E)
                  0001fc60    000002a0     rtsv7M4_T_le_v4SPD16_eabi.lib : mktime.c.obj (.text:__mktime32)
                  0001ff00    00000270                                   : _printfi.c.obj (.text:_pconv_a)
                  00020170    0000026c     sysbios.aem4f : BIOS.obj (.text:ti_sysbios_heaps_HeapMem_free__E)
                  000203dc    00000004     rtsv7M4_T_le_v4SPD16_eabi.lib : printf.c.obj (.text:_outc)
                  000203e0    00000250     sysbios.aem4f : BIOS.obj (.text:ti_sysbios_heaps_HeapMem_alloc__E)
                  00020630    00000234                   : BIOS.obj (.text:ti_sysbios_knl_Task_Instance_finalize__E)
                  00020864    0000020c     drivers_tivaware.aem4f : UARTTiva.oem4f (.text:UARTTiva_open)
                  00020a70    000001f4                            : SDSPITiva.oem4f (.text:SDSPITiva_diskInitialize)
                  00020c64    00000004     rtsv7M4_T_le_v4SPD16_eabi.lib : printf.c.obj (.text:_outs)
                  00020c68    000001f4     sysbios.aem4f : BIOS.obj (.text:ti_sysbios_family_arm_m3_Hwi_excHandlerMax__I)
                  00020e5c    00000004     rtsv7M4_T_le_v4SPD16_eabi.lib : exit.c.obj (.text:abort:abort)
                  00020e60    000001d8     sysbios.aem4f : BIOS.obj (.text:ti_sysbios_knl_Task_sleep__E)
                  00021038    000001d0     rtsv7M4_T_le_v4SPD16_eabi.lib : _printfi.c.obj (.text:_pconv_g)
                  00021208    000001cc     animator.obj (.text:_Z16animator_animatehhsshhhhhb)
                  000213d4    000001c0     start.obj (.text:_Z5startjj)
                  00021594    00000004     ti.mw.fatfs.aem4f : ffosal.oem4f (.text:ff_rel_grant)
                  00021598    000001c0     sysbios.aem4f : BIOS.obj (.text:ti_sysbios_knl_Task_Instance_init__E)
                  00021758    000001b6     rtsv7M4_T_le_v4SPD16_eabi.lib : fd_add_t2.asm.obj (.text)
                  0002190e    000001a4     ti.mw.fatfs.aem4f : ff.oem4f (.text:f_write)
                  00021ab2    00000178                       : ff.oem4f (.text:f_read)
                  00021c2a    00000006     driverlib.lib : gpio.obj (.text:GPIOIntClear)
                  00021c30    00000174     sysbios.aem4f : BIOS.obj (.text:ti_sysbios_family_arm_m3_Hwi_excBusFault__I)
                  00021da4    00000170     ILI9341.obj (.text:_Z12ILI9341_initv)
                  00021f14    00000164     ti.mw.fatfs.aem4f : ff.oem4f (.text:f_open)
                  00022078    00000164     sysbios.aem4f : BIOS.obj (.text:ti_sysbios_family_arm_m3_Hwi_excUsageFault__I)
                  000221dc    0000015c     animator.obj (.text:_Z29animator_readPersistentSpritePKcth)
                  00022338    0000015a     ti.mw.fatfs.aem4f : ff.oem4f (.text:f_lseek)
                  00022492    00000002     rtsv7M4_T_le_v4SPD16_eabi.lib : _lock.c.obj (.text:_nop)
                  00022494    00000150     drivers_tivaware.aem4f : GPIOTiva.oem4f (.text:GPIO_setConfig)
                  000225e4    00000004     ti.mw.fatfs.aem4f : diskio.oem4f (.text:get_fattime)
                  000225e8    00000148     sysbios.aem4f : BIOS.obj (.text:ti_sysbios_family_arm_m3_Hwi_excMemFault__I)
                  00022730    0000013c     rtsv7M4_T_le_v4SPD16_eabi.lib : _printfi.c.obj (.text:_pconv_e)
                  0002286c    00000004     SlaveController_pem4f.oem4f (.text:ti_sysbios_BIOS_RtsGateProxy_enter__E)
                  00022870    0000013c     sysbios.aem4f : BIOS.obj (.text:ti_sysbios_heaps_HeapMem_Instance_init__E)
                  000229ac    00000136     rtsv7M4_T_le_v4SPD16_eabi.lib : fd_div_t2.asm.obj (.text)
                  00022ae2    00000002                                   : div0.asm.obj (.text)
                  00022ae4    00000134                                   : localtim.c.obj (.text:__localtime32)
                  00022c18    00000130     driverlib.lib : gpio.obj (.text:GPIOPadConfigSet)
                  00022d48    00000124     rtsv7M4_T_le_v4SPD16_eabi.lib : _printfi.c.obj (.text:fcvt)
                  00022e6c    00000123     ti.mw.fatfs.aem4f : ff.oem4f (.text:create_name)
                  00022f8f    00000001     --HOLE-- [fill = 0]
                  00022f90    0000011c     sysbios.aem4f : BIOS.obj (.text:ti_sysbios_knl_Clock_Instance_init__E)
                  000230ac    00000118     ti.targets.arm.rtsarm.aem4f : Error.oem4f (.text:xdc_runtime_Error_policyDefault__E)
                  000231c4    00000114     rtsv7M4_T_le_v4SPD16_eabi.lib : fputs.c.obj (.text:fputs)
                  000232d8    00000110                                   : s_scalbn.c.obj (.text:scalbn)
                  000233e8    0000010c                                   : fopen.c.obj (.text:_openfile)
                  000234f4    00000108     drivers_tivaware.aem4f : SDSPITiva.oem4f (.text:SDSPITiva_open)
                  000235fc    00000004     SlaveController_pem4f.oem4f (.text:ti_sysbios_BIOS_RtsGateProxy_leave__E)
                  00023600    00000108     sysbios.aem4f : BIOS.obj (.text:ti_sysbios_family_arm_lm4_Timer_start__E)
                  00023708    00000104     Flash.obj (.text:Flash_writeMemory_specifiedAddress)
                  0002380c    00000100     Boot.aem4f : Boot_sysctl.oem4f (.text:ti_catalog_arm_cortexm4_tiva_ce_Boot_sysCtlClockSetI__I)
                  0002390c    00000100     ti.targets.arm.rtsarm.aem4f : Core-mem.oem4f (.text:xdc_runtime_Core_createObject__I)
                  00023a0c    000000fe     ti.mw.fatfs.aem4f : ff.oem4f (.text:f_rename)
                  00023b0a    000000fc     rtsv7M4_T_le_v4SPD16_eabi.lib : fd_mul_t2.asm.obj (.text)
                  00023c06    000000fa     ti.mw.fatfs.aem4f : ff.oem4f (.text:dir_next)
                  00023d00    000000f8     rtsv7M4_T_le_v4SPD16_eabi.lib : fread.c.obj (.text:fread)
                  00023df8    000000f8     ti.targets.arm.rtsarm.aem4f : Startup.oem4f (.text:xdc_runtime_Startup_startMods__I)
                  00023ef0    000000f8     SlaveController_pem4f.oem4f (.text:xdc_runtime_System_printfExtend__I)
                  00023fe8    000000f4     drivers_tivaware.aem4f : SDSPITiva.oem4f (.text:SDSPITiva_diskIOctrl)
                  000240dc    000000f4     sysbios.aem4f : m3_Hwi_asm.obj (.text:ti_sysbios_family_arm_m3_Hwi_dispatch__I)
                  000241d0    000000ec     ti.mw.fatfs.aem4f : ff.oem4f (.text:put_fat)
                  000242bc    00000004     sysbios.aem4f : BIOS.obj (.text:ti_sysbios_family_arm_lm4_Timer_masterEnable__I)
                  000242c0    000000ec                   : BIOS.obj (.text:ti_sysbios_knl_Semaphore_post__E)
                  000243ac    000000e8     drivers_tivaware.aem4f : SDSPITiva.oem4f (.text:SDSPITiva_diskWrite)
                  00024494    000000dc     rtsv7M4_T_le_v4SPD16_eabi.lib : setvbuf.c.obj (.text:setvbuf)
                  00024570    000000d8     drivers_tivaware.aem4f : SPITivaDMA.oem4f (.text:SPITivaDMA_open)
                  00024648    000000d8     sysbios.aem4f : BIOS.obj (.text:ti_sysbios_family_arm_lm4_TimestampProvider_get32__E)
                  00024720    000000d6     ti.mw.fatfs.aem4f : ff.oem4f (.text:get_fat)
                  000247f6    00000002     SlaveController_pem4f.oem4f (.text:ti_sysbios_BIOS_nullFunc__I)
                  000247f8    000000cc     ti.targets.arm.rtsarm.aem4f : Core-smem.oem4f (.text:xdc_runtime_Core_constructObject__I)
                  000248c4    000000c6     drivers_tivaware.aem4f : SDSPITiva.oem4f (.text:send_cmd)
                  0002498a    00000002     SlaveController_pem4f.oem4f (.text:xdc_runtime_Startup_reset__I)
                  0002498c    000000c0     drivers_tivaware.aem4f : SDSPITiva.oem4f (.text:SDSPITiva_diskRead)
                  00024a4c    000000c0                            : SPITivaDMA.oem4f (.text:SPITivaDMA_configDMA)
                  00024b0c    000000bc     EK_TM4C123GXL.obj (.text:EK_TM4C123GXL_initSPI)
                  00024bc8    000000bc     rtsv7M4_T_le_v4SPD16_eabi.lib : open.c.obj (.text:open)
                  00024c84    00000004     SlaveController_pem4f.oem4f (.text:ti_sysbios_family_arm_m3_Hwi_destruct)
                  00024c88    000000bc     sysbios.aem4f : BIOS.obj (.text:ti_sysbios_family_arm_m3_Hwi_excDebugMon__I)
                  00024d44    00000004     SlaveController_pem4f.oem4f (.text:ti_sysbios_family_arm_m3_TaskSupport_Module__startupDone__S)
                  00024d48    000000bc     sysbios.aem4f : BIOS.obj (.text:ti_sysbios_family_arm_m3_Hwi_excHardFault__I)
                  00024e04    000000b8     rtsv7M4_T_le_v4SPD16_eabi.lib : add_device.c.obj (.text:add_device)
                  00024ebc    000000b8     ti.mw.fatfs.aem4f : ffcio.oem4f (.text:ffcio_open)
                  00024f74    000000b4                       : ff.oem4f (.text:sync_fs)
                  00025028    000000b4     sysbios.aem4f : BIOS.obj (.text:ti_sysbios_gates_GateMutex_enter__E)
                  000250dc    00000004     SlaveController_pem4f.oem4f (.text:ti_sysbios_heaps_HeapMem_Module_GateProxy_enter__E)
                  000250e0    000000b4     sysbios.aem4f : BIOS.obj (.text:ti_sysbios_knl_Task_checkStacks__E)
                  00025194    000000b1     rtsv7M4_T_le_v4SPD16_eabi.lib : _printfi.c.obj (.text:_ltostr)
                  00025245    00000001     --HOLE-- [fill = 0]
                  00025246    000000ac     drivers_tivaware.aem4f : UARTTiva.oem4f (.text:readTaskBlocking)
                  000252f2    00000006     driverlib.lib : gpio.obj (.text:GPIOPinWrite)
                  000252f8    000000ac     sysbios.aem4f : BIOS.obj (.text:ti_sysbios_family_arm_lm4_Timer_enableTiva__I)
                  000253a4    000000a8     ti.mw.fatfs.aem4f : ff.oem4f (.text:create_chain)
                  0002544c    000000a4     drivers_tivaware.aem4f : SPITivaDMA.oem4f (.text:SPITivaDMA_initHw)
                  000254f0    000000a4     ti.mw.fatfs.aem4f : ff.oem4f (.text:f_unlink)
                  00025594    00000004     SlaveController_pem4f.oem4f (.text:ti_sysbios_heaps_HeapMem_Module_GateProxy_leave__E)
                  00025598    000000a4     sysbios.aem4f : BIOS.obj (.text:ti_sysbios_knl_Clock_Instance_finalize__E)
                  0002563c    000000a0     auto_init.aem4f : auto_init.oem4f (.text)
                  000256dc    000000a0     start.obj (.text:main)
                  0002577c    000000a0     drivers_tivaware.aem4f : SDSPITiva.oem4f (.text:rcvr_datablock)
                  0002581c    000000a0     ti.targets.arm.rtsarm.aem4f : Text.oem4f (.text:xdc_runtime_Text_putMod__E)
                  000258bc    0000009c     rtsv7M4_T_le_v4SPD16_eabi.lib : _bufread.c.obj (.text:__TI_buff_read)
                  00025958    0000009c     ti.mw.fatfs.aem4f : ff.oem4f (.text:f_sync)
                  000259f4    0000009c     rtsv7M4_T_le_v4SPD16_eabi.lib : fopen.c.obj (.text:fopen)
                  00025a90    0000009c                                   : memcpy_t2.asm.obj (.text)
                  00025b2c    00000004     SlaveController_pem4f.oem4f (.text:ti_sysbios_knl_Clock_TimerProxy_getMaxTicks__E)
                  00025b30    0000009c     sysbios.aem4f : BIOS.obj (.text:ti_sysbios_knl_Semaphore_Instance_init__E)
                  00025bcc    0000009a     ILI9341.obj (.text:_Z16ILI9341_fillRectjjjjj)
                  00025c66    00000002     --HOLE-- [fill = 0]
                  00025c68    0000009a     ti.targets.arm.rtsarm.aem4f : Text.oem4f (.text:xdc_runtime_Text_putSite__E)
                  00025d02    0000009a     drivers_tivaware.aem4f : SDSPITiva.oem4f (.text:xmit_datablock)
                  00025d9c    00000098                            : UARTTiva.oem4f (.text:UARTTiva_readPolling)
                  00025e34    00000098     ILI9341.obj (.text:_Z11commandListPKh)
                  00025ecc    00000098     Boot.aem4f : Boot.oem4f (.text:ti_catalog_arm_cortexm4_tiva_ce_Boot_sysCtlClockSet__E)
                  00025f64    00000096     rtsv7M4_T_le_v4SPD16_eabi.lib : ull_div_t2.asm.obj (.text)
                  00025ffa    00000094     drivers_tivaware.aem4f : UARTTiva.oem4f (.text:UARTTiva_write)
                  0002608e    00000002     --HOLE-- [fill = 0]
                  00026090    00000094     sysbios.aem4f : BIOS.obj (.text:ti_sysbios_family_arm_m3_Hwi_Instance_init__E)
                  00026124    00000004     SlaveController_pem4f.oem4f (.text:ti_sysbios_knl_Clock_TimerProxy_getPeriod__E)
                  00026128    00000094     sysbios.aem4f : BIOS.obj (.text:ti_sysbios_family_arm_m3_Hwi_initNVIC__E)
                  000261bc    00000004     SlaveController_pem4f.oem4f (.text:ti_sysbios_knl_Clock_destruct)
                  000261c0    00000094     sysbios.aem4f : BIOS.obj (.text:ti_sysbios_knl_Task_postInit__I)
                  00026254    0000008c     drivers_tivaware.aem4f : GPIOTiva.oem4f (.text:GPIO_init)
                  000262e0    0000008c                            : UARTTiva.oem4f (.text:UARTTiva_control)
                  0002636c    0000008c     rtsv7M4_T_le_v4SPD16_eabi.lib : fputc.c.obj (.text:fputc)
                  000263f8    0000008c     sysbios.aem4f : m3_TaskSupport_asm.obj (.text:ti_sysbios_family_arm_m3_TaskSupport_buildTaskStack)
                  00026484    0000008a     drivers_tivaware.aem4f : UARTTiva.oem4f (.text:readIsrTextBlocking)
                  0002650e    00000002     --HOLE-- [fill = 0]
                  00026510    00000088     EK_TM4C123GXL.obj (.text:EK_TM4C123GXL_initDMA)
                  00026598    00000088     Flash.obj (.text:Flash_init)
                  00026620    00000088     ILI9341.obj (.text:_Z18ILI9341_drawColorsjjPit)
                  000266a8    00000088     animator.obj (.text:_Z19animator_initializev)
                  00026730    00000086     rtsv7M4_T_le_v4SPD16_eabi.lib : fd_cmp_t2.asm.obj (.text:__aeabi_cdcmple)
                  000267b6    00000086                                   : fd_cmp_t2.asm.obj (.text:__aeabi_cdrcmple)
                  0002683c    00000084     UART.obj (.text:UART_start)
                  000268c0    00000084     sysbios.aem4f : BIOS.obj (.text:ti_sysbios_family_arm_m3_Hwi_postInit__I)
                  00026944    00000084     driverlib.lib : udma.obj (.text:uDMAChannelTransferSet)
                  000269c8    00000082     drivers_tivaware.aem4f : UARTTiva.oem4f (.text:readIsrTextCallback)
                  00026a4a    0000007e     ti.mw.fatfs.aem4f : ff.oem4f (.text:dir_sdi)
                  00026ac8    0000007c                       : ff.oem4f (.text:f_mount)
                  00026b44    0000007a     drivers_tivaware.aem4f : UARTTiva.oem4f (.text:readTaskCallback)
                  00026bbe    0000007a     rtsv7M4_T_le_v4SPD16_eabi.lib : memset_t2.asm.obj (.text)
                  00026c38    00000076     ILI9341.obj (.text:_ZN33_INTERNAL_11_ILI9341_cpp_6ff9e12f17ILI9341_setCoordsEtttt)
                  00026cae    00000002     --HOLE-- [fill = 0]
                  00026cb0    00000074     rtsv7M4_T_le_v4SPD16_eabi.lib : fclose.c.obj (.text:__TI_closefile)
                  00026d24    00000074     ti.mw.fatfs.aem4f : ff.oem4f (.text:check_fs)
                  00026d98    00000074     sysbios.aem4f : BIOS.obj (.text:ti_sysbios_knl_Clock_start__E)
                  00026e0c    00000004     SlaveController_pem4f.oem4f (.text:ti_sysbios_knl_Queue_destruct)
                  00026e10    00000070     sysbios.aem4f : BIOS.obj (.text:ti_sysbios_knl_Clock_workFunc__E)
                  00026e80    00000070                   : BIOS.obj (.text:ti_sysbios_knl_Task_exit__E)
                  00026ef0    0000006e     rtsv7M4_T_le_v4SPD16_eabi.lib : _printfi.c.obj (.text:_mcpy)
                  00026f5e    0000006e                                   : ll_div_t2.asm.obj (.text)
                  00026fcc    0000006d     ti.targets.arm.rtsarm.aem4f : System.oem4f (.text:xdc_runtime_System_formatNum__I)
                  00027039    00000003     --HOLE-- [fill = 0]
                  0002703c    0000006c     Flash.obj (.text:Flash_readMemory)
                  000270a8    0000006c     sysbios.aem4f : BIOS.obj (.text:ti_sysbios_knl_Swi_restoreHwi__E)
                  00027114    0000006c     drivers_tivaware.aem4f : UARTTiva.oem4f (.text:writeData)
                  00027180    0000006c     ti.targets.arm.rtsarm.aem4f : Error.oem4f (.text:xdc_runtime_Error_print__E)
                  000271ec    0000006c                                 : Memory.oem4f (.text:xdc_runtime_Memory_alloc__E)
                  00027258    00000068     rtsv7M4_T_le_v4SPD16_eabi.lib : hostlseek.c.obj (.text:HOSTlseek)
                  000272c0    00000068                                   : hostrename.c.obj (.text:HOSTrename)
                  00027328    00000068     SD.obj (.text:SD_startSDCard)
                  00027390    00000068     rtsv7M4_T_le_v4SPD16_eabi.lib : copy_decompress_lzss.c.obj (.text:decompress:lzss:__TI_decompress_lzss)
                  000273f8    00000068                                   : printf.c.obj (.text:printf)
                  00027460    00000066     ti.targets.arm.rtsarm.aem4f : Core-mem.oem4f (.text:xdc_runtime_Core_deleteObject__I)
                  000274c6    00000002     --HOLE-- [fill = 0]
                  000274c8    00000064     Flash.obj (.text:Flash_pendWriteOpCompletion)
                  0002752c    00000064     drivers_tivaware.aem4f : GPIOTiva.oem4f (.text:GPIO_hwiIntFxn)
                  00027590    00000064     ti.mw.fatfs.aem4f : ff.oem4f (.text:follow_path)
                  000275f4    00000064     rtsv7M4_T_le_v4SPD16_eabi.lib : s_frexp.c.obj (.text:frexp)
                  00027658    00000064                                   : fseek.c.obj (.text:fseek)
                  000276bc    00000004     SlaveController_pem4f.oem4f (.text:ti_sysbios_knl_Semaphore_destruct)
                  000276c0    00000064     sysbios.aem4f : BIOS.obj (.text:ti_sysbios_family_arm_lm4_Timer_Module_startup__E)
                  00027724    00000064     SlaveController_pem4f.oem4f (.text:ti_sysbios_family_arm_m3_Hwi_create)
                  00027788    00000064     sysbios.aem4f : BIOS.obj (.text:ti_sysbios_family_arm_m3_Hwi_dispatchC__I)
                  000277ec    00000062     drivers_tivaware.aem4f : SPITivaDMA.oem4f (.text:SPITivaDMA_transfer)
                  0002784e    00000062     rtsv7M4_T_le_v4SPD16_eabi.lib : _io_perm.c.obj (.text:__TI_wrt_ok)
                  000278b0    00000060                                   : hostopen.c.obj (.text:HOSTopen)
                  00027910    00000060     sysbios.aem4f : BIOS.obj (.text:ti_sysbios_knl_Task_schedule__I)
                  00027970    0000005e     drivers_tivaware.aem4f : UARTTiva.oem4f (.text:readIsrBinaryBlocking)
                  000279ce    0000005e     ti.mw.fatfs.aem4f : ff.oem4f (.text:remove_chain)
                  00027a2c    0000005c     EK_TM4C123GXL.obj (.text:EK_TM4C123GXL_initSDSPI)
                  00027a88    0000005c     rtsv7M4_T_le_v4SPD16_eabi.lib : close.c.obj (.text:close)
                  00027ae4    00000004     ti.targets.arm.rtsarm.aem4f : Error.oem4f (.text:xdc_runtime_Error_getSite__E)
                  00027ae8    0000005c     sysbios.aem4f : BIOS.obj (.text:ti_sysbios_knl_Swi_run__I)
                  00027b44    00000004     SlaveController_pem4f.oem4f (.text:xdc_runtime_System_Module_GateProxy_enter__E)
                  00027b48    0000005c     sysbios.aem4f : BIOS.obj (.text:ti_sysbios_knl_Swi_schedule__I)
                  00027ba4    00000004     SlaveController_pem4f.oem4f (.text:xdc_runtime_System_Module_GateProxy_leave__E)
                  00027ba8    0000005c     sysbios.aem4f : BIOS.obj (.text:ti_sysbios_knl_Task_Module_startup__E)
                  00027c04    00000004     ti.targets.arm.rtsarm.aem4f : System.oem4f (.text:xdc_runtime_System_aprintf_va__F)
                  00027c08    0000005c     sysbios.aem4f : BIOS.obj (.text:ti_sysbios_knl_Task_startCore__E)
                  00027c64    0000005c     drivers_tivaware.aem4f : SDSPITiva.oem4f (.text:wait_ready)
                  00027cc0    0000005b     ti.targets.arm.rtsarm.aem4f : Text.oem4f (.text:xdc_runtime_Text_putLab__E)
                  00027d1b    00000001     --HOLE-- [fill = 0]
                  00027d1c    00000058     boot.aem4f : boot.oem4f (.text)
                  00027d74    00000058     rtsv7M4_T_le_v4SPD16_eabi.lib : hostread.c.obj (.text:HOSTread)
                  00027dcc    00000058                                   : hostwrite.c.obj (.text:HOSTwrite)
                  00027e24    00000058     SD.obj (.text:SD_openFile)
                  00027e7c    00000058     tirtosport.aem4f : SemaphoreP_tirtos.oem4f (.text:SemaphoreP_create)
                  00027ed4    00000058     SlaveController_pem4f.oem4f (.text:ti_sysbios_family_arm_m3_Hwi_construct)
                  00027f2c    00000058     sysbios.aem4f : m3_Hwi_asm_switch.obj (.text:ti_sysbios_family_arm_m3_Hwi_initStacks__E)
                  00027f84    00000056     driverlib.lib : gpio.obj (.text:GPIOIntTypeSet)
                  00027fda    00000056     rtsv7M4_T_le_v4SPD16_eabi.lib : _printfi.c.obj (.text:_pconv_f)
                  00028030    00000056     ti.mw.fatfs.aem4f : ff.oem4f (.text:dir_read)
                  00028086    00000054     rtsv7M4_T_le_v4SPD16_eabi.lib : _ltoa.c.obj (.text:__TI_ltoa)
                  000280da    00000054     drivers_tivaware.aem4f : UARTTiva.oem4f (.text:readIsrBinaryCallback)
                  0002812e    00000054     ti.mw.fatfs.aem4f : ff.oem4f (.text:sync_window)
                  00028182    00000006     drivers_tivaware.aem4f : SDSPITiva.oem4f (.text:SDSPITiva_control)
                  00028188    00000054     sysbios.aem4f : BIOS.obj (.text:ti_sysbios_family_arm_lm4_Timer_initDevice__I)
                  000281dc    00000054     SlaveController_pem4f.oem4f (.text:ti_sysbios_knl_Task_construct)
                  00028230    00000054     ti.targets.arm.rtsarm.aem4f : Assert.oem4f (.text:xdc_runtime_Assert_raise__I)
                  00028284    00000052     rtsv7M4_T_le_v4SPD16_eabi.lib : _printfi.c.obj (.text:_ecpy)
                  000282d6    00000002     --HOLE-- [fill = 0]
                  000282d8    00000050     drivers_tivaware.aem4f : GPIOTiva.oem4f (.text:GPIO_setCallback)
                  00028328    00000050     driverlib.lib : sysctl.obj (.text:SysCtlPeripheralReset)
                  00028378    00000050     drivers_tivaware.aem4f : UARTTiva.oem4f (.text:UARTTiva_writeCancel)
                  000283c8    00000050     ILI9341.obj (.text:_ZN33_INTERNAL_11_ILI9341_cpp_6ff9e12f16ILI9341_setColorEj)
                  00028418    00000050     sysbios.aem4f : BIOS.obj (.text:ti_sysbios_family_arm_m3_Hwi_Module_startup__E)
                  00028468    00000050     ti.targets.arm.rtsarm.aem4f : Startup.oem4f (.text:xdc_runtime_Startup_exec__E)
                  000284b8    00000050                                 : Text.oem4f (.text:xdc_runtime_Text_visitRope2__I)
                  00028508    0000004c     drivers_tivaware.aem4f : UARTTiva.oem4f (.text:UARTTiva_close)
                  00028554    0000004c     rtsv7M4_T_le_v4SPD16_eabi.lib : fflush.c.obj (.text:__TI_doflush)
                  000285a0    0000004c                                   : atoi.c.obj (.text:atoi)
                  000285ec    0000004c                                   : cpy_tbl.c.obj (.text:copy_in)
                  00028638    0000004c     SlaveController_pem4f.oem4f (.text:ti_mw_fatfs_startup)
                  00028684    00000004     ti.targets.arm.rtsarm.aem4f : System.oem4f (.text:xdc_runtime_System_printf_va__F)
                  00028688    0000004c     sysbios.aem4f : BIOS.obj (.text:ti_sysbios_heaps_HeapMem_getStats__E)
                  000286d4    00000004     --HOLE-- [fill = 0]
                  000286d8    0000004c                   : BIOS.obj (.text:ti_sysbios_knl_Swi_runLoop__I)
                  00028724    00000004     --HOLE-- [fill = 0]
                  00028728    0000004c                   : BIOS.obj (.text:ti_sysbios_knl_Task_allBlockedFunction__I)
                  00028774    0000004a     rtsv7M4_T_le_v4SPD16_eabi.lib : _io_perm.c.obj (.text:__TI_rd_ok)
                  000287be    00000002     --HOLE-- [fill = 0]
                  000287c0    00000048     driverlib.lib : gpio.obj (.text:GPIOPinConfigure)
                  00028808    00000048     ti.mw.fatfs.aem4f : ff.oem4f (.text:dir_find)
                  00028850    00000048     rtsv7M4_T_le_v4SPD16_eabi.lib : exit.c.obj (.text:exit)
                  00028898    00000048                                   : fd_toi_t2.asm.obj (.text)
                  000288e0    00000048     sysbios.aem4f : BIOS.obj (.text:ti_sysbios_family_arm_lm4_Timer_enableTimers__I)
                  00028928    00000048                   : BIOS.obj (.text:ti_sysbios_family_arm_m3_Hwi_disableInterrupt__E)
                  00028970    00000048                   : BIOS.obj (.text:ti_sysbios_family_arm_m3_Hwi_enableInterrupt__E)
                  000289b8    00000048                   : BIOS.obj (.text:ti_sysbios_family_arm_m3_Hwi_excReserved__I)
                  00028a00    00000046     drivers_tivaware.aem4f : RingBuf.oem4f (.text:RingBuf_put)
                  00028a46    00000046     ti.targets.arm.rtsarm.aem4f : Core-params.oem4f (.text:xdc_runtime_Core_assignParams__I)
                  00028a8c    00000044     rtsv7M4_T_le_v4SPD16_eabi.lib : hostclose.c.obj (.text:HOSTclose)
                  00028ad0    00000044                                   : hostunlink.c.obj (.text:HOSTunlink)
                  00028b14    00000044     SD.obj (.text:SD_read)
                  00028b58    00000044     SD.obj (.text:SD_readNextChar)
                  00028b9c    00000044     drivers_tivaware.aem4f : SPITivaDMA.oem4f (.text:SPITivaDMA_hwiFxn)
                  00028be0    00000044     ti.mw.fatfs.aem4f : ff.oem4f (.text:dir_alloc)
                  00028c24    00000044     rtsv7M4_T_le_v4SPD16_eabi.lib : getdevice.c.obj (.text:getdevice)
                  00028c68    00000044     drivers_tivaware.aem4f : SDSPITiva.oem4f (.text:send_initial_clock_train)
                  00028cac    00000004     --HOLE-- [fill = 0]
                  00028cb0    00000044     sysbios.aem4f : BIOS.obj (.text:ti_sysbios_family_arm_lm4_Timer_isrStub__E)
                  00028cf4    00000004     --HOLE-- [fill = 0]
                  00028cf8    00000044                   : BIOS.obj (.text:ti_sysbios_family_arm_m3_Hwi_getStackInfo__E)
                  00028d3c    00000004     --HOLE-- [fill = 0]
                  00028d40    00000044                   : BIOS.obj (.text:ti_sysbios_knl_Swi_post__E)
                  00028d84    00000044     ti.targets.arm.rtsarm.aem4f : Error.oem4f (.text:xdc_runtime_Error_setX__E)
                  00028dc8    00000044                                 : SysMin.oem4f (.text:xdc_runtime_SysMin_flush__E)
                  00028e0c    00000044                                 : Text.oem4f (.text:xdc_runtime_Text_xprintf__I)
                  00028e50    00000042     drivers_tivaware.aem4f : SPITivaDMA.oem4f (.text:SPITivaDMA_transferCancel)
                  00028e92    00000042     driverlib.lib : uart.obj (.text:UARTConfigSetExpClk)
                  00028ed4    00000042     drivers_tivaware.aem4f : UARTTiva.oem4f (.text:UARTTiva_hwiIntFxn)
                  00028f16    00000042                            : UARTTiva.oem4f (.text:UARTTiva_writePolling)
                  00028f58    00000040     EK_TM4C123GXL.obj (.text:EK_TM4C123GXL_initGeneral)
                  00028f98    00000040     Flash.obj (.text:Flash_transferSPICS)
                  00028fd8    00000040     Flash.obj (.text:Flash_writeCommandCS)
                  00029018    00000040     drivers_tivaware.aem4f : RingBuf.oem4f (.text:RingBuf_get)
                  00029058    00000040                            : SDSPITiva.oem4f (.text:SDSPITiva_close)
                  00029098    00000040                            : UARTTiva.oem4f (.text:UARTTiva_read)
                  000290d8    00000040     ILI9341.obj (.text:_ZN33_INTERNAL_11_ILI9341_cpp_6ff9e12f12writeCommandEh)
                  00029118    00000040     ti.mw.fatfs.aem4f : ff.oem4f (.text:get_ldnumber)
                  00029158    00000040     rtsv7M4_T_le_v4SPD16_eabi.lib : u_divt2.asm.obj (.text)
                  00029198    00000040     sysbios.aem4f : BIOS.obj (.text:ti_sysbios_family_arm_lm4_Timer_startup__E)
                  000291d8    0000003e     rtsv7M4_T_le_v4SPD16_eabi.lib : _printfi.c.obj (.text:_fcpy)
                  00029216    0000003c     drivers_tivaware.aem4f : SPITivaDMA.oem4f (.text:SPITivaDMA_close)
                  00029252    0000003c     driverlib.lib : ssi.obj (.text:SSIConfigSetExpClk)
                  0002928e    0000003c     animator.obj (.text:_Z9readUntilcPh)
                  000292ca    00000002     --HOLE-- [fill = 0]
                  000292cc    0000003c     EK_TM4C123GXL.obj (.text:dmaErrorHwi)
                  00029308    0000003c     sysbios.aem4f : BIOS.obj (.text:ti_sysbios_family_arm_m3_Hwi_excSvCall__I)
                  00029344    00000004     --HOLE-- [fill = 0]
                  00029348    0000003c                   : BIOS.obj (.text:ti_sysbios_heaps_HeapMem_init__I)
                  00029384    00000004     --HOLE-- [fill = 0]
                  00029388    0000003c                   : BIOS.obj (.text:ti_sysbios_knl_Swi_restore__E)
                  000293c4    00000038     drivers_tivaware.aem4f : SDSPI.oem4f (.text:SDSPI_init)
                  000293fc    00000038                            : SPI.oem4f (.text:SPI_init)
                  00029434    00000038                            : UART.oem4f (.text:UART_init)
                  0002946c    00000038     rtsv7M4_T_le_v4SPD16_eabi.lib : trgmsg.c.obj (.text:__TI_writemsg)
                  000294a4    00000038     ti.mw.fatfs.aem4f : ff.oem4f (.text:dir_register)
                  000294dc    00000004     --HOLE-- [fill = 0]
                  000294e0    00000038     sysbios.aem4f : BIOS.obj (.text:ti_sysbios_family_arm_m3_Hwi_excNoIsr__I)
                  00029518    00000038                   : BIOS.obj (.text:ti_sysbios_knl_Task_processVitalTaskFlag__I)
                  00029550    00000038     ti.targets.arm.rtsarm.aem4f : SysMin.oem4f (.text:xdc_runtime_SysMin_putch__E)
                  00029588    00000038                                 : System.oem4f (.text:xdc_runtime_System_atexit__E)
                  000295c0    00000036     drivers_tivaware.aem4f : UARTTiva.oem4f (.text:UARTTiva_readCancel)
                  000295f6    00000036     ti.mw.fatfs.aem4f : ff.oem4f (.text:move_window)
                  0002962c    00000036     rtsv7M4_T_le_v4SPD16_eabi.lib : strncpy.c.obj (.text:strncpy)
                  00029662    00000036     SlaveController_pem4f.oem4f (.text:ti_mw_fatfs_getFatTime)
                  00029698    00000034     EK_TM4C123GXL.obj (.text:EK_TM4C123GXL_initUART)
                  000296cc    00000034     driverlib.lib : sysctl.obj (.text:SysCtlPeripheralEnable)
                  00029700    00000034     rtsv7M4_T_le_v4SPD16_eabi.lib : fopen.c.obj (.text:__TI_cleanup)
                  00029734    00000034                                   : trgmsg.c.obj (.text:__TI_readmsg)
                  00029768    00000034     ti.mw.fatfs.aem4f : ff.oem4f (.text:dir_remove)
                  0002979c    00000034                       : ffcio.oem4f (.text:ffcio_lseek)
                  000297d0    00000034     sysbios.aem4f : BIOS.obj (.text:ti_sysbios_family_arm_m3_Hwi_Instance_finalize__E)
                  00029804    00000004     --HOLE-- [fill = 0]
                  00029808    00000034                   : BIOS.obj (.text:ti_sysbios_family_arm_m3_Hwi_excNmi__I)
                  0002983c    00000004     --HOLE-- [fill = 0]
                  00029840    00000034                   : BIOS.obj (.text:ti_sysbios_hal_Hwi_checkStack)
                  00029874    00000034     SlaveController_pem4f.oem4f (.text:ti_sysbios_knl_Clock_construct)
                  000298a8    00000034     ti.mw.fatfs.aem4f : ff.oem4f (.text:validate)
                  000298dc    00000034     ti.targets.arm.rtsarm.aem4f : Core-label.oem4f (.text:xdc_runtime_Core_assignLabel__I)
                  00029910    00000033                                 : Text.oem4f (.text:xdc_runtime_Text_printVisFxn__I)
                  00029943    00000005     --HOLE-- [fill = 0]
                  00029948    00000032     sysbios.aem4f : BIOS.obj (.text:ti_sysbios_hal_Hwi_initStack)
                  0002997a    00000002     --HOLE-- [fill = 0]
                  0002997c    00000030     EK_TM4C123GXL.obj (.text:EK_TM4C123GXL_initGPIO)
                  000299ac    00000030     drivers_tivaware.aem4f : SDSPI.oem4f (.text:SDSPI_open)
                  000299dc    00000030                            : SPI.oem4f (.text:SPI_open)
                  00029a0c    00000030                            : UART.oem4f (.text:UART_open)
                  00029a3c    00000030     ILI9341.obj (.text:_ZN33_INTERNAL_11_ILI9341_cpp_6ff9e12f9writeDataEh)
                  00029a6c    00000030     rtsv7M4_T_le_v4SPD16_eabi.lib : getdevice.c.obj (.text:finddevice)
                  00029a9c    00000030     SlaveController_pem4f.oem4f (.text:ti_sysbios_BIOS_atExitFunc__I)
                  00029acc    00000004     --HOLE-- [fill = 0]
                  00029ad0    00000030     sysbios.aem4f : BIOS.obj (.text:ti_sysbios_family_arm_lm4_Timer_stop__E)
                  00029b00    00000030                   : BIOS.obj (.text:ti_sysbios_family_arm_m3_TaskSupport_start__E)
                  00029b30    00000030     SlaveController_pem4f.oem4f (.text:ti_sysbios_gates_GateHwi_Object__create__S)
                  00029b60    00000030     SlaveController_pem4f.oem4f (.text:ti_sysbios_gates_GateMutex_Object__create__S)
                  00029b90    00000030     SlaveController_pem4f.oem4f (.text:ti_sysbios_heaps_HeapMem_Object__create__S)
                  00029bc0    00000030     SlaveController_pem4f.oem4f (.text:ti_sysbios_knl_Semaphore_construct)
                  00029bf0    00000030     sysbios.aem4f : BIOS.obj (.text:ti_sysbios_knl_Semaphore_pendTimeout__I)
                  00029c20    00000030                   : BIOS.obj (.text:ti_sysbios_knl_Task_unblockI__E)
                  00029c50    00000030     ti.targets.arm.rtsarm.aem4f : SysMin.oem4f (.text:xdc_runtime_SysMin_abort__E)
                  00029c80    00000030                                 : System.oem4f (.text:xdc_runtime_System_processAtExit__E)
                  00029cb0    0000002e     SlaveController_pem4f.oem4f (.text:malloc)
                  00029cde    0000002e     rtsv7M4_T_le_v4SPD16_eabi.lib : i_tofd_t2.asm.obj (.text)
                  00029d0c    0000002c     Flash.obj (.text:Flash_writeMemory)
                  00029d38    0000002c     ti.mw.fatfs.aem4f : diskio.oem4f (.text:disk_register)
                  00029d64    0000002c     rtsv7M4_T_le_v4SPD16_eabi.lib : fclose.c.obj (.text:fclose)
                  00029d90    0000002c     SlaveController_pem4f.oem4f (.text:ti_sysbios_knl_Clock_doTick__I)
                  00029dbc    0000002c     SlaveController_pem4f.oem4f (.text:ti_sysbios_knl_Queue_construct)
                  00029de8    0000002c     sysbios.aem4f : BIOS.obj (.text:ti_sysbios_knl_Task_restore__E)
                  00029e14    0000002c     driverlib.lib : udma.obj (.text:uDMAChannelAssign)
                  00029e40    0000002c     rtsv7M4_T_le_v4SPD16_eabi.lib : unlink.c.obj (.text:unlink)
                  00029e6c    0000002c     ti.targets.arm.rtsarm.aem4f : Text.oem4f (.text:xdc_runtime_Text_cordText__E)
                  00029e98    0000002a     driverlib.lib : gpio.obj (.text:GPIODirModeSet)
                  00029ec2    0000002a     ti.targets.arm.rtsarm.aem4f : System.oem4f (.text:xdc_runtime_System_putchar__I)
                  00029eec    00000028     ti.mw.fatfs.aem4f : diskio.oem4f (.text:disk_unregister)
                  00029f14    00000028     rtsv7M4_T_le_v4SPD16_eabi.lib : lseek.c.obj (.text:lseek)
                  00029f3c    00000028                                   : read.c.obj (.text:read)
                  00029f64    00000028     SlaveController_pem4f.oem4f (.text:ti_sysbios_BIOS_startFunc__I)
                  00029f8c    00000004     --HOLE-- [fill = 0]
                  00029f90    00000028     sysbios.aem4f : BIOS.obj (.text:ti_sysbios_knl_Swi_Module_startup__E)
                  00029fb8    00000028     rtsv7M4_T_le_v4SPD16_eabi.lib : write.c.obj (.text:write)
                  00029fe0    00000026     sysbios.aem4f : m3_Hwi_asm.obj (.text:ti_sysbios_family_arm_m3_Hwi_pendSV__I)
                  0002a006    00000026     ti.targets.arm.rtsarm.aem4f : System.oem4f (.text:xdc_runtime_System_avprintf__E)
                  0002a02c    00000024     ti.mw.fatfs.aem4f : diskio.oem4f (.text:disk_ioctl)
                  0002a050    00000024                       : diskio.oem4f (.text:disk_read)
                  0002a074    00000024                       : ff.oem4f (.text:f_close)
                  0002a098    00000024                       : ffcio.oem4f (.text:ffcio_close)
                  0002a0bc    00000024     SlaveController_pem4f.oem4f (.text:ti_sysbios_BIOS_errorRaiseHook__I)
                  0002a0e0    00000024     SlaveController_pem4f.oem4f (.text:ti_sysbios_BIOS_registerRTSLock__I)
                  0002a104    00000024     SlaveController_pem4f.oem4f (.text:ti_sysbios_BIOS_removeRTSLock__I)
                  0002a128    00000024     SlaveController_pem4f.oem4f (.text:ti_sysbios_gates_GateMutex_Object__delete__S)
                  0002a14c    00000004     --HOLE-- [fill = 0]
                  0002a150    00000024     sysbios.aem4f : BIOS.obj (.text:ti_sysbios_knl_Clock_Module_startup__E)
                  0002a174    00000004     --HOLE-- [fill = 0]
                  0002a178    00000024                   : BIOS.obj (.text:ti_sysbios_knl_Task_restoreHwi__E)
                  0002a19c    00000024     driverlib.lib : udma.obj (.text:uDMAChannelControlSet)
                  0002a1c0    00000024     ti.targets.arm.rtsarm.aem4f : System.oem4f (.text:xdc_runtime_System_vprintf__E)
                  0002a1e4    00000004     --HOLE-- [fill = 0]
                  0002a1e8    00000022     sysbios.aem4f : BIOS.obj (.text:ti_sysbios_family_arm_lm4_Timer_write__I)
                  0002a20a    00000022     SlaveController_pem4f.oem4f (.text:xdc_runtime_SysMin_output__I)
                  0002a22c    00000020     Flash.obj (.text:Flash_allocateMemory)
                  0002a24c    00000020     ti.mw.fatfs.aem4f : diskio.oem4f (.text:disk_write)
                  0002a26c    00000020                       : ffcio.oem4f (.text:ffcio_read)
                  0002a28c    00000020                       : ffcio.oem4f (.text:ffcio_write)
                  0002a2ac    00000020     rtsv7M4_T_le_v4SPD16_eabi.lib : memchr.c.obj (.text:memchr)
                  0002a2cc    00000020     SlaveController_pem4f.oem4f (.text:ti_sysbios_BIOS_rtsLock__I)
                  0002a2ec    00000004     --HOLE-- [fill = 0]
                  0002a2f0    00000020     sysbios.aem4f : BIOS.obj (.text:ti_sysbios_family_arm_m3_Hwi_clearInterrupt__E)
                  0002a310    00000020                   : m3_Hwi_asm.obj (.text:ti_sysbios_family_arm_m3_Hwi_excHandlerAsm__I)
                  0002a330    00000020                   : BIOS.obj (.text:ti_sysbios_family_arm_m3_Hwi_excHandler__I)
                  0002a350    00000020     SlaveController_pem4f.oem4f (.text:ti_sysbios_gates_GateHwi_Object__delete__S)
                  0002a370    00000020     SlaveController_pem4f.oem4f (.text:ti_sysbios_heaps_HeapMem_Object__delete__S)
                  0002a390    00000020     SlaveController_pem4f.oem4f (.text:ti_sysbios_knl_Clock_Object__destruct__S)
                  0002a3b0    00000020     sysbios.aem4f : BIOS.obj (.text:ti_sysbios_knl_Idle_run__E)
                  0002a3d0    00000020     SlaveController_pem4f.oem4f (.text:ti_sysbios_knl_Semaphore_Object__destruct__S)
                  0002a3f0    00000020     ti.targets.arm.rtsarm.aem4f : Registry.oem4f (.text:xdc_runtime_Registry_findById__E)
                  0002a410    00000020                                 : SysMin.oem4f (.text:xdc_runtime_SysMin_Module_startup__E)
                  0002a430    0000001e     ti.mw.fatfs.aem4f : ff.oem4f (.text:ld_clust)
                  0002a44e    0000001e     rtsv7M4_T_le_v4SPD16_eabi.lib : strcat.c.obj (.text:strcat)
                  0002a46c    0000001e     sysbios.aem4f : m3_Hwi_asm_switch.obj (.text:ti_sysbios_family_xxx_Hwi_switchAndRunFunc)
                  0002a48a    00000002     --HOLE-- [fill = 0]
                  0002a48c    0000001c     driverlib.lib : uart.obj (.text:UARTDisable)
                  0002a4a8    0000001c     UART.obj (.text:UART_transmit)
                  0002a4c4    0000001c     ti.mw.fatfs.aem4f : diskio.oem4f (.text:disk_initialize)
                  0002a4e0    0000001c                       : diskio.oem4f (.text:disk_status)
                  0002a4fc    0000001c     drivers_tivaware.aem4f : GPIOTiva.oem4f (.text:getGpioIntIndex)
                  0002a518    0000001c     ti.mw.fatfs.aem4f : ff.oem4f (.text:mem_cmp)
                  0002a534    0000001c     rtsv7M4_T_le_v4SPD16_eabi.lib : memccpy.c.obj (.text:memccpy)
                  0002a550    0000001c     sysbios.aem4f : BIOS.obj (.text:ti_sysbios_family_arm_lm4_Seconds_get__E)
                  0002a56c    0000001c     SlaveController_pem4f.oem4f (.text:ti_sysbios_family_arm_m3_Hwi_Object__destruct__S)
                  0002a588    0000001c     sysbios.aem4f : BIOS.obj (.text:ti_sysbios_gates_GateMutex_Instance_init__E)
                  0002a5a4    0000001c     SlaveController_pem4f.oem4f (.text:ti_sysbios_knl_Queue_Object__destruct__S)
                  0002a5c0    0000001c     sysbios.aem4f : BIOS.obj (.text:ti_sysbios_knl_Queue_put__E)
                  0002a5dc    00000004     --HOLE-- [fill = 0]
                  0002a5e0    0000001c                   : BIOS.obj (.text:ti_sysbios_knl_Task_enter__I)
                  0002a5fc    0000001c     ti.targets.arm.rtsarm.aem4f : Error.oem4f (.text:xdc_runtime_Error_raiseX__E)
                  0002a618    0000001c                                 : Memory.oem4f (.text:xdc_runtime_Memory_valloc__E)
                  0002a634    0000001c                                 : SysMin.oem4f (.text:xdc_runtime_SysMin_exit__E)
                  0002a650    0000001c                                 : System.oem4f (.text:xdc_runtime_System_abort__E)
                  0002a66c    0000001a     rtsv7M4_T_le_v4SPD16_eabi.lib : s_copysign.c.obj (.text:copysign)
                  0002a686    0000001a     SlaveController_pem4f.oem4f (.text:free)
                  0002a6a0    0000001a     SlaveController_pem4f.oem4f (.text:ti_sysbios_family_arm_m3_Hwi_Handle__label__S)
                  0002a6ba    0000001a     SlaveController_pem4f.oem4f (.text:ti_sysbios_gates_GateHwi_Handle__label__S)
                  0002a6d4    0000001a     SlaveController_pem4f.oem4f (.text:ti_sysbios_gates_GateMutex_Handle__label__S)
                  0002a6ee    0000001a     SlaveController_pem4f.oem4f (.text:ti_sysbios_heaps_HeapMem_Handle__label__S)
                  0002a708    0000001a     SlaveController_pem4f.oem4f (.text:ti_sysbios_knl_Swi_Handle__label__S)
                  0002a722    0000001a     SlaveController_pem4f.oem4f (.text:ti_sysbios_knl_Task_Handle__label__S)
                  0002a73c    0000001a     ti.mw.fatfs.aem4f : ff.oem4f (.text:unlock_fs)
                  0002a756    0000001a     SlaveController_pem4f.oem4f (.text:xdc_runtime_System_aprintf__E)
                  0002a770    0000001a     SlaveController_pem4f.oem4f (.text:xdc_runtime_System_printf__E)
                  0002a78a    00000018     driverlib.lib : gpio.obj (.text:GPIOPinTypeGPIOOutput)
                  0002a7a2    00000002     --HOLE-- [fill = 0]
                  0002a7a4    00000018     drivers_tivaware.aem4f : UART.oem4f (.text:UART_Params_init)
                  0002a7bc    00000018     UART.obj (.text:UART_receive)
                  0002a7d4    00000018     animator.obj (.text:_Z11readHalfIntPh)
                  0002a7ec    00000018     ILI9341.obj (.text:_Z18ILI9341_fillScreenj)
                  0002a804    00000018     ILI9341.obj (.text:_ZN33_INTERNAL_11_ILI9341_cpp_6ff9e12f8deselectEv)
                  0002a81c    00000018     rtsv7M4_T_le_v4SPD16_eabi.lib : args_main.c.obj (.text:_args_main)
                  0002a834    00000018     ti.mw.fatfs.aem4f : ff.oem4f (.text:clust2sect)
                  0002a84c    00000018                       : ffosal.oem4f (.text:ff_cre_syncobj)
                  0002a864    00000018     rtsv7M4_T_le_v4SPD16_eabi.lib : strcmp.c.obj (.text:strcmp)
                  0002a87c    00000018     SlaveController_pem4f.oem4f (.text:ti_sysbios_BIOS_rtsUnlock__I)
                  0002a894    00000018     SlaveController_pem4f.oem4f (.text:ti_sysbios_family_arm_lm4_Timer_Module__startupDone__F)
                  0002a8ac    00000018     SlaveController_pem4f.oem4f (.text:ti_sysbios_family_arm_m3_Hwi_Module__startupDone__F)
                  0002a8c4    00000018     sysbios.aem4f : m3_TaskSupport_asm.obj (.text:ti_sysbios_family_arm_m3_TaskSupport_swap__E)
                  0002a8dc    00000004     --HOLE-- [fill = 0]
                  0002a8e0    00000018                   : BIOS.obj (.text:ti_sysbios_gates_GateMutex_leave__E)
                  0002a8f8    00000018                   : BIOS.obj (.text:ti_sysbios_knl_Task_sleepTimeout__I)
                  0002a910    00000018     SlaveController_pem4f.oem4f (.text:time)
                  0002a928    00000018     driverlib.lib : udma.obj (.text:uDMAChannelDisable)
                  0002a940    00000018                   : udma.obj (.text:uDMAChannelEnable)
                  0002a958    00000018                   : udma.obj (.text:uDMAChannelIsEnabled)
                  0002a970    00000018     ti.targets.arm.rtsarm.aem4f : Error.oem4f (.text:xdc_runtime_Error_check__E)
                  0002a988    00000018                                 : System.oem4f (.text:xdc_runtime_System_exit__E)
                  0002a9a0    00000018                                 : Text.oem4f (.text:xdc_runtime_Text_ropeText__E)
                  0002a9b8    00000016     tirtosport.aem4f : SemaphoreP_tirtos.oem4f (.text:SemaphoreP_delete)
                  0002a9ce    00000016     start.obj (.text:_ZN30_INTERNAL_9_start_cpp_c81e5b2e31ti_sysbios_knl_Task_Params_initEP26ti_sysbios_knl_Task_Params)
                  0002a9e4    00000016     ti.mw.fatfs.aem4f : ff.oem4f (.text:mem_cpy)
                  0002a9fa    00000016     rtsv7M4_T_le_v4SPD16_eabi.lib : strchr.c.obj (.text:strchr)
                  0002aa10    00000016     SlaveController_pem4f.oem4f (.text:ti_sysbios_BIOS_exitFunc__I)
                  0002aa26    00000016     EK_TM4C123GXL.obj (.text:ti_sysbios_family_arm_m3_Hwi_Params_init)
                  0002aa3c    00000014     drivers_tivaware.aem4f : SPI.oem4f (.text:SPI_Params_init)
                  0002aa50    00000014     driverlib.lib : uart.obj (.text:UARTEnable)
                  0002aa64    00000014     animator.obj (.text:_Z28animator_setBackgroundColorsPKj)
                  0002aa78    00000014     ti.mw.fatfs.aem4f : ffosal.oem4f (.text:ff_req_grant)
                  0002aa8c    00000014                       : ff.oem4f (.text:mem_set)
                  0002aaa0    00000014     rtsv7M4_T_le_v4SPD16_eabi.lib : strcpy.c.obj (.text:strcpy)
                  0002aab4    00000014                                   : strlen.c.obj (.text:strlen)
                  0002aac8    00000014     SlaveController_pem4f.oem4f (.text:ti_sysbios_family_arm_m3_Hwi_Object__get__S)
                  0002aadc    00000004     --HOLE-- [fill = 0]
                  0002aae0    00000014     sysbios.aem4f : BIOS.obj (.text:ti_sysbios_family_arm_m3_Hwi_switchFromBootStack__E)
                  0002aaf4    00000014     SlaveController_pem4f.oem4f (.text:ti_sysbios_heaps_HeapMem_Object__get__S)
                  0002ab08    00000014     SlaveController_pem4f.oem4f (.text:ti_sysbios_knl_Swi_Object__get__S)
                  0002ab1c    00000012     Flash.obj (.text:Flash_writeCommand)
                  0002ab2e    00000012     driverlib.lib : gpio.obj (.text:GPIOPinTypeGPIOInput)
                  0002ab40    00000012                   : gpio.obj (.text:GPIOPinTypeSSI)
                  0002ab52    00000012                   : gpio.obj (.text:GPIOPinTypeUART)
                  0002ab64    00000012     drivers_tivaware.aem4f : RingBuf.oem4f (.text:RingBuf_construct)
                  0002ab76    00000012                            : SDSPITiva.oem4f (.text:SDSPITiva_init)
                  0002ab88    00000012     driverlib.lib : ssi.obj (.text:SSIDataGetNonBlocking)
                  0002ab9a    00000012     tirtosport.aem4f : SemaphoreP_tirtos.oem4f (.text:SemaphoreP_pend)
                  0002abac    00000012     ti.mw.fatfs.aem4f : ff.oem4f (.text:chk_chr)
                  0002abbe    00000012                       : ffcio.oem4f (.text:ffcio_rename)
                  0002abd0    00000012                       : ffcio.oem4f (.text:ffcio_unlink)
                  0002abe2    00000006     drivers_tivaware.aem4f : SPITivaDMA.oem4f (.text:SPITivaDMA_control)
                  0002abe8    00000012     sysbios.aem4f : BIOS.obj (.text:ti_sysbios_hal_Hwi_Module_startup__E)
                  0002abfa    00000012     rtsv7M4_T_le_v4SPD16_eabi.lib : wcslen.c.obj (.text:wcslen)
                  0002ac0c    00000012     SlaveController_pem4f.oem4f (.text:xdc_runtime_Startup_exec__I)
                  0002ac1e    00000002     --HOLE-- [fill = 0]
                  0002ac20    00000010     drivers_tivaware.aem4f : SDSPITiva.oem4f (.text:SDSPITiva_diskStatus)
                  0002ac30    00000010                            : SDSPI.oem4f (.text:SDSPI_Params_init)
                  0002ac40    00000010     SD.obj (.text:SD_closeFile)
                  0002ac50    00000010     UART.obj (.text:UART_sendByte)
                  0002ac60    00000010     ILI9341.obj (.text:_Z19beginSPITransactionv)
                  0002ac70    00000010     drivers_tivaware.aem4f : UARTTiva.oem4f (.text:readBlockingTimeout)
                  0002ac80    00000010     ti.mw.fatfs.aem4f : ff.oem4f (.text:st_clust)
                  0002ac90    00000010     sysbios.aem4f : BIOS.obj (.text:ti_sysbios_BIOS_getCpuFreq__E)
                  0002aca0    00000010                   : BIOS.obj (.text:ti_sysbios_BIOS_setThreadType__E)
                  0002acb0    00000010                   : BIOS.obj (.text:ti_sysbios_BIOS_start__E)
                  0002acc0    00000010                   : BIOS.obj (.text:ti_sysbios_family_arm_lm4_TimestampProvider_rolloverFunc__E)
                  0002acd0    00000010                   : m3_TaskSupport_asm.obj (.text:ti_sysbios_family_arm_m3_TaskSupport_glue)
                  0002ace0    00000010                   : BIOS.obj (.text:ti_sysbios_gates_GateMutex_Instance_finalize__E)
                  0002acf0    00000010                   : BIOS.obj (.text:ti_sysbios_knl_Semaphore_Instance_finalize__E)
                  0002ad00    00000010                   : BIOS.obj (.text:ti_sysbios_knl_Swi_disable__E)
                  0002ad10    00000010     SlaveController_pem4f.oem4f (.text:ti_sysbios_knl_Task_Object__get__S)
                  0002ad20    00000010     sysbios.aem4f : BIOS.obj (.text:ti_sysbios_knl_Task_disable__E)
                  0002ad30    00000010     driverlib.lib : udma.obj (.text:uDMAEnable)
                  0002ad40    00000010     ti.targets.arm.rtsarm.aem4f : Gate.oem4f (.text:xdc_runtime_Gate_leaveSystem__E)
                  0002ad50    00000010                                 : Memory.oem4f (.text:xdc_runtime_Memory_free__E)
                  0002ad60    00000010                                 : SysMin.oem4f (.text:xdc_runtime_SysMin_ready__E)
                  0002ad70    00000010                                 : System.oem4f (.text:xdc_runtime_System_vsnprintf__E)
                  0002ad80    00000010     SlaveController_pem4f.oem4f (.text:xdc_runtime_Text_visitRope__I)
                  0002ad90    0000000e     driverlib.lib : gpio.obj (.text:GPIOIntStatus)
                  0002ad9e    0000000e                   : uart.obj (.text:UARTCharGetNonBlocking)
                  0002adac    0000000e                   : uart.obj (.text:UARTCharPutNonBlocking)
                  0002adba    0000000e     rtsv7M4_T_le_v4SPD16_eabi.lib : copy_decompress_none.c.obj (.text:decompress:none:__TI_decompress_none)
                  0002adc8    0000000e     sysbios.aem4f : BIOS.obj (.text:ti_sysbios_knl_Idle_loop__E)
                  0002add6    00000002     --HOLE-- [fill = 0]
                  0002add8    0000000e                   : BIOS.obj (.text:ti_sysbios_knl_Queue_empty__E)
                  0002ade6    00000002     --HOLE-- [fill = 0]
                  0002ade8    0000000c     SlaveController_pem4f.oem4f (.text:.bootCodeSection:ti_catalog_arm_cortexm4_tiva_ce_Boot_init__I)
                  0002adf4    0000000c     drivers_tivaware.aem4f : RingBuf.oem4f (.text:RingBuf_peek)
                  0002ae00    0000000c     driverlib.lib : ssi.obj (.text:SSIDataGet)
                  0002ae0c    0000000c                   : uart.obj (.text:UARTFlowControlSet)
                  0002ae18    0000000c     drivers_tivaware.aem4f : UARTTiva.oem4f (.text:UARTTiva_init)
                  0002ae24    0000000c     rtsv7M4_T_le_v4SPD16_eabi.lib : _lock.c.obj (.text:_register_lock)
                  0002ae30    0000000c                                   : _lock.c.obj (.text:_register_unlock)
                  0002ae3c    0000000c                                   : copy_zero_init.c.obj (.text:decompress:ZI:__TI_zero_init)
                  0002ae48    0000000c     Utils.obj (.text:sleep)
                  0002ae54    00000004     --HOLE-- [fill = 0]
                  0002ae58    0000000c     sysbios.aem4f : BIOS.obj (.text:ti_sysbios_family_arm_lm4_Timer_getMaxTicks__E)
                  0002ae64    00000004     --HOLE-- [fill = 0]
                  0002ae68    0000000c                   : BIOS.obj (.text:ti_sysbios_family_arm_lm4_TimestampProvider_startTimer__E)
                  0002ae74    0000000c     SlaveController_pem4f.oem4f (.text:ti_sysbios_family_arm_m3_Hwi_Params__init__S)
                  0002ae80    0000000c     sysbios.aem4f : BIOS.obj (.text:ti_sysbios_family_arm_m3_Hwi_disableFxn__E)
                  0002ae8c    00000004     --HOLE-- [fill = 0]
                  0002ae90    0000000c                   : BIOS.obj (.text:ti_sysbios_family_arm_m3_TaskSupport_checkStack__E)
                  0002ae9c    00000004     --HOLE-- [fill = 0]
                  0002aea0    0000000c                   : BIOS.obj (.text:ti_sysbios_family_arm_m3_TaskSupport_getStackAlignment__E)
                  0002aeac    00000004     --HOLE-- [fill = 0]
                  0002aeb0    0000000c                   : BIOS.obj (.text:ti_sysbios_gates_GateHwi_enter__E)
[...]
0002a9fb  strchr                                                            
0002aa11  ti_sysbios_BIOS_exitFunc__I                                       
0002aa3d  SPI_Params_init                                                   
0002aa51  UARTEnable                                                        
0002aa65  _Z28animator_setBackgroundColorsPKj                               
0002aa79  ff_req_grant                                                      
0002aaa1  strcpy                                                            
0002aab5  strlen                                                            
0002aac9  ti_sysbios_family_arm_m3_Hwi_Object__get__S                       
0002aae1  ti_sysbios_family_arm_m3_Hwi_switchFromBootStack__E               
0002aae1  ti_sysbios_hal_Hwi_HwiProxy_switchFromBootStack__E                
0002aae1  ti_sysbios_hal_Hwi_switchFromBootStack__E                         
0002aaf5  ti_sysbios_heaps_HeapMem_Object__get__S                           
0002ab09  ti_sysbios_knl_Swi_Object__get__S                                 
0002ab1d  Flash_writeCommand                                                
0002ab2f  GPIOPinTypeGPIOInput                                              
0002ab41  GPIOPinTypeSSI                                                    
0002ab53  GPIOPinTypeUART                                                   
0002ab65  RingBuf_construct                                                 
0002ab77  SDSPITiva_init                                                    
0002ab89  SSIDataGetNonBlocking                                             
0002ab9b  SemaphoreP_pend                                                   
0002abbf  ffcio_rename                                                      
0002abd1  ffcio_unlink                                                      
0002abe3  SPITivaDMA_control                                                
0002abe9  ti_sysbios_hal_Hwi_Module_startup__E                              
0002abfb  wcslen                                                            
0002ac0d  xdc_runtime_Startup_exec__I                                       
0002ac21  SDSPITiva_diskStatus                                              
0002ac31  SDSPI_Params_init                                                 
0002ac41  SD_closeFile                                                      
0002ac51  UART_sendByte                                                     
0002ac61  _Z19beginSPITransactionv                                          
0002ac91  ti_sysbios_BIOS_getCpuFreq__E                                     
0002ac91  ti_sysbios_family_arm_lm4_TimestampProvider_getFreq__E            
0002ac91  xdc_runtime_Timestamp_SupportProxy_getFreq__E                     
0002ac91  xdc_runtime_Timestamp_getFreq__E                                  
0002aca1  ti_sysbios_BIOS_setThreadType__E                                  
0002acb1  osi_start                                                         
0002acb1  ti_sysbios_BIOS_start__E                                          
0002acc1  ti_sysbios_family_arm_lm4_TimestampProvider_rolloverFunc__E       
0002acd1  ti_sysbios_family_arm_m3_TaskSupport_glue                         
0002ace1  ti_sysbios_gates_GateMutex_Instance_finalize__E                   
0002acf1  ti_sysbios_knl_Semaphore_Instance_finalize__E                     
0002ad01  ti_sysbios_knl_Swi_disable__E                                     
0002ad11  ti_sysbios_knl_Task_Object__get__S                                
0002ad21  osi_TaskDisable                                                   
0002ad21  ti_sysbios_knl_Task_disable__E                                    
0002ad31  uDMAEnable                                                        
0002ad41  xdc_runtime_Gate_leaveSystem__E                                   
0002ad51  xdc_runtime_Memory_free__E                                        
0002ad61  xdc_runtime_SysMin_ready__E                                       
0002ad61  xdc_runtime_System_SupportProxy_ready__E                          
0002ad71  xdc_runtime_System_vsnprintf__E                                   
0002ad81  xdc_runtime_Text_visitRope__I                                     
0002ad91  GPIOIntStatus                                                     
0002ad9f  UARTCharGetNonBlocking                                            
0002adad  UARTCharPutNonBlocking                                            
0002adbb  __TI_decompress_none                                              
0002adc9  ti_sysbios_knl_Idle_loop__E                                       
0002add9  ti_sysbios_knl_Queue_empty__E                                     
0002ade9  ti_catalog_arm_cortexm4_tiva_ce_Boot_init__I                      
0002adf5  RingBuf_peek                                                      
0002ae01  SSIDataGet                                                        
0002ae0d  UARTFlowControlSet                                                
0002ae19  UARTTiva_init                                                     
0002ae25  _register_lock                                                    
0002ae31  _register_unlock                                                  
0002ae3d  __TI_zero_init                                                    
0002ae49  sleep                                                             
0002ae59  ti_sysbios_family_arm_lm4_Timer_getMaxTicks__E                    
0002ae69  ti_sysbios_family_arm_lm4_TimestampProvider_startTimer__E         
0002ae75  ti_sysbios_family_arm_m3_Hwi_Params__init__S                      
0002ae75  ti_sysbios_hal_Hwi_HwiProxy_Params__init__S                       
0002ae81  ti_sysbios_family_arm_m3_Hwi_disableFxn__E                        
0002ae81  ti_sysbios_hal_Hwi_HwiProxy_disable__E                            
0002ae91  ti_sysbios_family_arm_m3_TaskSupport_checkStack__E                
0002ae91  ti_sysbios_knl_Task_SupportProxy_checkStack__E                    
0002aea1  ti_sysbios_family_arm_m3_TaskSupport_getStackAlignment__E         
0002aea1  ti_sysbios_knl_Task_SupportProxy_getStackAlignment__E             
0002aeb1  ti_sysbios_gates_GateHwi_enter__E                                 
0002aebd  ti_sysbios_knl_Clock_Params__init__S                              
0002aec9  ti_sysbios_knl_Clock_getTicks__E                                  
0002aed5  ti_sysbios_knl_Queue_Object__get__S                               
0002aee1  ti_sysbios_knl_Semaphore_Params__init__S                          
0002aeed  ti_sysbios_knl_Task_Params__init__S                               
0002aef9  uDMAControlBaseSet                                                
0002af05  uDMAErrorStatusClear                                              
0002af11  uDMAErrorStatusGet                                                
0002af1d  uDMAIntStatus                                                     
0002af29  xdc_runtime_Error_init__E                                         
0002af35  xdc_runtime_Gate_enterSystem__E                                   
0002af41  xdc_runtime_Memory_calloc__E                                      
0002af4d  xdc_runtime_Memory_getMaxDefaultTypeAlign__E                      
0002af59  Flash_transferSPI                                                 
0002af63  SPITivaDMA_init                                                   
0002af6d  SPI_transfer                                                      
0002af77  SSIDMADisable                                                     
0002af81  SSIDataPut                                                        
0002af8b  SSIDisable                                                        
0002af95  SSIEnable                                                         
0002af9f  SSIIntDisable                                                     
0002afa9  SemaphoreP_post                                                   
0002afa9  SemaphoreP_postFromClock                                          
0002afa9  SemaphoreP_postFromISR                                            
0002afb3  UARTCharGet                                                       
0002afbd  UARTCharPut                                                       
0002afc7  UARTIntDisable                                                    
0002afd1  UARTIntStatus                                                     
0002afdb  UART_read                                                         
0002afe5  UART_write                                                        
0002afef  ff_del_syncobj                                                    
0002aff9  xdc_runtime_Memory_HeapProxy_alloc__E                             
0002b003  xdc_runtime_Memory_HeapProxy_free__E                              
0002b00d  SSIDMAEnable                                                      
0002b015  SSIIntEnable                                                      
0002b01d  UARTIntEnable                                                     
0002b025  UARTRxErrorGet                                                    
0002b02d  __aeabi_errno_addr                                                
0002b035  millis                                                            
0002b045  ti_sysbios_family_arm_lm4_Timer_masterDisable__I                  
0002b051  ti_sysbios_family_arm_m3_Hwi_doSwiRestore__I                      
0002b059  ti_sysbios_family_arm_m3_Hwi_startup__E                           
0002b059  ti_sysbios_hal_Hwi_HwiProxy_startup__E                            
0002b059  ti_sysbios_hal_Hwi_startup__E                                     
0002b06f  UARTFIFOLevelSet                                                  
0002b075  UARTRxErrorClear                                                  
0002b081  ti_catalog_arm_cortexm4_tiva_ce_Boot_sysCtlDelayI__I              
0002b089  ti_sysbios_family_arm_lm4_TimestampProvider_Module_startup__E     
0002b091  ti_sysbios_family_arm_m3_Hwi_doTaskRestore__I                     
0002b099  ti_sysbios_family_arm_m3_Hwi_restoreFxn__E                        
0002b099  ti_sysbios_hal_Hwi_HwiProxy_restore__E                            
0002b0a1  ti_sysbios_gates_GateHwi_leave__E                                 
0002b0a9  ti_sysbios_heaps_HeapMem_isBlocking__E                            
0002b0b1  ti_sysbios_knl_Clock_stop__E                                      
0002b0b9  ti_sysbios_knl_Queue_Instance_init__E                             
0002b0c1  ti_sysbios_knl_Swi_startup__E                                     
0002b0c7  xdc_runtime_System_Module_startup__E                              
0002b0d1  ti_sysbios_family_arm_lm4_Timer_getPeriod__E                      
0002b0d9  ti_sysbios_gates_GateHwi_query__E                                 
0002b0d9  xdc_runtime_Main_Module_GateProxy_query__E                        
0002b0d9  xdc_runtime_System_Module_GateProxy_query__E                      
0002b0e1  ti_sysbios_BIOS_RtsGateProxy_query__E                             
0002b0e1  ti_sysbios_gates_GateMutex_query__E                               
0002b0e1  ti_sysbios_heaps_HeapMem_Module_GateProxy_query__E                
0002b0e9  ti_sysbios_knl_Task_startup__E                                    
0002b0f1  ti_sysbios_gates_GateHwi_Instance_init__E                         
0002b0f9  ti_sysbios_knl_Clock_logTick__E                                   
0002b100  __TI_static_base__                                                
0002b360  __TI_Handler_Table_Base                                           
0002b36c  __TI_Handler_Table_Limit                                          
0002b380  __TI_CINIT_Base                                                   
0002b398  __TI_CINIT_Limit                                                  
20000000  __start___llvm_prf_cnts                                           
20000000  __stop___llvm_prf_cnts                                            
20000000  ti_sysbios_family_arm_m3_Hwi_ramVectors                           
20000400  st                                                                
20002340  animation                                                         
20003600  ti_sysbios_heaps_HeapMem_Instance_State_0_buf__A                  
20004600  finalColors                                                       
20004b04  buffer                                                            
20004eec  ti_sysbios_family_arm_m3_Hwi_dispatchTable                        
2000524c  sdspiTivaObjects                                                  
2000548c  Flash_spi                                                         
20005490  ti_sysbios_knl_Task_Instance_State_0_stack__A                     
20005690  layer                                                             
200057fc  backgroundColors                                                  
20005a00  Flash_txBuffer                                                    
20005b2c  smallBuffer2                                                      
20005c58  __CIOBUF_                                                         
20005d78  rowsToUpdate                                                      
20005e6c  spiTivaDMAObjects                                                 
20005f50  spriteSendables                                                   
20006030  uartTivaObjects                                                   
200060fc  __TI_tmpnams                                                      
2000622c  xdc_runtime_SysMin_Module_State_0_outbuf__A                       
200062ac  ts                                                                
200062fc  uartParams                                                        
20006320  Flash_spi_params                                                  
20006340  uartTivaRingBuffer                                                
2000637c  Flash_transaction                                                 
200063b0  parmbuf                                                           
200063b8  sdspiParams                                                       
200063c0  spiTivaDMAscratchBuf                                              
200063cc  bufferptr                                                         
200063d4  persistentBackgroundMemLocation                                   
200063d8  sdspiHandle                                                       
200063dc  src                                                               
200063e0  uart                                                              
200063e8  _ftable                                                           
200064d8  ti_sysbios_family_arm_lm4_Timer_Object__table__V                  
20006558  ti_sysbios_knl_Swi_Module_State_0_readyQ__A                       
200065d8  ti_sysbios_knl_Task_Module_State_0_readyQ__A                      
20006658  _device                                                           
200066d0  _stream                                                           
20006770  ti_sysbios_knl_Task_Object__table__V                              
200067bc  ti_sysbios_knl_Task_Module__state__V                              
20006800  ti_sysbios_gates_GateMutex_Object__table__V                       
20006838  ti_sysbios_family_arm_m3_Hwi_Module__state__V                     
2000686c  ti_sysbios_family_arm_lm4_Timer_Module_State_0_device__A          
2000689c  ti_sysbios_family_arm_m3_Hwi_Object__table__V                     
200068cc  ti_sysbios_knl_Swi_Object__table__V                               
200068fc  ti_sysbios_knl_Clock_Module__state__V                             
2000694c  ti_sysbios_BIOS_Module__state__V                                  
20006970  ti_sysbios_knl_Swi_Module__state__V                               
2000698c  ti_sysbios_family_arm_lm4_Timer_Module_State_0_handles__A         
200069a4  ti_sysbios_heaps_HeapMem_Object__table__V                         
200069bc  gpioPinConfigs                                                    
200069d0  _tz                                                               
200069e0  __TI_ft_end                                                       
200069e4  __aeabi_stdin                                                     
200069e8  __aeabi_stdout                                                    
200069ec  __aeabi_stderr                                                    
200069f0  __TI_cleanup_ptr                                                  
200069f4  __TI_dtors_ptr                                                    
200069f8  __TI_enable_exit_profile_output                                   
200069fc  ti_sysbios_family_arm_lm4_Timer_Module__state__V                  
20006a08  xdc_runtime_SysMin_Module__state__V                               
20006a14  _lock                                                             
20006a18  _unlock                                                           
20006a1c  backgroundColorIndex                                              
20006a20  activeAnimations                                                  
20006a22  toRemove                                                          
20006a24  gpioCallbackFunctions                                             
20006a2c  ti_sysbios_family_arm_lm4_Seconds_Module__state__V                
20006a34  ti_sysbios_family_arm_lm4_TimestampProvider_Module__state__V      
20006a3c  ti_sysbios_family_arm_m3_Hwi_Module__root__V                      
20006a44  ti_sysbios_gates_GateHwi_Module__root__V                          
20006a4c  ti_sysbios_gates_GateMutex_Module__root__V                        
20006a54  ti_sysbios_heaps_HeapMem_Module__root__V                          
20006a5c  ti_sysbios_knl_Clock_Module__root__V                              
20006a64  ti_sysbios_knl_Queue_Module__root__V                              
20006a6c  ti_sysbios_knl_Semaphore_Module__root__V                          
20006a74  ti_sysbios_knl_Task_Module__root__V                               
20006a7c  xdc_runtime_Registry_Module__state__V                             
20006a84  xdc_runtime_Startup_Module__state__V                              
20006a8c  xdc_runtime_System_Module_State_0_atexitHandlers__A               
20006a94  xdc_runtime_System_Module__state__V                               
20006aa2  ti_sysbios_family_arm_m3_Hwi_Module_State_0_excActive__A          
20006aa4  currentLocation                                                   
20006abc  errno                                                             
20006ac8  main_func_sp                                                      
20006ad0  ti_sysbios_family_arm_m3_Hwi_Module_State_0_excContext__A         
20006ad4  ti_sysbios_family_arm_m3_Hwi_Module_State_0_excStack__A           
20006ad8  ti_sysbios_gates_GateHwi_Object__table__V                         
20006adc  ti_sysbios_knl_Task_Module_State_0_idleTask__A                    
20006ae0  xdc_runtime_Memory_Module__state__V                               
20006ae4  xdc_runtime_Error_Module__state__V                                
20006ae8  __stack                                                           
20006ee8  __STACK_END                                                       
e000e000  ti_sysbios_family_arm_m3_Hwi_nvic                                 
ffffffff  __TI_pprof_out_hndl                                               
ffffffff  __TI_prof_data_size                                               
ffffffff  __TI_prof_data_start                                              
ffffffff  __binit__                                                         
ffffffff  __c_args__                                                        
ffffffff  binit                                                             
UNDEFED   SHT$$INIT_ARRAY$$Base                                             
UNDEFED   SHT$$INIT_ARRAY$$Limit                                            

[876 symbols]
