******************************************************************************
                  TI ARM Linker PC v19.6.0                     
******************************************************************************
>> Linked Sat May  2 03:16:05 2020

OUTPUT FILE NAME:   <MasterController.out>
ENTRY POINT SYMBOL: "_c_int00"  address: 0001c42d


MEMORY CONFIGURATION

         name            origin    length      used     unused   attr    fill
----------------------  --------  ---------  --------  --------  ----  --------
  FLASH                 00000000   00040000  00022d36  0001d2ca  R  X
  SRAM                  20000000   00008000  00007a7c  00000584  RW X


SEGMENT ALLOCATION MAP

run origin  load origin   length   init length attrs members
----------  ----------- ---------- ----------- ----- -------
00000000    00000000    00022d40   00022d40    r-x
  00000000    00000000    0000003c   0000003c    r-- .resetVecs
  00000040    00000040    0002018a   0002018a    r-x .text
  000201cc    000201cc    000028a0   000028a0    r-- .const
  00022a6c    00022a6c    00000008   00000008    r-- .init_array
  00022a78    00022a78    000002c8   000002c8    r-- .cinit
20000000    20000000    00000360   00000000    rw-
  20000000    20000000    00000360   00000000    rw- .vecs
20000400    20000400    00007728   00000000    rw-
  20000400    20000400    00006c81   00000000    rw- .bss
  20007088    20007088    0000079b   00000000    rw- .data
  20007828    20007828    00000300   00000000    rw- .stack


SECTION ALLOCATION MAP

 output                                  attributes/
section   page    origin      length       input sections
--------  ----  ----------  ----------   ----------------
.text      0    00000040    0002018a     
                  00000040    000058b0     kirby.obj (.text:_ZN5Kirby11controlLoopEffbbbP5StageP13HitboxManager)
                  000058f0    00004d14     gameandwatch.obj (.text:_ZN12GameandWatch11controlLoopEffbbbP5StageP13HitboxManager)
                  0000a604    000037ac     valvano.obj (.text:_ZN7Valvano11controlLoopEffbbbP5StageP13HitboxManager)
                  0000ddb0    00000a4e     rtsv7M4_T_le_v4SPD16_eabi.lib : _printfi.c.obj (.text:__TI_printfi)
                  0000e7fe    00000002     drivers_tivaware.aem4f : SPITivaDMA.oem4f (.text:SPITivaDMA_serviceISR)
                  0000e800    0000079c     game.obj (.text:_ZN5KirbyC1Ev)
                  0000ef9c    000006cc     game.obj (.text:_Z9game_loopv)
                  0000f668    00000630     charactermenu.obj (.text:_ZN13CharacterMenu4loopEddddbbbbbPFvaaE)
                  0000fc98    000005d6     collider.obj (.text:_ZN6Hitbox11isCollidingE7Hurtbox)
                  0001026e    00000002     rtsv7M4_T_le_v4SPD16_eabi.lib : stdlib_typeinfo.cpp.obj (.text:_ZNSt9type_infoD1Ev)
                  00010270    000005b0     game.obj (.text:_ZN7ValvanoC1Ev)
                  00010820    0000052c     Controller.obj (.text:Controller_updateController)
                  00010d4c    00000510     game.obj (.text:_ZN12GameandWatchC1Ev)
                  0001125c    00000490     stage.obj (.text:_ZN5Stage5floorEdd)
                  000116ec    00000004     driverlib.lib : ssi.obj (.text:SSIIntClear)
                  000116f0    00000430     sysbios.aem4f : BIOS.obj (.text:ti_sysbios_family_arm_m3_Hwi_excDumpRegs__I)
                  00011b20    00000358     stage.obj (.text:_ZN5Stage10onPlatformEdd)
                  00011e78    0000034c     ti.targets.arm.rtsarm.aem4f : System.oem4f (.text:xdc_runtime_System_doPrint__I)
                  000121c4    00000324     ti.mw.fatfs.aem4f : ff.oem4f (.text:find_volume)
                  000124e8    000002f4     gameandwatch.obj (.text:_ZN12GameandWatch7collideEP7HurtboxP6Player)
                  000127dc    000002f0     collider.obj (.text:_ZN13HitboxManager15checkCollisionsEv)
                  00012acc    000002a0     stagemenu.obj (.text:_ZN9StageMenu4loopEddddbPFvabE)
                  00012d6c    000002a0     rtsv7M4_T_le_v4SPD16_eabi.lib : mktime.c.obj (.text:__mktime32)
                  0001300c    00000280     stage.obj (.text:_ZN5Stage4ceilEdd)
                  0001328c    00000270     rtsv7M4_T_le_v4SPD16_eabi.lib : _printfi.c.obj (.text:_pconv_a)
                  000134fc    0000023c     valvano.obj (.text:_ZN7Valvano7collideEP7HurtboxP6Player)
                  00013738    00000230     Audio.obj (.text:ReadSDFIFO)
                  00013968    0000022c     stage.obj (.text:_ZN5Stage10initializeEhP13HitboxManager)
                  00013b94    00000228     kirby.obj (.text:_ZN5Kirby7collideEP7HurtboxP6Player)
                  00013dbc    0000020c     drivers_tivaware.aem4f : UARTTiva.oem4f (.text:UARTTiva_open)
                  00013fc8    00000204     stage.obj (.text:_ZN5Stage6updateEv)
                  000141cc    000001f4     drivers_tivaware.aem4f : SDSPITiva.oem4f (.text:SDSPITiva_diskInitialize)
                  000143c0    000001f4     sysbios.aem4f : BIOS.obj (.text:ti_sysbios_family_arm_m3_Hwi_excHandlerMax__I)
                  000145b4    000001d0     rtsv7M4_T_le_v4SPD16_eabi.lib : _printfi.c.obj (.text:_pconv_g)
                  00014784    000001b6                                   : fd_add_t2.asm.obj (.text)
                  0001493a    00000002                                   : _lock.c.obj (.text:_nop)
                  0001493c    000001b4     Audio.obj (.text:Audio_playAudio)
                  00014af0    000001a4     ti.mw.fatfs.aem4f : ff.oem4f (.text:f_write)
                  00014c94    0000018c     gameandwatch.obj (.text:_ZN12GameandWatch5resetEv)
                  00014e20    00000184     game.obj (.text:_Z12resetPlayersv)
                  00014fa4    00000178     ti.mw.fatfs.aem4f : ff.oem4f (.text:f_read)
                  0001511c    00000004     driverlib.lib : uart.obj (.text:UARTIntClear)
                  00015120    00000174     sysbios.aem4f : BIOS.obj (.text:ti_sysbios_family_arm_m3_Hwi_excBusFault__I)
                  00015294    00000170     game.obj (.text:_Z4loopv)
                  00015404    00000164     ti.mw.fatfs.aem4f : ff.oem4f (.text:f_open)
                  00015568    00000164     sysbios.aem4f : BIOS.obj (.text:ti_sysbios_family_arm_m3_Hwi_excUsageFault__I)
                  000156cc    00000160     valvano.obj (.text:_ZN7Valvano5resetEv)
                  0001582c    0000015a     ti.mw.fatfs.aem4f : ff.oem4f (.text:f_lseek)
                  00015986    00000002     rtsv7M4_T_le_v4SPD16_eabi.lib : div0.asm.obj (.text)
                  00015988    00000158     kirby.obj (.text:_ZN5Kirby5resetEv)
                  00015ae0    00000150     drivers_tivaware.aem4f : GPIOTiva.oem4f (.text:GPIO_setConfig)
                  00015c30    0000014c     stage.obj (.text:__sti___9_stage_cpp_6dd9fa0e)
                  00015d7c    00000004     rtsv7M4_T_le_v4SPD16_eabi.lib : typeinfo.c.obj (.text:_ZN10__cxxabiv117__class_type_infoD1Ev)
                  00015d80    00000148     sysbios.aem4f : BIOS.obj (.text:ti_sysbios_family_arm_m3_Hwi_excMemFault__I)
                  00015ec8    00000144     UART.obj (.text:UART_sendAnimation)
                  0001600c    00000140     collider.obj (.text:_ZN13HitboxManager20addHurtboxFullConfigEffb7Hurtboxhb)
                  0001614c    0000013c     rtsv7M4_T_le_v4SPD16_eabi.lib : _printfi.c.obj (.text:_pconv_e)
                  00016288    00000138     sysbios.aem4f : BIOS.obj (.text:ti_sysbios_knl_Semaphore_pend__E)
                  000163c0    00000136     rtsv7M4_T_le_v4SPD16_eabi.lib : fd_div_t2.asm.obj (.text)
                  000164f6    00000002     MasterController_pem4f.oem4f (.text:ti_sysbios_BIOS_nullFunc__I)
                  000164f8    00000134     rtsv7M4_T_le_v4SPD16_eabi.lib : localtim.c.obj (.text:__localtime32)
                  0001662c    00000130     driverlib.lib : gpio.obj (.text:GPIOPadConfigSet)
                  0001675c    00000124     rtsv7M4_T_le_v4SPD16_eabi.lib : _printfi.c.obj (.text:fcvt)
                  00016880    00000123     ti.mw.fatfs.aem4f : ff.oem4f (.text:create_name)
                  000169a3    00000001     --HOLE-- [fill = 0]
                  000169a4    00000118     ti.targets.arm.rtsarm.aem4f : Error.oem4f (.text:xdc_runtime_Error_policyDefault__E)
                  00016abc    00000114     rtsv7M4_T_le_v4SPD16_eabi.lib : fputs.c.obj (.text:fputs)
                  00016bd0    00000110                                   : s_scalbn.c.obj (.text:scalbn)
                  00016ce0    0000010c                                   : fopen.c.obj (.text:_openfile)
                  00016dec    00000108     drivers_tivaware.aem4f : SDSPITiva.oem4f (.text:SDSPITiva_open)
                  00016ef4    00000004     rtsv7M4_T_le_v4SPD16_eabi.lib : typeinfo.c.obj (.text:_ZN10__cxxabiv120__si_class_type_infoD1Ev)
                  00016ef8    00000108     sysbios.aem4f : BIOS.obj (.text:ti_sysbios_family_arm_lm4_Timer_start__E)
                  00017000    00000100     stage.obj (.text:_ZN5Stage10rightBoundEdd)
                  00017100    00000100     stage.obj (.text:_ZN5Stage9leftBoundEdd)
                  00017200    00000100     Boot.aem4f : Boot_sysctl.oem4f (.text:ti_catalog_arm_cortexm4_tiva_ce_Boot_sysCtlClockSetI__I)
                  00017300    00000100     ti.targets.arm.rtsarm.aem4f : Core-mem.oem4f (.text:xdc_runtime_Core_createObject__I)
                  00017400    000000fe     ti.mw.fatfs.aem4f : ff.oem4f (.text:f_rename)
                  000174fe    000000fc     rtsv7M4_T_le_v4SPD16_eabi.lib : fd_mul_t2.asm.obj (.text)
                  000175fa    000000fa     ti.mw.fatfs.aem4f : ff.oem4f (.text:dir_next)
                  000176f4    000000f8     rtsv7M4_T_le_v4SPD16_eabi.lib : fread.c.obj (.text:fread)
                  000177ec    000000f8     ti.targets.arm.rtsarm.aem4f : Startup.oem4f (.text:xdc_runtime_Startup_startMods__I)
                  000178e4    000000f8     MasterController_pem4f.oem4f (.text:xdc_runtime_System_printfExtend__I)
                  000179dc    000000f4     drivers_tivaware.aem4f : SDSPITiva.oem4f (.text:SDSPITiva_diskIOctrl)
                  00017ad0    000000f4     sysbios.aem4f : m3_Hwi_asm.obj (.text:ti_sysbios_family_arm_m3_Hwi_dispatch__I)
                  00017bc4    000000f0     stagemenu.obj (.text:_ZN9StageMenu8getStageEdd)
                  00017cb4    000000ec     ti.mw.fatfs.aem4f : ff.oem4f (.text:put_fat)
                  00017da0    000000e8     drivers_tivaware.aem4f : SDSPITiva.oem4f (.text:SDSPITiva_diskWrite)
                  00017e88    000000dc     stage.obj (.text:_ZN5Stage9getStartXEh)
                  00017f64    000000dc     rtsv7M4_T_le_v4SPD16_eabi.lib : setvbuf.c.obj (.text:setvbuf)
                  00018040    000000d8     drivers_tivaware.aem4f : SPITivaDMA.oem4f (.text:SPITivaDMA_open)
                  00018118    000000d8     Audio.obj (.text:audioISR)
                  000181f0    000000d6     ti.mw.fatfs.aem4f : ff.oem4f (.text:get_fat)
                  000182c6    00000002     MasterController_pem4f.oem4f (.text:xdc_runtime_Startup_reset__I)
                  000182c8    000000d4     stagemenu.obj (.text:_ZN9StageMenu11getLanguageEdd)
                  0001839c    00000004     rtsv7M4_T_le_v4SPD16_eabi.lib : typeinfo.c.obj (.text:_ZN10__cxxabiv121__vmi_class_type_infoD1Ev)
                  000183a0    000000d4     sysbios.aem4f : BIOS.obj (.text:ti_sysbios_heaps_HeapMem_alloc__E)
                  00018474    00000004     rtsv7M4_T_le_v4SPD16_eabi.lib : new.cpp.obj (.text:_ZdlPvj)
                  00018478    000000cc     sysbios.aem4f : BIOS.obj (.text:ti_sysbios_knl_Task_Instance_init__E)
                  00018544    000000cc     ti.targets.arm.rtsarm.aem4f : Core-smem.oem4f (.text:xdc_runtime_Core_constructObject__I)
                  00018610    000000c8     UART.obj (.text:UART_start)
                  000186d8    000000c8     sysbios.aem4f : BIOS.obj (.text:ti_sysbios_knl_Task_sleep__E)
                  000187a0    000000c6     drivers_tivaware.aem4f : SDSPITiva.oem4f (.text:send_cmd)
                  00018866    00000002     --HOLE-- [fill = 0]
                  00018868    000000c0                            : SDSPITiva.oem4f (.text:SDSPITiva_diskRead)
                  00018928    000000c0                            : SPITivaDMA.oem4f (.text:SPITivaDMA_configDMA)
                  000189e8    000000bc     EK_TM4C123GXL.obj (.text:EK_TM4C123GXL_initSPI)
                  00018aa4    000000bc     rtsv7M4_T_le_v4SPD16_eabi.lib : open.c.obj (.text:open)
                  00018b60    000000bc     sysbios.aem4f : BIOS.obj (.text:ti_sysbios_family_arm_m3_Hwi_excDebugMon__I)
                  00018c1c    00000004     rtsv7M4_T_le_v4SPD16_eabi.lib : new.cpp.obj (.text:_Znaj)
                  00018c20    000000bc     sysbios.aem4f : BIOS.obj (.text:ti_sysbios_family_arm_m3_Hwi_excHardFault__I)
                  00018cdc    00000004     rtsv7M4_T_le_v4SPD16_eabi.lib : error.c.obj (.text:__abort_execution)
                  00018ce0    000000bc     sysbios.aem4f : BIOS.obj (.text:ti_sysbios_knl_Task_Instance_finalize__E)
                  00018d9c    000000b8     rtsv7M4_T_le_v4SPD16_eabi.lib : add_device.c.obj (.text:add_device)
                  00018e54    000000b8     ti.mw.fatfs.aem4f : ffcio.oem4f (.text:ffcio_open)
                  00018f0c    000000b4     charactermenu.obj (.text:_ZN13CharacterMenu12getCharacterEdd)
                  00018fc0    000000b4     stage.obj (.text:_ZN5Stage9getStartYEh)
                  00019074    000000b4     ti.mw.fatfs.aem4f : ff.oem4f (.text:sync_fs)
                  00019128    000000b4     sysbios.aem4f : BIOS.obj (.text:ti_sysbios_knl_Task_checkStacks__E)
                  000191dc    000000b1     rtsv7M4_T_le_v4SPD16_eabi.lib : _printfi.c.obj (.text:_ltostr)
                  0001928d    00000003     --HOLE-- [fill = 0]
                  00019290    000000ac     game.obj (.text:_Z12game_startupv)
                  0001933c    000000ac     drivers_tivaware.aem4f : UARTTiva.oem4f (.text:readTaskBlocking)
                  000193e8    000000ac     sysbios.aem4f : BIOS.obj (.text:ti_sysbios_family_arm_lm4_Timer_enableTiva__I)
                  00019494    000000a8     ti.mw.fatfs.aem4f : ff.oem4f (.text:create_chain)
                  0001953c    000000a4     drivers_tivaware.aem4f : SPITivaDMA.oem4f (.text:SPITivaDMA_initHw)
                  000195e0    000000a4     ti.mw.fatfs.aem4f : ff.oem4f (.text:f_unlink)
                  00019684    000000a2     WinScreen.obj (.text:_ZN9WinScreen5startEaa)
                  00019726    00000002     --HOLE-- [fill = 0]
                  00019728    000000a0     auto_init.aem4f : auto_init.oem4f (.text)
                  000197c8    000000a0     start.obj (.text:main)
                  00019868    000000a0     drivers_tivaware.aem4f : SDSPITiva.oem4f (.text:rcvr_datablock)
                  00019908    000000a0     ti.targets.arm.rtsarm.aem4f : Text.oem4f (.text:xdc_runtime_Text_putMod__E)
                  000199a8    0000009c     game.obj (.text:_Z20switchCharMenuToGameaa)
                  00019a44    0000009c     rtsv7M4_T_le_v4SPD16_eabi.lib : _bufread.c.obj (.text:__TI_buff_read)
                  00019ae0    0000009c     ti.mw.fatfs.aem4f : ff.oem4f (.text:f_sync)
                  00019b7c    0000009c     rtsv7M4_T_le_v4SPD16_eabi.lib : fopen.c.obj (.text:fopen)
                  00019c18    0000009c                                   : memcpy_t2.asm.obj (.text)
                  00019cb4    0000009a     ti.targets.arm.rtsarm.aem4f : Text.oem4f (.text:xdc_runtime_Text_putSite__E)
                  00019d4e    0000009a     drivers_tivaware.aem4f : SDSPITiva.oem4f (.text:xmit_datablock)
                  00019de8    00000098     Audio.obj (.text:Audio_destroyAudio)
                  00019e80    00000098     drivers_tivaware.aem4f : UARTTiva.oem4f (.text:UARTTiva_readPolling)
                  00019f18    00000098     Boot.aem4f : Boot.oem4f (.text:ti_catalog_arm_cortexm4_tiva_ce_Boot_sysCtlClockSet__E)
                  00019fb0    00000096     collider.obj (.text:_ZN13HitboxManager10addHurtboxEffb7Hurtboxhf)
                  0001a046    00000096     rtsv7M4_T_le_v4SPD16_eabi.lib : ull_div_t2.asm.obj (.text)
                  0001a0dc    00000094     drivers_tivaware.aem4f : UARTTiva.oem4f (.text:UARTTiva_write)
                  0001a170    00000094     game.obj (.text:_ZN6PlayerC1Ev)
                  0001a204    00000004     rtsv7M4_T_le_v4SPD16_eabi.lib : printf.c.obj (.text:_outc)
                  0001a208    00000094     sysbios.aem4f : BIOS.obj (.text:ti_sysbios_family_arm_m3_Hwi_Instance_init__E)
                  0001a29c    00000004     rtsv7M4_T_le_v4SPD16_eabi.lib : printf.c.obj (.text:_outs)
                  0001a2a0    00000094     sysbios.aem4f : BIOS.obj (.text:ti_sysbios_family_arm_m3_Hwi_initNVIC__E)
                  0001a334    00000090     stage.obj (.text:_ZN5Stage9xVelocityEdd)
                  0001a3c4    0000008c     drivers_tivaware.aem4f : GPIOTiva.oem4f (.text:GPIO_init)
                  0001a450    0000008c                            : UARTTiva.oem4f (.text:UARTTiva_control)
                  0001a4dc    0000008c     rtsv7M4_T_le_v4SPD16_eabi.lib : fputc.c.obj (.text:fputc)
                  0001a568    0000008c     sysbios.aem4f : m3_TaskSupport_asm.obj (.text:ti_sysbios_family_arm_m3_TaskSupport_buildTaskStack)
                  0001a5f4    00000004     rtsv7M4_T_le_v4SPD16_eabi.lib : exit.c.obj (.text:abort:abort)
                  0001a5f8    0000008c     sysbios.aem4f : BIOS.obj (.text:ti_sysbios_knl_Task_postInit__I)
                  0001a684    0000008a     drivers_tivaware.aem4f : UARTTiva.oem4f (.text:readIsrTextBlocking)
                  0001a70e    00000002     --HOLE-- [fill = 0]
                  0001a710    00000088     Audio.obj (.text:Audio_DAC_write)
                  0001a798    00000088     EK_TM4C123GXL.obj (.text:EK_TM4C123GXL_initDMA)
                  0001a820    00000086     game.obj (.text:_ZN7HurtboxC1EsshssafffsbPb)
                  0001a8a6    00000086     rtsv7M4_T_le_v4SPD16_eabi.lib : fd_cmp_t2.asm.obj (.text:__aeabi_cdcmple)
                  0001a92c    00000086                                   : fd_cmp_t2.asm.obj (.text:__aeabi_cdrcmple)
                  0001a9b2    00000002     --HOLE-- [fill = 0]
                  0001a9b4    00000084     charactermenu.obj (.text:_ZN13CharacterMenu5resetEv)
                  0001aa38    00000084     sysbios.aem4f : BIOS.obj (.text:ti_sysbios_family_arm_lm4_Timer_getExpiredCounts__E)
                  0001aabc    00000004     ti.mw.fatfs.aem4f : ffosal.oem4f (.text:ff_rel_grant)
                  0001aac0    00000084     sysbios.aem4f : BIOS.obj (.text:ti_sysbios_family_arm_m3_Hwi_postInit__I)
                  0001ab44    00000084     driverlib.lib : udma.obj (.text:uDMAChannelTransferSet)
                  0001abc8    00000082     drivers_tivaware.aem4f : UARTTiva.oem4f (.text:readIsrTextCallback)
                  0001ac4a    0000007e     ti.mw.fatfs.aem4f : ff.oem4f (.text:dir_sdi)
                  0001acc8    0000007c                       : ff.oem4f (.text:f_mount)
                  0001ad44    00000004                       : diskio.oem4f (.text:get_fattime)
                  0001ad48    0000007c     sysbios.aem4f : BIOS.obj (.text:ti_sysbios_heaps_HeapMem_free__E)
                  0001adc4    0000007a     driverlib.lib : adc.obj (.text:ADCSequenceStepConfigure)
                  0001ae3e    0000007a     drivers_tivaware.aem4f : UARTTiva.oem4f (.text:readTaskCallback)
                  0001aeb8    0000007a     rtsv7M4_T_le_v4SPD16_eabi.lib : memset_t2.asm.obj (.text)
                  0001af32    00000002     --HOLE-- [fill = 0]
                  0001af34    00000078     Controller.obj (.text:Controller_init)
                  0001afac    00000078     game.obj (.text:_ZN6HitboxC1Effff)
                  0001b024    00000076     rtsv7M4_T_le_v4SPD16_eabi.lib : vec_newdel.c.obj (.text:_ZN34_INTERNAL_12_vec_newdel_c_8a08d4a517array_new_generalEPvijjS0_PFYS0_S0_ES2_PFYS0_jEPFYvS0_Eii)
                  0001b09a    00000076     game.obj (.text:_ZN7HurtboxC1Ebsshsafffsb)
                  0001b110    00000074     rtsv7M4_T_le_v4SPD16_eabi.lib : fclose.c.obj (.text:__TI_closefile)
                  0001b184    00000074     ti.mw.fatfs.aem4f : ff.oem4f (.text:check_fs)
                  0001b1f8    00000070     UART.obj (.text:UART_readPersistentSprite)
                  0001b268    00000070     sysbios.aem4f : BIOS.obj (.text:ti_sysbios_knl_Clock_workFunc__E)
                  0001b2d8    00000070                   : BIOS.obj (.text:ti_sysbios_knl_Task_exit__E)
                  0001b348    0000006e     rtsv7M4_T_le_v4SPD16_eabi.lib : _printfi.c.obj (.text:_mcpy)
                  0001b3b6    0000006e                                   : fd_tos_t2.asm.obj (.text)
                  0001b424    0000006e                                   : ll_div_t2.asm.obj (.text)
                  0001b492    00000002     --HOLE-- [fill = 0]
                  0001b494    0000006d     ti.targets.arm.rtsarm.aem4f : System.oem4f (.text:xdc_runtime_System_formatNum__I)
                  0001b501    00000001     --HOLE-- [fill = 0]
                  0001b502    00000006     driverlib.lib : gpio.obj (.text:GPIOIntClear)
                  0001b508    0000006c     sysbios.aem4f : BIOS.obj (.text:ti_sysbios_knl_Swi_restoreHwi__E)
                  0001b574    0000006c     drivers_tivaware.aem4f : UARTTiva.oem4f (.text:writeData)
                  0001b5e0    0000006c     ti.targets.arm.rtsarm.aem4f : Error.oem4f (.text:xdc_runtime_Error_print__E)
                  0001b64c    0000006c                                 : Memory.oem4f (.text:xdc_runtime_Memory_alloc__E)
                  0001b6b8    00000068     Audio.obj (.text:Audio_initSD)
                  0001b720    00000068     rtsv7M4_T_le_v4SPD16_eabi.lib : hostlseek.c.obj (.text:HOSTlseek)
                  0001b788    00000068                                   : hostrename.c.obj (.text:HOSTrename)
                  0001b7f0    00000068     charactermenu.obj (.text:_ZN13CharacterMenu16updateLastValuesEddddbbbb)
                  0001b858    00000068     rtsv7M4_T_le_v4SPD16_eabi.lib : copy_decompress_lzss.c.obj (.text:decompress:lzss:__TI_decompress_lzss)
                  0001b8c0    00000068                                   : printf.c.obj (.text:printf)
                  0001b928    00000066     ti.targets.arm.rtsarm.aem4f : Core-mem.oem4f (.text:xdc_runtime_Core_deleteObject__I)
                  0001b98e    00000002     --HOLE-- [fill = 0]
                  0001b990    00000064     drivers_tivaware.aem4f : GPIOTiva.oem4f (.text:GPIO_hwiIntFxn)
                  0001b9f4    00000064     game.obj (.text:_Z7startupv)
                  0001ba58    00000064     collider.obj (.text:_ZN6HitboxC1Efff)
                  0001babc    00000064     ti.mw.fatfs.aem4f : ff.oem4f (.text:follow_path)
                  0001bb20    00000064     rtsv7M4_T_le_v4SPD16_eabi.lib : s_frexp.c.obj (.text:frexp)
                  0001bb84    00000064                                   : fseek.c.obj (.text:fseek)
                  0001bbe8    00000064     Utils.obj (.text:random)
                  0001bc4c    00000004     MasterController_pem4f.oem4f (.text:ti_sysbios_BIOS_RtsGateProxy_enter__E)
                  0001bc50    00000064     sysbios.aem4f : BIOS.obj (.text:ti_sysbios_family_arm_lm4_Timer_Module_startup__E)
                  0001bcb4    00000064     MasterController_pem4f.oem4f (.text:ti_sysbios_family_arm_m3_Hwi_create)
                  0001bd18    00000064     sysbios.aem4f : BIOS.obj (.text:ti_sysbios_family_arm_m3_Hwi_dispatchC__I)
                  0001bd7c    00000004     MasterController_pem4f.oem4f (.text:ti_sysbios_BIOS_RtsGateProxy_leave__E)
                  0001bd80    00000064     sysbios.aem4f : BIOS.obj (.text:ti_sysbios_knl_Semaphore_post__E)
                  0001bde4    00000062     drivers_tivaware.aem4f : SPITivaDMA.oem4f (.text:SPITivaDMA_transfer)
                  0001be46    00000062     rtsv7M4_T_le_v4SPD16_eabi.lib : _io_perm.c.obj (.text:__TI_wrt_ok)
                  0001bea8    00000060                                   : hostopen.c.obj (.text:HOSTopen)
                  0001bf08    00000060     gameandwatch.obj (.text:_ZN6Hitbox10initializeEffff)
                  0001bf68    00000060     game.obj (.text:__sti___8_game_cpp_92acbeeb)
                  0001bfc8    00000060     sysbios.aem4f : BIOS.obj (.text:ti_sysbios_knl_Task_schedule__I)
                  0001c028    0000005e     drivers_tivaware.aem4f : UARTTiva.oem4f (.text:readIsrBinaryBlocking)
                  0001c086    0000005e     ti.mw.fatfs.aem4f : ff.oem4f (.text:remove_chain)
                  0001c0e4    0000005c     EK_TM4C123GXL.obj (.text:EK_TM4C123GXL_initSDSPI)
                  0001c140    0000005c     UART.obj (.text:UART_commandUpdate)
                  0001c19c    0000005c     rtsv7M4_T_le_v4SPD16_eabi.lib : close.c.obj (.text:close)
                  0001c1f8    0000005c     sysbios.aem4f : BIOS.obj (.text:ti_sysbios_knl_Swi_run__I)
                  0001c254    00000004                   : BIOS.obj (.text:ti_sysbios_family_arm_lm4_Timer_masterEnable__I)
                  0001c258    0000005c                   : BIOS.obj (.text:ti_sysbios_knl_Swi_schedule__I)
                  0001c2b4    00000004     MasterController_pem4f.oem4f (.text:ti_sysbios_family_arm_m3_Hwi_destruct)
                  0001c2b8    0000005c     sysbios.aem4f : BIOS.obj (.text:ti_sysbios_knl_Task_Module_startup__E)
                  0001c314    00000004     MasterController_pem4f.oem4f (.text:ti_sysbios_family_arm_m3_TaskSupport_Module__startupDone__S)
                  0001c318    0000005c     sysbios.aem4f : BIOS.obj (.text:ti_sysbios_knl_Task_startCore__E)
                  0001c374    0000005c     drivers_tivaware.aem4f : SDSPITiva.oem4f (.text:wait_ready)
                  0001c3d0    0000005b     ti.targets.arm.rtsarm.aem4f : Text.oem4f (.text:xdc_runtime_Text_putLab__E)
                  0001c42b    00000001     --HOLE-- [fill = 0]
                  0001c42c    00000058     boot.aem4f : boot.oem4f (.text)
                  0001c484    00000058     rtsv7M4_T_le_v4SPD16_eabi.lib : hostread.c.obj (.text:HOSTread)
                  0001c4dc    00000058                                   : hostwrite.c.obj (.text:HOSTwrite)
                  0001c534    00000058     tirtosport.aem4f : SemaphoreP_tirtos.oem4f (.text:SemaphoreP_create)
                  0001c58c    00000004     MasterController_pem4f.oem4f (.text:ti_sysbios_heaps_HeapMem_Module_GateProxy_enter__E)
                  0001c590    00000058     sysbios.aem4f : BIOS.obj (.text:ti_sysbios_family_arm_lm4_TimestampProvider_get32__E)
                  0001c5e8    00000058     MasterController_pem4f.oem4f (.text:ti_sysbios_family_arm_m3_Hwi_construct)
                  0001c640    00000058     sysbios.aem4f : m3_Hwi_asm_switch.obj (.text:ti_sysbios_family_arm_m3_Hwi_initStacks__E)
                  0001c698    00000056     driverlib.lib : gpio.obj (.text:GPIOIntTypeSet)
                  0001c6ee    00000056     rtsv7M4_T_le_v4SPD16_eabi.lib : _printfi.c.obj (.text:_pconv_f)
                  0001c744    00000056     ti.mw.fatfs.aem4f : ff.oem4f (.text:dir_read)
                  0001c79a    00000054     gameandwatch.obj (.text:_ZN12GameandWatch16updateLastValuesEffbbb)
                  0001c7ee    00000054     kirby.obj (.text:_ZN5Kirby16updateLastValuesEffbbb)
                  0001c842    00000054     valvano.obj (.text:_ZN7Valvano16updateLastValuesEffbbb)
                  0001c896    00000054     rtsv7M4_T_le_v4SPD16_eabi.lib : _ltoa.c.obj (.text:__TI_ltoa)
                  0001c8ea    00000054     drivers_tivaware.aem4f : UARTTiva.oem4f (.text:readIsrBinaryCallback)
                  0001c93e    00000054     ti.mw.fatfs.aem4f : ff.oem4f (.text:sync_window)
                  0001c992    00000006     driverlib.lib : gpio.obj (.text:GPIOPinRead)
                  0001c998    00000054     sysbios.aem4f : BIOS.obj (.text:ti_sysbios_family_arm_lm4_Timer_initDevice__I)
                  0001c9ec    00000054     MasterController_pem4f.oem4f (.text:ti_sysbios_knl_Task_construct)
                  0001ca40    00000054     ti.targets.arm.rtsarm.aem4f : Assert.oem4f (.text:xdc_runtime_Assert_raise__I)
                  0001ca94    00000052     rtsv7M4_T_le_v4SPD16_eabi.lib : _printfi.c.obj (.text:_ecpy)
                  0001cae6    00000050     Audio.obj (.text:Audio_play)
                  0001cb36    00000002     --HOLE-- [fill = 0]
                  0001cb38    00000050     drivers_tivaware.aem4f : GPIOTiva.oem4f (.text:GPIO_setCallback)
                  0001cb88    00000050     driverlib.lib : sysctl.obj (.text:SysCtlPeripheralReset)
                  0001cbd8    00000050     drivers_tivaware.aem4f : UARTTiva.oem4f (.text:UARTTiva_writeCancel)
                  0001cc28    00000050     sysbios.aem4f : BIOS.obj (.text:ti_sysbios_family_arm_m3_Hwi_Module_startup__E)
                  0001cc78    00000050     ti.targets.arm.rtsarm.aem4f : Startup.oem4f (.text:xdc_runtime_Startup_exec__E)
                  0001ccc8    00000050                                 : Text.oem4f (.text:xdc_runtime_Text_visitRope2__I)
                  0001cd18    0000004e     game.obj (.text:_ZN8ColliderC1Esshss)
                  0001cd66    0000004c     drivers_tivaware.aem4f : UARTTiva.oem4f (.text:UARTTiva_close)
                  0001cdb2    0000004c     kirby.obj (.text:_ZN6Hitbox10initializeEfff)
                  0001cdfe    00000002     --HOLE-- [fill = 0]
                  0001ce00    0000004c     stagemenu.obj (.text:_ZN9StageMenu5resetEv)
                  0001ce4c    0000004c     rtsv7M4_T_le_v4SPD16_eabi.lib : fflush.c.obj (.text:__TI_doflush)
                  0001ce98    0000004c                                   : atoi.c.obj (.text:atoi)
                  0001cee4    0000004c                                   : cpy_tbl.c.obj (.text:copy_in)
                  0001cf30    0000004c     MasterController_pem4f.oem4f (.text:ti_mw_fatfs_startup)
                  0001cf7c    00000004     MasterController_pem4f.oem4f (.text:ti_sysbios_heaps_HeapMem_Module_GateProxy_leave__E)
                  0001cf80    0000004c     sysbios.aem4f : BIOS.obj (.text:ti_sysbios_heaps_HeapMem_getStats__E)
                  0001cfcc    00000004     MasterController_pem4f.oem4f (.text:ti_sysbios_knl_Clock_TimerProxy_getMaxTicks__E)
                  0001cfd0    0000004c     sysbios.aem4f : BIOS.obj (.text:ti_sysbios_knl_Swi_runLoop__I)
                  0001d01c    00000004     MasterController_pem4f.oem4f (.text:ti_sysbios_knl_Clock_TimerProxy_getPeriod__E)
                  0001d020    0000004c     sysbios.aem4f : BIOS.obj (.text:ti_sysbios_knl_Task_allBlockedFunction__I)
                  0001d06c    0000004a     rtsv7M4_T_le_v4SPD16_eabi.lib : _io_perm.c.obj (.text:__TI_rd_ok)
                  0001d0b6    00000002     --HOLE-- [fill = 0]
                  0001d0b8    00000048     driverlib.lib : gpio.obj (.text:GPIOPinConfigure)
                  0001d100    00000048     collider.obj (.text:_ZN8ColliderC1Esshs)
                  0001d148    00000048     ti.mw.fatfs.aem4f : ff.oem4f (.text:dir_find)
                  0001d190    00000048     rtsv7M4_T_le_v4SPD16_eabi.lib : exit.c.obj (.text:exit)
                  0001d1d8    00000048                                   : fd_toi_t2.asm.obj (.text)
                  0001d220    00000048     sysbios.aem4f : BIOS.obj (.text:ti_sysbios_family_arm_lm4_Timer_enableTimers__I)
                  0001d268    00000048                   : BIOS.obj (.text:ti_sysbios_family_arm_m3_Hwi_disableInterrupt__E)
                  0001d2b0    00000048                   : BIOS.obj (.text:ti_sysbios_family_arm_m3_Hwi_enableInterrupt__E)
                  0001d2f8    00000048                   : BIOS.obj (.text:ti_sysbios_family_arm_m3_Hwi_excReserved__I)
                  0001d340    00000046     drivers_tivaware.aem4f : RingBuf.oem4f (.text:RingBuf_put)
                  0001d386    00000046     ti.targets.arm.rtsarm.aem4f : Core-params.oem4f (.text:xdc_runtime_Core_assignParams__I)
                  0001d3cc    00000044     Audio.obj (.text:Audio_clearBuffer)
                  0001d410    00000044     Audio.obj (.text:Audio_init)
                  0001d454    00000044     rtsv7M4_T_le_v4SPD16_eabi.lib : hostclose.c.obj (.text:HOSTclose)
                  0001d498    00000044                                   : hostunlink.c.obj (.text:HOSTunlink)
                  0001d4dc    00000044     drivers_tivaware.aem4f : SPITivaDMA.oem4f (.text:SPITivaDMA_hwiFxn)
                  0001d520    00000044     ti.mw.fatfs.aem4f : ff.oem4f (.text:dir_alloc)
                  0001d564    00000044     rtsv7M4_T_le_v4SPD16_eabi.lib : getdevice.c.obj (.text:getdevice)
                  0001d5a8    00000044     drivers_tivaware.aem4f : SDSPITiva.oem4f (.text:send_initial_clock_train)
                  0001d5ec    00000004     MasterController_pem4f.oem4f (.text:ti_sysbios_knl_Clock_destruct)
                  0001d5f0    00000044     sysbios.aem4f : BIOS.obj (.text:ti_sysbios_family_arm_lm4_Timer_isrStub__E)
                  0001d634    00000004     MasterController_pem4f.oem4f (.text:ti_sysbios_knl_Queue_destruct)
                  0001d638    00000044     sysbios.aem4f : BIOS.obj (.text:ti_sysbios_family_arm_m3_Hwi_getStackInfo__E)
                  0001d67c    00000004     MasterController_pem4f.oem4f (.text:ti_sysbios_knl_Semaphore_destruct)
                  0001d680    00000044     sysbios.aem4f : BIOS.obj (.text:ti_sysbios_knl_Swi_post__E)
                  0001d6c4    00000044     ti.targets.arm.rtsarm.aem4f : Error.oem4f (.text:xdc_runtime_Error_setX__E)
                  0001d708    00000044                                 : SysMin.oem4f (.text:xdc_runtime_SysMin_flush__E)
                  0001d74c    00000044                                 : Text.oem4f (.text:xdc_runtime_Text_xprintf__I)
                  0001d790    00000042     drivers_tivaware.aem4f : SPITivaDMA.oem4f (.text:SPITivaDMA_transferCancel)
                  0001d7d2    00000042     driverlib.lib : uart.obj (.text:UARTConfigSetExpClk)
                  0001d814    00000042     drivers_tivaware.aem4f : UARTTiva.oem4f (.text:UARTTiva_hwiIntFxn)
                  0001d856    00000042                            : UARTTiva.oem4f (.text:UARTTiva_writePolling)
                  0001d898    00000040     EK_TM4C123GXL.obj (.text:EK_TM4C123GXL_initGeneral)
                  0001d8d8    00000040     drivers_tivaware.aem4f : RingBuf.oem4f (.text:RingBuf_get)
                  0001d918    00000040                            : SDSPITiva.oem4f (.text:SDSPITiva_close)
                  0001d958    00000040                            : UARTTiva.oem4f (.text:UARTTiva_read)
                  0001d998    00000040     ti.mw.fatfs.aem4f : ff.oem4f (.text:get_ldnumber)
                  0001d9d8    00000040     rtsv7M4_T_le_v4SPD16_eabi.lib : ll_tofd_t2.asm.obj (.text)
                  0001da18    00000040                                   : u_divt2.asm.obj (.text)
                  0001da58    00000040     sysbios.aem4f : BIOS.obj (.text:ti_sysbios_family_arm_lm4_Timer_startup__E)
                  0001da98    00000040                   : BIOS.obj (.text:ti_sysbios_heaps_HeapMem_Instance_init__E)
                  0001dad8    0000003e     driverlib.lib : adc.obj (.text:ADCSequenceConfigure)
                  0001db16    0000003e     rtsv7M4_T_le_v4SPD16_eabi.lib : _printfi.c.obj (.text:_fcpy)
                  0001db54    0000003c     drivers_tivaware.aem4f : SPITivaDMA.oem4f (.text:SPITivaDMA_close)
                  0001db90    0000003c     driverlib.lib : ssi.obj (.text:SSIConfigSetExpClk)
                  0001dbcc    0000003c     UART.obj (.text:UART_readCharacterSDCard)
                  0001dc08    0000003c     UART.obj (.text:UART_setBackgroundColors)
                  0001dc44    0000003c     game.obj (.text:_Z25switchStageMenuToCharMenuab)
                  0001dc80    0000003c     Utils.obj (.text:absVal)
                  0001dcbc    0000003c     EK_TM4C123GXL.obj (.text:dmaErrorHwi)
                  0001dcf8    0000003c     sysbios.aem4f : BIOS.obj (.text:ti_sysbios_family_arm_m3_Hwi_excSvCall__I)
                  0001dd34    00000004     ti.targets.arm.rtsarm.aem4f : Error.oem4f (.text:xdc_runtime_Error_getSite__E)
                  0001dd38    0000003c     sysbios.aem4f : BIOS.obj (.text:ti_sysbios_heaps_HeapMem_init__I)
                  0001dd74    00000004     MasterController_pem4f.oem4f (.text:xdc_runtime_System_Module_GateProxy_enter__E)
                  0001dd78    0000003c     sysbios.aem4f : BIOS.obj (.text:ti_sysbios_knl_Clock_Instance_init__E)
                  0001ddb4    00000004     MasterController_pem4f.oem4f (.text:xdc_runtime_System_Module_GateProxy_leave__E)
                  0001ddb8    0000003c     sysbios.aem4f : BIOS.obj (.text:ti_sysbios_knl_Swi_restore__E)
                  0001ddf4    00000038     drivers_tivaware.aem4f : SDSPI.oem4f (.text:SDSPI_init)
                  0001de2c    00000038                            : SPI.oem4f (.text:SPI_init)
                  0001de64    00000038                            : UART.oem4f (.text:UART_init)
                  0001de9c    00000038     game.obj (.text:_ZN8ColliderC2Esshss)
                  0001ded4    00000038     rtsv7M4_T_le_v4SPD16_eabi.lib : trgmsg.c.obj (.text:__TI_writemsg)
                  0001df0c    00000038     ti.mw.fatfs.aem4f : ff.oem4f (.text:dir_register)
                  0001df44    00000038     rtsv7M4_T_le_v4SPD16_eabi.lib : fs_tod_t2.asm.obj (.text)
                  0001df7c    00000004     ti.targets.arm.rtsarm.aem4f : System.oem4f (.text:xdc_runtime_System_aprintf_va__F)
                  0001df80    00000038     sysbios.aem4f : BIOS.obj (.text:ti_sysbios_family_arm_m3_Hwi_excNoIsr__I)
                  0001dfb8    00000038                   : BIOS.obj (.text:ti_sysbios_knl_Task_processVitalTaskFlag__I)
                  0001dff0    00000038     ti.targets.arm.rtsarm.aem4f : SysMin.oem4f (.text:xdc_runtime_SysMin_putch__E)
                  0001e028    00000038                                 : System.oem4f (.text:xdc_runtime_System_atexit__E)
                  0001e060    00000036     drivers_tivaware.aem4f : UARTTiva.oem4f (.text:UARTTiva_readCancel)
                  0001e096    00000036     ti.mw.fatfs.aem4f : ff.oem4f (.text:move_window)
                  0001e0cc    00000036     rtsv7M4_T_le_v4SPD16_eabi.lib : strncpy.c.obj (.text:strncpy)
                  0001e102    00000036     MasterController_pem4f.oem4f (.text:ti_mw_fatfs_getFatTime)
                  0001e138    00000034     EK_TM4C123GXL.obj (.text:EK_TM4C123GXL_initUART)
                  0001e16c    00000034     driverlib.lib : sysctl.obj (.text:SysCtlPeripheralEnable)
                  0001e1a0    00000034     game.obj (.text:_Z15switchGameToWinaa)
                  0001e1d4    00000034     rtsv7M4_T_le_v4SPD16_eabi.lib : fopen.c.obj (.text:__TI_cleanup)
                  0001e208    00000034                                   : trgmsg.c.obj (.text:__TI_readmsg)
                  0001e23c    00000034     ti.mw.fatfs.aem4f : ff.oem4f (.text:dir_remove)
                  0001e270    00000034                       : ffcio.oem4f (.text:ffcio_lseek)
                  0001e2a4    00000034     rtsv7M4_T_le_v4SPD16_eabi.lib : rand.c.obj (.text:rand)
                  0001e2d8    00000034     sysbios.aem4f : BIOS.obj (.text:ti_sysbios_family_arm_m3_Hwi_Instance_finalize__E)
                  0001e30c    00000004     ti.targets.arm.rtsarm.aem4f : System.oem4f (.text:xdc_runtime_System_printf_va__F)
                  0001e310    00000034     sysbios.aem4f : BIOS.obj (.text:ti_sysbios_family_arm_m3_Hwi_excNmi__I)
                  0001e344    00000004     --HOLE-- [fill = 0]
                  0001e348    00000034                   : BIOS.obj (.text:ti_sysbios_hal_Hwi_checkStack)
                  0001e37c    00000034     MasterController_pem4f.oem4f (.text:ti_sysbios_knl_Clock_construct)
                  0001e3b0    00000034     ti.mw.fatfs.aem4f : ff.oem4f (.text:validate)
                  0001e3e4    00000034     ti.targets.arm.rtsarm.aem4f : Core-label.oem4f (.text:xdc_runtime_Core_assignLabel__I)
                  0001e418    00000033                                 : Text.oem4f (.text:xdc_runtime_Text_printVisFxn__I)
                  0001e44b    00000001     --HOLE-- [fill = 0]
                  0001e44c    00000032     Audio.obj (.text:Audio_destroyAllAudio)
                  0001e47e    00000002     --HOLE-- [fill = 0]
                  0001e480    00000032     sysbios.aem4f : BIOS.obj (.text:ti_sysbios_hal_Hwi_initStack)
                  0001e4b2    00000030     Audio.obj (.text:Audio_initParams)
                  0001e4e2    00000002     --HOLE-- [fill = 0]
                  0001e4e4    00000030     EK_TM4C123GXL.obj (.text:EK_TM4C123GXL_initGPIO)
                  0001e514    00000030     drivers_tivaware.aem4f : SDSPI.oem4f (.text:SDSPI_open)
                  0001e544    00000030                            : UART.oem4f (.text:UART_open)
                  0001e574    00000030     UART.obj (.text:UART_transmit)
                  0001e5a4    00000030     rtsv7M4_T_le_v4SPD16_eabi.lib : getdevice.c.obj (.text:finddevice)
                  0001e5d4    00000030     MasterController_pem4f.oem4f (.text:ti_sysbios_BIOS_atExitFunc__I)
                  0001e604    00000004     --HOLE-- [fill = 0]
                  0001e608    00000030     sysbios.aem4f : BIOS.obj (.text:ti_sysbios_family_arm_lm4_Timer_stop__E)
                  0001e638    00000030                   : BIOS.obj (.text:ti_sysbios_family_arm_m3_TaskSupport_start__E)
                  0001e668    00000030     MasterController_pem4f.oem4f (.text:ti_sysbios_gates_GateHwi_Object__create__S)
                  0001e698    00000030     MasterController_pem4f.oem4f (.text:ti_sysbios_gates_GateMutex_Object__create__S)
                  0001e6c8    00000030     sysbios.aem4f : BIOS.obj (.text:ti_sysbios_gates_GateMutex_enter__E)
                  0001e6f8    00000030     MasterController_pem4f.oem4f (.text:ti_sysbios_heaps_HeapMem_Object__create__S)
                  0001e728    00000030     MasterController_pem4f.oem4f (.text:ti_sysbios_knl_Semaphore_construct)
                  0001e758    00000030     sysbios.aem4f : BIOS.obj (.text:ti_sysbios_knl_Semaphore_pendTimeout__I)
                  0001e788    00000030                   : BIOS.obj (.text:ti_sysbios_knl_Task_unblockI__E)
                  0001e7b8    00000030     ti.targets.arm.rtsarm.aem4f : SysMin.oem4f (.text:xdc_runtime_SysMin_abort__E)
                  0001e7e8    00000030                                 : System.oem4f (.text:xdc_runtime_System_processAtExit__E)
                  0001e818    0000002e     driverlib.lib : adc.obj (.text:ADCIntStatus)
                  0001e846    0000002e     gameandwatch.obj (.text:_ZN6Hitbox7offsetXEfb)
                  0001e874    0000002e     collider.obj (.text:_ZN8ColliderC2Esshs)
                  0001e8a2    0000002e     MasterController_pem4f.oem4f (.text:malloc)
                  0001e8d0    0000002e     rtsv7M4_T_le_v4SPD16_eabi.lib : i_tofd_t2.asm.obj (.text)
                  0001e8fe    00000002     --HOLE-- [fill = 0]
                  0001e900    0000002c     UART.obj (.text:UART_commandReset)
                  0001e92c    0000002c     ti.mw.fatfs.aem4f : diskio.oem4f (.text:disk_register)
                  0001e958    0000002c     rtsv7M4_T_le_v4SPD16_eabi.lib : fclose.c.obj (.text:fclose)
                  0001e984    0000002c     Controller.obj (.text:getJoystick_h)
                  0001e9b0    0000002c     Controller.obj (.text:getJoystick_v)
                  0001e9dc    0000002c     MasterController_pem4f.oem4f (.text:ti_sysbios_knl_Clock_doTick__I)
                  0001ea08    0000002c     MasterController_pem4f.oem4f (.text:ti_sysbios_knl_Queue_construct)
                  0001ea34    00000004     --HOLE-- [fill = 0]
                  0001ea38    0000002c     sysbios.aem4f : BIOS.obj (.text:ti_sysbios_knl_Task_restore__E)
                  0001ea64    0000002c     driverlib.lib : udma.obj (.text:uDMAChannelAssign)
                  0001ea90    0000002c     rtsv7M4_T_le_v4SPD16_eabi.lib : unlink.c.obj (.text:unlink)
                  0001eabc    0000002c     ti.targets.arm.rtsarm.aem4f : Text.oem4f (.text:xdc_runtime_Text_cordText__E)
                  0001eae8    0000002a     driverlib.lib : gpio.obj (.text:GPIODirModeSet)
                  0001eb12    0000002a     ti.targets.arm.rtsarm.aem4f : System.oem4f (.text:xdc_runtime_System_putchar__I)
                  0001eb3c    00000028     game.obj (.text:_ZN13HitboxManagerC1Ev)
                  0001eb64    00000028     ti.mw.fatfs.aem4f : diskio.oem4f (.text:disk_unregister)
                  0001eb8c    00000028     Controller.obj (.text:getBtn_a)
                  0001ebb4    00000028     Controller.obj (.text:getBtn_b)
                  0001ebdc    00000028     Controller.obj (.text:getBtn_l)
                  0001ec04    00000028     Controller.obj (.text:getBtn_r)
                  0001ec2c    00000028     Controller.obj (.text:getBtn_start)
                  0001ec54    00000028     rtsv7M4_T_le_v4SPD16_eabi.lib : lseek.c.obj (.text:lseek)
                  0001ec7c    00000028                                   : read.c.obj (.text:read)
                  0001eca4    00000028     MasterController_pem4f.oem4f (.text:ti_sysbios_BIOS_startFunc__I)
                  0001eccc    00000004     --HOLE-- [fill = 0]
                  0001ecd0    00000028     sysbios.aem4f : BIOS.obj (.text:ti_sysbios_knl_Clock_addI__E)
                  0001ecf8    00000028                   : BIOS.obj (.text:ti_sysbios_knl_Swi_Module_startup__E)
                  0001ed20    00000028     rtsv7M4_T_le_v4SPD16_eabi.lib : write.c.obj (.text:write)
                  0001ed48    00000026     game.obj (.text:_ZN13HitboxManager10initializeEP6PlayerS1_)
                  0001ed6e    00000026     sysbios.aem4f : m3_Hwi_asm.obj (.text:ti_sysbios_family_arm_m3_Hwi_pendSV__I)
                  0001ed94    00000026     ti.targets.arm.rtsarm.aem4f : System.oem4f (.text:xdc_runtime_System_avprintf__E)
                  0001edba    00000024     start.obj (.text:_Z5startjj)
                  0001edde    00000024     game.obj (.text:_ZN7HurtboxC1Ev)
                  0001ee02    00000024     rtsv7M4_T_le_v4SPD16_eabi.lib : vec_newdel.c.obj (.text:__cxa_vec_ctor)
                  0001ee26    00000002     --HOLE-- [fill = 0]
                  0001ee28    00000024     ti.mw.fatfs.aem4f : diskio.oem4f (.text:disk_ioctl)
                  0001ee4c    00000024                       : diskio.oem4f (.text:disk_read)
                  0001ee70    00000024                       : ff.oem4f (.text:f_close)
                  0001ee94    00000024                       : ffcio.oem4f (.text:ffcio_close)
                  0001eeb8    00000024     rtsv7M4_T_le_v4SPD16_eabi.lib : rand.c.obj (.text:srand)
                  0001eedc    00000024     MasterController_pem4f.oem4f (.text:ti_sysbios_BIOS_errorRaiseHook__I)
                  0001ef00    00000024     MasterController_pem4f.oem4f (.text:ti_sysbios_BIOS_registerRTSLock__I)
                  0001ef24    00000024     MasterController_pem4f.oem4f (.text:ti_sysbios_BIOS_removeRTSLock__I)
                  0001ef48    00000024     MasterController_pem4f.oem4f (.text:ti_sysbios_gates_GateMutex_Object__delete__S)
                  0001ef6c    00000004     --HOLE-- [fill = 0]
                  0001ef70    00000024     sysbios.aem4f : BIOS.obj (.text:ti_sysbios_knl_Clock_Module_startup__E)
                  0001ef94    00000004     --HOLE-- [fill = 0]
                  0001ef98    00000024                   : BIOS.obj (.text:ti_sysbios_knl_Clock_start__E)
                  0001efbc    00000004     --HOLE-- [fill = 0]
                  0001efc0    00000024                   : BIOS.obj (.text:ti_sysbios_knl_Semaphore_Instance_init__E)
                  0001efe4    00000004     --HOLE-- [fill = 0]
                  0001efe8    00000024                   : BIOS.obj (.text:ti_sysbios_knl_Task_restoreHwi__E)
                  0001f00c    00000024     driverlib.lib : udma.obj (.text:uDMAChannelControlSet)
                  0001f030    00000024     ti.targets.arm.rtsarm.aem4f : System.oem4f (.text:xdc_runtime_System_vprintf__E)
                  0001f054    00000022     charactermenu.obj (.text:_ZN13CharacterMenu5startEv)
                  0001f076    00000022     stagemenu.obj (.text:_ZN9StageMenu5startEv)
                  0001f098    00000022     rtsv7M4_T_le_v4SPD16_eabi.lib : new.cpp.obj (.text:_Znwj)
                  0001f0ba    00000006     driverlib.lib : gpio.obj (.text:GPIOPinWrite)
                  0001f0c0    00000022     sysbios.aem4f : BIOS.obj (.text:ti_sysbios_family_arm_lm4_Timer_write__I)
                  0001f0e2    00000022     MasterController_pem4f.oem4f (.text:xdc_runtime_SysMin_output__I)
                  0001f104    00000020     ti.mw.fatfs.aem4f : diskio.oem4f (.text:disk_write)
                  0001f124    00000020                       : ffcio.oem4f (.text:ffcio_read)
                  0001f144    00000020                       : ffcio.oem4f (.text:ffcio_write)
                  0001f164    00000020     rtsv7M4_T_le_v4SPD16_eabi.lib : memchr.c.obj (.text:memchr)
                  0001f184    00000020                                   : u_tofd_t2.asm.obj (.text)
                  0001f1a4    00000020     MasterController_pem4f.oem4f (.text:ti_sysbios_BIOS_rtsLock__I)
                  0001f1c4    00000004     --HOLE-- [fill = 0]
                  0001f1c8    00000020     sysbios.aem4f : BIOS.obj (.text:ti_sysbios_family_arm_m3_Hwi_clearInterrupt__E)
                  0001f1e8    00000020                   : m3_Hwi_asm.obj (.text:ti_sysbios_family_arm_m3_Hwi_excHandlerAsm__I)
                  0001f208    00000020                   : BIOS.obj (.text:ti_sysbios_family_arm_m3_Hwi_excHandler__I)
                  0001f228    00000020     MasterController_pem4f.oem4f (.text:ti_sysbios_gates_GateHwi_Object__delete__S)
                  0001f248    00000020     MasterController_pem4f.oem4f (.text:ti_sysbios_heaps_HeapMem_Object__delete__S)
                  0001f268    00000020     MasterController_pem4f.oem4f (.text:ti_sysbios_knl_Clock_Object__destruct__S)
                  0001f288    00000020     sysbios.aem4f : BIOS.obj (.text:ti_sysbios_knl_Idle_run__E)
                  0001f2a8    00000020     MasterController_pem4f.oem4f (.text:ti_sysbios_knl_Semaphore_Object__destruct__S)
                  0001f2c8    00000020     ti.targets.arm.rtsarm.aem4f : Registry.oem4f (.text:xdc_runtime_Registry_findById__E)
                  0001f2e8    00000020                                 : SysMin.oem4f (.text:xdc_runtime_SysMin_Module_startup__E)
                  0001f308    0000001e     driverlib.lib : adc.obj (.text:ADCSequenceDataGet)
                  0001f326    0000001e     gameandwatch.obj (.text:_ZN6Hitbox7offsetXEf)
                  0001f344    0000001e     gameandwatch.obj (.text:_ZN6Hitbox7offsetYEf)
                  0001f362    0000001e     game.obj (.text:_ZN6Player11setMirroredEb)
                  0001f380    0000001e     ti.mw.fatfs.aem4f : ff.oem4f (.text:ld_clust)
                  0001f39e    0000001e     sysbios.aem4f : m3_Hwi_asm_switch.obj (.text:ti_sysbios_family_xxx_Hwi_switchAndRunFunc)
                  0001f3bc    0000001c     driverlib.lib : uart.obj (.text:UARTDisable)
                  0001f3d8    0000001c     game.obj (.text:_Z20switchWinToStageMenuv)
                  0001f3f4    0000001c     ti.mw.fatfs.aem4f : diskio.oem4f (.text:disk_initialize)
                  0001f410    0000001c                       : diskio.oem4f (.text:disk_status)
                  0001f42c    0000001c     drivers_tivaware.aem4f : GPIOTiva.oem4f (.text:getGpioIntIndex)
                  0001f448    0000001c     ti.mw.fatfs.aem4f : ff.oem4f (.text:mem_cmp)
                  0001f464    0000001c     rtsv7M4_T_le_v4SPD16_eabi.lib : memccpy.c.obj (.text:memccpy)
                  0001f480    0000001c     sysbios.aem4f : BIOS.obj (.text:ti_sysbios_family_arm_lm4_Seconds_get__E)
                  0001f49c    0000001c     MasterController_pem4f.oem4f (.text:ti_sysbios_family_arm_m3_Hwi_Object__destruct__S)
                  0001f4b8    0000001c     sysbios.aem4f : BIOS.obj (.text:ti_sysbios_gates_GateMutex_Instance_init__E)
                  0001f4d4    00000004     --HOLE-- [fill = 0]
                  0001f4d8    0000001c                   : BIOS.obj (.text:ti_sysbios_knl_Clock_Instance_finalize__E)
                  0001f4f4    0000001c     MasterController_pem4f.oem4f (.text:ti_sysbios_knl_Queue_Object__destruct__S)
                  0001f510    0000001c     sysbios.aem4f : BIOS.obj (.text:ti_sysbios_knl_Queue_put__E)
                  0001f52c    00000004     --HOLE-- [fill = 0]
                  0001f530    0000001c                   : BIOS.obj (.text:ti_sysbios_knl_Task_enter__I)
                  0001f54c    0000001c     ti.targets.arm.rtsarm.aem4f : Error.oem4f (.text:xdc_runtime_Error_raiseX__E)
                  0001f568    0000001c                                 : Memory.oem4f (.text:xdc_runtime_Memory_valloc__E)
                  0001f584    0000001c                                 : SysMin.oem4f (.text:xdc_runtime_SysMin_exit__E)
                  0001f5a0    0000001c                                 : System.oem4f (.text:xdc_runtime_System_abort__E)
                  0001f5bc    0000001a     rtsv7M4_T_le_v4SPD16_eabi.lib : s_copysign.c.obj (.text:copysign)
                  0001f5d6    0000001a     MasterController_pem4f.oem4f (.text:free)
                  0001f5f0    0000001a     MasterController_pem4f.oem4f (.text:ti_sysbios_family_arm_m3_Hwi_Handle__label__S)
                  0001f60a    0000001a     MasterController_pem4f.oem4f (.text:ti_sysbios_gates_GateHwi_Handle__label__S)
                  0001f624    0000001a     MasterController_pem4f.oem4f (.text:ti_sysbios_gates_GateMutex_Handle__label__S)
                  0001f63e    0000001a     MasterController_pem4f.oem4f (.text:ti_sysbios_heaps_HeapMem_Handle__label__S)
                  0001f658    0000001a     MasterController_pem4f.oem4f (.text:ti_sysbios_knl_Swi_Handle__label__S)
                  0001f672    0000001a     MasterController_pem4f.oem4f (.text:ti_sysbios_knl_Task_Handle__label__S)
                  0001f68c    0000001a     ti.mw.fatfs.aem4f : ff.oem4f (.text:unlock_fs)
                  0001f6a6    0000001a     MasterController_pem4f.oem4f (.text:xdc_runtime_System_aprintf__E)
                  0001f6c0    0000001a     MasterController_pem4f.oem4f (.text:xdc_runtime_System_printf__E)
                  0001f6da    00000018     driverlib.lib : adc.obj (.text:ADCProcessorTrigger)
                  0001f6f2    00000018                   : gpio.obj (.text:GPIOPinTypeGPIOOutput)
                  0001f70a    00000002     --HOLE-- [fill = 0]
                  0001f70c    00000018     drivers_tivaware.aem4f : UART.oem4f (.text:UART_Params_init)
                  0001f724    00000018     UART.obj (.text:UART_receive)
                  0001f73c    00000018     game.obj (.text:_ZN6EntityC1Ev)
                  0001f754    00000018     game.obj (.text:_ZN6Player9setPlayerEh)
                  0001f76c    00000018     game.obj (.text:_ZN6Player9setStocksEh)
                  0001f784    00000018     WinScreen.obj (.text:_ZN9WinScreen4loopEPFvvE)
                  0001f79c    00000018     rtsv7M4_T_le_v4SPD16_eabi.lib : args_main.c.obj (.text:_args_main)
                  0001f7b4    00000018     ti.mw.fatfs.aem4f : ff.oem4f (.text:clust2sect)
                  0001f7cc    00000018                       : ffosal.oem4f (.text:ff_cre_syncobj)
                  0001f7e4    00000018     UART.obj (.text:readCallbackFunction)
                  0001f7fc    00000018     rtsv7M4_T_le_v4SPD16_eabi.lib : strcmp.c.obj (.text:strcmp)
                  0001f814    00000018     MasterController_pem4f.oem4f (.text:ti_sysbios_BIOS_rtsUnlock__I)
                  0001f82c    00000018     MasterController_pem4f.oem4f (.text:ti_sysbios_family_arm_lm4_Timer_Module__startupDone__F)
                  0001f844    00000018     MasterController_pem4f.oem4f (.text:ti_sysbios_family_arm_m3_Hwi_Module__startupDone__F)
                  0001f85c    00000018     sysbios.aem4f : m3_TaskSupport_asm.obj (.text:ti_sysbios_family_arm_m3_TaskSupport_swap__E)
                  0001f874    00000004     --HOLE-- [fill = 0]
                  0001f878    00000018                   : BIOS.obj (.text:ti_sysbios_gates_GateMutex_leave__E)
                  0001f890    00000018                   : BIOS.obj (.text:ti_sysbios_knl_Task_sleepTimeout__I)
                  0001f8a8    00000018     MasterController_pem4f.oem4f (.text:time)
                  0001f8c0    00000018     driverlib.lib : udma.obj (.text:uDMAChannelDisable)
                  0001f8d8    00000018                   : udma.obj (.text:uDMAChannelEnable)
                  0001f8f0    00000018                   : udma.obj (.text:uDMAChannelIsEnabled)
                  0001f908    00000018     UART.obj (.text:writeCallbackFunction)
                  0001f920    00000018     ti.targets.arm.rtsarm.aem4f : Error.oem4f (.text:xdc_runtime_Error_check__E)
                  0001f938    00000018                                 : System.oem4f (.text:xdc_runtime_System_exit__E)
                  0001f950    00000018                                 : Text.oem4f (.text:xdc_runtime_Text_ropeText__E)
                  0001f968    00000016     tirtosport.aem4f : SemaphoreP_tirtos.oem4f (.text:SemaphoreP_delete)
                  0001f97e    00000016     start.obj (.text:_ZN30_INTERNAL_9_start_cpp_c81e5b2e31ti_sysbios_knl_Task_Params_initEP26ti_sysbios_knl_Task_Params)
                  0001f994    00000016     collider.obj (.text:_ZN7Hurtbox9setSourceEh)
                  0001f9aa    00000016     ti.mw.fatfs.aem4f : ff.oem4f (.text:mem_cpy)
                  0001f9c0    00000016     rtsv7M4_T_le_v4SPD16_eabi.lib : strchr.c.obj (.text:strchr)
                  0001f9d6    00000016     MasterController_pem4f.oem4f (.text:ti_sysbios_BIOS_exitFunc__I)
                  0001f9ec    00000016     EK_TM4C123GXL.obj (.text:ti_sysbios_family_arm_m3_Hwi_Params_init)
                  0001fa02    00000006     drivers_tivaware.aem4f : SDSPITiva.oem4f (.text:SDSPITiva_control)
                  0001fa08    00000016     sysbios.aem4f : BIOS.obj (.text:ti_sysbios_knl_Task_unblock__E)
                  0001fa1e    00000014     driverlib.lib : uart.obj (.text:UARTEnable)
                  0001fa32    00000014     game.obj (.text:_ZN6Entity4setXEf)
                  0001fa46    00000014     game.obj (.text:_ZN6Entity4setYEf)
                  0001fa5a    00000014     gameandwatch.obj (.text:_ZN6Hitbox11offsetWidthEf)
                  0001fa6e    00000014     gameandwatch.obj (.text:_ZN6Hitbox12offsetHeightEf)
                  0001fa82    00000014     gameandwatch.obj (.text:_ZN6Hitbox12offsetRadiusEf)
                  0001fa96    00000014     ti.mw.fatfs.aem4f : ffosal.oem4f (.text:ff_req_grant)
                  0001faaa    00000014                       : ff.oem4f (.text:mem_set)
                  0001fabe    00000014     rtsv7M4_T_le_v4SPD16_eabi.lib : strcpy.c.obj (.text:strcpy)
                  0001fad2    00000014                                   : strlen.c.obj (.text:strlen)
                  0001fae6    00000002     --HOLE-- [fill = 0]
                  0001fae8    00000014     MasterController_pem4f.oem4f (.text:ti_sysbios_family_arm_m3_Hwi_Object__get__S)
                  0001fafc    00000004     --HOLE-- [fill = 0]
                  0001fb00    00000014     sysbios.aem4f : BIOS.obj (.text:ti_sysbios_family_arm_m3_Hwi_switchFromBootStack__E)
                  0001fb14    00000014     MasterController_pem4f.oem4f (.text:ti_sysbios_heaps_HeapMem_Object__get__S)
                  0001fb28    00000014     MasterController_pem4f.oem4f (.text:ti_sysbios_knl_Swi_Object__get__S)
                  0001fb3c    00000012     driverlib.lib : gpio.obj (.text:GPIOPinTypeGPIOInput)
                  0001fb4e    00000012                   : gpio.obj (.text:GPIOPinTypeSSI)
                  0001fb60    00000012                   : gpio.obj (.text:GPIOPinTypeUART)
                  0001fb72    00000012     drivers_tivaware.aem4f : RingBuf.oem4f (.text:RingBuf_construct)
                  0001fb84    00000012                            : SDSPITiva.oem4f (.text:SDSPITiva_init)
                  0001fb96    00000012     driverlib.lib : ssi.obj (.text:SSIDataGetNonBlocking)
                  0001fba8    00000012     tirtosport.aem4f : SemaphoreP_tirtos.oem4f (.text:SemaphoreP_pend)
                  0001fbba    00000012     game.obj (.text:_ZN13CharacterMenuC1Ev)
                  0001fbcc    00000012     game.obj (.text:_ZN9StageMenuC1Ev)
                  0001fbde    00000012     ti.mw.fatfs.aem4f : ff.oem4f (.text:chk_chr)
                  0001fbf0    00000012                       : ffcio.oem4f (.text:ffcio_rename)
                  0001fc02    00000012                       : ffcio.oem4f (.text:ffcio_unlink)
                  0001fc14    00000004     --HOLE-- [fill = 0]
                  0001fc18    00000012     sysbios.aem4f : BIOS.obj (.text:ti_sysbios_hal_Hwi_Module_startup__E)
                  0001fc2a    00000006     drivers_tivaware.aem4f : SPITivaDMA.oem4f (.text:SPITivaDMA_control)
                  0001fc30    00000012     sysbios.aem4f : BIOS.obj (.text:ti_sysbios_hal_Timer_Module_startup__E)
                  0001fc42    00000012     rtsv7M4_T_le_v4SPD16_eabi.lib : wcslen.c.obj (.text:wcslen)
                  0001fc54    00000012     MasterController_pem4f.oem4f (.text:xdc_runtime_Startup_exec__I)
                  0001fc66    00000002     --HOLE-- [fill = 0]
                  0001fc68    00000010     drivers_tivaware.aem4f : SDSPITiva.oem4f (.text:SDSPITiva_diskStatus)
                  0001fc78    00000010                            : SDSPI.oem4f (.text:SDSPI_Params_init)
                  0001fc88    00000010     UART.obj (.text:UART_waitForAcknowledge)
                  0001fc98    00000010     WinScreen.obj (.text:_ZN9WinScreen5resetEv)
                  0001fca8    00000010     drivers_tivaware.aem4f : UARTTiva.oem4f (.text:readBlockingTimeout)
                  0001fcb8    00000010     ti.mw.fatfs.aem4f : ff.oem4f (.text:st_clust)
                  0001fcc8    00000010     sysbios.aem4f : BIOS.obj (.text:ti_sysbios_BIOS_getCpuFreq__E)
                  0001fcd8    00000010                   : BIOS.obj (.text:ti_sysbios_BIOS_setThreadType__E)
                  0001fce8    00000010                   : BIOS.obj (.text:ti_sysbios_BIOS_start__E)
                  0001fcf8    00000010                   : BIOS.obj (.text:ti_sysbios_family_arm_lm4_TimestampProvider_rolloverFunc__E)
                  0001fd08    00000010                   : m3_TaskSupport_asm.obj (.text:ti_sysbios_family_arm_m3_TaskSupport_glue)
                  0001fd18    00000010                   : BIOS.obj (.text:ti_sysbios_gates_GateMutex_Instance_finalize__E)
                  0001fd28    00000010                   : BIOS.obj (.text:ti_sysbios_knl_Semaphore_Instance_finalize__E)
                  0001fd38    00000010                   : BIOS.obj (.text:ti_sysbios_knl_Swi_disable__E)
                  0001fd48    00000010     MasterController_pem4f.oem4f (.text:ti_sysbios_knl_Task_Object__get__S)
                  0001fd58    00000010     sysbios.aem4f : BIOS.obj (.text:ti_sysbios_knl_Task_disable__E)
                  0001fd68    00000010     driverlib.lib : udma.obj (.text:uDMAEnable)
                  0001fd78    00000010     ti.targets.arm.rtsarm.aem4f : Gate.oem4f (.text:xdc_runtime_Gate_leaveSystem__E)
                  0001fd88    00000010                                 : Memory.oem4f (.text:xdc_runtime_Memory_free__E)
                  0001fd98    00000010                                 : SysMin.oem4f (.text:xdc_runtime_SysMin_ready__E)
                  0001fda8    00000010                                 : System.oem4f (.text:xdc_runtime_System_vsnprintf__E)
                  0001fdb8    00000010     MasterController_pem4f.oem4f (.text:xdc_runtime_Text_visitRope__I)
                  0001fdc8    0000000e     driverlib.lib : adc.obj (.text:ADCSequenceDisable)
                  0001fdd6    0000000e                   : adc.obj (.text:ADCSequenceEnable)
                  0001fde4    0000000e     Audio.obj (.text:Audio_destroy)
                  0001fdf2    0000000e     driverlib.lib : gpio.obj (.text:GPIOIntStatus)
                  0001fe00    0000000e                   : uart.obj (.text:UARTCharGetNonBlocking)
                  0001fe0e    0000000e                   : uart.obj (.text:UARTCharPutNonBlocking)
                  0001fe1c    0000000e     rtsv7M4_T_le_v4SPD16_eabi.lib : typeinfo.c.obj (.text:_ZN10__cxxabiv117__class_type_infoD0Ev)
                  0001fe2a    0000000e                                   : typeinfo.c.obj (.text:_ZN10__cxxabiv120__si_class_type_infoD0Ev)
                  0001fe38    0000000e                                   : typeinfo.c.obj (.text:_ZN10__cxxabiv121__vmi_class_type_infoD0Ev)
                  0001fe46    0000000e                                   : copy_decompress_none.c.obj (.text:decompress:none:__TI_decompress_none)
                  0001fe54    00000004     --HOLE-- [fill = 0]
                  0001fe58    0000000e     sysbios.aem4f : BIOS.obj (.text:ti_sysbios_knl_Idle_loop__E)
                  0001fe66    00000002     --HOLE-- [fill = 0]
                  0001fe68    0000000e                   : BIOS.obj (.text:ti_sysbios_knl_Queue_empty__E)
                  0001fe76    00000002     --HOLE-- [fill = 0]
                  0001fe78    0000000c     MasterController_pem4f.oem4f (.text:.bootCodeSection:ti_catalog_arm_cortexm4_tiva_ce_Boot_init__I)
                  0001fe84    0000000c     drivers_tivaware.aem4f : RingBuf.oem4f (.text:RingBuf_peek)
                  0001fe90    0000000c     driverlib.lib : ssi.obj (.text:SSIDataGet)
                  0001fe9c    0000000c                   : uart.obj (.text:UARTFlowControlSet)
                  0001fea8    0000000c     drivers_tivaware.aem4f : UARTTiva.oem4f (.text:UARTTiva_init)
                  0001feb4    0000000c     game.obj (.text:_ZN6EntityC2Ev)
                  0001fec0    0000000c     game.obj (.text:_ZN6PlayerC2Ev)
                  0001fecc    0000000c     rtsv7M4_T_le_v4SPD16_eabi.lib : new.cpp.obj (.text:_ZSt15get_new_handlerv)
                  0001fed8    0000000c                                   : _lock.c.obj (.text:_register_lock)
                  0001fee4    0000000c                                   : _lock.c.obj (.text:_register_unlock)
                  0001fef0    0000000c                                   : copy_zero_init.c.obj (.text:decompress:ZI:__TI_zero_init)
                  0001fefc    0000000c     Utils.obj (.text:sleep)
                  0001ff08    0000000c     sysbios.aem4f : BIOS.obj (.text:ti_sysbios_family_arm_lm4_Timer_getMaxTicks__E)
                  0001ff14    00000004     --HOLE-- [fill = 0]
                  0001ff18    0000000c                   : BIOS.obj (.text:ti_sysbios_family_arm_lm4_TimestampProvider_startTimer__E)
                  0001ff24    0000000c     MasterController_pem4f.oem4f (.text:ti_sysbios_family_arm_m3_Hwi_Params__init__S)
                  0001ff30    0000000c     sysbios.aem4f : BIOS.obj (.text:ti_sysbios_family_arm_m3_Hwi_disableFxn__E)
                  0001ff3c    00000004     --HOLE-- [fill = 0]
                  0001ff40    0000000c                   : BIOS.obj (.text:ti_sysbios_family_arm_m3_TaskSupport_checkStack__E)
                  0001ff4c    00000004     --HOLE-- [fill = 0]
                  0001ff50    0000000c                   : BIOS.obj (.text:ti_sysbios_family_arm_m3_TaskSupport_getStackAlignment__E)
                  0001ff5c    00000004     --HOLE-- [fill = 0]
                  0001ff60    0000000c                   : BIOS.obj (.text:ti_sysbios_gates_GateHwi_enter__E)
                  0001ff6c    0000000c     MasterController_pem4f.oem4f (.text:ti_sysbios_knl_Clock_Params__init__S)
                  0001ff78    0000000c     sysbios.aem4f : BIOS.obj (.text:ti_sysbios_knl_Clock_getTickPeriod__E)
                  0001ff84    00000004     --HOLE-- [fill = 0]
                  0001ff88    0000000c                   : BIOS.obj (.text:ti_sysbios_knl_Clock_getTicks__E)
                  0001ff94    0000000c     MasterController_pem4f.oem4f (.text:ti_sysbios_knl_Queue_Object__get__S)
                  0001ffa0    0000000c     MasterController_pem4f.oem4f (.text:ti_sysbios_knl_Semaphore_Params__init__S)
                  0001ffac    0000000c     MasterController_pem4f.oem4f (.text:ti_sysbios_knl_Task_Params__init__S)
                  0001ffb8    0000000c     driverlib.lib : udma.obj (.text:uDMAControlBaseSet)
                  0001ffc4    0000000c                   : udma.obj (.text:uDMAErrorStatusClear)
                  0001ffd0    0000000c                   : udma.obj (.text:uDMAErrorStatusGet)
                  0001ffdc    0000000c                   : udma.obj (.text:uDMAIntStatus)
                  0001ffe8    0000000c     ti.targets.arm.rtsarm.aem4f : Error.oem4f (.text:xdc_runtime_Error_init__E)
                  0001fff4    0000000c                                 : Gate.oem4f (.text:xdc_runtime_Gate_enterSystem__E)
                  00020000    0000000c                                 : Memory.oem4f (.text:xdc_runtime_Memory_calloc__E)
                  0002000c    0000000c                                 : Memory.oem4f (.text:xdc_runtime_Memory_getMaxDefaultTypeAlign__E)
                  00020018    0000000a     driverlib.lib : adc.obj (.text:ADCIntClear)
                  00020022    0000000a     drivers_tivaware.aem4f : SPITivaDMA.oem4f (.text:SPITivaDMA_init)
                  0002002c    0000000a     driverlib.lib : ssi.obj (.text:SSIDMADisable)
                  00020036    0000000a                   : ssi.obj (.text:SSIDataPut)
                  00020040    0000000a                   : ssi.obj (.text:SSIDisable)
                  0002004a    0000000a                   : ssi.obj (.text:SSIEnable)
                  00020054    0000000a                   : ssi.obj (.text:SSIIntDisable)
                  0002005e    0000000a     tirtosport.aem4f : SemaphoreP_tirtos.oem4f (.text:SemaphoreP_post)
                  00020068    0000000a     driverlib.lib : uart.obj (.text:UARTCharGet)
                  00020072    0000000a                   : uart.obj (.text:UARTCharPut)
                  0002007c    0000000a                   : uart.obj (.text:UARTIntDisable)
                  00020086    0000000a                   : uart.obj (.text:UARTIntStatus)
                  00020090    0000000a     drivers_tivaware.aem4f : UART.oem4f (.text:UART_read)
                  0002009a    0000000a                            : UART.oem4f (.text:UART_write)
                  000200a4    0000000a     ti.mw.fatfs.aem4f : ffosal.oem4f (.text:ff_del_syncobj)
                  000200ae    0000000a     MasterController_pem4f.oem4f (.text:xdc_runtime_IHeap_alloc)
                  000200b8    0000000a     MasterController_pem4f.oem4f (.text:xdc_runtime_IHeap_free)
                  000200c2    00000008     driverlib.lib : ssi.obj (.text:SSIDMAEnable)
                  000200ca    00000008                   : ssi.obj (.text:SSIIntEnable)
                  000200d2    00000008                   : uart.obj (.text:UARTIntEnable)
                  000200da    00000008                   : uart.obj (.text:UARTRxErrorGet)
                  000200e2    00000008     rtsv7M4_T_le_v4SPD16_eabi.lib : new.cpp.obj (.text:_ZdlPv)
                  000200ea    00000002     --HOLE-- [fill = 0]
                  000200ec    00000008                                   : errno.c.obj (.text:__aeabi_errno_addr)
                  000200f4    00000008     Utils.obj (.text:millis)
                  000200fc    00000008     drivers_tivaware.aem4f : UARTTiva.oem4f (.text:readSemCallback)
                  00020104    00000008     rtsv7M4_T_le_v4SPD16_eabi.lib : rewind.c.obj (.text:rewind)
                  0002010c    00000008     sysbios.aem4f : BIOS.obj (.text:ti_sysbios_family_arm_lm4_Timer_masterDisable__I)
                  00020114    00000004     --HOLE-- [fill = 0]
                  00020118    00000008                   : BIOS.obj (.text:ti_sysbios_family_arm_m3_Hwi_doSwiRestore__I)
                  00020120    00000008                   : BIOS.obj (.text:ti_sysbios_family_arm_m3_Hwi_startup__E)
                  00020128    00000008     drivers_tivaware.aem4f : UARTTiva.oem4f (.text:writeSemCallback)
                  00020130    00000006                            : SPITivaDMA.oem4f (.text:SPITivaDMA_transferCallback)
                  00020136    00000006     driverlib.lib : uart.obj (.text:UARTFIFOLevelSet)
                  0002013c    00000006                   : uart.obj (.text:UARTRxErrorClear)
                  00020142    00000006     rtsv7M4_T_le_v4SPD16_eabi.lib : pure_virt.c.obj (.text:__cxa_pure_virtual)
                  00020148    00000006     ti.mw.fatfs.aem4f : ff.oem4f (.text:lock_fs)
                  0002014e    00000006     Boot.aem4f : Boot_sysctl.oem4f (.text:ti_catalog_arm_cortexm4_tiva_ce_Boot_sysCtlDelayI__I)
                  00020154    00000004     --HOLE-- [fill = 0]
                  00020158    00000006     sysbios.aem4f : BIOS.obj (.text:ti_sysbios_family_arm_lm4_TimestampProvider_Module_startup__E)
                  0002015e    00000002     --HOLE-- [fill = 0]
                  00020160    00000006                   : BIOS.obj (.text:ti_sysbios_family_arm_m3_Hwi_doTaskRestore__I)
                  00020166    00000002     --HOLE-- [fill = 0]
                  00020168    00000006                   : BIOS.obj (.text:ti_sysbios_family_arm_m3_Hwi_restoreFxn__E)
                  0002016e    00000002     --HOLE-- [fill = 0]
                  00020170    00000006                   : BIOS.obj (.text:ti_sysbios_gates_GateHwi_leave__E)
                  00020176    00000002     --HOLE-- [fill = 0]
                  00020178    00000006                   : BIOS.obj (.text:ti_sysbios_heaps_HeapMem_isBlocking__E)
                  0002017e    00000002     --HOLE-- [fill = 0]
                  00020180    00000006                   : BIOS.obj (.text:ti_sysbios_knl_Clock_stop__E)
                  00020186    00000002     --HOLE-- [fill = 0]
                  00020188    00000006                   : BIOS.obj (.text:ti_sysbios_knl_Queue_Instance_init__E)
                  0002018e    00000002     --HOLE-- [fill = 0]
                  00020190    00000006                   : BIOS.obj (.text:ti_sysbios_knl_Swi_startup__E)
                  00020196    00000006     ti.targets.arm.rtsarm.aem4f : System.oem4f (.text:xdc_runtime_System_Module_startup__E)
                  0002019c    00000004     --HOLE-- [fill = 0]
                  000201a0    00000004     sysbios.aem4f : BIOS.obj (.text:ti_sysbios_family_arm_lm4_Timer_getPeriod__E)
                  000201a4    00000004     --HOLE-- [fill = 0]
                  000201a8    00000004                   : BIOS.obj (.text:ti_sysbios_gates_GateHwi_query__E)
                  000201ac    00000004     --HOLE-- [fill = 0]
                  000201b0    00000004                   : BIOS.obj (.text:ti_sysbios_gates_GateMutex_query__E)
                  000201b4    00000004     --HOLE-- [fill = 0]
                  000201b8    00000004                   : BIOS.obj (.text:ti_sysbios_knl_Task_startup__E)
                  000201bc    00000004     --HOLE-- [fill = 0]
                  000201c0    00000002                   : BIOS.obj (.text:ti_sysbios_gates_GateHwi_Instance_init__E)
                  000201c2    00000006     --HOLE-- [fill = 0]
                  000201c8    00000002                   : BIOS.obj (.text:ti_sysbios_knl_Clock_logTick__E)

.const     0    000201cc    000028a0     
                  000201cc    00001885     MasterController_pem4f.oem4f (.const:xdc_runtime_Text_charTab__A)
                  00021a51    000003e8     Audio.obj (.const:soundNames)
                  00021e39    00000101     rtsv7M4_T_le_v4SPD16_eabi.lib : ctype.c.obj (.const:.string:_ctypes_)
                  00021f3a    000000d0     MasterController_pem4f.oem4f (.const:xdc_runtime_Text_nodeTab__A)
                  0002200a    00000002     MasterController_pem4f.oem4f (.const:ti_catalog_arm_cortexm4_tiva_ce_Boot_Module__id__C)
                  0002200c    00000090     driverlib.lib : gpio.obj (.const:g_pui32GPIOBaseAddrs)
                  0002209c    00000078     EK_TM4C123GXL.obj (.const:spiTivaDMAHWAttrs)
                  00022114    00000064     drivers_tivaware.aem4f : SPITivaDMA.oem4f (.const)
                  00022178    00000060     rtsv7M4_T_le_v4SPD16_eabi.lib : mktime.c.obj (.const:$O1$$)
                  000221d8    00000054     drivers_tivaware.aem4f : GPIOTiva.oem4f (.const:.string)
                  0002222c    0000004c                            : UARTTiva.oem4f (.const)
                  00022278    00000048     MasterController_pem4f.oem4f (.const:.string)
                  000222c0    00000048     drivers_tivaware.aem4f : GPIOTiva.oem4f (.const:gpioBaseAddresses)
                  00022308    00000040     Audio.obj (.const:dac_pins)
                  00022348    0000003c     MasterController_pem4f.oem4f (.const:ti_sysbios_knl_Task_Object__PARAMS__C)
                  00022384    00000030     EK_TM4C123GXL.obj (.const:SPI_config)
                  000223b4    00000030     MasterController_pem4f.oem4f (.const:ti_sysbios_family_arm_m3_Hwi_Object__PARAMS__C)
                  000223e4    00000028     drivers_tivaware.aem4f : UARTTiva.oem4f (.const:UARTTiva_fxnTable)
                  0002240c    00000028     MasterController_pem4f.oem4f (.const:ti_sysbios_heaps_HeapMem_Module__FXNS__C)
                  00022434    00000028     MasterController_pem4f.oem4f (.const:xdc_runtime_Startup_sfxnTab__A)
                  0002245c    00000026     rtsv7M4_T_le_v4SPD16_eabi.lib : typeinfo.c.obj (.const:.typeinfo:_ZTSN10__cxxabiv121__vmi_class_type_infoE)
                  00022482    00000025                                   : typeinfo.c.obj (.const:.typeinfo:_ZTSN10__cxxabiv120__si_class_type_infoE)
                  000224a7    00000001     MasterController_pem4f.oem4f (.const:xdc_runtime_Error_policy__C)
                  000224a8    00000024     drivers_tivaware.aem4f : UART.oem4f (.const:UART_defaultParams)
                  000224cc    00000024     EK_TM4C123GXL.obj (.const:sdspiTivaHWattrs)
                  000224f0    00000024     MasterController_pem4f.oem4f (.const:ti_sysbios_gates_GateHwi_Module__FXNS__C)
                  00022514    00000024     MasterController_pem4f.oem4f (.const:ti_sysbios_gates_GateMutex_Module__FXNS__C)
                  00022538    00000024     MasterController_pem4f.oem4f (.const:ti_sysbios_heaps_HeapMem_Object__PARAMS__C)
                  0002255c    00000024     MasterController_pem4f.oem4f (.const:ti_sysbios_knl_Clock_Object__PARAMS__C)
                  00022580    00000024     MasterController_pem4f.oem4f (.const:ti_sysbios_knl_Semaphore_Object__PARAMS__C)
                  000225a4    00000022     rtsv7M4_T_le_v4SPD16_eabi.lib : typeinfo.c.obj (.const:.typeinfo:_ZTSN10__cxxabiv117__class_type_infoE)
[...]
00022898  _ZTIN10__cxxabiv120__si_class_type_infoE                          
000228a4  _ZTIN10__cxxabiv121__vmi_class_type_infoE                         
000228b0  _ZTS7Valvano                                                      
000228ba  ti_sysbios_family_arm_m3_Hwi_Module__id__C                        
000228bc  _ZTI6Entity                                                       
000228c4  _ZTISt9type_info                                                  
000228cc  _ZTS6Entity                                                       
000228d4  _ZTS6Player                                                       
000228dc  SDSPI_defaultParams                                               
000228e4  ti_sysbios_family_arm_m3_Hwi_excHookFuncs__A                      
000228ec  ti_sysbios_knl_Idle_funcList__C                                   
000228f4  xdc_runtime_Startup_firstFxns__C                                  
000228fc  xdc_runtime_Startup_lastFxns__C                                   
0002290b  _ZTS5Kirby                                                        
00022918  ti_catalog_arm_cortexm4_tiva_ce_Boot_A_mustUseEnhancedClockMode__C
0002291c  ti_catalog_arm_cortexm4_tiva_ce_Boot_Module__diagsEnabled__C      
00022920  ti_catalog_arm_cortexm4_tiva_ce_Boot_Module__diagsIncluded__C     
00022924  ti_catalog_arm_cortexm4_tiva_ce_Boot_Module__diagsMask__C         
00022928  ti_sysbios_family_arm_lm4_Timer_enableFunc__C                     
0002292c  ti_sysbios_family_arm_lm4_Timer_numTimerDevices__C                
00022930  ti_sysbios_family_arm_lm4_Timer_startupNeeded__C                  
00022934  ti_sysbios_family_arm_m3_Hwi_E_NMI__C                             
00022938  ti_sysbios_family_arm_m3_Hwi_E_alreadyDefined__C                  
0002293c  ti_sysbios_family_arm_m3_Hwi_E_busFault__C                        
00022940  ti_sysbios_family_arm_m3_Hwi_E_debugMon__C                        
00022944  ti_sysbios_family_arm_m3_Hwi_E_hardFault__C                       
00022948  ti_sysbios_family_arm_m3_Hwi_E_memFault__C                        
0002294c  ti_sysbios_family_arm_m3_Hwi_E_noIsr__C                           
00022950  ti_sysbios_family_arm_m3_Hwi_E_reserved__C                        
00022954  ti_sysbios_family_arm_m3_Hwi_E_svCall__C                          
00022958  ti_sysbios_family_arm_m3_Hwi_E_usageFault__C                      
0002295c  ti_sysbios_family_arm_m3_Hwi_NUM_INTERRUPTS__C                    
00022960  ti_sysbios_family_arm_m3_Hwi_Object__count__C                     
00022964  ti_sysbios_family_arm_m3_Hwi_ccr__C                               
00022968  ti_sysbios_family_arm_m3_Hwi_excHandlerFunc__C                    
0002296c  ti_sysbios_family_arm_m3_Hwi_excHookFuncs__C                      
00022970  ti_sysbios_family_arm_m3_Hwi_nullIsrFunc__C                       
00022974  ti_sysbios_family_arm_m3_Hwi_priGroup__C                          
00022978  ti_sysbios_family_arm_m3_TaskSupport_stackAlignment__C            
0002297c  ti_sysbios_gates_GateMutex_Instance_State_sem__O                  
00022980  ti_sysbios_hal_Hwi_E_stackOverflow__C                             
00022984  ti_sysbios_heaps_HeapMem_E_memory__C                              
00022988  ti_sysbios_heaps_HeapMem_Module__gateObj__C                       
0002298c  ti_sysbios_heaps_HeapMem_Object__count__C                         
00022990  ti_sysbios_heaps_HeapMem_reqAlign__C                              
00022994  ti_sysbios_knl_Clock_Module_State_clockQ__O                       
00022998  ti_sysbios_knl_Idle_funcList__A                                   
0002299c  ti_sysbios_knl_Semaphore_Instance_State_pendQ__O                  
000229a0  ti_sysbios_knl_Swi_Object__count__C                               
000229a4  ti_sysbios_knl_Task_E_spOutOfBounds__C                            
000229a8  ti_sysbios_knl_Task_E_stackOverflow__C                            
000229ac  ti_sysbios_knl_Task_Module_State_inactiveQ__O                     
000229b0  ti_sysbios_knl_Task_Object__count__C                              
000229b4  ti_sysbios_knl_Task_allBlockedFunc__C                             
000229b8  ti_sysbios_knl_Task_defaultStackHeap__C                           
000229bc  ti_sysbios_knl_Task_defaultStackSize__C                           
000229c0  ti_sysbios_knl_Task_numConstructedTasks__C                        
000229c4  xdc_runtime_Assert_E_assertFailed__C                              
000229c8  xdc_runtime_Core_A_initializedParams__C                           
000229cc  xdc_runtime_Core_Module__diagsEnabled__C                          
000229d0  xdc_runtime_Core_Module__diagsIncluded__C                         
000229d4  xdc_runtime_Core_Module__diagsMask__C                             
000229d8  xdc_runtime_Error_E_memory__C                                     
000229dc  xdc_runtime_Error_Module__diagsEnabled__C                         
000229e0  xdc_runtime_Error_Module__diagsIncluded__C                        
000229e4  xdc_runtime_Error_Module__diagsMask__C                            
000229e8  xdc_runtime_Error_Module__loggerFxn8__C                           
000229ec  xdc_runtime_Error_Module__loggerObj__C                            
000229f0  xdc_runtime_Error_policyFxn__C                                    
000229f4  xdc_runtime_Error_raiseHook__C                                    
000229f8  xdc_runtime_IGateProvider_Interface__BASE__C                      
000229fc  xdc_runtime_IHeap_Interface__BASE__C                              
00022a00  xdc_runtime_IModule_Interface__BASE__C                            
00022a04  xdc_runtime_Log_L_error__C                                        
00022a08  xdc_runtime_Memory_defaultHeapInstance__C                         
00022a0c  xdc_runtime_Startup_execImpl__C                                   
00022a10  xdc_runtime_Startup_lastFxns__A                                   
00022a14  xdc_runtime_Startup_maxPasses__C                                  
00022a18  xdc_runtime_Startup_sfxnRts__C                                    
00022a1c  xdc_runtime_Startup_sfxnTab__C                                    
00022a20  xdc_runtime_SysMin_bufSize__C                                     
00022a24  xdc_runtime_SysMin_outputFunc__C                                  
00022a28  xdc_runtime_System_Module__gateObj__C                             
00022a2c  xdc_runtime_System_abortFxn__C                                    
00022a30  xdc_runtime_System_exitFxn__C                                     
00022a34  xdc_runtime_System_extendFxn__C                                   
00022a38  xdc_runtime_System_maxAtexitHandlers__C                           
00022a3c  xdc_runtime_Text_charTab__C                                       
00022a40  xdc_runtime_Text_nameEmpty__C                                     
00022a44  xdc_runtime_Text_nameStatic__C                                    
00022a48  xdc_runtime_Text_nameUnknown__C                                   
00022a4c  xdc_runtime_Text_nodeTab__C                                       
00022a50  xdc_runtime_Text_visitRopeFxn__C                                  
00022a54  ti_sysbios_hal_Hwi_Module__id__C                                  
00022a56  ti_sysbios_heaps_HeapMem_Module__id__C                            
00022a58  ti_sysbios_knl_Task_Module__id__C                                 
00022a5a  xdc_runtime_Core_Module__id__C                                    
00022a5c  xdc_runtime_Error_Module__loggerDefined__C                        
00022a5e  xdc_runtime_Error_maxDepth__C                                     
00022a60  xdc_runtime_Memory_Module__id__C                                  
00022a62  xdc_runtime_SysMin_flushAtExit__C                                 
00022a64  xdc_runtime_Text_charCnt__C                                       
00022a66  xdc_runtime_Text_isLoaded__C                                      
00022a68  xdc_runtime_Text_registryModsLastId__C                            
00022a6a  xdc_runtime_Text_unnamedModsLastId__C                             
00022a6c  SHT$$INIT_ARRAY$$Base                                             
00022a74  SHT$$INIT_ARRAY$$Limit                                            
00022a78  __TI_static_base__                                                
00022d08  __TI_Handler_Table_Base                                           
00022d14  __TI_Handler_Table_Limit                                          
00022d28  __TI_CINIT_Base                                                   
00022d40  __TI_CINIT_Limit                                                  
20000000  __start___llvm_prf_cnts                                           
20000000  __stop___llvm_prf_cnts                                            
20000000  ti_sysbios_family_arm_m3_Hwi_ramVectors                           
20000400  stack                                                             
20001b70  audioFIFOBuffer                                                   
20002b70  readBuffer                                                        
20003370  ti_sysbios_heaps_HeapMem_Instance_State_0_buf__A                  
20003b70  kirby1                                                            
20004200  kirby2                                                            
20004890  valvano1                                                          
20004d80  valvano2                                                          
20005270  gameandwatch1                                                     
20005710  gameandwatch2                                                     
20005bb0  ti_sysbios_family_arm_m3_Hwi_dispatchTable                        
20005f10  hitboxManager                                                     
200061ec  sdspiTivaObjects                                                  
20006430  ti_sysbios_knl_Task_Instance_State_0_stack__A                     
20006630  __CIOBUF_                                                         
20006750  __TI_tmpnams                                                      
20006a00  spiTivaDMAObjects                                                 
20006ae4  uartTivaObjects                                                   
20006bb0  audioSlots                                                        
20006d00  xdc_runtime_SysMin_Module_State_0_outbuf__A                       
20006d80  taskStruct                                                        
20006dd0  UARTBuffer                                                        
20006e04  Audio_sdspiHandle                                                 
20006e08  characterMenu                                                     
20006f68  stageMenu                                                         
20006f90  stage                                                             
20006fb8  uartParams                                                        
20006fdc  uartTivaRingBuffer                                                
20007028  Audio_sdspiParams                                                 
20007030  loopsCompleted                                                    
20007038  parmbuf                                                           
20007040  spiTivaDMAscratchBuf                                              
2000704c  UARTReceiveBuffer                                                 
20007050  animationsUpdated                                                 
20007058  p1                                                                
2000705c  p2                                                                
20007060  uart                                                              
20007064  winScreen                                                         
2000706a  acknowledged                                                      
2000706b  btn1_a                                                            
2000706c  btn1_b                                                            
2000706d  btn1_l                                                            
2000706e  btn1_r                                                            
2000706f  btn1_start                                                        
20007070  btn2_a                                                            
20007071  btn2_b                                                            
20007072  btn2_l                                                            
20007073  btn2_r                                                            
20007074  btn2_start                                                        
20007075  countdown                                                         
20007076  english                                                           
20007077  frameIndex                                                        
20007078  frameLength                                                       
20007079  gameOver                                                          
2000707a  p1char                                                            
2000707b  p2char                                                            
2000707c  skipNextUpdate                                                    
2000707d  stageToPlay                                                       
2000707e  winner                                                            
2000707f  winningCharacter                                                  
20007080  writeComplete                                                     
20007088  _ftable                                                           
20007178  ti_sysbios_family_arm_lm4_Timer_Object__table__V                  
20007238  ti_sysbios_knl_Swi_Module_State_0_readyQ__A                       
200072b8  ti_sysbios_knl_Task_Module_State_0_readyQ__A                      
20007338  _device                                                           
200073b0  _stream                                                           
20007450  ti_sysbios_knl_Task_Object__table__V                              
2000749c  ti_sysbios_family_arm_m3_Hwi_Object__table__V                     
200074e4  ti_sysbios_knl_Task_Module__state__V                              
20007528  ti_sysbios_gates_GateMutex_Object__table__V                       
20007560  ti_sysbios_family_arm_m3_Hwi_Module__state__V                     
20007594  ti_sysbios_family_arm_lm4_Timer_Module_State_0_device__A          
200075c4  ti_sysbios_knl_Swi_Object__table__V                               
200075f4  ti_sysbios_knl_Clock_Module__state__V                             
20007644  ti_sysbios_BIOS_Module__state__V                                  
20007668  joystick1_h                                                       
20007670  joystick1_v                                                       
20007678  joystick2_h                                                       
20007680  joystick2_v                                                       
20007688  ti_sysbios_knl_Swi_Module__state__V                               
200076a8  FIFO_Start                                                        
200076ac  FIFO_Max_Size                                                     
200076b0  numAudio                                                          
200076b4  samplesPlayed                                                     
200076b8  ISRSkipTime                                                       
200076c0  ti_sysbios_family_arm_lm4_Timer_Module_State_0_handles__A         
200076d8  ti_sysbios_heaps_HeapMem_Object__table__V                         
200076f0  inCharMenu                                                        
200076f1  inStageSelect                                                     
200076f2  inWinScreen                                                       
200076f3  backgroundAudioHandle                                             
200076f4  countdownAudioHandle                                              
200076f5  gameEndAudioHandle                                                
200076f8  x                                                                 
200076fc  y                                                                 
20007700  lastUpdate                                                        
20007704  gpioPinConfigs                                                    
20007718  _tz                                                               
20007728  __TI_ft_end                                                       
2000772c  __aeabi_stdin                                                     
20007730  __aeabi_stdout                                                    
20007734  __aeabi_stderr                                                    
20007738  __TI_cleanup_ptr                                                  
2000773c  __TI_dtors_ptr                                                    
20007740  __TI_enable_exit_profile_output                                   
20007744  ti_sysbios_family_arm_lm4_Timer_Module__state__V                  
20007750  xdc_runtime_SysMin_Module__state__V                               
2000775c  _lock                                                             
20007760  _unlock                                                           
20007764  gpioCallbackFunctions                                             
2000776c  ti_sysbios_family_arm_lm4_Seconds_Module__state__V                
20007774  ti_sysbios_family_arm_lm4_TimestampProvider_Module__state__V      
2000777c  ti_sysbios_family_arm_m3_Hwi_Module__root__V                      
20007784  ti_sysbios_gates_GateHwi_Module__root__V                          
2000778c  ti_sysbios_gates_GateMutex_Module__root__V                        
20007794  ti_sysbios_heaps_HeapMem_Module__root__V                          
2000779c  ti_sysbios_knl_Clock_Module__root__V                              
200077a4  ti_sysbios_knl_Queue_Module__root__V                              
200077ac  ti_sysbios_knl_Semaphore_Module__root__V                          
200077b4  ti_sysbios_knl_Task_Module__root__V                               
200077bc  xdc_runtime_Registry_Module__state__V                             
200077c4  xdc_runtime_Startup_Module__state__V                              
200077cc  xdc_runtime_System_Module_State_0_atexitHandlers__A               
200077d4  xdc_runtime_System_Module__state__V                               
200077e2  ti_sysbios_family_arm_m3_Hwi_Module_State_0_excActive__A          
200077f4  errno                                                             
20007804  main_func_sp                                                      
2000780c  ti_sysbios_family_arm_m3_Hwi_Module_State_0_excContext__A         
20007810  ti_sysbios_family_arm_m3_Hwi_Module_State_0_excStack__A           
20007814  ti_sysbios_gates_GateHwi_Object__table__V                         
20007818  ti_sysbios_knl_Task_Module_State_0_idleTask__A                    
2000781c  xdc_runtime_Memory_Module__state__V                               
20007820  xdc_runtime_Error_Module__state__V                                
20007822  seedSet                                                           
20007828  __stack                                                           
20007b28  __STACK_END                                                       
e000e000  ti_sysbios_family_arm_m3_Hwi_nvic                                 
ffffffff  __TI_pprof_out_hndl                                               
ffffffff  __TI_prof_data_size                                               
ffffffff  __TI_prof_data_start                                              
ffffffff  __binit__                                                         
ffffffff  __c_args__                                                        
ffffffff  binit                                                             

[1035 symbols]
