******************************************************************************
                  TI ARM Linker PC v19.6.0                     
******************************************************************************
>> Linked Sun May  3 22:26:33 2020

OUTPUT FILE NAME:   <MasterController.out>
ENTRY POINT SYMBOL: "_c_int00"  address: 00017e7d


MEMORY CONFIGURATION

         name            origin    length      used     unused   attr    fill
----------------------  --------  ---------  --------  --------  ----  --------
  FLASH                 00000000   00040000  0001df9e  00022062  R  X
  SRAM                  20000000   00008000  00007ce0  00000320  RW X


SEGMENT ALLOCATION MAP

run origin  load origin   length   init length attrs members
----------  ----------- ---------- ----------- ----- -------
00000000    00000000    0001dfa8   0001dfa8    r-x
  00000000    00000000    0000003c   0000003c    r-- .resetVecs
  00000040    00000040    0001b372   0001b372    r-x .text
  0001b3b4    0001b3b4    00002918   00002918    r-- .const
  0001dccc    0001dccc    00000008   00000008    r-- .init_array
  0001dcd8    0001dcd8    000002d0   000002d0    r-- .cinit
20000000    20000000    00000360   00000000    rw-
  20000000    20000000    00000360   00000000    rw- .vecs
20000400    20000400    00004526   00000000    rw-
  20000400    20000400    00004526   00000000    rw- .data
20004940    20004940    00003460   00000000    rw-
  20004940    20004940    0000315a   00000000    rw- .bss
  20007aa0    20007aa0    00000300   00000000    rw- .stack


SECTION ALLOCATION MAP

 output                                  attributes/
section   page    origin      length       input sections
--------  ----  ----------  ----------   ----------------
.text      0    00000040    0001b372     
                  00000040    000055b8     kirby.obj (.text:_ZN5Kirby11controlLoopEffbbbP5StageP13HitboxManager)
                  000055f8    00003060     gameandwatch.obj (.text:_ZN12GameandWatch11controlLoopEffbbbP5StageP13HitboxManager)
                  00008658    00002c72     game.obj (.text:__sti___8_game_cpp_92acbeeb)
                  0000b2ca    00000002     drivers_tivaware.aem4f : SPITivaDMA.oem4f (.text:SPITivaDMA_serviceISR)
                  0000b2cc    0000232c     valvano.obj (.text:_ZN7Valvano11controlLoopEffbbbP5StageP13HitboxManager)
                  0000d5f8    00000df8     start.obj (.text:_Z5startjj)
                  0000e3f0    000005e0     game.obj (.text:_Z7startupv)
                  0000e9d0    00000558     charactermenu.obj (.text:_ZN13CharacterMenu4loopEddddbbbbbPFvaaE)
                  0000ef28    00000430     sysbios.aem4f : BIOS.obj (.text:ti_sysbios_family_arm_m3_Hwi_excDumpRegs__I)
                  0000f358    000003f8     stage.obj (.text:_ZN5Stage5floorEdd)
                  0000f750    00000382     collider.obj (.text:_ZN6Hitbox11isCollidingE7Hurtbox)
                  0000fad2    00000002     rtsv7M4_T_le_v4SPD16_eabi.lib : typeinfo.c.obj (.text:_ZN10__cxxabiv117__class_type_infoD1Ev)
                  0000fad4    0000034c     ti.targets.arm.rtsarm.aem4f : System.oem4f (.text:xdc_runtime_System_doPrint__I)
                  0000fe20    00000330     start.obj (.text:main)
                  00010150    0000032c     kirby.obj (.text:_ZN5Kirby7collideEP7HurtboxP6Player)
                  0001047c    00000324     ti.mw.fatfs.aem4f : ff.oem4f (.text:find_volume)
                  000107a0    00000308     stage.obj (.text:_ZN5Stage10onPlatformEdd)
                  00010aa8    000002a0     rtsv7M4_T_le_v4SPD16_eabi.lib : mktime.c.obj (.text:__mktime32)
                  00010d48    0000029c     gameandwatch.obj (.text:_ZN12GameandWatch7collideEP7HurtboxP6Player)
                  00010fe4    00000230     valvano.obj (.text:_ZN7Valvano7collideEP7HurtboxP6Player)
                  00011214    0000020c     drivers_tivaware.aem4f : UARTTiva.oem4f (.text:UARTTiva_open)
                  00011420    0000020c     stagemenu.obj (.text:_ZN9StageMenu4loopEddddbPFvabE)
                  0001162c    000001f4     drivers_tivaware.aem4f : SDSPITiva.oem4f (.text:SDSPITiva_diskInitialize)
                  00011820    000001f4     sysbios.aem4f : BIOS.obj (.text:ti_sysbios_family_arm_m3_Hwi_excHandlerMax__I)
                  00011a14    000001d8     rtsv7M4_T_le_v4SPD16_eabi.lib : fread.c.obj (.text:fread)
                  00011bec    000001b6                                   : fd_add_t2.asm.obj (.text)
                  00011da2    00000002                                   : _lock.c.obj (.text:_nop)
                  00011da4    000001b0                                   : fopen.c.obj (.text:_openfile$20)
                  00011f54    000001ac     stage.obj (.text:_ZN5Stage10rightBoundEdd)
                  00012100    000001a4     ti.mw.fatfs.aem4f : ff.oem4f (.text:f_write)
                  000122a4    00000198     stage.obj (.text:_ZN5Stage9leftBoundEdd)
                  0001243c    00000178     Audio.obj (.text:ReadSDFIFO)
                  000125b4    00000178     ti.mw.fatfs.aem4f : ff.oem4f (.text:f_read)
                  0001272c    00000004     driverlib.lib : ssi.obj (.text:SSIIntClear)
                  00012730    00000174     sysbios.aem4f : BIOS.obj (.text:ti_sysbios_family_arm_m3_Hwi_excBusFault__I)
                  000128a4    00000164     ti.mw.fatfs.aem4f : ff.oem4f (.text:f_open)
                  00012a08    00000164     sysbios.aem4f : BIOS.obj (.text:ti_sysbios_family_arm_m3_Hwi_excUsageFault__I)
                  00012b6c    0000015a     ti.mw.fatfs.aem4f : ff.oem4f (.text:f_lseek)
                  00012cc6    00000002     rtsv7M4_T_le_v4SPD16_eabi.lib : div0.asm.obj (.text)
                  00012cc8    00000150     drivers_tivaware.aem4f : GPIOTiva.oem4f (.text:GPIO_setConfig)
                  00012e18    00000148     sysbios.aem4f : BIOS.obj (.text:ti_sysbios_family_arm_m3_Hwi_excMemFault__I)
                  00012f60    00000144     stage.obj (.text:__sti___9_stage_cpp_6dd9fa0e)
                  000130a4    00000004     driverlib.lib : uart.obj (.text:UARTIntClear)
                  000130a8    00000138     sysbios.aem4f : BIOS.obj (.text:ti_sysbios_knl_Semaphore_pend__E)
                  000131e0    00000136     rtsv7M4_T_le_v4SPD16_eabi.lib : fd_div_t2.asm.obj (.text)
                  00013316    00000002     MasterController_pem4f.oem4f (.text:ti_sysbios_BIOS_nullFunc__I)
                  00013318    00000134     rtsv7M4_T_le_v4SPD16_eabi.lib : localtim.c.obj (.text:__localtime32)
                  0001344c    00000130     driverlib.lib : gpio.obj (.text:GPIOPadConfigSet)
                  0001357c    00000123     ti.mw.fatfs.aem4f : ff.oem4f (.text:create_name)
                  0001369f    00000001     --HOLE-- [fill = 0]
                  000136a0    00000118     ti.targets.arm.rtsarm.aem4f : Error.oem4f (.text:xdc_runtime_Error_policyDefault__E)
                  000137b8    00000114     Audio.obj (.text:Audio_playAudio)
                  000138cc    00000108     drivers_tivaware.aem4f : SDSPITiva.oem4f (.text:SDSPITiva_open)
                  000139d4    00000004     rtsv7M4_T_le_v4SPD16_eabi.lib : typeinfo.c.obj (.text:_ZN10__cxxabiv120__si_class_type_infoD1Ev)
                  000139d8    00000108     sysbios.aem4f : BIOS.obj (.text:ti_sysbios_family_arm_lm4_Timer_start__E)
                  00013ae0    00000100     Boot.aem4f : Boot_sysctl.oem4f (.text:ti_catalog_arm_cortexm4_tiva_ce_Boot_sysCtlClockSetI__I)
                  00013be0    00000100     ti.targets.arm.rtsarm.aem4f : Core-mem.oem4f (.text:xdc_runtime_Core_createObject__I)
                  00013ce0    000000fe     ti.mw.fatfs.aem4f : ff.oem4f (.text:f_rename)
                  00013dde    00000002     MasterController_pem4f.oem4f (.text:xdc_runtime_Startup_reset__I)
                  00013de0    000000fc     Audio.obj (.text:audioISR)
                  00013edc    000000fc     rtsv7M4_T_le_v4SPD16_eabi.lib : fd_mul_t2.asm.obj (.text)
                  00013fd8    000000fa     ti.mw.fatfs.aem4f : ff.oem4f (.text:dir_next)
                  000140d2    00000002     --HOLE-- [fill = 0]
                  000140d4    000000f8     kirby.obj (.text:_ZN5Kirby5resetEv)
                  000141cc    000000f8     ti.targets.arm.rtsarm.aem4f : Startup.oem4f (.text:xdc_runtime_Startup_startMods__I)
                  000142c4    000000f8     MasterController_pem4f.oem4f (.text:xdc_runtime_System_printfExtend__I)
                  000143bc    000000f4     drivers_tivaware.aem4f : SDSPITiva.oem4f (.text:SDSPITiva_diskIOctrl)
                  000144b0    000000f4     sysbios.aem4f : m3_Hwi_asm.obj (.text:ti_sysbios_family_arm_m3_Hwi_dispatch__I)
                  000145a4    000000ec     ti.mw.fatfs.aem4f : ff.oem4f (.text:put_fat)
                  00014690    000000e8     drivers_tivaware.aem4f : SDSPITiva.oem4f (.text:SDSPITiva_diskWrite)
                  00014778    000000e0     stagemenu.obj (.text:_ZN9StageMenu8getStageEdd)
                  00014858    000000d8     drivers_tivaware.aem4f : SPITivaDMA.oem4f (.text:SPITivaDMA_open)
                  00014930    000000d6     ti.mw.fatfs.aem4f : ff.oem4f (.text:get_fat)
                  00014a06    00000002     --HOLE-- [fill = 0]
                  00014a08    000000d4     rtsv7M4_T_le_v4SPD16_eabi.lib : setvbuf.c.obj (.text:setvbuf)
                  00014adc    00000004                                   : typeinfo.c.obj (.text:_ZN10__cxxabiv121__vmi_class_type_infoD1Ev)
                  00014ae0    000000d4     sysbios.aem4f : BIOS.obj (.text:ti_sysbios_heaps_HeapMem_alloc__E)
                  00014bb4    000000d0     stagemenu.obj (.text:_ZN9StageMenu11getLanguageEdd)
                  00014c84    00000004     rtsv7M4_T_le_v4SPD16_eabi.lib : new.cpp.obj (.text:_ZdlPvj)
                  00014c88    000000cc     sysbios.aem4f : BIOS.obj (.text:ti_sysbios_knl_Task_Instance_init__E)
                  00014d54    000000cc     ti.targets.arm.rtsarm.aem4f : Core-smem.oem4f (.text:xdc_runtime_Core_constructObject__I)
                  00014e20    000000c8     sysbios.aem4f : BIOS.obj (.text:ti_sysbios_knl_Task_sleep__E)
                  00014ee8    000000c6     drivers_tivaware.aem4f : SDSPITiva.oem4f (.text:send_cmd)
                  00014fae    000000c2     collider.obj (.text:_ZN13HitboxManager20addHurtboxFullConfigEffb7Hurtboxhb)
                  00015070    000000c0     drivers_tivaware.aem4f : SDSPITiva.oem4f (.text:SDSPITiva_diskRead)
                  00015130    000000c0                            : SPITivaDMA.oem4f (.text:SPITivaDMA_configDMA)
                  000151f0    000000bc     rtsv7M4_T_le_v4SPD16_eabi.lib : fclose.c.obj (.text:__TI_closefile)
                  000152ac    00000004                                   : new.cpp.obj (.text:_Znaj)
                  000152b0    000000bc     sysbios.aem4f : BIOS.obj (.text:ti_sysbios_family_arm_m3_Hwi_excDebugMon__I)
                  0001536c    00000004     rtsv7M4_T_le_v4SPD16_eabi.lib : exit.c.obj (.text:abort:abort)
                  00015370    000000bc     sysbios.aem4f : BIOS.obj (.text:ti_sysbios_family_arm_m3_Hwi_excHardFault__I)
                  0001542c    00000004     ti.mw.fatfs.aem4f : ffosal.oem4f (.text:ff_rel_grant)
                  00015430    000000bc     sysbios.aem4f : BIOS.obj (.text:ti_sysbios_knl_Task_Instance_finalize__E)
                  000154ec    000000b8     ti.mw.fatfs.aem4f : ffcio.oem4f (.text:ffcio_open)
                  000155a4    000000b4                       : ff.oem4f (.text:sync_fs)
                  00015658    000000b4     sysbios.aem4f : BIOS.obj (.text:ti_sysbios_knl_Task_checkStacks__E)
                  0001570c    000000ac     rtsv7M4_T_le_v4SPD16_eabi.lib : add_device.c.obj (.text:add_device)
                  000157b8    000000ac     drivers_tivaware.aem4f : UARTTiva.oem4f (.text:readTaskBlocking)
                  00015864    00000004     ti.mw.fatfs.aem4f : diskio.oem4f (.text:get_fattime)
                  00015868    000000ac     sysbios.aem4f : BIOS.obj (.text:ti_sysbios_family_arm_lm4_Timer_enableTiva__I)
                  00015914    000000a8     ti.mw.fatfs.aem4f : ff.oem4f (.text:create_chain)
                  000159bc    000000a4     drivers_tivaware.aem4f : SPITivaDMA.oem4f (.text:SPITivaDMA_initHw)
                  00015a60    000000a4     ti.mw.fatfs.aem4f : ff.oem4f (.text:f_unlink)
                  00015b04    000000a0     UART.obj (.text:UART_sendAnimation)
                  00015ba4    000000a0     auto_init.aem4f : auto_init.oem4f (.text)
                  00015c44    000000a0     drivers_tivaware.aem4f : SDSPITiva.oem4f (.text:rcvr_datablock)
                  00015ce4    000000a0     ti.targets.arm.rtsarm.aem4f : Text.oem4f (.text:xdc_runtime_Text_putMod__E)
                  00015d84    0000009c     ti.mw.fatfs.aem4f : ff.oem4f (.text:f_sync)
                  00015e20    0000009c     rtsv7M4_T_le_v4SPD16_eabi.lib : memcpy_t2.asm.obj (.text)
                  00015ebc    0000009a     ti.targets.arm.rtsarm.aem4f : Text.oem4f (.text:xdc_runtime_Text_putSite__E)
                  00015f56    0000009a     drivers_tivaware.aem4f : SDSPITiva.oem4f (.text:xmit_datablock)
                  00015ff0    00000098                            : UARTTiva.oem4f (.text:UARTTiva_readPolling)
                  00016088    00000098     Boot.aem4f : Boot.oem4f (.text:ti_catalog_arm_cortexm4_tiva_ce_Boot_sysCtlClockSet__E)
                  00016120    00000096     rtsv7M4_T_le_v4SPD16_eabi.lib : ull_div_t2.asm.obj (.text)
                  000161b6    00000094     drivers_tivaware.aem4f : UARTTiva.oem4f (.text:UARTTiva_write)
                  0001624a    00000002     --HOLE-- [fill = 0]
                  0001624c    00000094     gameandwatch.obj (.text:_ZN12GameandWatch5resetEv)
                  000162e0    00000094     rtsv7M4_T_le_v4SPD16_eabi.lib : fopen.c.obj (.text:fopen)
                  00016374    00000004     MasterController_pem4f.oem4f (.text:ti_sysbios_BIOS_RtsGateProxy_enter__E)
                  00016378    00000094     sysbios.aem4f : BIOS.obj (.text:ti_sysbios_family_arm_m3_Hwi_Instance_init__E)
                  0001640c    00000004     MasterController_pem4f.oem4f (.text:ti_sysbios_BIOS_RtsGateProxy_leave__E)
                  00016410    00000094     sysbios.aem4f : BIOS.obj (.text:ti_sysbios_family_arm_m3_Hwi_initNVIC__E)
                  000164a4    00000090     charactermenu.obj (.text:_ZN13CharacterMenu12getCharacterEdd)
                  00016534    00000090     stage.obj (.text:_ZN5Stage9getStartYEh)
                  000165c4    0000008c     drivers_tivaware.aem4f : GPIOTiva.oem4f (.text:GPIO_init)
                  00016650    0000008c                            : UARTTiva.oem4f (.text:UARTTiva_control)
                  000166dc    0000008c     sysbios.aem4f : m3_TaskSupport_asm.obj (.text:ti_sysbios_family_arm_m3_TaskSupport_buildTaskStack)
                  00016768    0000008c                   : BIOS.obj (.text:ti_sysbios_knl_Task_postInit__I)
                  000167f4    0000008a     drivers_tivaware.aem4f : UARTTiva.oem4f (.text:readIsrTextBlocking)
                  0001687e    00000002     --HOLE-- [fill = 0]
                  00016880    00000088     EK_TM4C123GXL.obj (.text:EK_TM4C123GXL_initDMA)
                  00016908    00000086     rtsv7M4_T_le_v4SPD16_eabi.lib : fd_cmp_t2.asm.obj (.text:__aeabi_cdcmple)
                  0001698e    00000086                                   : fd_cmp_t2.asm.obj (.text:__aeabi_cdrcmple)
                  00016a14    00000004     sysbios.aem4f : BIOS.obj (.text:ti_sysbios_family_arm_lm4_Timer_masterEnable__I)
                  00016a18    00000084                   : BIOS.obj (.text:ti_sysbios_family_arm_lm4_Timer_getExpiredCounts__E)
                  00016a9c    00000004     MasterController_pem4f.oem4f (.text:ti_sysbios_family_arm_m3_Hwi_destruct)
                  00016aa0    00000084     sysbios.aem4f : BIOS.obj (.text:ti_sysbios_family_arm_m3_Hwi_postInit__I)
                  00016b24    00000084     driverlib.lib : udma.obj (.text:uDMAChannelTransferSet)
                  00016ba8    00000082     drivers_tivaware.aem4f : UARTTiva.oem4f (.text:readIsrTextCallback)
                  00016c2a    0000007e     ti.mw.fatfs.aem4f : ff.oem4f (.text:dir_sdi)
                  00016ca8    0000007c                       : ff.oem4f (.text:f_mount)
                  00016d24    00000004     MasterController_pem4f.oem4f (.text:ti_sysbios_family_arm_m3_TaskSupport_Module__startupDone__S)
                  00016d28    0000007c     sysbios.aem4f : BIOS.obj (.text:ti_sysbios_heaps_HeapMem_free__E)
                  00016da4    0000007a     driverlib.lib : adc.obj (.text:ADCSequenceStepConfigure)
                  00016e1e    0000007a     drivers_tivaware.aem4f : UARTTiva.oem4f (.text:readTaskCallback)
                  00016e98    0000007a     rtsv7M4_T_le_v4SPD16_eabi.lib : memset_t2.asm.obj (.text)
                  00016f12    00000002     --HOLE-- [fill = 0]
                  00016f14    00000078     Audio.obj (.text:Audio_play)
                  00016f8c    00000078     valvano.obj (.text:_ZN7Valvano5resetEv)
                  00017004    00000074     ti.mw.fatfs.aem4f : ff.oem4f (.text:check_fs)
                  00017078    00000070     stage.obj (.text:_ZN5Stage4ceilEdd)
                  000170e8    00000070     rtsv7M4_T_le_v4SPD16_eabi.lib : fseek.c.obj (.text:fseek)
                  00017158    00000070     sysbios.aem4f : BIOS.obj (.text:ti_sysbios_knl_Clock_workFunc__E)
                  000171c8    00000070                   : BIOS.obj (.text:ti_sysbios_knl_Task_exit__E)
                  00017238    0000006e     rtsv7M4_T_le_v4SPD16_eabi.lib : fd_tos_t2.asm.obj (.text)
                  000172a6    0000006e                                   : ll_div_t2.asm.obj (.text)
                  00017314    0000006d     ti.targets.arm.rtsarm.aem4f : System.oem4f (.text:xdc_runtime_System_formatNum__I)
                  00017381    00000001     --HOLE-- [fill = 0]
                  00017382    00000006     Audio.obj (.text:Audio_destroy)
                  00017388    0000006c     sysbios.aem4f : BIOS.obj (.text:ti_sysbios_knl_Swi_restoreHwi__E)
                  000173f4    0000006c     drivers_tivaware.aem4f : UARTTiva.oem4f (.text:writeData)
                  00017460    0000006c     ti.targets.arm.rtsarm.aem4f : Error.oem4f (.text:xdc_runtime_Error_print__E)
                  000174cc    0000006c                                 : Memory.oem4f (.text:xdc_runtime_Memory_alloc__E)
                  00017538    0000006a     collider.obj (.text:_ZN13HitboxManager10addHurtboxEffb7Hurtboxhf)
                  000175a2    00000002     --HOLE-- [fill = 0]
                  000175a4    00000068     rtsv7M4_T_le_v4SPD16_eabi.lib : hostlseek.c.obj (.text:HOSTlseek)
                  0001760c    00000068     stage.obj (.text:_ZN5Stage9getStartXEh)
                  00017674    00000068     rtsv7M4_T_le_v4SPD16_eabi.lib : fflush.c.obj (.text:__TI_doflush)
                  000176dc    00000068                                   : copy_decompress_lzss.c.obj (.text:decompress:lzss:__TI_decompress_lzss)
                  00017744    00000066     ti.targets.arm.rtsarm.aem4f : Core-mem.oem4f (.text:xdc_runtime_Core_deleteObject__I)
                  000177aa    00000002     --HOLE-- [fill = 0]
                  000177ac    00000064     drivers_tivaware.aem4f : GPIOTiva.oem4f (.text:GPIO_hwiIntFxn)
                  00017810    00000064     rtsv7M4_T_le_v4SPD16_eabi.lib : hostrename.c.obj (.text:HOSTrename)
                  00017874    00000064     ti.mw.fatfs.aem4f : ff.oem4f (.text:follow_path)
                  000178d8    00000064     sysbios.aem4f : BIOS.obj (.text:ti_sysbios_family_arm_lm4_Timer_Module_startup__E)
                  0001793c    00000064     MasterController_pem4f.oem4f (.text:ti_sysbios_family_arm_m3_Hwi_create)
                  000179a0    00000064     sysbios.aem4f : BIOS.obj (.text:ti_sysbios_family_arm_m3_Hwi_dispatchC__I)
                  00017a04    00000004     MasterController_pem4f.oem4f (.text:ti_sysbios_heaps_HeapMem_Module_GateProxy_enter__E)
                  00017a08    00000064     sysbios.aem4f : BIOS.obj (.text:ti_sysbios_knl_Semaphore_post__E)
                  00017a6c    00000062     drivers_tivaware.aem4f : SPITivaDMA.oem4f (.text:SPITivaDMA_transfer)
                  00017ace    00000002     --HOLE-- [fill = 0]
                  00017ad0    00000060     sysbios.aem4f : BIOS.obj (.text:ti_sysbios_knl_Task_schedule__I)
                  00017b30    0000005e     drivers_tivaware.aem4f : UARTTiva.oem4f (.text:readIsrBinaryBlocking)
                  00017b8e    0000005e     ti.mw.fatfs.aem4f : ff.oem4f (.text:remove_chain)
                  00017bec    0000005c     rtsv7M4_T_le_v4SPD16_eabi.lib : hostopen.c.obj (.text:HOSTopen)
                  00017c48    0000005c     sysbios.aem4f : BIOS.obj (.text:ti_sysbios_knl_Swi_run__I)
                  00017ca4    00000004     MasterController_pem4f.oem4f (.text:ti_sysbios_heaps_HeapMem_Module_GateProxy_leave__E)
                  00017ca8    0000005c     sysbios.aem4f : BIOS.obj (.text:ti_sysbios_knl_Swi_schedule__I)
                  00017d04    00000004     MasterController_pem4f.oem4f (.text:ti_sysbios_knl_Clock_TimerProxy_getMaxTicks__E)
                  00017d08    0000005c     sysbios.aem4f : BIOS.obj (.text:ti_sysbios_knl_Task_Module_startup__E)
                  00017d64    00000004     MasterController_pem4f.oem4f (.text:ti_sysbios_knl_Clock_TimerProxy_getPeriod__E)
                  00017d68    0000005c     sysbios.aem4f : BIOS.obj (.text:ti_sysbios_knl_Task_startCore__E)
                  00017dc4    0000005c     drivers_tivaware.aem4f : SDSPITiva.oem4f (.text:wait_ready)
                  00017e20    0000005b     ti.targets.arm.rtsarm.aem4f : Text.oem4f (.text:xdc_runtime_Text_putLab__E)
                  00017e7b    00000001     --HOLE-- [fill = 0]
                  00017e7c    00000058     boot.aem4f : boot.oem4f (.text)
                  00017ed4    00000058     rtsv7M4_T_le_v4SPD16_eabi.lib : hostread.c.obj (.text:HOSTread)
                  00017f2c    00000058     tirtosport.aem4f : SemaphoreP_tirtos.oem4f (.text:SemaphoreP_create)
                  00017f84    00000058     rtsv7M4_T_le_v4SPD16_eabi.lib : vec_newdel.c.obj (.text:_ZN34_INTERNAL_12_vec_newdel_c_8a08d4a517array_new_generalEPvijjS0_PFYS0_S0_ES2_PFYS0_jEPFYvS0_Eii$17)
                  00017fdc    00000004     MasterController_pem4f.oem4f (.text:ti_sysbios_knl_Clock_destruct)
                  00017fe0    00000058     sysbios.aem4f : BIOS.obj (.text:ti_sysbios_family_arm_lm4_TimestampProvider_get32__E)
                  00018038    00000058     MasterController_pem4f.oem4f (.text:ti_sysbios_family_arm_m3_Hwi_construct)
                  00018090    00000058     sysbios.aem4f : m3_Hwi_asm_switch.obj (.text:ti_sysbios_family_arm_m3_Hwi_initStacks__E)
                  000180e8    00000056     driverlib.lib : gpio.obj (.text:GPIOIntTypeSet)
                  0001813e    00000056     ti.mw.fatfs.aem4f : ff.oem4f (.text:dir_read)
                  00018194    00000054     rtsv7M4_T_le_v4SPD16_eabi.lib : hostwrite.c.obj (.text:HOSTwrite)
                  000181e8    00000054     kirby.obj (.text:_ZN5Kirby16updateLastValuesEffbbb)
                  0001823c    00000054     drivers_tivaware.aem4f : UARTTiva.oem4f (.text:readIsrBinaryCallback)
                  00018290    00000054     ti.mw.fatfs.aem4f : ff.oem4f (.text:sync_window)
                  000182e4    00000004     MasterController_pem4f.oem4f (.text:ti_sysbios_knl_Queue_destruct)
                  000182e8    00000054     sysbios.aem4f : BIOS.obj (.text:ti_sysbios_family_arm_lm4_Timer_initDevice__I)
                  0001833c    00000054     MasterController_pem4f.oem4f (.text:ti_sysbios_knl_Task_construct)
                  00018390    00000054     ti.targets.arm.rtsarm.aem4f : Assert.oem4f (.text:xdc_runtime_Assert_raise__I)
                  000183e4    00000050     Audio.obj (.text:Audio_destroyAudio)
                  00018434    00000050     drivers_tivaware.aem4f : GPIOTiva.oem4f (.text:GPIO_setCallback)
                  00018484    00000050     driverlib.lib : sysctl.obj (.text:SysCtlPeripheralReset)
                  000184d4    00000050     drivers_tivaware.aem4f : UARTTiva.oem4f (.text:UARTTiva_writeCancel)
                  00018524    00000004     MasterController_pem4f.oem4f (.text:ti_sysbios_knl_Semaphore_destruct)
                  00018528    00000050     sysbios.aem4f : BIOS.obj (.text:ti_sysbios_family_arm_m3_Hwi_Module_startup__E)
                  00018578    00000050     ti.targets.arm.rtsarm.aem4f : Startup.oem4f (.text:xdc_runtime_Startup_exec__E)
                  000185c8    00000050                                 : Text.oem4f (.text:xdc_runtime_Text_visitRope2__I)
                  00018618    0000004c     drivers_tivaware.aem4f : UARTTiva.oem4f (.text:UARTTiva_close)
                  00018664    0000004c     game.obj (.text:_Z20switchCharMenuToGameaa)
                  000186b0    0000004c     kirby.obj (.text:_ZN6Hitbox10initializeEfff)
                  000186fc    0000004c     rtsv7M4_T_le_v4SPD16_eabi.lib : cpy_tbl.c.obj (.text:copy_in)
                  00018748    0000004c     MasterController_pem4f.oem4f (.text:ti_mw_fatfs_startup)
                  00018794    00000004     ti.targets.arm.rtsarm.aem4f : Error.oem4f (.text:xdc_runtime_Error_getSite__E)
                  00018798    0000004c     sysbios.aem4f : BIOS.obj (.text:ti_sysbios_heaps_HeapMem_getStats__E)
                  000187e4    00000004     MasterController_pem4f.oem4f (.text:xdc_runtime_System_Module_GateProxy_enter__E)
                  000187e8    0000004c     sysbios.aem4f : BIOS.obj (.text:ti_sysbios_knl_Swi_runLoop__I)
                  00018834    00000004     MasterController_pem4f.oem4f (.text:xdc_runtime_System_Module_GateProxy_leave__E)
                  00018838    0000004c     sysbios.aem4f : BIOS.obj (.text:ti_sysbios_knl_Task_allBlockedFunction__I)
                  00018884    00000048     driverlib.lib : gpio.obj (.text:GPIOPinConfigure)
                  000188cc    00000048     ti.mw.fatfs.aem4f : ff.oem4f (.text:dir_find)
                  00018914    00000048     rtsv7M4_T_le_v4SPD16_eabi.lib : exit.c.obj (.text:exit)
                  0001895c    00000048                                   : getdevice.c.obj (.text:getdevice)
                  000189a4    00000048                                   : fd_toi_t2.asm.obj (.text)
                  000189ec    00000004     ti.targets.arm.rtsarm.aem4f : System.oem4f (.text:xdc_runtime_System_aprintf_va__F)
                  000189f0    00000048     sysbios.aem4f : BIOS.obj (.text:ti_sysbios_family_arm_lm4_Timer_enableTimers__I)
                  00018a38    00000048                   : BIOS.obj (.text:ti_sysbios_family_arm_m3_Hwi_disableInterrupt__E)
                  00018a80    00000048                   : BIOS.obj (.text:ti_sysbios_family_arm_m3_Hwi_enableInterrupt__E)
                  00018ac8    00000048                   : BIOS.obj (.text:ti_sysbios_family_arm_m3_Hwi_excReserved__I)
                  00018b10    00000046     drivers_tivaware.aem4f : RingBuf.oem4f (.text:RingBuf_put)
                  00018b56    00000046     ti.targets.arm.rtsarm.aem4f : Core-params.oem4f (.text:xdc_runtime_Core_assignParams__I)
                  00018b9c    00000044     drivers_tivaware.aem4f : SPITivaDMA.oem4f (.text:SPITivaDMA_hwiFxn)
                  00018be0    00000044     UART.obj (.text:UART_commandUpdate)
                  00018c24    00000044     ti.mw.fatfs.aem4f : ff.oem4f (.text:dir_alloc)
                  00018c68    00000044     drivers_tivaware.aem4f : SDSPITiva.oem4f (.text:send_initial_clock_train)
                  00018cac    00000004     ti.targets.arm.rtsarm.aem4f : System.oem4f (.text:xdc_runtime_System_printf_va__F)
                  00018cb0    00000044     sysbios.aem4f : BIOS.obj (.text:ti_sysbios_family_arm_lm4_Timer_isrStub__E)
                  00018cf4    00000004     --HOLE-- [fill = 0]
                  00018cf8    00000044                   : BIOS.obj (.text:ti_sysbios_family_arm_m3_Hwi_getStackInfo__E)
                  00018d3c    00000004     --HOLE-- [fill = 0]
                  00018d40    00000044                   : BIOS.obj (.text:ti_sysbios_knl_Swi_post__E)
                  00018d84    00000044     ti.targets.arm.rtsarm.aem4f : Error.oem4f (.text:xdc_runtime_Error_setX__E)
                  00018dc8    00000044                                 : SysMin.oem4f (.text:xdc_runtime_SysMin_flush__E)
                  00018e0c    00000044                                 : Text.oem4f (.text:xdc_runtime_Text_xprintf__I)
                  00018e50    00000042     drivers_tivaware.aem4f : SPITivaDMA.oem4f (.text:SPITivaDMA_transferCancel)
                  00018e92    00000042     driverlib.lib : uart.obj (.text:UARTConfigSetExpClk)
                  00018ed4    00000042     drivers_tivaware.aem4f : UARTTiva.oem4f (.text:UARTTiva_hwiIntFxn)
                  00018f16    00000042                            : UARTTiva.oem4f (.text:UARTTiva_writePolling)
                  00018f58    00000040     rtsv7M4_T_le_v4SPD16_eabi.lib : hostclose.c.obj (.text:HOSTclose)
                  00018f98    00000040                                   : hostunlink.c.obj (.text:HOSTunlink)
                  00018fd8    00000040     drivers_tivaware.aem4f : RingBuf.oem4f (.text:RingBuf_get)
                  00019018    00000040                            : SDSPITiva.oem4f (.text:SDSPITiva_close)
                  00019058    00000040                            : UARTTiva.oem4f (.text:UARTTiva_read)
                  00019098    00000040     UART.obj (.text:UART_readPersistentSprite)
                  000190d8    00000040     stage.obj (.text:_ZN5Stage9xVelocityEdd)
                  00019118    00000040     ti.mw.fatfs.aem4f : ff.oem4f (.text:get_ldnumber)
                  00019158    00000040     rtsv7M4_T_le_v4SPD16_eabi.lib : u_divt2.asm.obj (.text)
                  00019198    00000040     sysbios.aem4f : BIOS.obj (.text:ti_sysbios_family_arm_lm4_Timer_startup__E)
                  000191d8    00000040                   : BIOS.obj (.text:ti_sysbios_heaps_HeapMem_Instance_init__E)
                  00019218    0000003e     driverlib.lib : adc.obj (.text:ADCSequenceConfigure)
                  00019256    0000003c     drivers_tivaware.aem4f : SPITivaDMA.oem4f (.text:SPITivaDMA_close)
                  00019292    0000003c     driverlib.lib : ssi.obj (.text:SSIConfigSetExpClk)
                  000192ce    00000002     --HOLE-- [fill = 0]
                  000192d0    0000003c     EK_TM4C123GXL.obj (.text:dmaErrorHwi$3)
                  0001930c    00000004     --HOLE-- [fill = 0]
                  00019310    0000003c     sysbios.aem4f : BIOS.obj (.text:ti_sysbios_family_arm_m3_Hwi_excSvCall__I)
                  0001934c    00000004     --HOLE-- [fill = 0]
                  00019350    0000003c                   : BIOS.obj (.text:ti_sysbios_heaps_HeapMem_init__I)
                  0001938c    00000004     --HOLE-- [fill = 0]
                  00019390    0000003c                   : BIOS.obj (.text:ti_sysbios_knl_Clock_Instance_init__E)
                  000193cc    00000004     --HOLE-- [fill = 0]
                  000193d0    0000003c                   : BIOS.obj (.text:ti_sysbios_knl_Swi_restore__E)
                  0001940c    00000038     drivers_tivaware.aem4f : SDSPI.oem4f (.text:SDSPI_init)
                  00019444    00000038                            : SPI.oem4f (.text:SPI_init)
                  0001947c    00000038                            : UART.oem4f (.text:UART_init)
                  000194b4    00000038     rtsv7M4_T_le_v4SPD16_eabi.lib : trgmsg.c.obj (.text:__TI_writemsg)
                  000194ec    00000038     ti.mw.fatfs.aem4f : ff.oem4f (.text:dir_register)
                  00019524    00000038     Utils.obj (.text:random)
                  0001955c    00000038     rtsv7M4_T_le_v4SPD16_eabi.lib : fs_tod_t2.asm.obj (.text)
                  00019594    00000004     --HOLE-- [fill = 0]
                  00019598    00000038     sysbios.aem4f : BIOS.obj (.text:ti_sysbios_family_arm_m3_Hwi_excNoIsr__I)
                  000195d0    00000038                   : BIOS.obj (.text:ti_sysbios_knl_Task_processVitalTaskFlag__I)
                  00019608    00000038     ti.targets.arm.rtsarm.aem4f : SysMin.oem4f (.text:xdc_runtime_SysMin_putch__E)
                  00019640    00000038                                 : System.oem4f (.text:xdc_runtime_System_atexit__E)
                  00019678    00000036     drivers_tivaware.aem4f : UARTTiva.oem4f (.text:UARTTiva_readCancel)
                  000196ae    00000036     ti.mw.fatfs.aem4f : ff.oem4f (.text:move_window)
                  000196e4    00000036     MasterController_pem4f.oem4f (.text:ti_mw_fatfs_getFatTime)
                  0001971a    00000002     --HOLE-- [fill = 0]
                  0001971c    00000034     driverlib.lib : sysctl.obj (.text:SysCtlPeripheralEnable)
                  00019750    00000034     UART.obj (.text:UART_readCharacterSDCard)
                  00019784    00000034     UART.obj (.text:UART_setBackgroundColors)
                  000197b8    00000034     rtsv7M4_T_le_v4SPD16_eabi.lib : fopen.c.obj (.text:__TI_cleanup)
                  000197ec    00000034                                   : trgmsg.c.obj (.text:__TI_readmsg)
                  00019820    00000034     ti.mw.fatfs.aem4f : ff.oem4f (.text:dir_remove)
                  00019854    00000034                       : ffcio.oem4f (.text:ffcio_lseek)
                  00019888    00000034     rtsv7M4_T_le_v4SPD16_eabi.lib : strncpy.c.obj (.text:strncpy)
                  000198bc    00000004     --HOLE-- [fill = 0]
                  000198c0    00000034     sysbios.aem4f : BIOS.obj (.text:ti_sysbios_family_arm_m3_Hwi_Instance_finalize__E)
                  000198f4    00000004     --HOLE-- [fill = 0]
                  000198f8    00000034                   : BIOS.obj (.text:ti_sysbios_family_arm_m3_Hwi_excNmi__I)
                  0001992c    00000004     --HOLE-- [fill = 0]
                  00019930    00000034                   : BIOS.obj (.text:ti_sysbios_hal_Hwi_checkStack)
                  00019964    00000034     MasterController_pem4f.oem4f (.text:ti_sysbios_knl_Clock_construct)
                  00019998    00000034     ti.mw.fatfs.aem4f : ff.oem4f (.text:validate)
                  000199cc    00000034     ti.targets.arm.rtsarm.aem4f : Core-label.oem4f (.text:xdc_runtime_Core_assignLabel__I)
                  00019a00    00000033                                 : Text.oem4f (.text:xdc_runtime_Text_printVisFxn__I)
                  00019a33    00000005     --HOLE-- [fill = 0]
                  00019a38    00000032     sysbios.aem4f : BIOS.obj (.text:ti_sysbios_hal_Hwi_initStack)
                  00019a6a    00000002     --HOLE-- [fill = 0]
                  00019a6c    00000030     drivers_tivaware.aem4f : SDSPI.oem4f (.text:SDSPI_open)
                  00019a9c    00000030                            : UART.oem4f (.text:UART_open)
                  00019acc    00000030     UART.obj (.text:UART_transmit)
                  00019afc    00000030     rtsv7M4_T_le_v4SPD16_eabi.lib : rand.c.obj (.text:rand)
                  00019b2c    00000030     MasterController_pem4f.oem4f (.text:ti_sysbios_BIOS_atExitFunc__I)
                  00019b5c    00000004     --HOLE-- [fill = 0]
                  00019b60    00000030     sysbios.aem4f : BIOS.obj (.text:ti_sysbios_family_arm_lm4_Timer_stop__E)
                  00019b90    00000030                   : BIOS.obj (.text:ti_sysbios_family_arm_m3_TaskSupport_start__E)
                  00019bc0    00000030     MasterController_pem4f.oem4f (.text:ti_sysbios_gates_GateHwi_Object__create__S)
                  00019bf0    00000030     MasterController_pem4f.oem4f (.text:ti_sysbios_gates_GateMutex_Object__create__S)
                  00019c20    00000030     sysbios.aem4f : BIOS.obj (.text:ti_sysbios_gates_GateMutex_enter__E)
                  00019c50    00000030     MasterController_pem4f.oem4f (.text:ti_sysbios_heaps_HeapMem_Object__create__S)
                  00019c80    00000030     MasterController_pem4f.oem4f (.text:ti_sysbios_knl_Semaphore_construct)
                  00019cb0    00000030     sysbios.aem4f : BIOS.obj (.text:ti_sysbios_knl_Semaphore_pendTimeout__I)
                  00019ce0    00000030                   : BIOS.obj (.text:ti_sysbios_knl_Task_unblockI__E)
                  00019d10    00000030     ti.targets.arm.rtsarm.aem4f : SysMin.oem4f (.text:xdc_runtime_SysMin_abort__E)
                  00019d40    00000030                                 : System.oem4f (.text:xdc_runtime_System_processAtExit__E)
                  00019d70    0000002e     driverlib.lib : adc.obj (.text:ADCIntStatus)
                  00019d9e    0000002e     valvano.obj (.text:_ZN6Hitbox10initializeEffff)
                  00019dcc    0000002e     MasterController_pem4f.oem4f (.text:malloc)
                  00019dfa    0000002e     rtsv7M4_T_le_v4SPD16_eabi.lib : i_tofd_t2.asm.obj (.text)
                  00019e28    0000002c     ti.mw.fatfs.aem4f : diskio.oem4f (.text:disk_register)
                  00019e54    0000002c     rtsv7M4_T_le_v4SPD16_eabi.lib : getdevice.c.obj (.text:finddevice)
                  00019e80    0000002c     MasterController_pem4f.oem4f (.text:ti_sysbios_knl_Clock_doTick__I)
                  00019eac    0000002c     MasterController_pem4f.oem4f (.text:ti_sysbios_knl_Queue_construct)
                  00019ed8    0000002c     sysbios.aem4f : BIOS.obj (.text:ti_sysbios_knl_Task_restore__E)
                  00019f04    0000002c     driverlib.lib : udma.obj (.text:uDMAChannelAssign)
                  00019f30    0000002c     ti.targets.arm.rtsarm.aem4f : Text.oem4f (.text:xdc_runtime_Text_cordText__E)
                  00019f5c    0000002a     driverlib.lib : gpio.obj (.text:GPIODirModeSet)
                  00019f86    0000002a     ti.targets.arm.rtsarm.aem4f : System.oem4f (.text:xdc_runtime_System_putchar__I)
                  00019fb0    00000028     ti.mw.fatfs.aem4f : diskio.oem4f (.text:disk_unregister)
                  00019fd8    00000028     rtsv7M4_T_le_v4SPD16_eabi.lib : read.c.obj (.text:read)
                  0001a000    00000028     MasterController_pem4f.oem4f (.text:ti_sysbios_BIOS_startFunc__I)
                  0001a028    00000028     sysbios.aem4f : BIOS.obj (.text:ti_sysbios_knl_Clock_addI__E)
                  0001a050    00000028                   : BIOS.obj (.text:ti_sysbios_knl_Swi_Module_startup__E)
                  0001a078    00000028     rtsv7M4_T_le_v4SPD16_eabi.lib : unlink.c.obj (.text:unlink)
                  0001a0a0    00000026     sysbios.aem4f : m3_Hwi_asm.obj (.text:ti_sysbios_family_arm_m3_Hwi_pendSV__I)
                  0001a0c6    00000026     ti.targets.arm.rtsarm.aem4f : System.oem4f (.text:xdc_runtime_System_avprintf__E)
                  0001a0ec    00000024     Utils.obj (.text:absVal)
                  0001a110    00000024     ti.mw.fatfs.aem4f : diskio.oem4f (.text:disk_ioctl)
                  0001a134    00000024                       : diskio.oem4f (.text:disk_read)
                  0001a158    00000024                       : ff.oem4f (.text:f_close)
                  0001a17c    00000024     rtsv7M4_T_le_v4SPD16_eabi.lib : fclose.c.obj (.text:fclose)
                  0001a1a0    00000024     ti.mw.fatfs.aem4f : ffcio.oem4f (.text:ffcio_close)
                  0001a1c4    00000024     MasterController_pem4f.oem4f (.text:ti_sysbios_BIOS_errorRaiseHook__I)
                  0001a1e8    00000024     MasterController_pem4f.oem4f (.text:ti_sysbios_BIOS_registerRTSLock__I)
                  0001a20c    00000024     MasterController_pem4f.oem4f (.text:ti_sysbios_BIOS_removeRTSLock__I)
                  0001a230    00000024     MasterController_pem4f.oem4f (.text:ti_sysbios_gates_GateMutex_Object__delete__S)
                  0001a254    00000004     --HOLE-- [fill = 0]
                  0001a258    00000024     sysbios.aem4f : BIOS.obj (.text:ti_sysbios_knl_Clock_Module_startup__E)
                  0001a27c    00000004     --HOLE-- [fill = 0]
                  0001a280    00000024                   : BIOS.obj (.text:ti_sysbios_knl_Clock_start__E)
                  0001a2a4    00000004     --HOLE-- [fill = 0]
                  0001a2a8    00000024                   : BIOS.obj (.text:ti_sysbios_knl_Semaphore_Instance_init__E)
                  0001a2cc    00000004     --HOLE-- [fill = 0]
                  0001a2d0    00000024                   : BIOS.obj (.text:ti_sysbios_knl_Task_restoreHwi__E)
                  0001a2f4    00000024     driverlib.lib : udma.obj (.text:uDMAChannelControlSet)
                  0001a318    00000024     ti.targets.arm.rtsarm.aem4f : System.oem4f (.text:xdc_runtime_System_vprintf__E)
                  0001a33c    00000022     rtsv7M4_T_le_v4SPD16_eabi.lib : new.cpp.obj (.text:_Znwj)
                  0001a35e    00000002     --HOLE-- [fill = 0]
                  0001a360    00000022     sysbios.aem4f : BIOS.obj (.text:ti_sysbios_family_arm_lm4_Timer_write__I)
                  0001a382    00000022     MasterController_pem4f.oem4f (.text:xdc_runtime_SysMin_output__I)
                  0001a3a4    00000020     ti.mw.fatfs.aem4f : diskio.oem4f (.text:disk_write)
                  0001a3c4    00000020                       : ffcio.oem4f (.text:ffcio_read)
                  0001a3e4    00000020                       : ffcio.oem4f (.text:ffcio_write)
                  0001a404    00000020     rtsv7M4_T_le_v4SPD16_eabi.lib : u_tofd_t2.asm.obj (.text)
                  0001a424    00000020     MasterController_pem4f.oem4f (.text:ti_sysbios_BIOS_rtsLock__I)
                  0001a444    00000004     --HOLE-- [fill = 0]
                  0001a448    00000020     sysbios.aem4f : BIOS.obj (.text:ti_sysbios_family_arm_m3_Hwi_clearInterrupt__E)
                  0001a468    00000020                   : m3_Hwi_asm.obj (.text:ti_sysbios_family_arm_m3_Hwi_excHandlerAsm__I)
                  0001a488    00000020                   : BIOS.obj (.text:ti_sysbios_family_arm_m3_Hwi_excHandler__I)
                  0001a4a8    00000020     MasterController_pem4f.oem4f (.text:ti_sysbios_gates_GateHwi_Object__delete__S)
                  0001a4c8    00000020     MasterController_pem4f.oem4f (.text:ti_sysbios_heaps_HeapMem_Object__delete__S)
                  0001a4e8    00000020     MasterController_pem4f.oem4f (.text:ti_sysbios_knl_Clock_Object__destruct__S)
                  0001a508    00000020     sysbios.aem4f : BIOS.obj (.text:ti_sysbios_knl_Idle_run__E)
                  0001a528    00000020     MasterController_pem4f.oem4f (.text:ti_sysbios_knl_Semaphore_Object__destruct__S)
                  0001a548    00000020     ti.targets.arm.rtsarm.aem4f : Registry.oem4f (.text:xdc_runtime_Registry_findById__E)
                  0001a568    00000020                                 : SysMin.oem4f (.text:xdc_runtime_SysMin_Module_startup__E)
                  0001a588    0000001e     driverlib.lib : adc.obj (.text:ADCSequenceDataGet)
                  0001a5a6    0000001e     gameandwatch.obj (.text:_ZN12GameandWatch16updateLastValuesEffbbb)
                  0001a5c4    0000001e     valvano.obj (.text:_ZN7Valvano16updateLastValuesEffbbb)
                  0001a5e2    0000001e     ti.mw.fatfs.aem4f : ff.oem4f (.text:ld_clust)
                  0001a600    0000001e     sysbios.aem4f : m3_Hwi_asm_switch.obj (.text:ti_sysbios_family_xxx_Hwi_switchAndRunFunc)
                  0001a61e    00000002     --HOLE-- [fill = 0]
                  0001a620    0000001c     driverlib.lib : uart.obj (.text:UARTDisable)
                  0001a63c    0000001c     charactermenu.obj (.text:_ZN13CharacterMenu16updateLastValuesEddddbbbb)
                  0001a658    0000001c     ti.mw.fatfs.aem4f : diskio.oem4f (.text:disk_initialize)
                  0001a674    0000001c                       : diskio.oem4f (.text:disk_status)
                  0001a690    0000001c     drivers_tivaware.aem4f : GPIOTiva.oem4f (.text:getGpioIntIndex)
                  0001a6ac    0000001c     Controller.obj (.text:getJoystick_h)
                  0001a6c8    0000001c     Controller.obj (.text:getJoystick_v)
                  0001a6e4    0000001c     ti.mw.fatfs.aem4f : ff.oem4f (.text:mem_cmp)
                  0001a700    0000001c     rtsv7M4_T_le_v4SPD16_eabi.lib : rand.c.obj (.text:srand)
                  0001a71c    00000004     --HOLE-- [fill = 0]
                  0001a720    0000001c     sysbios.aem4f : BIOS.obj (.text:ti_sysbios_family_arm_lm4_Seconds_get__E)
                  0001a73c    0000001c     MasterController_pem4f.oem4f (.text:ti_sysbios_family_arm_m3_Hwi_Object__destruct__S)
                  0001a758    0000001c     sysbios.aem4f : BIOS.obj (.text:ti_sysbios_gates_GateMutex_Instance_init__E)
                  0001a774    00000004     --HOLE-- [fill = 0]
                  0001a778    0000001c                   : BIOS.obj (.text:ti_sysbios_knl_Clock_Instance_finalize__E)
                  0001a794    0000001c     MasterController_pem4f.oem4f (.text:ti_sysbios_knl_Queue_Object__destruct__S)
                  0001a7b0    0000001c     sysbios.aem4f : BIOS.obj (.text:ti_sysbios_knl_Queue_put__E)
                  0001a7cc    00000004     --HOLE-- [fill = 0]
                  0001a7d0    0000001c                   : BIOS.obj (.text:ti_sysbios_knl_Task_enter__I)
                  0001a7ec    0000001c     ti.targets.arm.rtsarm.aem4f : Error.oem4f (.text:xdc_runtime_Error_raiseX__E)
                  0001a808    0000001c                                 : Memory.oem4f (.text:xdc_runtime_Memory_valloc__E)
                  0001a824    0000001c                                 : SysMin.oem4f (.text:xdc_runtime_SysMin_exit__E)
                  0001a840    0000001c                                 : System.oem4f (.text:xdc_runtime_System_abort__E)
                  0001a85c    0000001a     MasterController_pem4f.oem4f (.text:ti_sysbios_family_arm_m3_Hwi_Handle__label__S)
                  0001a876    0000001a     MasterController_pem4f.oem4f (.text:ti_sysbios_gates_GateHwi_Handle__label__S)
                  0001a890    0000001a     MasterController_pem4f.oem4f (.text:ti_sysbios_gates_GateMutex_Handle__label__S)
                  0001a8aa    0000001a     MasterController_pem4f.oem4f (.text:ti_sysbios_heaps_HeapMem_Handle__label__S)
                  0001a8c4    0000001a     MasterController_pem4f.oem4f (.text:ti_sysbios_knl_Swi_Handle__label__S)
                  0001a8de    0000001a     MasterController_pem4f.oem4f (.text:ti_sysbios_knl_Task_Handle__label__S)
                  0001a8f8    0000001a     ti.mw.fatfs.aem4f : ff.oem4f (.text:unlock_fs)
                  0001a912    0000001a     MasterController_pem4f.oem4f (.text:xdc_runtime_System_aprintf__E)
                  0001a92c    0000001a     MasterController_pem4f.oem4f (.text:xdc_runtime_System_printf__E)
                  0001a946    00000018     driverlib.lib : adc.obj (.text:ADCProcessorTrigger)
                  0001a95e    00000018                   : gpio.obj (.text:GPIOPinTypeGPIOOutput)
                  0001a976    00000002     --HOLE-- [fill = 0]
                  0001a978    00000018     drivers_tivaware.aem4f : UART.oem4f (.text:UART_Params_init)
                  0001a990    00000018     game.obj (.text:_Z25switchStageMenuToCharMenuab)
                  0001a9a8    00000018     rtsv7M4_T_le_v4SPD16_eabi.lib : vec_newdel.c.obj (.text:__cxa_vec_ctor)
                  0001a9c0    00000018                                   : args_main.c.obj (.text:_args_main)
                  0001a9d8    00000018     ti.mw.fatfs.aem4f : ff.oem4f (.text:clust2sect)
                  0001a9f0    00000018                       : ffosal.oem4f (.text:ff_cre_syncobj)
                  0001aa08    00000018     MasterController_pem4f.oem4f (.text:free)
                  0001aa20    00000018     rtsv7M4_T_le_v4SPD16_eabi.lib : strcmp.c.obj (.text:strcmp)
                  0001aa38    00000018     MasterController_pem4f.oem4f (.text:ti_sysbios_BIOS_rtsUnlock__I)
                  0001aa50    00000018     MasterController_pem4f.oem4f (.text:ti_sysbios_family_arm_lm4_Timer_Module__startupDone__F)
                  0001aa68    00000018     MasterController_pem4f.oem4f (.text:ti_sysbios_family_arm_m3_Hwi_Module__startupDone__F)
                  0001aa80    00000018     sysbios.aem4f : m3_TaskSupport_asm.obj (.text:ti_sysbios_family_arm_m3_TaskSupport_swap__E)
                  0001aa98    00000018                   : BIOS.obj (.text:ti_sysbios_gates_GateMutex_leave__E)
                  0001aab0    00000018                   : BIOS.obj (.text:ti_sysbios_knl_Task_sleepTimeout__I)
                  0001aac8    00000018     MasterController_pem4f.oem4f (.text:time)
                  0001aae0    00000018     driverlib.lib : udma.obj (.text:uDMAChannelDisable)
                  0001aaf8    00000018                   : udma.obj (.text:uDMAChannelEnable)
                  0001ab10    00000018                   : udma.obj (.text:uDMAChannelIsEnabled)
                  0001ab28    00000018     ti.targets.arm.rtsarm.aem4f : Error.oem4f (.text:xdc_runtime_Error_check__E)
                  0001ab40    00000018                                 : System.oem4f (.text:xdc_runtime_System_exit__E)
                  0001ab58    00000018                                 : Text.oem4f (.text:xdc_runtime_Text_ropeText__E)
                  0001ab70    00000016     Audio.obj (.text:Audio_destroyAllAudio)
                  0001ab86    00000016     tirtosport.aem4f : SemaphoreP_tirtos.oem4f (.text:SemaphoreP_delete)
                  0001ab9c    00000016     game.obj (.text:_ZN7HurtboxC1Ev)
                  0001abb2    00000016     ti.mw.fatfs.aem4f : ff.oem4f (.text:mem_cpy)
                  0001abc8    00000016     rtsv7M4_T_le_v4SPD16_eabi.lib : strchr.c.obj (.text:strchr)
                  0001abde    00000016     MasterController_pem4f.oem4f (.text:ti_sysbios_BIOS_exitFunc__I)
                  0001abf4    00000004     --HOLE-- [fill = 0]
                  0001abf8    00000016     sysbios.aem4f : BIOS.obj (.text:ti_sysbios_knl_Task_unblock__E)
                  0001ac0e    00000014     driverlib.lib : uart.obj (.text:UARTEnable)
                  0001ac22    00000002     --HOLE-- [fill = 0]
                  0001ac24    00000014     game.obj (.text:_Z15switchGameToWinaa)
                  0001ac38    00000014     game.obj (.text:_Z20switchWinToStageMenuv)
                  0001ac4c    00000014     valvano.obj (.text:_ZN6Hitbox7offsetXEfb)
                  0001ac60    00000014     ti.mw.fatfs.aem4f : ffosal.oem4f (.text:ff_req_grant)
                  0001ac74    00000014     Controller.obj (.text:getBtn_a)
                  0001ac88    00000014     Controller.obj (.text:getBtn_b)
                  0001ac9c    00000014     Controller.obj (.text:getBtn_l)
                  0001acb0    00000014     Controller.obj (.text:getBtn_r)
                  0001acc4    00000014     Controller.obj (.text:getBtn_start)
                  0001acd8    00000014     ti.mw.fatfs.aem4f : ff.oem4f (.text:mem_set)
                  0001acec    00000014     rtsv7M4_T_le_v4SPD16_eabi.lib : strlen.c.obj (.text:strlen)
                  0001ad00    00000014     MasterController_pem4f.oem4f (.text:ti_sysbios_family_arm_m3_Hwi_Object__get__S)
                  0001ad14    00000004     --HOLE-- [fill = 0]
                  0001ad18    00000014     sysbios.aem4f : BIOS.obj (.text:ti_sysbios_family_arm_m3_Hwi_switchFromBootStack__E)
                  0001ad2c    00000014     MasterController_pem4f.oem4f (.text:ti_sysbios_heaps_HeapMem_Object__get__S)
                  0001ad40    00000014     MasterController_pem4f.oem4f (.text:ti_sysbios_knl_Swi_Object__get__S)
                  0001ad54    00000012     driverlib.lib : gpio.obj (.text:GPIOPinTypeGPIOInput)
                  0001ad66    00000012                   : gpio.obj (.text:GPIOPinTypeSSI)
                  0001ad78    00000012                   : gpio.obj (.text:GPIOPinTypeUART)
                  0001ad8a    00000012     drivers_tivaware.aem4f : RingBuf.oem4f (.text:RingBuf_construct)
                  0001ad9c    00000012                            : SDSPITiva.oem4f (.text:SDSPITiva_init)
                  0001adae    00000012     driverlib.lib : ssi.obj (.text:SSIDataGetNonBlocking)
                  0001adc0    00000012     tirtosport.aem4f : SemaphoreP_tirtos.oem4f (.text:SemaphoreP_pend)
                  0001add2    00000012     ti.mw.fatfs.aem4f : ff.oem4f (.text:chk_chr)
                  0001ade4    00000012                       : ffcio.oem4f (.text:ffcio_rename)
                  0001adf6    00000012                       : ffcio.oem4f (.text:ffcio_unlink)
                  0001ae08    00000012     sysbios.aem4f : BIOS.obj (.text:ti_sysbios_hal_Hwi_Module_startup__E)
                  0001ae1a    00000006     driverlib.lib : gpio.obj (.text:GPIOIntClear)
                  0001ae20    00000012     sysbios.aem4f : BIOS.obj (.text:ti_sysbios_hal_Timer_Module_startup__E)
                  0001ae32    00000012     MasterController_pem4f.oem4f (.text:xdc_runtime_Startup_exec__I)
                  0001ae44    00000010     drivers_tivaware.aem4f : SDSPITiva.oem4f (.text:SDSPITiva_diskStatus)
                  0001ae54    00000010                            : SDSPI.oem4f (.text:SDSPI_Params_init)
                  0001ae64    00000010     UART.obj (.text:UART_waitForAcknowledge)
                  0001ae74    00000010     drivers_tivaware.aem4f : UARTTiva.oem4f (.text:readBlockingTimeout)
                  0001ae84    00000010     ti.mw.fatfs.aem4f : ff.oem4f (.text:st_clust)
                  0001ae94    00000010     rtsv7M4_T_le_v4SPD16_eabi.lib : strcpy.c.obj (.text:strcpy)
                  0001aea4    00000004     --HOLE-- [fill = 0]
                  0001aea8    00000010     sysbios.aem4f : BIOS.obj (.text:ti_sysbios_BIOS_getCpuFreq__E)
                  0001aeb8    00000010                   : BIOS.obj (.text:ti_sysbios_BIOS_setThreadType__E)
                  0001aec8    00000010                   : BIOS.obj (.text:ti_sysbios_BIOS_start__E)
                  0001aed8    00000010                   : BIOS.obj (.text:ti_sysbios_family_arm_lm4_TimestampProvider_rolloverFunc__E)
                  0001aee8    00000010                   : m3_TaskSupport_asm.obj (.text:ti_sysbios_family_arm_m3_TaskSupport_glue)
                  0001aef8    00000010                   : BIOS.obj (.text:ti_sysbios_gates_GateMutex_Instance_finalize__E)
                  0001af08    00000010                   : BIOS.obj (.text:ti_sysbios_knl_Semaphore_Instance_finalize__E)
                  0001af18    00000010                   : BIOS.obj (.text:ti_sysbios_knl_Swi_disable__E)
                  0001af28    00000010     MasterController_pem4f.oem4f (.text:ti_sysbios_knl_Task_Object__get__S)
                  0001af38    00000010     sysbios.aem4f : BIOS.obj (.text:ti_sysbios_knl_Task_disable__E)
                  0001af48    00000010     driverlib.lib : udma.obj (.text:uDMAEnable)
                  0001af58    00000010     ti.targets.arm.rtsarm.aem4f : Gate.oem4f (.text:xdc_runtime_Gate_leaveSystem__E)
                  0001af68    00000010                                 : Memory.oem4f (.text:xdc_runtime_Memory_free__E)
                  0001af78    00000010                                 : SysMin.oem4f (.text:xdc_runtime_SysMin_ready__E)
                  0001af88    00000010                                 : System.oem4f (.text:xdc_runtime_System_vsnprintf__E)
                  0001af98    00000010     MasterController_pem4f.oem4f (.text:xdc_runtime_Text_visitRope__I)
                  0001afa8    0000000e     driverlib.lib : adc.obj (.text:ADCSequenceDisable)
                  0001afb6    0000000e                   : adc.obj (.text:ADCSequenceEnable)
                  0001afc4    0000000e                   : gpio.obj (.text:GPIOIntStatus)
                  0001afd2    0000000e                   : uart.obj (.text:UARTCharGetNonBlocking)
                  0001afe0    0000000e                   : uart.obj (.text:UARTCharPutNonBlocking)
                  0001afee    0000000e     rtsv7M4_T_le_v4SPD16_eabi.lib : typeinfo.c.obj (.text:_ZN10__cxxabiv117__class_type_infoD0Ev)
                  0001affc    0000000e                                   : typeinfo.c.obj (.text:_ZN10__cxxabiv120__si_class_type_infoD0Ev)
                  0001b00a    0000000e                                   : typeinfo.c.obj (.text:_ZN10__cxxabiv121__vmi_class_type_infoD0Ev)
                  0001b018    0000000e                                   : copy_decompress_none.c.obj (.text:decompress:none:__TI_decompress_none)
                  0001b026    00000002     --HOLE-- [fill = 0]
                  0001b028    0000000e     sysbios.aem4f : BIOS.obj (.text:ti_sysbios_knl_Idle_loop__E)
                  0001b036    00000002     --HOLE-- [fill = 0]
                  0001b038    0000000e                   : BIOS.obj (.text:ti_sysbios_knl_Queue_empty__E)
                  0001b046    00000002     --HOLE-- [fill = 0]
                  0001b048    0000000c     MasterController_pem4f.oem4f (.text:.bootCodeSection:ti_catalog_arm_cortexm4_tiva_ce_Boot_init__I)
                  0001b054    0000000c     drivers_tivaware.aem4f : RingBuf.oem4f (.text:RingBuf_peek)
                  0001b060    0000000c     driverlib.lib : ssi.obj (.text:SSIDataGet)
                  0001b06c    0000000c                   : uart.obj (.text:UARTFlowControlSet)
                  0001b078    0000000c     drivers_tivaware.aem4f : UARTTiva.oem4f (.text:UARTTiva_init)
                  0001b084    0000000c     valvano.obj (.text:_ZN6Hitbox7offsetXEf)
                  0001b090    0000000c     valvano.obj (.text:_ZN6Hitbox7offsetYEf)
                  0001b09c    0000000c     rtsv7M4_T_le_v4SPD16_eabi.lib : new.cpp.obj (.text:_ZSt15get_new_handlerv)
                  0001b0a8    0000000c                                   : _lock.c.obj (.text:_register_lock)
                  0001b0b4    0000000c                                   : _lock.c.obj (.text:_register_unlock)
                  0001b0c0    0000000c                                   : copy_zero_init.c.obj (.text:decompress:ZI:__TI_zero_init)
                  0001b0cc    0000000c     UART.obj (.text:readCallbackFunction)
                  0001b0d8    0000000c     sysbios.aem4f : BIOS.obj (.text:ti_sysbios_family_arm_lm4_Timer_getMaxTicks__E)
                  0001b0e4    00000004     --HOLE-- [fill = 0]
                  0001b0e8    0000000c                   : BIOS.obj (.text:ti_sysbios_family_arm_lm4_TimestampProvider_startTimer__E)
                  0001b0f4    0000000c     MasterController_pem4f.oem4f (.text:ti_sysbios_family_arm_m3_Hwi_Params__init__S)
                  0001b100    0000000c     sysbios.aem4f : BIOS.obj (.text:ti_sysbios_family_arm_m3_Hwi_disableFxn__E)
                  0001b10c    00000004     --HOLE-- [fill = 0]
                  0001b110    0000000c                   : BIOS.obj (.text:ti_sysbios_family_arm_m3_TaskSupport_checkStack__E)
                  0001b11c    00000004     --HOLE-- [fill = 0]
                  0001b120    0000000c                   : BIOS.obj (.text:ti_sysbios_family_arm_m3_TaskSupport_getStackAlignment__E)
                  0001b12c    00000004     --HOLE-- [fill = 0]
                  0001b130    0000000c                   : BIOS.obj (.text:ti_sysbios_gates_GateHwi_enter__E)
                  0001b13c    0000000c     MasterController_pem4f.oem4f (.text:ti_sysbios_knl_Clock_Params__init__S)
                  0001b148    0000000c     sysbios.aem4f : BIOS.obj (.text:ti_sysbios_knl_Clock_getTickPeriod__E)
                  0001b154    00000004     --HOLE-- [fill = 0]
                  0001b158    0000000c                   : BIOS.obj (.text:ti_sysbios_knl_Clock_getTicks__E)
                  0001b164    0000000c     MasterController_pem4f.oem4f (.text:ti_sysbios_knl_Queue_Object__get__S)
                  0001b170    0000000c     MasterController_pem4f.oem4f (.text:ti_sysbios_knl_Semaphore_Params__init__S)
                  0001b17c    0000000c     MasterController_pem4f.oem4f (.text:ti_sysbios_knl_Task_Params__init__S)
                  0001b188    0000000c     driverlib.lib : udma.obj (.text:uDMAControlBaseSet)
                  0001b194    0000000c                   : udma.obj (.text:uDMAErrorStatusClear)
                  0001b1a0    0000000c                   : udma.obj (.text:uDMAErrorStatusGet)
                  0001b1ac    0000000c                   : udma.obj (.text:uDMAIntStatus)
                  0001b1b8    0000000c     UART.obj (.text:writeCallbackFunction)
                  0001b1c4    0000000c     ti.targets.arm.rtsarm.aem4f : Error.oem4f (.text:xdc_runtime_Error_init__E)
                  0001b1d0    0000000c                                 : Gate.oem4f (.text:xdc_runtime_Gate_enterSystem__E)
                  0001b1dc    0000000c                                 : Memory.oem4f (.text:xdc_runtime_Memory_calloc__E)
                  0001b1e8    0000000c                                 : Memory.oem4f (.text:xdc_runtime_Memory_getMaxDefaultTypeAlign__E)
                  0001b1f4    0000000a     driverlib.lib : adc.obj (.text:ADCIntClear)
                  0001b1fe    0000000a     drivers_tivaware.aem4f : SPITivaDMA.oem4f (.text:SPITivaDMA_init)
                  0001b208    0000000a     driverlib.lib : ssi.obj (.text:SSIDMADisable)
                  0001b212    0000000a                   : ssi.obj (.text:SSIDataPut)
                  0001b21c    0000000a                   : ssi.obj (.text:SSIDisable)
                  0001b226    0000000a                   : ssi.obj (.text:SSIEnable)
                  0001b230    0000000a                   : ssi.obj (.text:SSIIntDisable)
                  0001b23a    0000000a     tirtosport.aem4f : SemaphoreP_tirtos.oem4f (.text:SemaphoreP_post)
                  0001b244    0000000a     driverlib.lib : uart.obj (.text:UARTCharGet)
                  0001b24e    0000000a                   : uart.obj (.text:UARTCharPut)
                  0001b258    0000000a                   : uart.obj (.text:UARTIntDisable)
                  0001b262    0000000a                   : uart.obj (.text:UARTIntStatus)
                  0001b26c    0000000a     drivers_tivaware.aem4f : UART.oem4f (.text:UART_read)
                  0001b276    0000000a                            : UART.oem4f (.text:UART_write)
                  0001b280    0000000a     ti.mw.fatfs.aem4f : ffosal.oem4f (.text:ff_del_syncobj)
                  0001b28a    0000000a     MasterController_pem4f.oem4f (.text:xdc_runtime_IHeap_alloc)
                  0001b294    0000000a     MasterController_pem4f.oem4f (.text:xdc_runtime_IHeap_free)
                  0001b29e    00000008     driverlib.lib : ssi.obj (.text:SSIDMAEnable)
                  0001b2a6    00000008                   : ssi.obj (.text:SSIIntEnable)
                  0001b2ae    00000008                   : uart.obj (.text:UARTIntEnable)
                  0001b2b6    00000008                   : uart.obj (.text:UARTRxErrorGet)
                  0001b2be    00000008     rtsv7M4_T_le_v4SPD16_eabi.lib : new.cpp.obj (.text:_ZdlPv)
                  0001b2c6    00000008     drivers_tivaware.aem4f : UARTTiva.oem4f (.text:readSemCallback)
                  0001b2ce    00000008     rtsv7M4_T_le_v4SPD16_eabi.lib : rewind.c.obj (.text:rewind)
                  0001b2d6    00000008     sysbios.aem4f : BIOS.obj (.text:ti_sysbios_family_arm_lm4_Timer_masterDisable__I)
                  0001b2de    00000002     --HOLE-- [fill = 0]
                  0001b2e0    00000008                   : BIOS.obj (.text:ti_sysbios_family_arm_m3_Hwi_doSwiRestore__I)
                  0001b2e8    00000008                   : BIOS.obj (.text:ti_sysbios_family_arm_m3_Hwi_startup__E)
                  0001b2f0    00000008     drivers_tivaware.aem4f : UARTTiva.oem4f (.text:writeSemCallback)
                  0001b2f8    00000006     driverlib.lib : gpio.obj (.text:GPIOPinRead)
                  0001b2fe    00000006                   : gpio.obj (.text:GPIOPinWrite)
                  0001b304    00000006     drivers_tivaware.aem4f : SDSPITiva.oem4f (.text:SDSPITiva_control)
                  0001b30a    00000006                            : SPITivaDMA.oem4f (.text:SPITivaDMA_control)
                  0001b310    00000006                            : SPITivaDMA.oem4f (.text:SPITivaDMA_transferCallback)
                  0001b316    00000006     driverlib.lib : uart.obj (.text:UARTFIFOLevelSet)
                  0001b31c    00000006                   : uart.obj (.text:UARTRxErrorClear)
                  0001b322    00000006     valvano.obj (.text:_ZN6Hitbox11offsetWidthEf)
                  0001b328    00000006     valvano.obj (.text:_ZN6Hitbox12offsetHeightEf)
                  0001b32e    00000006     valvano.obj (.text:_ZN6Hitbox12offsetRadiusEf)
                  0001b334    00000006     ti.mw.fatfs.aem4f : ff.oem4f (.text:lock_fs)
                  0001b33a    00000006     Boot.aem4f : Boot_sysctl.oem4f (.text:ti_catalog_arm_cortexm4_tiva_ce_Boot_sysCtlDelayI__I)
                  0001b340    00000006     sysbios.aem4f : BIOS.obj (.text:ti_sysbios_family_arm_lm4_TimestampProvider_Module_startup__E)
                  0001b346    00000002     --HOLE-- [fill = 0]
                  0001b348    00000006                   : BIOS.obj (.text:ti_sysbios_family_arm_m3_Hwi_doTaskRestore__I)
                  0001b34e    00000002     --HOLE-- [fill = 0]
                  0001b350    00000006                   : BIOS.obj (.text:ti_sysbios_family_arm_m3_Hwi_restoreFxn__E)
                  0001b356    00000002     --HOLE-- [fill = 0]
                  0001b358    00000006                   : BIOS.obj (.text:ti_sysbios_gates_GateHwi_leave__E)
                  0001b35e    00000002     --HOLE-- [fill = 0]
                  0001b360    00000006                   : BIOS.obj (.text:ti_sysbios_heaps_HeapMem_isBlocking__E)
                  0001b366    00000002     --HOLE-- [fill = 0]
                  0001b368    00000006                   : BIOS.obj (.text:ti_sysbios_knl_Clock_stop__E)
                  0001b36e    00000002     --HOLE-- [fill = 0]
                  0001b370    00000006                   : BIOS.obj (.text:ti_sysbios_knl_Queue_Instance_init__E)
                  0001b376    00000002     --HOLE-- [fill = 0]
                  0001b378    00000006                   : BIOS.obj (.text:ti_sysbios_knl_Swi_startup__E)
                  0001b37e    00000006     ti.targets.arm.rtsarm.aem4f : System.oem4f (.text:xdc_runtime_System_Module_startup__E)
                  0001b384    00000004     --HOLE-- [fill = 0]
                  0001b388    00000004     sysbios.aem4f : BIOS.obj (.text:ti_sysbios_family_arm_lm4_Timer_getPeriod__E)
                  0001b38c    00000004     --HOLE-- [fill = 0]
                  0001b390    00000004                   : BIOS.obj (.text:ti_sysbios_gates_GateHwi_query__E)
                  0001b394    00000004     --HOLE-- [fill = 0]
                  0001b398    00000004                   : BIOS.obj (.text:ti_sysbios_gates_GateMutex_query__E)
                  0001b39c    00000004     --HOLE-- [fill = 0]
                  0001b3a0    00000004                   : BIOS.obj (.text:ti_sysbios_knl_Task_startup__E)
                  0001b3a4    00000004     --HOLE-- [fill = 0]
                  0001b3a8    00000002                   : BIOS.obj (.text:ti_sysbios_gates_GateHwi_Instance_init__E)
                  0001b3aa    00000006     --HOLE-- [fill = 0]
                  0001b3b0    00000002                   : BIOS.obj (.text:ti_sysbios_knl_Clock_logTick__E)

.const     0    0001b3b4    00002918     
                  0001b3b4    00001885     MasterController_pem4f.oem4f (.const:xdc_runtime_Text_charTab__A)
                  0001cc39    00000001     MasterController_pem4f.oem4f (.const:xdc_runtime_Error_policy__C)
                  0001cc3a    00000002     MasterController_pem4f.oem4f (.const:ti_catalog_arm_cortexm4_tiva_ce_Boot_Module__id__C)
                  0001cc3c    000005c4     Audio.obj (.const:$O3$$)
                  0001d200    000000d0     MasterController_pem4f.oem4f (.const:xdc_runtime_Text_nodeTab__A)
                  0001d2d0    00000090     driverlib.lib : gpio.obj (.const:g_pui32GPIOBaseAddrs)
                  0001d360    00000078     EK_TM4C123GXL.obj (.const:spiTivaDMAHWAttrs)
                  0001d3d8    00000064     drivers_tivaware.aem4f : SPITivaDMA.oem4f (.const)
                  0001d43c    00000060     rtsv7M4_T_le_v4SPD16_eabi.lib : mktime.c.obj (.const:$O12$$)
                  0001d49c    00000054     drivers_tivaware.aem4f : GPIOTiva.oem4f (.const:.string)
                  0001d4f0    0000004c                            : UARTTiva.oem4f (.const)
                  0001d53c    00000048     MasterController_pem4f.oem4f (.const:.string)
                  0001d584    00000048     drivers_tivaware.aem4f : GPIOTiva.oem4f (.const:gpioBaseAddresses)
                  0001d5cc    0000003c     MasterController_pem4f.oem4f (.const:ti_sysbios_knl_Task_Object__PARAMS__C)
                  0001d608    00000030     EK_TM4C123GXL.obj (.const:SPI_config)
                  0001d638    00000030     MasterController_pem4f.oem4f (.const:ti_sysbios_family_arm_m3_Hwi_Object__PARAMS__C)
                  0001d668    00000028     drivers_tivaware.aem4f : UARTTiva.oem4f (.const:UARTTiva_fxnTable)
                  0001d690    00000028     MasterController_pem4f.oem4f (.const:ti_sysbios_heaps_HeapMem_Module__FXNS__C)
                  0001d6b8    00000028     MasterController_pem4f.oem4f (.const:xdc_runtime_Startup_sfxnTab__A)
                  0001d6e0    00000026     rtsv7M4_T_le_v4SPD16_eabi.lib : typeinfo.c.obj (.const:.typeinfo:_ZTSN10__cxxabiv121__vmi_class_type_infoE)
                  0001d706    00000025                                   : typeinfo.c.obj (.const:.typeinfo:_ZTSN10__cxxabiv120__si_class_type_infoE)
                  0001d72b    00000001     --HOLE-- [fill = 0]
                  0001d72c    00000024     drivers_tivaware.aem4f : UART.oem4f (.const:UART_defaultParams)
                  0001d750    00000024     EK_TM4C123GXL.obj (.const:sdspiTivaHWattrs)
                  0001d774    00000024     MasterController_pem4f.oem4f (.const:ti_sysbios_gates_GateHwi_Module__FXNS__C)
                  0001d798    00000024     MasterController_pem4f.oem4f (.const:ti_sysbios_gates_GateMutex_Module__FXNS__C)
                  0001d7bc    00000024     MasterController_pem4f.oem4f (.const:ti_sysbios_heaps_HeapMem_Object__PARAMS__C)
                  0001d7e0    00000024     MasterController_pem4f.oem4f (.const:ti_sysbios_knl_Clock_Object__PARAMS__C)
                  0001d804    00000024     MasterController_pem4f.oem4f (.const:ti_sysbios_knl_Semaphore_Object__PARAMS__C)
                  0001d828    00000022     rtsv7M4_T_le_v4SPD16_eabi.lib : typeinfo.c.obj (.const:.typeinfo:_ZTSN10__cxxabiv117__class_type_infoE)
                  0001d84a    00000002     MasterController_pem4f.oem4f (.const:ti_sysbios_family_arm_lm4_TimestampProvider_useClockTimer__C)
                  0001d84c    00000020     MasterController_pem4f.oem4f (.const:ti_sysbios_family_arm_m3_Hwi_Object__DESC__C)
                  0001d86c    00000020     MasterController_pem4f.oem4f (.const:ti_sysbios_gates_GateHwi_Object__DESC__C)
                  0001d88c    00000020     MasterController_pem4f.oem4f (.const:ti_sysbios_gates_GateMutex_Object__DESC__C)
                  0001d8ac    00000020     MasterController_pem4f.oem4f (.const:ti_sysbios_heaps_HeapMem_Object__DESC__C)
                  0001d8cc    00000020     MasterController_pem4f.oem4f (.const:ti_sysbios_knl_Clock_Object__DESC__C)
                  0001d8ec    00000020     MasterController_pem4f.oem4f (.const:ti_sysbios_knl_Queue_Object__DESC__C)
                  0001d90c    00000020     MasterController_pem4f.oem4f (.const:ti_sysbios_knl_Semaphore_Object__DESC__C)
                  0001d92c    00000020     MasterController_pem4f.oem4f (.const:ti_sysbios_knl_Task_Object__DESC__C)
                  0001d94c    00000018     valvano.obj (.const:.typeinfo:_ZTI6Player)
                  0001d964    00000018     EK_TM4C123GXL.obj (.const:SDSPI_config)
                  0001d97c    00000018     EK_TM4C123GXL.obj (.const:UART_config)
                  0001d994    00000018     gameandwatch.obj (.const:_ZTV12GameandWatch)
                  0001d9ac    00000018     kirby.obj (.const:_ZTV5Kirby)
                  0001d9c4    00000018     valvano.obj (.const:_ZTV7Valvano)
                  0001d9dc    00000018     MasterController_pem4f.oem4f (.const:ti_sysbios_gates_GateHwi_Object__PARAMS__C)
                  0001d9f4    00000018     MasterController_pem4f.oem4f (.const:ti_sysbios_gates_GateMutex_Object__PARAMS__C)
                  0001da0c    00000018     MasterController_pem4f.oem4f (.const:ti_sysbios_knl_Queue_Object__PARAMS__C)
                  0001da24    00000018     EK_TM4C123GXL.obj (.const:uartTivaHWAttrs)
                  0001da3c    00000014     EK_TM4C123GXL.obj (.const:GPIOTiva_config)
                  0001da50    00000014     MasterController_pem4f.oem4f (.const:xdc_runtime_Startup_firstFxns__A)
                  0001da64    00000014     MasterController_pem4f.oem4f (.const:xdc_runtime_Startup_sfxnRts__A)
                  0001da78    00000010     rtsv7M4_T_le_v4SPD16_eabi.lib : typeinfo.c.obj (.const:_ZTVN10__cxxabiv117__class_type_infoE)
                  0001da88    00000010                                   : typeinfo.c.obj (.const:_ZTVN10__cxxabiv120__si_class_type_infoE)
                  0001da98    00000010                                   : typeinfo.c.obj (.const:_ZTVN10__cxxabiv121__vmi_class_type_infoE)
                  0001daa8    00000010     drivers_tivaware.aem4f : SDSPITiva.oem4f (.const)
                  0001dab8    0000000f     gameandwatch.obj (.const:.typeinfo:_ZTS12GameandWatch)
                  0001dac7    0000000d     rtsv7M4_T_le_v4SPD16_eabi.lib : stdlib_typeinfo.cpp.obj (.const:.typeinfo:_ZTSSt9type_info)
                  0001dad4    0000000c     gameandwatch.obj (.const:.typeinfo:_ZTI12GameandWatch)
                  0001dae0    0000000c     kirby.obj (.const:.typeinfo:_ZTI5Kirby)
                  0001daec    0000000c     valvano.obj (.const:.typeinfo:_ZTI7Valvano)
                  0001daf8    0000000c     rtsv7M4_T_le_v4SPD16_eabi.lib : typeinfo.c.obj (.const:.typeinfo:_ZTIN10__cxxabiv117__class_type_infoE)
                  0001db04    0000000c                                   : typeinfo.c.obj (.const:.typeinfo:_ZTIN10__cxxabiv120__si_class_type_infoE)
                  0001db10    0000000c                                   : typeinfo.c.obj (.const:.typeinfo:_ZTIN10__cxxabiv121__vmi_class_type_infoE)
                  0001db1c    00000009     valvano.obj (.const:.typeinfo:_ZTS7Valvano)
                  0001db25    00000001     --HOLE-- [fill = 0]
                  0001db26    00000002     MasterController_pem4f.oem4f (.const:ti_sysbios_family_arm_m3_Hwi_Module__id__C)
                  0001db28    00000008     valvano.obj (.const:.typeinfo:_ZTI6Entity)
                  0001db30    00000008     rtsv7M4_T_le_v4SPD16_eabi.lib : stdlib_typeinfo.cpp.obj (.const:.typeinfo:_ZTISt9type_info)
                  0001db38    00000008     valvano.obj (.const:.typeinfo:_ZTS6Entity)
                  0001db40    00000008     valvano.obj (.const:.typeinfo:_ZTS6Player)
                  0001db48    00000008     drivers_tivaware.aem4f : SDSPI.oem4f (.const)
                  0001db50    00000008     MasterController_pem4f.oem4f (.const:ti_sysbios_family_arm_m3_Hwi_excHookFuncs__A)
                  0001db58    00000008     MasterController_pem4f.oem4f (.const:ti_sysbios_knl_Idle_funcList__C)
                  0001db60    00000008     MasterController_pem4f.oem4f (.const:xdc_runtime_Startup_firstFxns__C)
                  0001db68    00000008     MasterController_pem4f.oem4f (.const:xdc_runtime_Startup_lastFxns__C)
                  0001db70    00000007     kirby.obj (.const:.typeinfo:_ZTS5Kirby)
                  0001db77    00000001     --HOLE-- [fill = 0]
                  0001db78    00000004     MasterController_pem4f.oem4f (.const:ti_catalog_arm_cortexm4_tiva_ce_Boot_A_mustUseEnhancedClockMode__C)
                  0001db7c    00000004     MasterController_pem4f.oem4f (.const:ti_catalog_arm_cortexm4_tiva_ce_Boot_Module__diagsEnabled__C)
                  0001db80    00000004     MasterController_pem4f.oem4f (.const:ti_catalog_arm_cortexm4_tiva_ce_Boot_Module__diagsIncluded__C)
                  0001db84    00000004     MasterController_pem4f.oem4f (.const:ti_catalog_arm_cortexm4_tiva_ce_Boot_Module__diagsMask__C)
                  0001db88    00000004     MasterController_pem4f.oem4f (.const:ti_sysbios_family_arm_lm4_Timer_enableFunc__C)
                  0001db8c    00000004     MasterController_pem4f.oem4f (.const:ti_sysbios_family_arm_lm4_Timer_numTimerDevices__C)
                  0001db90    00000004     MasterController_pem4f.oem4f (.const:ti_sysbios_family_arm_lm4_Timer_startupNeeded__C)
                  0001db94    00000004     MasterController_pem4f.oem4f (.const:ti_sysbios_family_arm_m3_Hwi_E_NMI__C)
                  0001db98    00000004     MasterController_pem4f.oem4f (.const:ti_sysbios_family_arm_m3_Hwi_E_alreadyDefined__C)
                  0001db9c    00000004     MasterController_pem4f.oem4f (.const:ti_sysbios_family_arm_m3_Hwi_E_busFault__C)
                  0001dba0    00000004     MasterController_pem4f.oem4f (.const:ti_sysbios_family_arm_m3_Hwi_E_debugMon__C)
                  0001dba4    00000004     MasterController_pem4f.oem4f (.const:ti_sysbios_family_arm_m3_Hwi_E_hardFault__C)
                  0001dba8    00000004     MasterController_pem4f.oem4f (.const:ti_sysbios_family_arm_m3_Hwi_E_memFault__C)
                  0001dbac    00000004     MasterController_pem4f.oem4f (.const:ti_sysbios_family_arm_m3_Hwi_E_noIsr__C)
                  0001dbb0    00000004     MasterController_pem4f.oem4f (.const:ti_sysbios_family_arm_m3_Hwi_E_reserved__C)
                  0001dbb4    00000004     MasterController_pem4f.oem4f (.const:ti_sysbios_family_arm_m3_Hwi_E_svCall__C)
                  0001dbb8    00000004     MasterController_pem4f.oem4f (.const:ti_sysbios_family_arm_m3_Hwi_E_usageFault__C)
                  0001dbbc    00000004     MasterController_pem4f.oem4f (.const:ti_sysbios_family_arm_m3_Hwi_NUM_INTERRUPTS__C)
                  0001dbc0    00000004     MasterController_pem4f.oem4f (.const:ti_sysbios_family_arm_m3_Hwi_Object__count__C)
                  0001dbc4    00000004     MasterController_pem4f.oem4f (.const:ti_sysbios_family_arm_m3_Hwi_ccr__C)
                  0001dbc8    00000004     MasterController_pem4f.oem4f (.const:ti_sysbios_family_arm_m3_Hwi_excHandlerFunc__C)
                  0001dbcc    00000004     MasterController_pem4f.oem4f (.const:ti_sysbios_family_arm_m3_Hwi_excHookFuncs__C)
                  0001dbd0    00000004     MasterController_pem4f.oem4f (.const:ti_sysbios_family_arm_m3_Hwi_nullIsrFunc__C)
                  0001dbd4    00000004     MasterController_pem4f.oem4f (.const:ti_sysbios_family_arm_m3_Hwi_priGroup__C)
                  0001dbd8    00000004     MasterController_pem4f.oem4f (.const:ti_sysbios_family_arm_m3_TaskSupport_stackAlignment__C)
[...]
0001dae0  _ZTI5Kirby                                                        
0001daec  _ZTI7Valvano                                                      
0001daf8  _ZTIN10__cxxabiv117__class_type_infoE                             
0001db04  _ZTIN10__cxxabiv120__si_class_type_infoE                          
0001db10  _ZTIN10__cxxabiv121__vmi_class_type_infoE                         
0001db1c  _ZTS7Valvano                                                      
0001db26  ti_sysbios_family_arm_m3_Hwi_Module__id__C                        
0001db28  _ZTI6Entity                                                       
0001db30  _ZTISt9type_info                                                  
0001db38  _ZTS6Entity                                                       
0001db40  _ZTS6Player                                                       
0001db48  SDSPI_defaultParams                                               
0001db50  ti_sysbios_family_arm_m3_Hwi_excHookFuncs__A                      
0001db58  ti_sysbios_knl_Idle_funcList__C                                   
0001db60  xdc_runtime_Startup_firstFxns__C                                  
0001db68  xdc_runtime_Startup_lastFxns__C                                   
0001db70  _ZTS5Kirby                                                        
0001db78  ti_catalog_arm_cortexm4_tiva_ce_Boot_A_mustUseEnhancedClockMode__C
0001db7c  ti_catalog_arm_cortexm4_tiva_ce_Boot_Module__diagsEnabled__C      
0001db80  ti_catalog_arm_cortexm4_tiva_ce_Boot_Module__diagsIncluded__C     
0001db84  ti_catalog_arm_cortexm4_tiva_ce_Boot_Module__diagsMask__C         
0001db88  ti_sysbios_family_arm_lm4_Timer_enableFunc__C                     
0001db8c  ti_sysbios_family_arm_lm4_Timer_numTimerDevices__C                
0001db90  ti_sysbios_family_arm_lm4_Timer_startupNeeded__C                  
0001db94  ti_sysbios_family_arm_m3_Hwi_E_NMI__C                             
0001db98  ti_sysbios_family_arm_m3_Hwi_E_alreadyDefined__C                  
0001db9c  ti_sysbios_family_arm_m3_Hwi_E_busFault__C                        
0001dba0  ti_sysbios_family_arm_m3_Hwi_E_debugMon__C                        
0001dba4  ti_sysbios_family_arm_m3_Hwi_E_hardFault__C                       
0001dba8  ti_sysbios_family_arm_m3_Hwi_E_memFault__C                        
0001dbac  ti_sysbios_family_arm_m3_Hwi_E_noIsr__C                           
0001dbb0  ti_sysbios_family_arm_m3_Hwi_E_reserved__C                        
0001dbb4  ti_sysbios_family_arm_m3_Hwi_E_svCall__C                          
0001dbb8  ti_sysbios_family_arm_m3_Hwi_E_usageFault__C                      
0001dbbc  ti_sysbios_family_arm_m3_Hwi_NUM_INTERRUPTS__C                    
0001dbc0  ti_sysbios_family_arm_m3_Hwi_Object__count__C                     
0001dbc4  ti_sysbios_family_arm_m3_Hwi_ccr__C                               
0001dbc8  ti_sysbios_family_arm_m3_Hwi_excHandlerFunc__C                    
0001dbcc  ti_sysbios_family_arm_m3_Hwi_excHookFuncs__C                      
0001dbd0  ti_sysbios_family_arm_m3_Hwi_nullIsrFunc__C                       
0001dbd4  ti_sysbios_family_arm_m3_Hwi_priGroup__C                          
0001dbd8  ti_sysbios_family_arm_m3_TaskSupport_stackAlignment__C            
0001dbdc  ti_sysbios_gates_GateMutex_Instance_State_sem__O                  
0001dbe0  ti_sysbios_hal_Hwi_E_stackOverflow__C                             
0001dbe4  ti_sysbios_heaps_HeapMem_E_memory__C                              
0001dbe8  ti_sysbios_heaps_HeapMem_Module__gateObj__C                       
0001dbec  ti_sysbios_heaps_HeapMem_Object__count__C                         
0001dbf0  ti_sysbios_heaps_HeapMem_reqAlign__C                              
0001dbf4  ti_sysbios_knl_Clock_Module_State_clockQ__O                       
0001dbf8  ti_sysbios_knl_Idle_funcList__A                                   
0001dbfc  ti_sysbios_knl_Semaphore_Instance_State_pendQ__O                  
0001dc00  ti_sysbios_knl_Swi_Object__count__C                               
0001dc04  ti_sysbios_knl_Task_E_spOutOfBounds__C                            
0001dc08  ti_sysbios_knl_Task_E_stackOverflow__C                            
0001dc0c  ti_sysbios_knl_Task_Module_State_inactiveQ__O                     
0001dc10  ti_sysbios_knl_Task_Object__count__C                              
0001dc14  ti_sysbios_knl_Task_allBlockedFunc__C                             
0001dc18  ti_sysbios_knl_Task_defaultStackHeap__C                           
0001dc1c  ti_sysbios_knl_Task_defaultStackSize__C                           
0001dc20  ti_sysbios_knl_Task_numConstructedTasks__C                        
0001dc24  xdc_runtime_Assert_E_assertFailed__C                              
0001dc28  xdc_runtime_Core_A_initializedParams__C                           
0001dc2c  xdc_runtime_Core_Module__diagsEnabled__C                          
0001dc30  xdc_runtime_Core_Module__diagsIncluded__C                         
0001dc34  xdc_runtime_Core_Module__diagsMask__C                             
0001dc38  xdc_runtime_Error_E_memory__C                                     
0001dc3c  xdc_runtime_Error_Module__diagsEnabled__C                         
0001dc40  xdc_runtime_Error_Module__diagsIncluded__C                        
0001dc44  xdc_runtime_Error_Module__diagsMask__C                            
0001dc48  xdc_runtime_Error_Module__loggerFxn8__C                           
0001dc4c  xdc_runtime_Error_Module__loggerObj__C                            
0001dc50  xdc_runtime_Error_policyFxn__C                                    
0001dc54  xdc_runtime_Error_raiseHook__C                                    
0001dc58  xdc_runtime_IGateProvider_Interface__BASE__C                      
0001dc5c  xdc_runtime_IHeap_Interface__BASE__C                              
0001dc60  xdc_runtime_IModule_Interface__BASE__C                            
0001dc64  xdc_runtime_Log_L_error__C                                        
0001dc68  xdc_runtime_Memory_defaultHeapInstance__C                         
0001dc6c  xdc_runtime_Startup_execImpl__C                                   
0001dc70  xdc_runtime_Startup_lastFxns__A                                   
0001dc74  xdc_runtime_Startup_maxPasses__C                                  
0001dc78  xdc_runtime_Startup_sfxnRts__C                                    
0001dc7c  xdc_runtime_Startup_sfxnTab__C                                    
0001dc80  xdc_runtime_SysMin_bufSize__C                                     
0001dc84  xdc_runtime_SysMin_outputFunc__C                                  
0001dc88  xdc_runtime_System_Module__gateObj__C                             
0001dc8c  xdc_runtime_System_abortFxn__C                                    
0001dc90  xdc_runtime_System_exitFxn__C                                     
0001dc94  xdc_runtime_System_extendFxn__C                                   
0001dc98  xdc_runtime_System_maxAtexitHandlers__C                           
0001dc9c  xdc_runtime_Text_charTab__C                                       
0001dca0  xdc_runtime_Text_nameEmpty__C                                     
0001dca4  xdc_runtime_Text_nameStatic__C                                    
0001dca8  xdc_runtime_Text_nameUnknown__C                                   
0001dcac  xdc_runtime_Text_nodeTab__C                                       
0001dcb0  xdc_runtime_Text_visitRopeFxn__C                                  
0001dcb4  ti_sysbios_hal_Hwi_Module__id__C                                  
0001dcb6  ti_sysbios_heaps_HeapMem_Module__id__C                            
0001dcb8  ti_sysbios_knl_Task_Module__id__C                                 
0001dcba  xdc_runtime_Core_Module__id__C                                    
0001dcbc  xdc_runtime_Error_Module__loggerDefined__C                        
0001dcbe  xdc_runtime_Error_maxDepth__C                                     
0001dcc0  xdc_runtime_Memory_Module__id__C                                  
0001dcc2  xdc_runtime_SysMin_flushAtExit__C                                 
0001dcc4  xdc_runtime_Text_charCnt__C                                       
0001dcc6  xdc_runtime_Text_isLoaded__C                                      
0001dcc8  xdc_runtime_Text_registryModsLastId__C                            
0001dcca  xdc_runtime_Text_unnamedModsLastId__C                             
0001dccc  SHT$$INIT_ARRAY$$Base                                             
0001dcd4  SHT$$INIT_ARRAY$$Limit                                            
0001dcd8  __TI_static_base__                                                
0001df74  __TI_Handler_Table_Base                                           
0001df80  __TI_Handler_Table_Limit                                          
0001df90  __TI_CINIT_Base                                                   
0001dfa8  __TI_CINIT_Limit                                                  
20000000  __start___llvm_prf_cnts                                           
20000000  __stop___llvm_prf_cnts                                            
20000000  ti_sysbios_family_arm_m3_Hwi_ramVectors                           
20000400  winner                                                            
20000401  winningCharacter                                                  
20000402  p1char                                                            
20000403  p2char                                                            
20000404  english                                                           
20000405  inCharMenu                                                        
20000406  inStageSelect                                                     
20000407  inWinScreen                                                       
20000408  countdown                                                         
20000409  gameOver                                                          
2000040a  frameIndex                                                        
2000040b  frameLength                                                       
2000040c  backgroundAudioHandle                                             
2000040d  countdownAudioHandle                                              
2000040e  gameEndAudioHandle                                                
2000040f  stageToPlay                                                       
20000410  winScreen                                                         
20000414  p1                                                                
20000418  p2                                                                
2000041c  lastUpdate                                                        
20000420  loopsCompleted                                                    
20000428  stage                                                             
20000448  stageMenu                                                         
20000470  characterMenu                                                     
200004a0  hitboxManager                                                     
2000077c  valvano1                                                          
20000bb0  valvano2                                                          
20000fe4  gameandwatch1                                                     
20001424  gameandwatch2                                                     
20001864  kirby1                                                            
20001e94  kirby2                                                            
200024c8  Audio_sdspiHandle                                                 
200024cc  Audio_sdspiParams                                                 
200024d8  ISRSkipTime                                                       
200024e0  audioSlots                                                        
20002648  readBuffer                                                        
20002c88  audioFIFOBuffer                                                   
20003908  __TI_ft_end                                                       
2000390c  __TI_tmpnams                                                      
200039ac  _ftable                                                           
20003a9c  _stream                                                           
20003aec  _device                                                           
20003b64  ti_sysbios_knl_Swi_Module_State_0_readyQ__A                       
20003be4  ti_sysbios_knl_Swi_Module__state__V                               
20004400  ti_sysbios_family_arm_lm4_Timer_Object__table__V                  
200044c0  ti_sysbios_knl_Task_Module_State_0_readyQ__A                      
20004590  ti_sysbios_knl_Task_Object__table__V                              
200045dc  ti_sysbios_family_arm_m3_Hwi_Object__table__V                     
20004624  ti_sysbios_knl_Task_Module__state__V                              
20004668  ti_sysbios_gates_GateMutex_Object__table__V                       
200046a0  ti_sysbios_family_arm_m3_Hwi_Module__state__V                     
200046d8  btn1_a                                                            
200046d9  btn1_b                                                            
200046da  btn1_start                                                        
200046db  btn1_l                                                            
200046dc  btn1_r                                                            
200046dd  btn2_a                                                            
200046de  btn2_b                                                            
200046df  btn2_start                                                        
200046e0  btn2_l                                                            
200046e1  btn2_r                                                            
200046e2  dataOldFlag                                                       
200046e8  joystick1_h                                                       
200046f0  joystick1_v                                                       
200046f8  joystick2_h                                                       
20004700  joystick2_v                                                       
20004708  ti_sysbios_family_arm_lm4_Timer_Module_State_0_device__A          
20004738  ti_sysbios_knl_Swi_Object__table__V                               
20004768  ti_sysbios_knl_Clock_Module__state__V                             
200047b8  ti_sysbios_BIOS_Module__state__V                                  
200047dc  ti_sysbios_family_arm_lm4_Timer_Module_State_0_handles__A         
200047f4  ti_sysbios_heaps_HeapMem_Object__table__V                         
2000480c  gpioPinConfigs                                                    
20004820  FIFO_Start                                                        
20004824  FIFO_Max_Size                                                     
20004828  numAudio                                                          
2000482c  samplesPlayed                                                     
20004830  _tz                                                               
20004840  __TI_cleanup_ptr                                                  
20004844  __TI_dtors_ptr                                                    
20004848  __TI_enable_exit_profile_output                                   
2000484c  ti_sysbios_family_arm_lm4_Timer_Module__state__V                  
20004858  xdc_runtime_SysMin_Module__state__V                               
20004864  _lock                                                             
20004868  _unlock                                                           
2000486c  gpioCallbackFunctions                                             
20004874  ti_sysbios_family_arm_lm4_Seconds_Module__state__V                
2000487c  ti_sysbios_family_arm_lm4_TimestampProvider_Module__state__V      
20004884  ti_sysbios_family_arm_m3_Hwi_Module__root__V                      
2000488c  ti_sysbios_gates_GateHwi_Module__root__V                          
20004894  ti_sysbios_gates_GateMutex_Module__root__V                        
2000489c  ti_sysbios_heaps_HeapMem_Module__root__V                          
200048a4  ti_sysbios_knl_Clock_Module__root__V                              
200048ac  ti_sysbios_knl_Queue_Module__root__V                              
200048b4  ti_sysbios_knl_Semaphore_Module__root__V                          
200048bc  ti_sysbios_knl_Task_Module__root__V                               
200048c4  xdc_runtime_Registry_Module__state__V                             
200048cc  xdc_runtime_Startup_Module__state__V                              
200048d4  xdc_runtime_System_Module_State_0_atexitHandlers__A               
200048dc  xdc_runtime_System_Module__state__V                               
200048ea  ti_sysbios_family_arm_m3_Hwi_Module_State_0_excActive__A          
20004908  main_func_sp                                                      
20004910  ti_sysbios_family_arm_m3_Hwi_Module_State_0_excContext__A         
20004914  ti_sysbios_family_arm_m3_Hwi_Module_State_0_excStack__A           
20004918  ti_sysbios_gates_GateHwi_Object__table__V                         
2000491c  ti_sysbios_knl_Task_Module_State_0_idleTask__A                    
20004920  xdc_runtime_Memory_Module__state__V                               
20004924  xdc_runtime_Error_Module__state__V                                
20004940  ti_sysbios_heaps_HeapMem_Instance_State_0_buf__A                  
200060b0  taskStruct                                                        
20006100  stack                                                             
20006d1c  ti_sysbios_family_arm_m3_Hwi_dispatchTable                        
2000707c  sdspiTivaObjects                                                  
200072c0  ti_sysbios_knl_Task_Instance_State_0_stack__A                     
200074c0  __CIOBUF_                                                         
200076e8  spiTivaDMAObjects                                                 
200077cc  uartTivaObjects                                                   
20007928  xdc_runtime_SysMin_Module_State_0_outbuf__A                       
200079a8  skipNextUpdate                                                    
200079ac  uart                                                              
200079b0  UARTReceiveBuffer                                                 
200079b4  animationsUpdated                                                 
200079b8  busyFunction                                                      
200079bc  uartParams                                                        
200079e0  UARTBuffer                                                        
20007a3c  uartTivaRingBuffer                                                
20007a80  spiTivaDMAscratchBuf                                              
20007a8c  parmbuf                                                           
20007a96  SDBusyFlag                                                        
20007a97  acknowledged                                                      
20007a98  menuAudioHandle                                                   
20007a99  writeComplete                                                     
20007aa0  __stack                                                           
20007da0  __STACK_END                                                       
e000e000  ti_sysbios_family_arm_m3_Hwi_nvic                                 
ffffffff  __TI_pprof_out_hndl                                               
ffffffff  __TI_prof_data_size                                               
ffffffff  __TI_prof_data_start                                              
ffffffff  __binit__                                                         
ffffffff  __c_args__                                                        
ffffffff  binit                                                             

[942 symbols]
